Currently Loaded Modulefiles:
  1) libfabric/1.11.0.4.125             3) openmpi/4.1.2-hpe
  2) intel/2022.0.2                     4) hdf5/1.12.1-parallel-icc22-ompi4
mpirun (Open MPI) 4.1.2

Report bugs to http://www.open-mpi.org/community/help/
=== Verifying Lustre striping layout for payload/native/n1 ===
payload/native/n1
stripe_count:  4 stripe_size:   1048576 pattern:       raid0 stripe_offset: -1 pool:          disk

=================================================================
 Native Inter-Node Strong Scaling: NODES=1 NP=128 DIM_1=1048576 (TOTAL=134217728 fixed) REPS=10 
=================================================================
--- Repetition 1/10 ---
+ /home/users/ntu/haiyen00/scratch/fyp/native/h5bench/h5bench/build/install/bin/h5bench -a -d native/n1/config_rep1.json

real	0m37.437s
user	5m5.972s
sys	36m43.998s
+ H5BENCH_EXIT=0
+ set +x
2026-10-05 23:54:13,291 h5bench - INFO - Starting h5bench Suite
2026-10-05 23:54:13,292 h5bench - WARNING - Base directory already exists: payload/native/n1
2026-10-05 23:54:13,297 h5bench - INFO - Lustre support detected
2026-10-05 23:54:13,297 h5bench - DEBUG - Lustre stripping configuration: lfs setstripe -S 1M -c 4 payload/native/n1
2026-10-05 23:54:13,303 h5bench - DEBUG - LD_LIBRARY_PATH: /app/libs/hdf5/1.12.1-parallel-icc22-ompi4/lib:/app/apps/openmpi/4.1.2-hpe/lib:/app/apps/oneapi/2022.1.2/mkl/2022.0.2/lib/intel64:/app/apps/oneapi/2022.1.2/compiler/2022.0.2/linux/lib:/app/apps/oneapi/2022.1.2/compiler/2022.0.2/linux/lib/x64:/app/apps/oneapi/2022.1.2/compiler/2022.0.2/linux/lib/oclfpga/host/linux64/lib:/app/apps/oneapi/2022.1.2/compiler/2022.0.2/linux/compiler/lib/intel64_lin:/opt/cray/libfabric/1.11.0.4.125/lib64
2026-10-05 23:54:13,303 h5bench - DEBUG - DYLD_LIBRARY_PATH: 
2026-10-05 23:54:13,303 h5bench - DEBUG - LD_PRELOAD: 
2026-10-05 23:54:13,303 h5bench - INFO - JOBID: 25694905.pbs101
2026-10-05 23:54:13,303 h5bench - INFO - h5bench [write] - Starting
2026-10-05 23:54:13,303 h5bench - INFO - h5bench [write] - DIR: payload/native/n1/5afe49e7-25694905.pbs101/
2026-10-05 23:54:13,304 h5bench - INFO - Parallel setup: mpirun -np 128 --map-by ppr:128:node --bind-to core --mca btl ^openib --mca pml ucx --mca orte_base_help_aggregate 0 --mca opal_common_ucx_opal_mem_hooks 1 -x UCX_LOG_LEVEL=ERROR
2026-10-05 23:54:13,306 h5bench - INFO - mpirun -np 128 --map-by ppr:128:node --bind-to core --mca btl ^openib --mca pml ucx --mca orte_base_help_aggregate 0 --mca opal_common_ucx_opal_mem_hooks 1 -x UCX_LOG_LEVEL=ERROR /home/users/ntu/haiyen00/scratch/fyp/native/h5bench/h5bench/build/install/bin//h5bench_write payload/native/n1/5afe49e7-25694905.pbs101/h5bench.cfg payload/native/n1/h5bench_strong_native_n1.h5
2026-10-05 23:54:42,810 h5bench - INFO - SUCCESS (all output files are located at payload/native/n1/5afe49e7-25694905.pbs101)
2026-10-05 23:54:42,810 h5bench - INFO - Runtime: 29.5063651 seconds (elapsed time, includes allocation wait time)
2026-10-05 23:54:42,811 h5bench - INFO - h5bench [write] - Complete
2026-10-05 23:54:42,811 h5bench - INFO - JOBID: 25694905.pbs101
2026-10-05 23:54:42,811 h5bench - INFO - h5bench [read] - Starting
2026-10-05 23:54:42,811 h5bench - INFO - h5bench [read] - DIR: payload/native/n1/4019ae0a-25694905.pbs101/
2026-10-05 23:54:42,812 h5bench - INFO - Parallel setup: mpirun -np 128 --map-by ppr:128:node --bind-to core --mca btl ^openib --mca pml ucx --mca orte_base_help_aggregate 0 --mca opal_common_ucx_opal_mem_hooks 1 -x UCX_LOG_LEVEL=ERROR
2026-10-05 23:54:42,813 h5bench - INFO - mpirun -np 128 --map-by ppr:128:node --bind-to core --mca btl ^openib --mca pml ucx --mca orte_base_help_aggregate 0 --mca opal_common_ucx_opal_mem_hooks 1 -x UCX_LOG_LEVEL=ERROR /home/users/ntu/haiyen00/scratch/fyp/native/h5bench/h5bench/build/install/bin//h5bench_read payload/native/n1/4019ae0a-25694905.pbs101/h5bench.cfg payload/native/n1/h5bench_strong_native_n1.h5
2026-10-05 23:54:50,521 h5bench - INFO - SUCCESS (all output files are located at payload/native/n1/4019ae0a-25694905.pbs101)
2026-10-05 23:54:50,521 h5bench - INFO - Runtime: 7.7095733 seconds (elapsed time, includes allocation wait time)
2026-10-05 23:54:50,522 h5bench - INFO - h5bench [read] - Complete
2026-10-05 23:54:50,522 h5bench - INFO - Finishing h5bench Suite
--- Repetition 2/10 ---
+ /home/users/ntu/haiyen00/scratch/fyp/native/h5bench/h5bench/build/install/bin/h5bench -a -d native/n1/config_rep2.json

real	0m32.689s
user	2m13.144s
sys	36m1.802s
+ H5BENCH_EXIT=0
+ set +x
2026-10-05 23:54:54,554 h5bench - INFO - Starting h5bench Suite
2026-10-05 23:54:54,555 h5bench - WARNING - Base directory already exists: payload/native/n1
2026-10-05 23:54:54,562 h5bench - INFO - Lustre support detected
2026-10-05 23:54:54,562 h5bench - DEBUG - Lustre stripping configuration: lfs setstripe -S 1M -c 4 payload/native/n1
2026-10-05 23:54:54,569 h5bench - DEBUG - LD_LIBRARY_PATH: /app/libs/hdf5/1.12.1-parallel-icc22-ompi4/lib:/app/apps/openmpi/4.1.2-hpe/lib:/app/apps/oneapi/2022.1.2/mkl/2022.0.2/lib/intel64:/app/apps/oneapi/2022.1.2/compiler/2022.0.2/linux/lib:/app/apps/oneapi/2022.1.2/compiler/2022.0.2/linux/lib/x64:/app/apps/oneapi/2022.1.2/compiler/2022.0.2/linux/lib/oclfpga/host/linux64/lib:/app/apps/oneapi/2022.1.2/compiler/2022.0.2/linux/compiler/lib/intel64_lin:/opt/cray/libfabric/1.11.0.4.125/lib64
2026-10-05 23:54:54,569 h5bench - DEBUG - DYLD_LIBRARY_PATH: 
2026-10-05 23:54:54,570 h5bench - DEBUG - LD_PRELOAD: 
2026-10-05 23:54:54,570 h5bench - INFO - JOBID: 25694905.pbs101
2026-10-05 23:54:54,570 h5bench - INFO - h5bench [write] - Starting
2026-10-05 23:54:54,570 h5bench - INFO - h5bench [write] - DIR: payload/native/n1/f773b18a-25694905.pbs101/
2026-10-05 23:54:54,571 h5bench - INFO - Parallel setup: mpirun -np 128 --map-by ppr:128:node --bind-to core --mca btl ^openib --mca pml ucx --mca orte_base_help_aggregate 0 --mca opal_common_ucx_opal_mem_hooks 1 -x UCX_LOG_LEVEL=ERROR
2026-10-05 23:54:54,572 h5bench - INFO - mpirun -np 128 --map-by ppr:128:node --bind-to core --mca btl ^openib --mca pml ucx --mca orte_base_help_aggregate 0 --mca opal_common_ucx_opal_mem_hooks 1 -x UCX_LOG_LEVEL=ERROR /home/users/ntu/haiyen00/scratch/fyp/native/h5bench/h5bench/build/install/bin//h5bench_write payload/native/n1/f773b18a-25694905.pbs101/h5bench.cfg payload/native/n1/h5bench_strong_native_n1.h5
2026-10-05 23:55:19,387 h5bench - INFO - SUCCESS (all output files are located at payload/native/n1/f773b18a-25694905.pbs101)
2026-10-05 23:55:19,387 h5bench - INFO - Runtime: 24.8167539 seconds (elapsed time, includes allocation wait time)
2026-10-05 23:55:19,388 h5bench - INFO - h5bench [write] - Complete
2026-10-05 23:55:19,388 h5bench - INFO - JOBID: 25694905.pbs101
2026-10-05 23:55:19,388 h5bench - INFO - h5bench [read] - Starting
2026-10-05 23:55:19,388 h5bench - INFO - h5bench [read] - DIR: payload/native/n1/78cc5190-25694905.pbs101/
2026-10-05 23:55:19,389 h5bench - INFO - Parallel setup: mpirun -np 128 --map-by ppr:128:node --bind-to core --mca btl ^openib --mca pml ucx --mca orte_base_help_aggregate 0 --mca opal_common_ucx_opal_mem_hooks 1 -x UCX_LOG_LEVEL=ERROR
2026-10-05 23:55:19,390 h5bench - INFO - mpirun -np 128 --map-by ppr:128:node --bind-to core --mca btl ^openib --mca pml ucx --mca orte_base_help_aggregate 0 --mca opal_common_ucx_opal_mem_hooks 1 -x UCX_LOG_LEVEL=ERROR /home/users/ntu/haiyen00/scratch/fyp/native/h5bench/h5bench/build/install/bin//h5bench_read payload/native/n1/78cc5190-25694905.pbs101/h5bench.cfg payload/native/n1/h5bench_strong_native_n1.h5
2026-10-05 23:55:27,180 h5bench - INFO - SUCCESS (all output files are located at payload/native/n1/78cc5190-25694905.pbs101)
2026-10-05 23:55:27,181 h5bench - INFO - Runtime: 7.7920852 seconds (elapsed time, includes allocation wait time)
2026-10-05 23:55:27,181 h5bench - INFO - h5bench [read] - Complete
2026-10-05 23:55:27,181 h5bench - INFO - Finishing h5bench Suite
--- Repetition 3/10 ---
+ /home/users/ntu/haiyen00/scratch/fyp/native/h5bench/h5bench/build/install/bin/h5bench -a -d native/n1/config_rep3.json

real	0m35.099s
user	3m12.979s
sys	31m39.339s
+ H5BENCH_EXIT=0
+ set +x
2026-10-05 23:55:31,427 h5bench - INFO - Starting h5bench Suite
2026-10-05 23:55:31,429 h5bench - WARNING - Base directory already exists: payload/native/n1
2026-10-05 23:55:31,436 h5bench - INFO - Lustre support detected
2026-10-05 23:55:31,436 h5bench - DEBUG - Lustre stripping configuration: lfs setstripe -S 1M -c 4 payload/native/n1
2026-10-05 23:55:31,442 h5bench - DEBUG - LD_LIBRARY_PATH: /app/libs/hdf5/1.12.1-parallel-icc22-ompi4/lib:/app/apps/openmpi/4.1.2-hpe/lib:/app/apps/oneapi/2022.1.2/mkl/2022.0.2/lib/intel64:/app/apps/oneapi/2022.1.2/compiler/2022.0.2/linux/lib:/app/apps/oneapi/2022.1.2/compiler/2022.0.2/linux/lib/x64:/app/apps/oneapi/2022.1.2/compiler/2022.0.2/linux/lib/oclfpga/host/linux64/lib:/app/apps/oneapi/2022.1.2/compiler/2022.0.2/linux/compiler/lib/intel64_lin:/opt/cray/libfabric/1.11.0.4.125/lib64
2026-10-05 23:55:31,442 h5bench - DEBUG - DYLD_LIBRARY_PATH: 
2026-10-05 23:55:31,442 h5bench - DEBUG - LD_PRELOAD: 
2026-10-05 23:55:31,443 h5bench - INFO - JOBID: 25694905.pbs101
2026-10-05 23:55:31,443 h5bench - INFO - h5bench [write] - Starting
2026-10-05 23:55:31,443 h5bench - INFO - h5bench [write] - DIR: payload/native/n1/87ad0130-25694905.pbs101/
2026-10-05 23:55:31,443 h5bench - INFO - Parallel setup: mpirun -np 128 --map-by ppr:128:node --bind-to core --mca btl ^openib --mca pml ucx --mca orte_base_help_aggregate 0 --mca opal_common_ucx_opal_mem_hooks 1 -x UCX_LOG_LEVEL=ERROR
2026-10-05 23:55:31,445 h5bench - INFO - mpirun -np 128 --map-by ppr:128:node --bind-to core --mca btl ^openib --mca pml ucx --mca orte_base_help_aggregate 0 --mca opal_common_ucx_opal_mem_hooks 1 -x UCX_LOG_LEVEL=ERROR /home/users/ntu/haiyen00/scratch/fyp/native/h5bench/h5bench/build/install/bin//h5bench_write payload/native/n1/87ad0130-25694905.pbs101/h5bench.cfg payload/native/n1/h5bench_strong_native_n1.h5
2026-10-05 23:55:58,746 h5bench - INFO - SUCCESS (all output files are located at payload/native/n1/87ad0130-25694905.pbs101)
2026-10-05 23:55:58,747 h5bench - INFO - Runtime: 27.3032069 seconds (elapsed time, includes allocation wait time)
2026-10-05 23:55:58,747 h5bench - INFO - h5bench [write] - Complete
2026-10-05 23:55:58,747 h5bench - INFO - JOBID: 25694905.pbs101
2026-10-05 23:55:58,747 h5bench - INFO - h5bench [read] - Starting
2026-10-05 23:55:58,747 h5bench - INFO - h5bench [read] - DIR: payload/native/n1/805ed5b4-25694905.pbs101/
2026-10-05 23:55:58,748 h5bench - INFO - Parallel setup: mpirun -np 128 --map-by ppr:128:node --bind-to core --mca btl ^openib --mca pml ucx --mca orte_base_help_aggregate 0 --mca opal_common_ucx_opal_mem_hooks 1 -x UCX_LOG_LEVEL=ERROR
2026-10-05 23:55:58,750 h5bench - INFO - mpirun -np 128 --map-by ppr:128:node --bind-to core --mca btl ^openib --mca pml ucx --mca orte_base_help_aggregate 0 --mca opal_common_ucx_opal_mem_hooks 1 -x UCX_LOG_LEVEL=ERROR /home/users/ntu/haiyen00/scratch/fyp/native/h5bench/h5bench/build/install/bin//h5bench_read payload/native/n1/805ed5b4-25694905.pbs101/h5bench.cfg payload/native/n1/h5bench_strong_native_n1.h5
2026-10-05 23:56:06,464 h5bench - INFO - SUCCESS (all output files are located at payload/native/n1/805ed5b4-25694905.pbs101)
2026-10-05 23:56:06,464 h5bench - INFO - Runtime: 7.7166095 seconds (elapsed time, includes allocation wait time)
2026-10-05 23:56:06,465 h5bench - INFO - h5bench [read] - Complete
2026-10-05 23:56:06,465 h5bench - INFO - Finishing h5bench Suite
--- Repetition 4/10 ---
+ /home/users/ntu/haiyen00/scratch/fyp/native/h5bench/h5bench/build/install/bin/h5bench -a -d native/n1/config_rep4.json

real	0m31.971s
user	2m56.458s
sys	28m52.841s
+ H5BENCH_EXIT=0
+ set +x
2026-10-05 23:56:10,718 h5bench - INFO - Starting h5bench Suite
2026-10-05 23:56:10,720 h5bench - WARNING - Base directory already exists: payload/native/n1
2026-10-05 23:56:10,727 h5bench - INFO - Lustre support detected
2026-10-05 23:56:10,728 h5bench - DEBUG - Lustre stripping configuration: lfs setstripe -S 1M -c 4 payload/native/n1
2026-10-05 23:56:10,734 h5bench - DEBUG - LD_LIBRARY_PATH: /app/libs/hdf5/1.12.1-parallel-icc22-ompi4/lib:/app/apps/openmpi/4.1.2-hpe/lib:/app/apps/oneapi/2022.1.2/mkl/2022.0.2/lib/intel64:/app/apps/oneapi/2022.1.2/compiler/2022.0.2/linux/lib:/app/apps/oneapi/2022.1.2/compiler/2022.0.2/linux/lib/x64:/app/apps/oneapi/2022.1.2/compiler/2022.0.2/linux/lib/oclfpga/host/linux64/lib:/app/apps/oneapi/2022.1.2/compiler/2022.0.2/linux/compiler/lib/intel64_lin:/opt/cray/libfabric/1.11.0.4.125/lib64
2026-10-05 23:56:10,734 h5bench - DEBUG - DYLD_LIBRARY_PATH: 
2026-10-05 23:56:10,734 h5bench - DEBUG - LD_PRELOAD: 
2026-10-05 23:56:10,734 h5bench - INFO - JOBID: 25694905.pbs101
2026-10-05 23:56:10,735 h5bench - INFO - h5bench [write] - Starting
2026-10-05 23:56:10,735 h5bench - INFO - h5bench [write] - DIR: payload/native/n1/4e5e0dcd-25694905.pbs101/
2026-10-05 23:56:10,735 h5bench - INFO - Parallel setup: mpirun -np 128 --map-by ppr:128:node --bind-to core --mca btl ^openib --mca pml ucx --mca orte_base_help_aggregate 0 --mca opal_common_ucx_opal_mem_hooks 1 -x UCX_LOG_LEVEL=ERROR
2026-10-05 23:56:10,736 h5bench - INFO - mpirun -np 128 --map-by ppr:128:node --bind-to core --mca btl ^openib --mca pml ucx --mca orte_base_help_aggregate 0 --mca opal_common_ucx_opal_mem_hooks 1 -x UCX_LOG_LEVEL=ERROR /home/users/ntu/haiyen00/scratch/fyp/native/h5bench/h5bench/build/install/bin//h5bench_write payload/native/n1/4e5e0dcd-25694905.pbs101/h5bench.cfg payload/native/n1/h5bench_strong_native_n1.h5
2026-10-05 23:56:34,012 h5bench - INFO - SUCCESS (all output files are located at payload/native/n1/4e5e0dcd-25694905.pbs101)
2026-10-05 23:56:34,012 h5bench - INFO - Runtime: 23.2767892 seconds (elapsed time, includes allocation wait time)
2026-10-05 23:56:34,012 h5bench - INFO - h5bench [write] - Complete
2026-10-05 23:56:34,012 h5bench - INFO - JOBID: 25694905.pbs101
2026-10-05 23:56:34,013 h5bench - INFO - h5bench [read] - Starting
2026-10-05 23:56:34,013 h5bench - INFO - h5bench [read] - DIR: payload/native/n1/e79bf2bd-25694905.pbs101/
2026-10-05 23:56:34,013 h5bench - INFO - Parallel setup: mpirun -np 128 --map-by ppr:128:node --bind-to core --mca btl ^openib --mca pml ucx --mca orte_base_help_aggregate 0 --mca opal_common_ucx_opal_mem_hooks 1 -x UCX_LOG_LEVEL=ERROR
2026-10-05 23:56:34,015 h5bench - INFO - mpirun -np 128 --map-by ppr:128:node --bind-to core --mca btl ^openib --mca pml ucx --mca orte_base_help_aggregate 0 --mca opal_common_ucx_opal_mem_hooks 1 -x UCX_LOG_LEVEL=ERROR /home/users/ntu/haiyen00/scratch/fyp/native/h5bench/h5bench/build/install/bin//h5bench_read payload/native/n1/e79bf2bd-25694905.pbs101/h5bench.cfg payload/native/n1/h5bench_strong_native_n1.h5
2026-10-05 23:56:42,627 h5bench - INFO - SUCCESS (all output files are located at payload/native/n1/e79bf2bd-25694905.pbs101)
2026-10-05 23:56:42,627 h5bench - INFO - Runtime: 8.6140020 seconds (elapsed time, includes allocation wait time)
2026-10-05 23:56:42,628 h5bench - INFO - h5bench [read] - Complete
2026-10-05 23:56:42,628 h5bench - INFO - Finishing h5bench Suite
--- Repetition 5/10 ---
+ /home/users/ntu/haiyen00/scratch/fyp/native/h5bench/h5bench/build/install/bin/h5bench -a -d native/n1/config_rep5.json

real	0m32.561s
user	3m37.588s
sys	28m33.481s
+ H5BENCH_EXIT=0
+ set +x
2026-10-05 23:56:46,784 h5bench - INFO - Starting h5bench Suite
2026-10-05 23:56:46,785 h5bench - WARNING - Base directory already exists: payload/native/n1
2026-10-05 23:56:46,793 h5bench - INFO - Lustre support detected
2026-10-05 23:56:46,793 h5bench - DEBUG - Lustre stripping configuration: lfs setstripe -S 1M -c 4 payload/native/n1
2026-10-05 23:56:46,799 h5bench - DEBUG - LD_LIBRARY_PATH: /app/libs/hdf5/1.12.1-parallel-icc22-ompi4/lib:/app/apps/openmpi/4.1.2-hpe/lib:/app/apps/oneapi/2022.1.2/mkl/2022.0.2/lib/intel64:/app/apps/oneapi/2022.1.2/compiler/2022.0.2/linux/lib:/app/apps/oneapi/2022.1.2/compiler/2022.0.2/linux/lib/x64:/app/apps/oneapi/2022.1.2/compiler/2022.0.2/linux/lib/oclfpga/host/linux64/lib:/app/apps/oneapi/2022.1.2/compiler/2022.0.2/linux/compiler/lib/intel64_lin:/opt/cray/libfabric/1.11.0.4.125/lib64
2026-10-05 23:56:46,800 h5bench - DEBUG - DYLD_LIBRARY_PATH: 
2026-10-05 23:56:46,800 h5bench - DEBUG - LD_PRELOAD: 
2026-10-05 23:56:46,800 h5bench - INFO - JOBID: 25694905.pbs101
2026-10-05 23:56:46,800 h5bench - INFO - h5bench [write] - Starting
2026-10-05 23:56:46,800 h5bench - INFO - h5bench [write] - DIR: payload/native/n1/a7988973-25694905.pbs101/
2026-10-05 23:56:46,801 h5bench - INFO - Parallel setup: mpirun -np 128 --map-by ppr:128:node --bind-to core --mca btl ^openib --mca pml ucx --mca orte_base_help_aggregate 0 --mca opal_common_ucx_opal_mem_hooks 1 -x UCX_LOG_LEVEL=ERROR
2026-10-05 23:56:46,803 h5bench - INFO - mpirun -np 128 --map-by ppr:128:node --bind-to core --mca btl ^openib --mca pml ucx --mca orte_base_help_aggregate 0 --mca opal_common_ucx_opal_mem_hooks 1 -x UCX_LOG_LEVEL=ERROR /home/users/ntu/haiyen00/scratch/fyp/native/h5bench/h5bench/build/install/bin//h5bench_write payload/native/n1/a7988973-25694905.pbs101/h5bench.cfg payload/native/n1/h5bench_strong_native_n1.h5
2026-10-05 23:57:11,588 h5bench - INFO - SUCCESS (all output files are located at payload/native/n1/a7988973-25694905.pbs101)
2026-10-05 23:57:11,588 h5bench - INFO - Runtime: 24.7874310 seconds (elapsed time, includes allocation wait time)
2026-10-05 23:57:11,588 h5bench - INFO - h5bench [write] - Complete
2026-10-05 23:57:11,589 h5bench - INFO - JOBID: 25694905.pbs101
2026-10-05 23:57:11,589 h5bench - INFO - h5bench [read] - Starting
2026-10-05 23:57:11,589 h5bench - INFO - h5bench [read] - DIR: payload/native/n1/48baf48b-25694905.pbs101/
2026-10-05 23:57:11,589 h5bench - INFO - Parallel setup: mpirun -np 128 --map-by ppr:128:node --bind-to core --mca btl ^openib --mca pml ucx --mca orte_base_help_aggregate 0 --mca opal_common_ucx_opal_mem_hooks 1 -x UCX_LOG_LEVEL=ERROR
2026-10-05 23:57:11,591 h5bench - INFO - mpirun -np 128 --map-by ppr:128:node --bind-to core --mca btl ^openib --mca pml ucx --mca orte_base_help_aggregate 0 --mca opal_common_ucx_opal_mem_hooks 1 -x UCX_LOG_LEVEL=ERROR /home/users/ntu/haiyen00/scratch/fyp/native/h5bench/h5bench/build/install/bin//h5bench_read payload/native/n1/48baf48b-25694905.pbs101/h5bench.cfg payload/native/n1/h5bench_strong_native_n1.h5
2026-10-05 23:57:19,276 h5bench - INFO - SUCCESS (all output files are located at payload/native/n1/48baf48b-25694905.pbs101)
2026-10-05 23:57:19,276 h5bench - INFO - Runtime: 7.6864107 seconds (elapsed time, includes allocation wait time)
2026-10-05 23:57:19,276 h5bench - INFO - h5bench [read] - Complete
2026-10-05 23:57:19,276 h5bench - INFO - Finishing h5bench Suite
--- Repetition 6/10 ---
+ /home/users/ntu/haiyen00/scratch/fyp/native/h5bench/h5bench/build/install/bin/h5bench -a -d native/n1/config_rep6.json

real	0m32.736s
user	2m17.758s
sys	36m54.541s
+ H5BENCH_EXIT=0
+ set +x
2026-10-05 23:57:23,608 h5bench - INFO - Starting h5bench Suite
2026-10-05 23:57:23,609 h5bench - WARNING - Base directory already exists: payload/native/n1
2026-10-05 23:57:23,618 h5bench - INFO - Lustre support detected
2026-10-05 23:57:23,619 h5bench - DEBUG - Lustre stripping configuration: lfs setstripe -S 1M -c 4 payload/native/n1
2026-10-05 23:57:23,625 h5bench - DEBUG - LD_LIBRARY_PATH: /app/libs/hdf5/1.12.1-parallel-icc22-ompi4/lib:/app/apps/openmpi/4.1.2-hpe/lib:/app/apps/oneapi/2022.1.2/mkl/2022.0.2/lib/intel64:/app/apps/oneapi/2022.1.2/compiler/2022.0.2/linux/lib:/app/apps/oneapi/2022.1.2/compiler/2022.0.2/linux/lib/x64:/app/apps/oneapi/2022.1.2/compiler/2022.0.2/linux/lib/oclfpga/host/linux64/lib:/app/apps/oneapi/2022.1.2/compiler/2022.0.2/linux/compiler/lib/intel64_lin:/opt/cray/libfabric/1.11.0.4.125/lib64
2026-10-05 23:57:23,625 h5bench - DEBUG - DYLD_LIBRARY_PATH: 
2026-10-05 23:57:23,625 h5bench - DEBUG - LD_PRELOAD: 
2026-10-05 23:57:23,626 h5bench - INFO - JOBID: 25694905.pbs101
2026-10-05 23:57:23,626 h5bench - INFO - h5bench [write] - Starting
2026-10-05 23:57:23,626 h5bench - INFO - h5bench [write] - DIR: payload/native/n1/0c4541c0-25694905.pbs101/
2026-10-05 23:57:23,626 h5bench - INFO - Parallel setup: mpirun -np 128 --map-by ppr:128:node --bind-to core --mca btl ^openib --mca pml ucx --mca orte_base_help_aggregate 0 --mca opal_common_ucx_opal_mem_hooks 1 -x UCX_LOG_LEVEL=ERROR
2026-10-05 23:57:23,628 h5bench - INFO - mpirun -np 128 --map-by ppr:128:node --bind-to core --mca btl ^openib --mca pml ucx --mca orte_base_help_aggregate 0 --mca opal_common_ucx_opal_mem_hooks 1 -x UCX_LOG_LEVEL=ERROR /home/users/ntu/haiyen00/scratch/fyp/native/h5bench/h5bench/build/install/bin//h5bench_write payload/native/n1/0c4541c0-25694905.pbs101/h5bench.cfg payload/native/n1/h5bench_strong_native_n1.h5
2026-10-05 23:57:48,549 h5bench - INFO - SUCCESS (all output files are located at payload/native/n1/0c4541c0-25694905.pbs101)
2026-10-05 23:57:48,550 h5bench - INFO - Runtime: 24.9234924 seconds (elapsed time, includes allocation wait time)
2026-10-05 23:57:48,550 h5bench - INFO - h5bench [write] - Complete
2026-10-05 23:57:48,550 h5bench - INFO - JOBID: 25694905.pbs101
2026-10-05 23:57:48,550 h5bench - INFO - h5bench [read] - Starting
2026-10-05 23:57:48,551 h5bench - INFO - h5bench [read] - DIR: payload/native/n1/810badc3-25694905.pbs101/
2026-10-05 23:57:48,551 h5bench - INFO - Parallel setup: mpirun -np 128 --map-by ppr:128:node --bind-to core --mca btl ^openib --mca pml ucx --mca orte_base_help_aggregate 0 --mca opal_common_ucx_opal_mem_hooks 1 -x UCX_LOG_LEVEL=ERROR
2026-10-05 23:57:48,553 h5bench - INFO - mpirun -np 128 --map-by ppr:128:node --bind-to core --mca btl ^openib --mca pml ucx --mca orte_base_help_aggregate 0 --mca opal_common_ucx_opal_mem_hooks 1 -x UCX_LOG_LEVEL=ERROR /home/users/ntu/haiyen00/scratch/fyp/native/h5bench/h5bench/build/install/bin//h5bench_read payload/native/n1/810badc3-25694905.pbs101/h5bench.cfg payload/native/n1/h5bench_strong_native_n1.h5
2026-10-05 23:57:56,277 h5bench - INFO - SUCCESS (all output files are located at payload/native/n1/810badc3-25694905.pbs101)
2026-10-05 23:57:56,278 h5bench - INFO - Runtime: 7.7261827 seconds (elapsed time, includes allocation wait time)
2026-10-05 23:57:56,278 h5bench - INFO - h5bench [read] - Complete
2026-10-05 23:57:56,278 h5bench - INFO - Finishing h5bench Suite
--- Repetition 7/10 ---
+ /home/users/ntu/haiyen00/scratch/fyp/native/h5bench/h5bench/build/install/bin/h5bench -a -d native/n1/config_rep7.json

real	0m34.552s
user	1m36.026s
sys	37m6.085s
+ H5BENCH_EXIT=0
+ set +x
2026-10-05 23:58:00,543 h5bench - INFO - Starting h5bench Suite
2026-10-05 23:58:00,544 h5bench - WARNING - Base directory already exists: payload/native/n1
2026-10-05 23:58:00,554 h5bench - INFO - Lustre support detected
2026-10-05 23:58:00,554 h5bench - DEBUG - Lustre stripping configuration: lfs setstripe -S 1M -c 4 payload/native/n1
2026-10-05 23:58:00,562 h5bench - DEBUG - LD_LIBRARY_PATH: /app/libs/hdf5/1.12.1-parallel-icc22-ompi4/lib:/app/apps/openmpi/4.1.2-hpe/lib:/app/apps/oneapi/2022.1.2/mkl/2022.0.2/lib/intel64:/app/apps/oneapi/2022.1.2/compiler/2022.0.2/linux/lib:/app/apps/oneapi/2022.1.2/compiler/2022.0.2/linux/lib/x64:/app/apps/oneapi/2022.1.2/compiler/2022.0.2/linux/lib/oclfpga/host/linux64/lib:/app/apps/oneapi/2022.1.2/compiler/2022.0.2/linux/compiler/lib/intel64_lin:/opt/cray/libfabric/1.11.0.4.125/lib64
2026-10-05 23:58:00,563 h5bench - DEBUG - DYLD_LIBRARY_PATH: 
2026-10-05 23:58:00,563 h5bench - DEBUG - LD_PRELOAD: 
2026-10-05 23:58:00,563 h5bench - INFO - JOBID: 25694905.pbs101
2026-10-05 23:58:00,563 h5bench - INFO - h5bench [write] - Starting
2026-10-05 23:58:00,563 h5bench - INFO - h5bench [write] - DIR: payload/native/n1/a8d7deef-25694905.pbs101/
2026-10-05 23:58:00,564 h5bench - INFO - Parallel setup: mpirun -np 128 --map-by ppr:128:node --bind-to core --mca btl ^openib --mca pml ucx --mca orte_base_help_aggregate 0 --mca opal_common_ucx_opal_mem_hooks 1 -x UCX_LOG_LEVEL=ERROR
2026-10-05 23:58:00,565 h5bench - INFO - mpirun -np 128 --map-by ppr:128:node --bind-to core --mca btl ^openib --mca pml ucx --mca orte_base_help_aggregate 0 --mca opal_common_ucx_opal_mem_hooks 1 -x UCX_LOG_LEVEL=ERROR /home/users/ntu/haiyen00/scratch/fyp/native/h5bench/h5bench/build/install/bin//h5bench_write payload/native/n1/a8d7deef-25694905.pbs101/h5bench.cfg payload/native/n1/h5bench_strong_native_n1.h5
2026-10-05 23:58:27,325 h5bench - INFO - SUCCESS (all output files are located at payload/native/n1/a8d7deef-25694905.pbs101)
2026-10-05 23:58:27,326 h5bench - INFO - Runtime: 26.7621017 seconds (elapsed time, includes allocation wait time)
2026-10-05 23:58:27,326 h5bench - INFO - h5bench [write] - Complete
2026-10-05 23:58:27,326 h5bench - INFO - JOBID: 25694905.pbs101
2026-10-05 23:58:27,327 h5bench - INFO - h5bench [read] - Starting
2026-10-05 23:58:27,327 h5bench - INFO - h5bench [read] - DIR: payload/native/n1/0e636ed7-25694905.pbs101/
2026-10-05 23:58:27,327 h5bench - INFO - Parallel setup: mpirun -np 128 --map-by ppr:128:node --bind-to core --mca btl ^openib --mca pml ucx --mca orte_base_help_aggregate 0 --mca opal_common_ucx_opal_mem_hooks 1 -x UCX_LOG_LEVEL=ERROR
2026-10-05 23:58:27,328 h5bench - INFO - mpirun -np 128 --map-by ppr:128:node --bind-to core --mca btl ^openib --mca pml ucx --mca orte_base_help_aggregate 0 --mca opal_common_ucx_opal_mem_hooks 1 -x UCX_LOG_LEVEL=ERROR /home/users/ntu/haiyen00/scratch/fyp/native/h5bench/h5bench/build/install/bin//h5bench_read payload/native/n1/0e636ed7-25694905.pbs101/h5bench.cfg payload/native/n1/h5bench_strong_native_n1.h5
2026-10-05 23:58:35,025 h5bench - INFO - SUCCESS (all output files are located at payload/native/n1/0e636ed7-25694905.pbs101)
2026-10-05 23:58:35,025 h5bench - INFO - Runtime: 7.6979866 seconds (elapsed time, includes allocation wait time)
2026-10-05 23:58:35,026 h5bench - INFO - h5bench [read] - Complete
2026-10-05 23:58:35,026 h5bench - INFO - Finishing h5bench Suite
--- Repetition 8/10 ---
+ /home/users/ntu/haiyen00/scratch/fyp/native/h5bench/h5bench/build/install/bin/h5bench -a -d native/n1/config_rep8.json

real	0m42.682s
user	5m19.783s
sys	29m50.574s
+ H5BENCH_EXIT=0
+ set +x
2026-10-05 23:58:39,212 h5bench - INFO - Starting h5bench Suite
2026-10-05 23:58:39,213 h5bench - WARNING - Base directory already exists: payload/native/n1
2026-10-05 23:58:39,224 h5bench - INFO - Lustre support detected
2026-10-05 23:58:39,224 h5bench - DEBUG - Lustre stripping configuration: lfs setstripe -S 1M -c 4 payload/native/n1
2026-10-05 23:58:39,230 h5bench - DEBUG - LD_LIBRARY_PATH: /app/libs/hdf5/1.12.1-parallel-icc22-ompi4/lib:/app/apps/openmpi/4.1.2-hpe/lib:/app/apps/oneapi/2022.1.2/mkl/2022.0.2/lib/intel64:/app/apps/oneapi/2022.1.2/compiler/2022.0.2/linux/lib:/app/apps/oneapi/2022.1.2/compiler/2022.0.2/linux/lib/x64:/app/apps/oneapi/2022.1.2/compiler/2022.0.2/linux/lib/oclfpga/host/linux64/lib:/app/apps/oneapi/2022.1.2/compiler/2022.0.2/linux/compiler/lib/intel64_lin:/opt/cray/libfabric/1.11.0.4.125/lib64
2026-10-05 23:58:39,231 h5bench - DEBUG - DYLD_LIBRARY_PATH: 
2026-10-05 23:58:39,231 h5bench - DEBUG - LD_PRELOAD: 
2026-10-05 23:58:39,231 h5bench - INFO - JOBID: 25694905.pbs101
2026-10-05 23:58:39,231 h5bench - INFO - h5bench [write] - Starting
2026-10-05 23:58:39,231 h5bench - INFO - h5bench [write] - DIR: payload/native/n1/1bd9e8c2-25694905.pbs101/
2026-10-05 23:58:39,232 h5bench - INFO - Parallel setup: mpirun -np 128 --map-by ppr:128:node --bind-to core --mca btl ^openib --mca pml ucx --mca orte_base_help_aggregate 0 --mca opal_common_ucx_opal_mem_hooks 1 -x UCX_LOG_LEVEL=ERROR
2026-10-05 23:58:39,233 h5bench - INFO - mpirun -np 128 --map-by ppr:128:node --bind-to core --mca btl ^openib --mca pml ucx --mca orte_base_help_aggregate 0 --mca opal_common_ucx_opal_mem_hooks 1 -x UCX_LOG_LEVEL=ERROR /home/users/ntu/haiyen00/scratch/fyp/native/h5bench/h5bench/build/install/bin//h5bench_write payload/native/n1/1bd9e8c2-25694905.pbs101/h5bench.cfg payload/native/n1/h5bench_strong_native_n1.h5
2026-10-05 23:59:06,086 h5bench - INFO - SUCCESS (all output files are located at payload/native/n1/1bd9e8c2-25694905.pbs101)
2026-10-05 23:59:06,087 h5bench - INFO - Runtime: 26.8549161 seconds (elapsed time, includes allocation wait time)
2026-10-05 23:59:06,087 h5bench - INFO - h5bench [write] - Complete
2026-10-05 23:59:06,087 h5bench - INFO - JOBID: 25694905.pbs101
2026-10-05 23:59:06,087 h5bench - INFO - h5bench [read] - Starting
2026-10-05 23:59:06,088 h5bench - INFO - h5bench [read] - DIR: payload/native/n1/15b5cd43-25694905.pbs101/
2026-10-05 23:59:06,088 h5bench - INFO - Parallel setup: mpirun -np 128 --map-by ppr:128:node --bind-to core --mca btl ^openib --mca pml ucx --mca orte_base_help_aggregate 0 --mca opal_common_ucx_opal_mem_hooks 1 -x UCX_LOG_LEVEL=ERROR
2026-10-05 23:59:06,090 h5bench - INFO - mpirun -np 128 --map-by ppr:128:node --bind-to core --mca btl ^openib --mca pml ucx --mca orte_base_help_aggregate 0 --mca opal_common_ucx_opal_mem_hooks 1 -x UCX_LOG_LEVEL=ERROR /home/users/ntu/haiyen00/scratch/fyp/native/h5bench/h5bench/build/install/bin//h5bench_read payload/native/n1/15b5cd43-25694905.pbs101/h5bench.cfg payload/native/n1/h5bench_strong_native_n1.h5
2026-10-05 23:59:21,821 h5bench - INFO - SUCCESS (all output files are located at payload/native/n1/15b5cd43-25694905.pbs101)
2026-10-05 23:59:21,822 h5bench - INFO - Runtime: 15.7335532 seconds (elapsed time, includes allocation wait time)
2026-10-05 23:59:21,822 h5bench - INFO - h5bench [read] - Complete
2026-10-05 23:59:21,822 h5bench - INFO - Finishing h5bench Suite
--- Repetition 9/10 ---
+ /home/users/ntu/haiyen00/scratch/fyp/native/h5bench/h5bench/build/install/bin/h5bench -a -d native/n1/config_rep9.json

real	0m32.234s
user	1m38.714s
sys	36m41.735s
+ H5BENCH_EXIT=0
+ set +x
2026-10-05 23:59:26,108 h5bench - INFO - Starting h5bench Suite
2026-10-05 23:59:26,109 h5bench - WARNING - Base directory already exists: payload/native/n1
2026-10-05 23:59:26,120 h5bench - INFO - Lustre support detected
2026-10-05 23:59:26,120 h5bench - DEBUG - Lustre stripping configuration: lfs setstripe -S 1M -c 4 payload/native/n1
2026-10-05 23:59:26,126 h5bench - DEBUG - LD_LIBRARY_PATH: /app/libs/hdf5/1.12.1-parallel-icc22-ompi4/lib:/app/apps/openmpi/4.1.2-hpe/lib:/app/apps/oneapi/2022.1.2/mkl/2022.0.2/lib/intel64:/app/apps/oneapi/2022.1.2/compiler/2022.0.2/linux/lib:/app/apps/oneapi/2022.1.2/compiler/2022.0.2/linux/lib/x64:/app/apps/oneapi/2022.1.2/compiler/2022.0.2/linux/lib/oclfpga/host/linux64/lib:/app/apps/oneapi/2022.1.2/compiler/2022.0.2/linux/compiler/lib/intel64_lin:/opt/cray/libfabric/1.11.0.4.125/lib64
2026-10-05 23:59:26,126 h5bench - DEBUG - DYLD_LIBRARY_PATH: 
2026-10-05 23:59:26,127 h5bench - DEBUG - LD_PRELOAD: 
2026-10-05 23:59:26,127 h5bench - INFO - JOBID: 25694905.pbs101
2026-10-05 23:59:26,127 h5bench - INFO - h5bench [write] - Starting
2026-10-05 23:59:26,127 h5bench - INFO - h5bench [write] - DIR: payload/native/n1/a7b7a31c-25694905.pbs101/
2026-10-05 23:59:26,127 h5bench - INFO - Parallel setup: mpirun -np 128 --map-by ppr:128:node --bind-to core --mca btl ^openib --mca pml ucx --mca orte_base_help_aggregate 0 --mca opal_common_ucx_opal_mem_hooks 1 -x UCX_LOG_LEVEL=ERROR
2026-10-05 23:59:26,129 h5bench - INFO - mpirun -np 128 --map-by ppr:128:node --bind-to core --mca btl ^openib --mca pml ucx --mca orte_base_help_aggregate 0 --mca opal_common_ucx_opal_mem_hooks 1 -x UCX_LOG_LEVEL=ERROR /home/users/ntu/haiyen00/scratch/fyp/native/h5bench/h5bench/build/install/bin//h5bench_write payload/native/n1/a7b7a31c-25694905.pbs101/h5bench.cfg payload/native/n1/h5bench_strong_native_n1.h5
2026-10-05 23:59:50,368 h5bench - INFO - SUCCESS (all output files are located at payload/native/n1/a7b7a31c-25694905.pbs101)
2026-10-05 23:59:50,368 h5bench - INFO - Runtime: 24.2408416 seconds (elapsed time, includes allocation wait time)
2026-10-05 23:59:50,369 h5bench - INFO - h5bench [write] - Complete
2026-10-05 23:59:50,369 h5bench - INFO - JOBID: 25694905.pbs101
2026-10-05 23:59:50,369 h5bench - INFO - h5bench [read] - Starting
2026-10-05 23:59:50,369 h5bench - INFO - h5bench [read] - DIR: payload/native/n1/49cc0ac0-25694905.pbs101/
2026-10-05 23:59:50,370 h5bench - INFO - Parallel setup: mpirun -np 128 --map-by ppr:128:node --bind-to core --mca btl ^openib --mca pml ucx --mca orte_base_help_aggregate 0 --mca opal_common_ucx_opal_mem_hooks 1 -x UCX_LOG_LEVEL=ERROR
2026-10-05 23:59:50,371 h5bench - INFO - mpirun -np 128 --map-by ppr:128:node --bind-to core --mca btl ^openib --mca pml ucx --mca orte_base_help_aggregate 0 --mca opal_common_ucx_opal_mem_hooks 1 -x UCX_LOG_LEVEL=ERROR /home/users/ntu/haiyen00/scratch/fyp/native/h5bench/h5bench/build/install/bin//h5bench_read payload/native/n1/49cc0ac0-25694905.pbs101/h5bench.cfg payload/native/n1/h5bench_strong_native_n1.h5
2026-10-05 23:59:58,282 h5bench - INFO - SUCCESS (all output files are located at payload/native/n1/49cc0ac0-25694905.pbs101)
2026-10-05 23:59:58,282 h5bench - INFO - Runtime: 7.9123187 seconds (elapsed time, includes allocation wait time)
2026-10-05 23:59:58,282 h5bench - INFO - h5bench [read] - Complete
2026-10-05 23:59:58,282 h5bench - INFO - Finishing h5bench Suite
--- Repetition 10/10 ---
+ /home/users/ntu/haiyen00/scratch/fyp/native/h5bench/h5bench/build/install/bin/h5bench -a -d native/n1/config_rep10.json

real	0m31.408s
user	3m14.781s
sys	27m12.196s
+ H5BENCH_EXIT=0
+ set +x
2026-10-06 00:00:02,401 h5bench - INFO - Starting h5bench Suite
2026-10-06 00:00:02,403 h5bench - WARNING - Base directory already exists: payload/native/n1
2026-10-06 00:00:02,471 h5bench - INFO - Lustre support detected
2026-10-06 00:00:02,472 h5bench - DEBUG - Lustre stripping configuration: lfs setstripe -S 1M -c 4 payload/native/n1
2026-10-06 00:00:02,478 h5bench - DEBUG - LD_LIBRARY_PATH: /app/libs/hdf5/1.12.1-parallel-icc22-ompi4/lib:/app/apps/openmpi/4.1.2-hpe/lib:/app/apps/oneapi/2022.1.2/mkl/2022.0.2/lib/intel64:/app/apps/oneapi/2022.1.2/compiler/2022.0.2/linux/lib:/app/apps/oneapi/2022.1.2/compiler/2022.0.2/linux/lib/x64:/app/apps/oneapi/2022.1.2/compiler/2022.0.2/linux/lib/oclfpga/host/linux64/lib:/app/apps/oneapi/2022.1.2/compiler/2022.0.2/linux/compiler/lib/intel64_lin:/opt/cray/libfabric/1.11.0.4.125/lib64
2026-10-06 00:00:02,478 h5bench - DEBUG - DYLD_LIBRARY_PATH: 
2026-10-06 00:00:02,478 h5bench - DEBUG - LD_PRELOAD: 
2026-10-06 00:00:02,478 h5bench - INFO - JOBID: 25694905.pbs101
2026-10-06 00:00:02,478 h5bench - INFO - h5bench [write] - Starting
2026-10-06 00:00:02,479 h5bench - INFO - h5bench [write] - DIR: payload/native/n1/bec001de-25694905.pbs101/
2026-10-06 00:00:02,479 h5bench - INFO - Parallel setup: mpirun -np 128 --map-by ppr:128:node --bind-to core --mca btl ^openib --mca pml ucx --mca orte_base_help_aggregate 0 --mca opal_common_ucx_opal_mem_hooks 1 -x UCX_LOG_LEVEL=ERROR
2026-10-06 00:00:02,480 h5bench - INFO - mpirun -np 128 --map-by ppr:128:node --bind-to core --mca btl ^openib --mca pml ucx --mca orte_base_help_aggregate 0 --mca opal_common_ucx_opal_mem_hooks 1 -x UCX_LOG_LEVEL=ERROR /home/users/ntu/haiyen00/scratch/fyp/native/h5bench/h5bench/build/install/bin//h5bench_write payload/native/n1/bec001de-25694905.pbs101/h5bench.cfg payload/native/n1/h5bench_strong_native_n1.h5
2026-10-06 00:00:26,096 h5bench - INFO - SUCCESS (all output files are located at payload/native/n1/bec001de-25694905.pbs101)
2026-10-06 00:00:26,097 h5bench - INFO - Runtime: 23.6177700 seconds (elapsed time, includes allocation wait time)
2026-10-06 00:00:26,097 h5bench - INFO - h5bench [write] - Complete
2026-10-06 00:00:26,097 h5bench - INFO - JOBID: 25694905.pbs101
2026-10-06 00:00:26,098 h5bench - INFO - h5bench [read] - Starting
2026-10-06 00:00:26,098 h5bench - INFO - h5bench [read] - DIR: payload/native/n1/e3b43085-25694905.pbs101/
2026-10-06 00:00:26,098 h5bench - INFO - Parallel setup: mpirun -np 128 --map-by ppr:128:node --bind-to core --mca btl ^openib --mca pml ucx --mca orte_base_help_aggregate 0 --mca opal_common_ucx_opal_mem_hooks 1 -x UCX_LOG_LEVEL=ERROR
2026-10-06 00:00:26,100 h5bench - INFO - mpirun -np 128 --map-by ppr:128:node --bind-to core --mca btl ^openib --mca pml ucx --mca orte_base_help_aggregate 0 --mca opal_common_ucx_opal_mem_hooks 1 -x UCX_LOG_LEVEL=ERROR /home/users/ntu/haiyen00/scratch/fyp/native/h5bench/h5bench/build/install/bin//h5bench_read payload/native/n1/e3b43085-25694905.pbs101/h5bench.cfg payload/native/n1/h5bench_strong_native_n1.h5
2026-10-06 00:00:33,731 h5bench - INFO - SUCCESS (all output files are located at payload/native/n1/e3b43085-25694905.pbs101)
2026-10-06 00:00:33,732 h5bench - INFO - Runtime: 7.6335490 seconds (elapsed time, includes allocation wait time)
2026-10-06 00:00:33,732 h5bench - INFO - h5bench [read] - Complete
2026-10-06 00:00:33,732 h5bench - INFO - Finishing h5bench Suite
=== Lustre striping actually applied to payload/native/n1 ===
payload/native/n1
stripe_count:  4 stripe_size:   1048576 pattern:       raid0 stripe_offset: -1 pool:          disk

payload/native/n1/4019ae0a-25694905.pbs101
stripe_count:  4 stripe_size:   1048576 pattern:       raid0 stripe_offset: -1 pool:          disk

payload/native/n1/15b5cd43-25694905.pbs101
stripe_count:  4 stripe_size:   1048576 pattern:       raid0 stripe_offset: -1 pool:          disk

payload/native/n1/805ed5b4-25694905.pbs101
stripe_count:  4 stripe_size:   1048576 pattern:       raid0 stripe_offset: -1 pool:          disk

payload/native/n1/4e5e0dcd-25694905.pbs101
stripe_count:  4 stripe_size:   1048576 pattern:       raid0 stripe_offset: -1 pool:          disk

payload/native/n1/5afe49e7-25694905.pbs101
stripe_count:  4 stripe_size:   1048576 pattern:       raid0 stripe_offset: -1 pool:          disk

payload/native/n1/48baf48b-25694905.pbs101
stripe_count:  4 stripe_size:   1048576 pattern:       raid0 stripe_offset: -1 pool:          disk

payload/native/n1/f773b18a-25694905.pbs101
stripe_count:  4 stripe_size:   1048576 pattern:       raid0 stripe_offset: -1 pool:          disk

payload/native/n1/810badc3-25694905.pbs101
stripe_count:  4 stripe_size:   1048576 pattern:       raid0 stripe_offset: -1 pool:          disk

payload/native/n1/a7b7a31c-25694905.pbs101
stripe_count:  4 stripe_size:   1048576 pattern:       raid0 stripe_offset: -1 pool:          disk

payload/native/n1/1bd9e8c2-25694905.pbs101
stripe_count:  4 stripe_size:   1048576 pattern:       raid0 stripe_offset: -1 pool:          disk

payload/native/n1/0e636ed7-25694905.pbs101
stripe_count:  4 stripe_size:   1048576 pattern:       raid0 stripe_offset: -1 pool:          disk

payload/native/n1/h5bench_strong_native_n1.h5
lmm_stripe_count:  4
lmm_stripe_size:   1048576
lmm_pattern:       raid0
lmm_layout_gen:    0
lmm_stripe_offset: 32
lmm_pool:          disk
	obdidx		 objid		 objid		 group
	    32	    1336363288	   0x4fa74918	   0xa80000400
	    35	    1331668698	   0x4f5fa6da	   0xb40000400
	    37	    1336540290	   0x4fa9fc82	   0xc00000400
	    38	    1331125255	   0x4f575c07	   0xbc0000400

payload/native/n1/a8d7deef-25694905.pbs101
stripe_count:  4 stripe_size:   1048576 pattern:       raid0 stripe_offset: -1 pool:          disk

payload/native/n1/e3b43085-25694905.pbs101
stripe_count:  4 stripe_size:   1048576 pattern:       raid0 stripe_offset: -1 pool:          disk

payload/native/n1/a7988973-25694905.pbs101
stripe_count:  4 stripe_size:   1048576 pattern:       raid0 stripe_offset: -1 pool:          disk

payload/native/n1/78cc5190-25694905.pbs101
stripe_count:  4 stripe_size:   1048576 pattern:       raid0 stripe_offset: -1 pool:          disk

payload/native/n1/e79bf2bd-25694905.pbs101
stripe_count:  4 stripe_size:   1048576 pattern:       raid0 stripe_offset: -1 pool:          disk

payload/native/n1/bec001de-25694905.pbs101
stripe_count:  4 stripe_size:   1048576 pattern:       raid0 stripe_offset: -1 pool:          disk

payload/native/n1/87ad0130-25694905.pbs101
stripe_count:  4 stripe_size:   1048576 pattern:       raid0 stripe_offset: -1 pool:          disk

payload/native/n1/49cc0ac0-25694905.pbs101
stripe_count:  4 stripe_size:   1048576 pattern:       raid0 stripe_offset: -1 pool:          disk

payload/native/n1/0c4541c0-25694905.pbs101
stripe_count:  4 stripe_size:   1048576 pattern:       raid0 stripe_offset: -1 pool:          disk

Completed Successfully! 
