Currently Loaded Modulefiles:
  1) libfabric/1.11.0.4.125   3) apptainer/1.5.0
  2) openmpi/4.1.2-hpe
mpirun (Open MPI) 4.1.2

Report bugs to http://www.open-mpi.org/community/help/
apptainer version 1.5.0
=== Verifying Lustre striping layout for payload/container/n1 ===
payload/container/n1
stripe_count:  4 stripe_size:   1048576 pattern:       raid0 stripe_offset: -1 pool:          disk

=================================================================
 Container Inter-Node Strong Scaling: NODES=1 NP=128 DIM_1=1048576 (TOTAL=134217728 fixed) REPS=10 
=================================================================
--- Repetition 1/10 ---
+ /home/users/ntu/haiyen00/scratch/fyp/native/h5bench/h5bench/build/install/bin/h5bench -a -d -p /opt/h5bench/install/bin container/n1/config_rep1.json

real	0m32.459s
user	13m0.556s
sys	31m35.085s
+ H5BENCH_EXIT=0
+ set +x
2026-10-05 23:55:08,866 h5bench - INFO - Starting h5bench Suite
2026-10-05 23:55:08,868 h5bench - WARNING - Base directory already exists: payload/container/n1
2026-10-05 23:55:08,871 h5bench - INFO - Lustre support detected
2026-10-05 23:55:08,872 h5bench - DEBUG - Lustre stripping configuration: lfs setstripe -S 1M -c 4 payload/container/n1
2026-10-05 23:55:08,876 h5bench - DEBUG - LD_LIBRARY_PATH: /app/apps/singularity/sup/squashfuse/0.6.1/lib:/app/apps/openmpi/4.1.2-hpe/lib:/opt/cray/libfabric/1.11.0.4.125/lib64
2026-10-05 23:55:08,876 h5bench - DEBUG - DYLD_LIBRARY_PATH: 
2026-10-05 23:55:08,877 h5bench - DEBUG - LD_PRELOAD: 
2026-10-05 23:55:08,877 h5bench - INFO - JOBID: 25694909.pbs101
2026-10-05 23:55:08,877 h5bench - INFO - h5bench [write] - Starting
2026-10-05 23:55:08,877 h5bench - INFO - h5bench [write] - DIR: payload/container/n1/8cc2da19-25694909.pbs101/
2026-10-05 23:55:08,877 h5bench - INFO - Parallel setup: mpirun -np 128 --map-by ppr:128:node --bind-to core --mca btl vader,tcp,self --mca btl_vader_single_copy_mechanism none --mca btl_tcp_if_include hsn0 --mca oob_tcp_if_include hsn0 --mca orte_base_help_aggregate 0 --mca opal_common_ucx_opal_mem_hooks 1 -x UCX_LOG_LEVEL=ERROR apptainer exec --bind /scratch /home/users/ntu/haiyen00/scratch/fyp/container/h5bench/h5bench_benchmarks.sif
2026-10-05 23:55:08,879 h5bench - INFO - mpirun -np 128 --map-by ppr:128:node --bind-to core --mca btl vader,tcp,self --mca btl_vader_single_copy_mechanism none --mca btl_tcp_if_include hsn0 --mca oob_tcp_if_include hsn0 --mca orte_base_help_aggregate 0 --mca opal_common_ucx_opal_mem_hooks 1 -x UCX_LOG_LEVEL=ERROR apptainer exec --bind /scratch /home/users/ntu/haiyen00/scratch/fyp/container/h5bench/h5bench_benchmarks.sif /opt/h5bench/install/bin/h5bench_write payload/container/n1/8cc2da19-25694909.pbs101/h5bench.cfg payload/container/n1/h5bench_strong_container_n1.h5
2026-10-05 23:55:33,406 h5bench - INFO - SUCCESS (all output files are located at payload/container/n1/8cc2da19-25694909.pbs101)
2026-10-05 23:55:33,406 h5bench - INFO - Runtime: 24.5289607 seconds (elapsed time, includes allocation wait time)
2026-10-05 23:55:33,407 h5bench - INFO - h5bench [write] - Complete
2026-10-05 23:55:33,407 h5bench - INFO - JOBID: 25694909.pbs101
2026-10-05 23:55:33,407 h5bench - INFO - h5bench [read] - Starting
2026-10-05 23:55:33,407 h5bench - INFO - h5bench [read] - DIR: payload/container/n1/ed9ba031-25694909.pbs101/
2026-10-05 23:55:33,408 h5bench - INFO - Parallel setup: mpirun -np 128 --map-by ppr:128:node --bind-to core --mca btl vader,tcp,self --mca btl_vader_single_copy_mechanism none --mca btl_tcp_if_include hsn0 --mca oob_tcp_if_include hsn0 --mca orte_base_help_aggregate 0 --mca opal_common_ucx_opal_mem_hooks 1 -x UCX_LOG_LEVEL=ERROR apptainer exec --bind /scratch /home/users/ntu/haiyen00/scratch/fyp/container/h5bench/h5bench_benchmarks.sif
2026-10-05 23:55:33,409 h5bench - INFO - mpirun -np 128 --map-by ppr:128:node --bind-to core --mca btl vader,tcp,self --mca btl_vader_single_copy_mechanism none --mca btl_tcp_if_include hsn0 --mca oob_tcp_if_include hsn0 --mca orte_base_help_aggregate 0 --mca opal_common_ucx_opal_mem_hooks 1 -x UCX_LOG_LEVEL=ERROR apptainer exec --bind /scratch /home/users/ntu/haiyen00/scratch/fyp/container/h5bench/h5bench_benchmarks.sif /opt/h5bench/install/bin/h5bench_read payload/container/n1/ed9ba031-25694909.pbs101/h5bench.cfg payload/container/n1/h5bench_strong_container_n1.h5
2026-10-05 23:55:41,212 h5bench - INFO - SUCCESS (all output files are located at payload/container/n1/ed9ba031-25694909.pbs101)
2026-10-05 23:55:41,212 h5bench - INFO - Runtime: 7.8045185 seconds (elapsed time, includes allocation wait time)
2026-10-05 23:55:41,213 h5bench - INFO - h5bench [read] - Complete
2026-10-05 23:55:41,213 h5bench - INFO - Finishing h5bench Suite
--- Repetition 2/10 ---
+ /home/users/ntu/haiyen00/scratch/fyp/native/h5bench/h5bench/build/install/bin/h5bench -a -d -p /opt/h5bench/install/bin container/n1/config_rep2.json

real	0m24.448s
user	2m38.111s
sys	34m40.343s
+ H5BENCH_EXIT=0
+ set +x
2026-10-05 23:55:45,872 h5bench - INFO - Starting h5bench Suite
2026-10-05 23:55:45,874 h5bench - WARNING - Base directory already exists: payload/container/n1
2026-10-05 23:55:45,879 h5bench - INFO - Lustre support detected
2026-10-05 23:55:45,879 h5bench - DEBUG - Lustre stripping configuration: lfs setstripe -S 1M -c 4 payload/container/n1
2026-10-05 23:55:45,883 h5bench - DEBUG - LD_LIBRARY_PATH: /app/apps/singularity/sup/squashfuse/0.6.1/lib:/app/apps/openmpi/4.1.2-hpe/lib:/opt/cray/libfabric/1.11.0.4.125/lib64
2026-10-05 23:55:45,884 h5bench - DEBUG - DYLD_LIBRARY_PATH: 
2026-10-05 23:55:45,884 h5bench - DEBUG - LD_PRELOAD: 
2026-10-05 23:55:45,884 h5bench - INFO - JOBID: 25694909.pbs101
2026-10-05 23:55:45,884 h5bench - INFO - h5bench [write] - Starting
2026-10-05 23:55:45,884 h5bench - INFO - h5bench [write] - DIR: payload/container/n1/eece7414-25694909.pbs101/
2026-10-05 23:55:45,885 h5bench - INFO - Parallel setup: mpirun -np 128 --map-by ppr:128:node --bind-to core --mca btl vader,tcp,self --mca btl_vader_single_copy_mechanism none --mca btl_tcp_if_include hsn0 --mca oob_tcp_if_include hsn0 --mca orte_base_help_aggregate 0 --mca opal_common_ucx_opal_mem_hooks 1 -x UCX_LOG_LEVEL=ERROR apptainer exec --bind /scratch /home/users/ntu/haiyen00/scratch/fyp/container/h5bench/h5bench_benchmarks.sif
2026-10-05 23:55:45,887 h5bench - INFO - mpirun -np 128 --map-by ppr:128:node --bind-to core --mca btl vader,tcp,self --mca btl_vader_single_copy_mechanism none --mca btl_tcp_if_include hsn0 --mca oob_tcp_if_include hsn0 --mca orte_base_help_aggregate 0 --mca opal_common_ucx_opal_mem_hooks 1 -x UCX_LOG_LEVEL=ERROR apptainer exec --bind /scratch /home/users/ntu/haiyen00/scratch/fyp/container/h5bench/h5bench_benchmarks.sif /opt/h5bench/install/bin/h5bench_write payload/container/n1/eece7414-25694909.pbs101/h5bench.cfg payload/container/n1/h5bench_strong_container_n1.h5
2026-10-05 23:56:06,292 h5bench - INFO - SUCCESS (all output files are located at payload/container/n1/eece7414-25694909.pbs101)
2026-10-05 23:56:06,292 h5bench - INFO - Runtime: 20.4072304 seconds (elapsed time, includes allocation wait time)
2026-10-05 23:56:06,292 h5bench - INFO - h5bench [write] - Complete
2026-10-05 23:56:06,293 h5bench - INFO - JOBID: 25694909.pbs101
2026-10-05 23:56:06,293 h5bench - INFO - h5bench [read] - Starting
2026-10-05 23:56:06,293 h5bench - INFO - h5bench [read] - DIR: payload/container/n1/5d7491ad-25694909.pbs101/
2026-10-05 23:56:06,293 h5bench - INFO - Parallel setup: mpirun -np 128 --map-by ppr:128:node --bind-to core --mca btl vader,tcp,self --mca btl_vader_single_copy_mechanism none --mca btl_tcp_if_include hsn0 --mca oob_tcp_if_include hsn0 --mca orte_base_help_aggregate 0 --mca opal_common_ucx_opal_mem_hooks 1 -x UCX_LOG_LEVEL=ERROR apptainer exec --bind /scratch /home/users/ntu/haiyen00/scratch/fyp/container/h5bench/h5bench_benchmarks.sif
2026-10-05 23:56:06,294 h5bench - INFO - mpirun -np 128 --map-by ppr:128:node --bind-to core --mca btl vader,tcp,self --mca btl_vader_single_copy_mechanism none --mca btl_tcp_if_include hsn0 --mca oob_tcp_if_include hsn0 --mca orte_base_help_aggregate 0 --mca opal_common_ucx_opal_mem_hooks 1 -x UCX_LOG_LEVEL=ERROR apptainer exec --bind /scratch /home/users/ntu/haiyen00/scratch/fyp/container/h5bench/h5bench_benchmarks.sif /opt/h5bench/install/bin/h5bench_read payload/container/n1/5d7491ad-25694909.pbs101/h5bench.cfg payload/container/n1/h5bench_strong_container_n1.h5
2026-10-05 23:56:10,259 h5bench - INFO - SUCCESS (all output files are located at payload/container/n1/5d7491ad-25694909.pbs101)
2026-10-05 23:56:10,259 h5bench - INFO - Runtime: 3.9657865 seconds (elapsed time, includes allocation wait time)
2026-10-05 23:56:10,259 h5bench - INFO - h5bench [read] - Complete
2026-10-05 23:56:10,260 h5bench - INFO - Finishing h5bench Suite
--- Repetition 3/10 ---
+ /home/users/ntu/haiyen00/scratch/fyp/native/h5bench/h5bench/build/install/bin/h5bench -a -d -p /opt/h5bench/install/bin container/n1/config_rep3.json

real	0m23.343s
user	2m58.193s
sys	31m32.590s
+ H5BENCH_EXIT=0
+ set +x
2026-10-05 23:56:14,509 h5bench - INFO - Starting h5bench Suite
2026-10-05 23:56:14,510 h5bench - WARNING - Base directory already exists: payload/container/n1
2026-10-05 23:56:14,516 h5bench - INFO - Lustre support detected
2026-10-05 23:56:14,516 h5bench - DEBUG - Lustre stripping configuration: lfs setstripe -S 1M -c 4 payload/container/n1
2026-10-05 23:56:14,520 h5bench - DEBUG - LD_LIBRARY_PATH: /app/apps/singularity/sup/squashfuse/0.6.1/lib:/app/apps/openmpi/4.1.2-hpe/lib:/opt/cray/libfabric/1.11.0.4.125/lib64
2026-10-05 23:56:14,521 h5bench - DEBUG - DYLD_LIBRARY_PATH: 
2026-10-05 23:56:14,521 h5bench - DEBUG - LD_PRELOAD: 
2026-10-05 23:56:14,521 h5bench - INFO - JOBID: 25694909.pbs101
2026-10-05 23:56:14,521 h5bench - INFO - h5bench [write] - Starting
2026-10-05 23:56:14,521 h5bench - INFO - h5bench [write] - DIR: payload/container/n1/d79f6066-25694909.pbs101/
2026-10-05 23:56:14,522 h5bench - INFO - Parallel setup: mpirun -np 128 --map-by ppr:128:node --bind-to core --mca btl vader,tcp,self --mca btl_vader_single_copy_mechanism none --mca btl_tcp_if_include hsn0 --mca oob_tcp_if_include hsn0 --mca orte_base_help_aggregate 0 --mca opal_common_ucx_opal_mem_hooks 1 -x UCX_LOG_LEVEL=ERROR apptainer exec --bind /scratch /home/users/ntu/haiyen00/scratch/fyp/container/h5bench/h5bench_benchmarks.sif
2026-10-05 23:56:14,523 h5bench - INFO - mpirun -np 128 --map-by ppr:128:node --bind-to core --mca btl vader,tcp,self --mca btl_vader_single_copy_mechanism none --mca btl_tcp_if_include hsn0 --mca oob_tcp_if_include hsn0 --mca orte_base_help_aggregate 0 --mca opal_common_ucx_opal_mem_hooks 1 -x UCX_LOG_LEVEL=ERROR apptainer exec --bind /scratch /home/users/ntu/haiyen00/scratch/fyp/container/h5bench/h5bench_benchmarks.sif /opt/h5bench/install/bin/h5bench_write payload/container/n1/d79f6066-25694909.pbs101/h5bench.cfg payload/container/n1/h5bench_strong_container_n1.h5
2026-10-05 23:56:33,988 h5bench - INFO - SUCCESS (all output files are located at payload/container/n1/d79f6066-25694909.pbs101)
2026-10-05 23:56:33,988 h5bench - INFO - Runtime: 19.4663925 seconds (elapsed time, includes allocation wait time)
2026-10-05 23:56:33,989 h5bench - INFO - h5bench [write] - Complete
2026-10-05 23:56:33,989 h5bench - INFO - JOBID: 25694909.pbs101
2026-10-05 23:56:33,989 h5bench - INFO - h5bench [read] - Starting
2026-10-05 23:56:33,989 h5bench - INFO - h5bench [read] - DIR: payload/container/n1/211cf7d8-25694909.pbs101/
2026-10-05 23:56:33,990 h5bench - INFO - Parallel setup: mpirun -np 128 --map-by ppr:128:node --bind-to core --mca btl vader,tcp,self --mca btl_vader_single_copy_mechanism none --mca btl_tcp_if_include hsn0 --mca oob_tcp_if_include hsn0 --mca orte_base_help_aggregate 0 --mca opal_common_ucx_opal_mem_hooks 1 -x UCX_LOG_LEVEL=ERROR apptainer exec --bind /scratch /home/users/ntu/haiyen00/scratch/fyp/container/h5bench/h5bench_benchmarks.sif
2026-10-05 23:56:33,991 h5bench - INFO - mpirun -np 128 --map-by ppr:128:node --bind-to core --mca btl vader,tcp,self --mca btl_vader_single_copy_mechanism none --mca btl_tcp_if_include hsn0 --mca oob_tcp_if_include hsn0 --mca orte_base_help_aggregate 0 --mca opal_common_ucx_opal_mem_hooks 1 -x UCX_LOG_LEVEL=ERROR apptainer exec --bind /scratch /home/users/ntu/haiyen00/scratch/fyp/container/h5bench/h5bench_benchmarks.sif /opt/h5bench/install/bin/h5bench_read payload/container/n1/211cf7d8-25694909.pbs101/h5bench.cfg payload/container/n1/h5bench_strong_container_n1.h5
2026-10-05 23:56:37,794 h5bench - INFO - SUCCESS (all output files are located at payload/container/n1/211cf7d8-25694909.pbs101)
2026-10-05 23:56:37,795 h5bench - INFO - Runtime: 3.8047781 seconds (elapsed time, includes allocation wait time)
2026-10-05 23:56:37,795 h5bench - INFO - h5bench [read] - Complete
2026-10-05 23:56:37,795 h5bench - INFO - Finishing h5bench Suite
--- Repetition 4/10 ---
+ /home/users/ntu/haiyen00/scratch/fyp/native/h5bench/h5bench/build/install/bin/h5bench -a -d -p /opt/h5bench/install/bin container/n1/config_rep4.json

real	0m24.341s
user	4m37.117s
sys	28m7.921s
+ H5BENCH_EXIT=0
+ set +x
2026-10-05 23:56:42,154 h5bench - INFO - Starting h5bench Suite
2026-10-05 23:56:42,155 h5bench - WARNING - Base directory already exists: payload/container/n1
2026-10-05 23:56:42,162 h5bench - INFO - Lustre support detected
2026-10-05 23:56:42,162 h5bench - DEBUG - Lustre stripping configuration: lfs setstripe -S 1M -c 4 payload/container/n1
2026-10-05 23:56:42,166 h5bench - DEBUG - LD_LIBRARY_PATH: /app/apps/singularity/sup/squashfuse/0.6.1/lib:/app/apps/openmpi/4.1.2-hpe/lib:/opt/cray/libfabric/1.11.0.4.125/lib64
2026-10-05 23:56:42,167 h5bench - DEBUG - DYLD_LIBRARY_PATH: 
2026-10-05 23:56:42,167 h5bench - DEBUG - LD_PRELOAD: 
2026-10-05 23:56:42,167 h5bench - INFO - JOBID: 25694909.pbs101
2026-10-05 23:56:42,167 h5bench - INFO - h5bench [write] - Starting
2026-10-05 23:56:42,167 h5bench - INFO - h5bench [write] - DIR: payload/container/n1/0e72067a-25694909.pbs101/
2026-10-05 23:56:42,168 h5bench - INFO - Parallel setup: mpirun -np 128 --map-by ppr:128:node --bind-to core --mca btl vader,tcp,self --mca btl_vader_single_copy_mechanism none --mca btl_tcp_if_include hsn0 --mca oob_tcp_if_include hsn0 --mca orte_base_help_aggregate 0 --mca opal_common_ucx_opal_mem_hooks 1 -x UCX_LOG_LEVEL=ERROR apptainer exec --bind /scratch /home/users/ntu/haiyen00/scratch/fyp/container/h5bench/h5bench_benchmarks.sif
2026-10-05 23:56:42,169 h5bench - INFO - mpirun -np 128 --map-by ppr:128:node --bind-to core --mca btl vader,tcp,self --mca btl_vader_single_copy_mechanism none --mca btl_tcp_if_include hsn0 --mca oob_tcp_if_include hsn0 --mca orte_base_help_aggregate 0 --mca opal_common_ucx_opal_mem_hooks 1 -x UCX_LOG_LEVEL=ERROR apptainer exec --bind /scratch /home/users/ntu/haiyen00/scratch/fyp/container/h5bench/h5bench_benchmarks.sif /opt/h5bench/install/bin/h5bench_write payload/container/n1/0e72067a-25694909.pbs101/h5bench.cfg payload/container/n1/h5bench_strong_container_n1.h5
2026-10-05 23:57:01,901 h5bench - INFO - SUCCESS (all output files are located at payload/container/n1/0e72067a-25694909.pbs101)
2026-10-05 23:57:01,901 h5bench - INFO - Runtime: 19.7331266 seconds (elapsed time, includes allocation wait time)
2026-10-05 23:57:01,901 h5bench - INFO - h5bench [write] - Complete
2026-10-05 23:57:01,902 h5bench - INFO - JOBID: 25694909.pbs101
2026-10-05 23:57:01,902 h5bench - INFO - h5bench [read] - Starting
2026-10-05 23:57:01,902 h5bench - INFO - h5bench [read] - DIR: payload/container/n1/9773f373-25694909.pbs101/
2026-10-05 23:57:01,902 h5bench - INFO - Parallel setup: mpirun -np 128 --map-by ppr:128:node --bind-to core --mca btl vader,tcp,self --mca btl_vader_single_copy_mechanism none --mca btl_tcp_if_include hsn0 --mca oob_tcp_if_include hsn0 --mca orte_base_help_aggregate 0 --mca opal_common_ucx_opal_mem_hooks 1 -x UCX_LOG_LEVEL=ERROR apptainer exec --bind /scratch /home/users/ntu/haiyen00/scratch/fyp/container/h5bench/h5bench_benchmarks.sif
2026-10-05 23:57:01,903 h5bench - INFO - mpirun -np 128 --map-by ppr:128:node --bind-to core --mca btl vader,tcp,self --mca btl_vader_single_copy_mechanism none --mca btl_tcp_if_include hsn0 --mca oob_tcp_if_include hsn0 --mca orte_base_help_aggregate 0 --mca opal_common_ucx_opal_mem_hooks 1 -x UCX_LOG_LEVEL=ERROR apptainer exec --bind /scratch /home/users/ntu/haiyen00/scratch/fyp/container/h5bench/h5bench_benchmarks.sif /opt/h5bench/install/bin/h5bench_read payload/container/n1/9773f373-25694909.pbs101/h5bench.cfg payload/container/n1/h5bench_strong_container_n1.h5
2026-10-05 23:57:06,435 h5bench - INFO - SUCCESS (all output files are located at payload/container/n1/9773f373-25694909.pbs101)
2026-10-05 23:57:06,436 h5bench - INFO - Runtime: 4.5334082 seconds (elapsed time, includes allocation wait time)
2026-10-05 23:57:06,436 h5bench - INFO - h5bench [read] - Complete
2026-10-05 23:57:06,436 h5bench - INFO - Finishing h5bench Suite
--- Repetition 5/10 ---
+ /home/users/ntu/haiyen00/scratch/fyp/native/h5bench/h5bench/build/install/bin/h5bench -a -d -p /opt/h5bench/install/bin container/n1/config_rep5.json

real	0m27.555s
user	3m53.292s
sys	32m33.570s
+ H5BENCH_EXIT=0
+ set +x
2026-10-05 23:57:10,493 h5bench - INFO - Starting h5bench Suite
2026-10-05 23:57:10,494 h5bench - WARNING - Base directory already exists: payload/container/n1
2026-10-05 23:57:10,500 h5bench - INFO - Lustre support detected
2026-10-05 23:57:10,500 h5bench - DEBUG - Lustre stripping configuration: lfs setstripe -S 1M -c 4 payload/container/n1
2026-10-05 23:57:10,504 h5bench - DEBUG - LD_LIBRARY_PATH: /app/apps/singularity/sup/squashfuse/0.6.1/lib:/app/apps/openmpi/4.1.2-hpe/lib:/opt/cray/libfabric/1.11.0.4.125/lib64
2026-10-05 23:57:10,505 h5bench - DEBUG - DYLD_LIBRARY_PATH: 
2026-10-05 23:57:10,505 h5bench - DEBUG - LD_PRELOAD: 
2026-10-05 23:57:10,505 h5bench - INFO - JOBID: 25694909.pbs101
2026-10-05 23:57:10,505 h5bench - INFO - h5bench [write] - Starting
2026-10-05 23:57:10,505 h5bench - INFO - h5bench [write] - DIR: payload/container/n1/be983e37-25694909.pbs101/
2026-10-05 23:57:10,506 h5bench - INFO - Parallel setup: mpirun -np 128 --map-by ppr:128:node --bind-to core --mca btl vader,tcp,self --mca btl_vader_single_copy_mechanism none --mca btl_tcp_if_include hsn0 --mca oob_tcp_if_include hsn0 --mca orte_base_help_aggregate 0 --mca opal_common_ucx_opal_mem_hooks 1 -x UCX_LOG_LEVEL=ERROR apptainer exec --bind /scratch /home/users/ntu/haiyen00/scratch/fyp/container/h5bench/h5bench_benchmarks.sif
2026-10-05 23:57:10,507 h5bench - INFO - mpirun -np 128 --map-by ppr:128:node --bind-to core --mca btl vader,tcp,self --mca btl_vader_single_copy_mechanism none --mca btl_tcp_if_include hsn0 --mca oob_tcp_if_include hsn0 --mca orte_base_help_aggregate 0 --mca opal_common_ucx_opal_mem_hooks 1 -x UCX_LOG_LEVEL=ERROR apptainer exec --bind /scratch /home/users/ntu/haiyen00/scratch/fyp/container/h5bench/h5bench_benchmarks.sif /opt/h5bench/install/bin/h5bench_write payload/container/n1/be983e37-25694909.pbs101/h5bench.cfg payload/container/n1/h5bench_strong_container_n1.h5
2026-10-05 23:57:33,150 h5bench - INFO - SUCCESS (all output files are located at payload/container/n1/be983e37-25694909.pbs101)
2026-10-05 23:57:33,151 h5bench - INFO - Runtime: 22.6449602 seconds (elapsed time, includes allocation wait time)
2026-10-05 23:57:33,151 h5bench - INFO - h5bench [write] - Complete
2026-10-05 23:57:33,151 h5bench - INFO - JOBID: 25694909.pbs101
2026-10-05 23:57:33,151 h5bench - INFO - h5bench [read] - Starting
2026-10-05 23:57:33,151 h5bench - INFO - h5bench [read] - DIR: payload/container/n1/34b205ea-25694909.pbs101/
2026-10-05 23:57:33,152 h5bench - INFO - Parallel setup: mpirun -np 128 --map-by ppr:128:node --bind-to core --mca btl vader,tcp,self --mca btl_vader_single_copy_mechanism none --mca btl_tcp_if_include hsn0 --mca oob_tcp_if_include hsn0 --mca orte_base_help_aggregate 0 --mca opal_common_ucx_opal_mem_hooks 1 -x UCX_LOG_LEVEL=ERROR apptainer exec --bind /scratch /home/users/ntu/haiyen00/scratch/fyp/container/h5bench/h5bench_benchmarks.sif
2026-10-05 23:57:33,153 h5bench - INFO - mpirun -np 128 --map-by ppr:128:node --bind-to core --mca btl vader,tcp,self --mca btl_vader_single_copy_mechanism none --mca btl_tcp_if_include hsn0 --mca oob_tcp_if_include hsn0 --mca orte_base_help_aggregate 0 --mca opal_common_ucx_opal_mem_hooks 1 -x UCX_LOG_LEVEL=ERROR apptainer exec --bind /scratch /home/users/ntu/haiyen00/scratch/fyp/container/h5bench/h5bench_benchmarks.sif /opt/h5bench/install/bin/h5bench_read payload/container/n1/34b205ea-25694909.pbs101/h5bench.cfg payload/container/n1/h5bench_strong_container_n1.h5
2026-10-05 23:57:37,989 h5bench - INFO - SUCCESS (all output files are located at payload/container/n1/34b205ea-25694909.pbs101)
2026-10-05 23:57:37,990 h5bench - INFO - Runtime: 4.8377213 seconds (elapsed time, includes allocation wait time)
2026-10-05 23:57:37,990 h5bench - INFO - h5bench [read] - Complete
2026-10-05 23:57:37,990 h5bench - INFO - Finishing h5bench Suite
--- Repetition 6/10 ---
+ /home/users/ntu/haiyen00/scratch/fyp/native/h5bench/h5bench/build/install/bin/h5bench -a -d -p /opt/h5bench/install/bin container/n1/config_rep6.json

real	0m32.083s
user	17m32.858s
sys	22m57.210s
+ H5BENCH_EXIT=0
+ set +x
2026-10-05 23:57:42,336 h5bench - INFO - Starting h5bench Suite
2026-10-05 23:57:42,337 h5bench - WARNING - Base directory already exists: payload/container/n1
2026-10-05 23:57:42,344 h5bench - INFO - Lustre support detected
2026-10-05 23:57:42,345 h5bench - DEBUG - Lustre stripping configuration: lfs setstripe -S 1M -c 4 payload/container/n1
2026-10-05 23:57:42,349 h5bench - DEBUG - LD_LIBRARY_PATH: /app/apps/singularity/sup/squashfuse/0.6.1/lib:/app/apps/openmpi/4.1.2-hpe/lib:/opt/cray/libfabric/1.11.0.4.125/lib64
2026-10-05 23:57:42,349 h5bench - DEBUG - DYLD_LIBRARY_PATH: 
2026-10-05 23:57:42,350 h5bench - DEBUG - LD_PRELOAD: 
2026-10-05 23:57:42,350 h5bench - INFO - JOBID: 25694909.pbs101
2026-10-05 23:57:42,350 h5bench - INFO - h5bench [write] - Starting
2026-10-05 23:57:42,350 h5bench - INFO - h5bench [write] - DIR: payload/container/n1/1a148af9-25694909.pbs101/
2026-10-05 23:57:42,350 h5bench - INFO - Parallel setup: mpirun -np 128 --map-by ppr:128:node --bind-to core --mca btl vader,tcp,self --mca btl_vader_single_copy_mechanism none --mca btl_tcp_if_include hsn0 --mca oob_tcp_if_include hsn0 --mca orte_base_help_aggregate 0 --mca opal_common_ucx_opal_mem_hooks 1 -x UCX_LOG_LEVEL=ERROR apptainer exec --bind /scratch /home/users/ntu/haiyen00/scratch/fyp/container/h5bench/h5bench_benchmarks.sif
2026-10-05 23:57:42,352 h5bench - INFO - mpirun -np 128 --map-by ppr:128:node --bind-to core --mca btl vader,tcp,self --mca btl_vader_single_copy_mechanism none --mca btl_tcp_if_include hsn0 --mca oob_tcp_if_include hsn0 --mca orte_base_help_aggregate 0 --mca opal_common_ucx_opal_mem_hooks 1 -x UCX_LOG_LEVEL=ERROR apptainer exec --bind /scratch /home/users/ntu/haiyen00/scratch/fyp/container/h5bench/h5bench_benchmarks.sif /opt/h5bench/install/bin/h5bench_write payload/container/n1/1a148af9-25694909.pbs101/h5bench.cfg payload/container/n1/h5bench_strong_container_n1.h5
2026-10-05 23:58:04,391 h5bench - INFO - SUCCESS (all output files are located at payload/container/n1/1a148af9-25694909.pbs101)
2026-10-05 23:58:04,392 h5bench - INFO - Runtime: 22.0413625 seconds (elapsed time, includes allocation wait time)
2026-10-05 23:58:04,392 h5bench - INFO - h5bench [write] - Complete
2026-10-05 23:58:04,392 h5bench - INFO - JOBID: 25694909.pbs101
2026-10-05 23:58:04,392 h5bench - INFO - h5bench [read] - Starting
2026-10-05 23:58:04,393 h5bench - INFO - h5bench [read] - DIR: payload/container/n1/258cd989-25694909.pbs101/
2026-10-05 23:58:04,393 h5bench - INFO - Parallel setup: mpirun -np 128 --map-by ppr:128:node --bind-to core --mca btl vader,tcp,self --mca btl_vader_single_copy_mechanism none --mca btl_tcp_if_include hsn0 --mca oob_tcp_if_include hsn0 --mca orte_base_help_aggregate 0 --mca opal_common_ucx_opal_mem_hooks 1 -x UCX_LOG_LEVEL=ERROR apptainer exec --bind /scratch /home/users/ntu/haiyen00/scratch/fyp/container/h5bench/h5bench_benchmarks.sif
2026-10-05 23:58:04,394 h5bench - INFO - mpirun -np 128 --map-by ppr:128:node --bind-to core --mca btl vader,tcp,self --mca btl_vader_single_copy_mechanism none --mca btl_tcp_if_include hsn0 --mca oob_tcp_if_include hsn0 --mca orte_base_help_aggregate 0 --mca opal_common_ucx_opal_mem_hooks 1 -x UCX_LOG_LEVEL=ERROR apptainer exec --bind /scratch /home/users/ntu/haiyen00/scratch/fyp/container/h5bench/h5bench_benchmarks.sif /opt/h5bench/install/bin/h5bench_read payload/container/n1/258cd989-25694909.pbs101/h5bench.cfg payload/container/n1/h5bench_strong_container_n1.h5
2026-10-05 23:58:14,360 h5bench - INFO - SUCCESS (all output files are located at payload/container/n1/258cd989-25694909.pbs101)
2026-10-05 23:58:14,361 h5bench - INFO - Runtime: 9.9675274 seconds (elapsed time, includes allocation wait time)
2026-10-05 23:58:14,361 h5bench - INFO - h5bench [read] - Complete
2026-10-05 23:58:14,361 h5bench - INFO - Finishing h5bench Suite
--- Repetition 7/10 ---
+ /home/users/ntu/haiyen00/scratch/fyp/native/h5bench/h5bench/build/install/bin/h5bench -a -d -p /opt/h5bench/install/bin container/n1/config_rep7.json

real	0m24.209s
user	4m13.727s
sys	30m42.739s
+ H5BENCH_EXIT=0
+ set +x
2026-10-05 23:58:19,636 h5bench - INFO - Starting h5bench Suite
2026-10-05 23:58:19,638 h5bench - WARNING - Base directory already exists: payload/container/n1
2026-10-05 23:58:19,646 h5bench - INFO - Lustre support detected
2026-10-05 23:58:19,646 h5bench - DEBUG - Lustre stripping configuration: lfs setstripe -S 1M -c 4 payload/container/n1
2026-10-05 23:58:19,650 h5bench - DEBUG - LD_LIBRARY_PATH: /app/apps/singularity/sup/squashfuse/0.6.1/lib:/app/apps/openmpi/4.1.2-hpe/lib:/opt/cray/libfabric/1.11.0.4.125/lib64
2026-10-05 23:58:19,651 h5bench - DEBUG - DYLD_LIBRARY_PATH: 
2026-10-05 23:58:19,651 h5bench - DEBUG - LD_PRELOAD: 
2026-10-05 23:58:19,651 h5bench - INFO - JOBID: 25694909.pbs101
2026-10-05 23:58:19,651 h5bench - INFO - h5bench [write] - Starting
2026-10-05 23:58:19,651 h5bench - INFO - h5bench [write] - DIR: payload/container/n1/f83c4fdd-25694909.pbs101/
2026-10-05 23:58:19,652 h5bench - INFO - Parallel setup: mpirun -np 128 --map-by ppr:128:node --bind-to core --mca btl vader,tcp,self --mca btl_vader_single_copy_mechanism none --mca btl_tcp_if_include hsn0 --mca oob_tcp_if_include hsn0 --mca orte_base_help_aggregate 0 --mca opal_common_ucx_opal_mem_hooks 1 -x UCX_LOG_LEVEL=ERROR apptainer exec --bind /scratch /home/users/ntu/haiyen00/scratch/fyp/container/h5bench/h5bench_benchmarks.sif
2026-10-05 23:58:19,653 h5bench - INFO - mpirun -np 128 --map-by ppr:128:node --bind-to core --mca btl vader,tcp,self --mca btl_vader_single_copy_mechanism none --mca btl_tcp_if_include hsn0 --mca oob_tcp_if_include hsn0 --mca orte_base_help_aggregate 0 --mca opal_common_ucx_opal_mem_hooks 1 -x UCX_LOG_LEVEL=ERROR apptainer exec --bind /scratch /home/users/ntu/haiyen00/scratch/fyp/container/h5bench/h5bench_benchmarks.sif /opt/h5bench/install/bin/h5bench_write payload/container/n1/f83c4fdd-25694909.pbs101/h5bench.cfg payload/container/n1/h5bench_strong_container_n1.h5
2026-10-05 23:58:39,948 h5bench - INFO - SUCCESS (all output files are located at payload/container/n1/f83c4fdd-25694909.pbs101)
2026-10-05 23:58:39,949 h5bench - INFO - Runtime: 20.2965848 seconds (elapsed time, includes allocation wait time)
2026-10-05 23:58:39,949 h5bench - INFO - h5bench [write] - Complete
2026-10-05 23:58:39,949 h5bench - INFO - JOBID: 25694909.pbs101
2026-10-05 23:58:39,949 h5bench - INFO - h5bench [read] - Starting
2026-10-05 23:58:39,949 h5bench - INFO - h5bench [read] - DIR: payload/container/n1/bfe9cd5b-25694909.pbs101/
2026-10-05 23:58:39,950 h5bench - INFO - Parallel setup: mpirun -np 128 --map-by ppr:128:node --bind-to core --mca btl vader,tcp,self --mca btl_vader_single_copy_mechanism none --mca btl_tcp_if_include hsn0 --mca oob_tcp_if_include hsn0 --mca orte_base_help_aggregate 0 --mca opal_common_ucx_opal_mem_hooks 1 -x UCX_LOG_LEVEL=ERROR apptainer exec --bind /scratch /home/users/ntu/haiyen00/scratch/fyp/container/h5bench/h5bench_benchmarks.sif
2026-10-05 23:58:39,951 h5bench - INFO - mpirun -np 128 --map-by ppr:128:node --bind-to core --mca btl vader,tcp,self --mca btl_vader_single_copy_mechanism none --mca btl_tcp_if_include hsn0 --mca oob_tcp_if_include hsn0 --mca orte_base_help_aggregate 0 --mca opal_common_ucx_opal_mem_hooks 1 -x UCX_LOG_LEVEL=ERROR apptainer exec --bind /scratch /home/users/ntu/haiyen00/scratch/fyp/container/h5bench/h5bench_benchmarks.sif /opt/h5bench/install/bin/h5bench_read payload/container/n1/bfe9cd5b-25694909.pbs101/h5bench.cfg payload/container/n1/h5bench_strong_container_n1.h5
2026-10-05 23:58:43,786 h5bench - INFO - SUCCESS (all output files are located at payload/container/n1/bfe9cd5b-25694909.pbs101)
2026-10-05 23:58:43,787 h5bench - INFO - Runtime: 3.8368385 seconds (elapsed time, includes allocation wait time)
2026-10-05 23:58:43,787 h5bench - INFO - h5bench [read] - Complete
2026-10-05 23:58:43,787 h5bench - INFO - Finishing h5bench Suite
--- Repetition 8/10 ---
+ /home/users/ntu/haiyen00/scratch/fyp/native/h5bench/h5bench/build/install/bin/h5bench -a -d -p /opt/h5bench/install/bin container/n1/config_rep8.json

real	0m32.759s
user	13m4.325s
sys	27m33.891s
+ H5BENCH_EXIT=0
+ set +x
2026-10-05 23:58:48,068 h5bench - INFO - Starting h5bench Suite
2026-10-05 23:58:48,069 h5bench - WARNING - Base directory already exists: payload/container/n1
2026-10-05 23:58:48,077 h5bench - INFO - Lustre support detected
2026-10-05 23:58:48,077 h5bench - DEBUG - Lustre stripping configuration: lfs setstripe -S 1M -c 4 payload/container/n1
2026-10-05 23:58:48,082 h5bench - DEBUG - LD_LIBRARY_PATH: /app/apps/singularity/sup/squashfuse/0.6.1/lib:/app/apps/openmpi/4.1.2-hpe/lib:/opt/cray/libfabric/1.11.0.4.125/lib64
2026-10-05 23:58:48,082 h5bench - DEBUG - DYLD_LIBRARY_PATH: 
2026-10-05 23:58:48,082 h5bench - DEBUG - LD_PRELOAD: 
2026-10-05 23:58:48,083 h5bench - INFO - JOBID: 25694909.pbs101
2026-10-05 23:58:48,083 h5bench - INFO - h5bench [write] - Starting
2026-10-05 23:58:48,083 h5bench - INFO - h5bench [write] - DIR: payload/container/n1/0e5c35a4-25694909.pbs101/
2026-10-05 23:58:48,083 h5bench - INFO - Parallel setup: mpirun -np 128 --map-by ppr:128:node --bind-to core --mca btl vader,tcp,self --mca btl_vader_single_copy_mechanism none --mca btl_tcp_if_include hsn0 --mca oob_tcp_if_include hsn0 --mca orte_base_help_aggregate 0 --mca opal_common_ucx_opal_mem_hooks 1 -x UCX_LOG_LEVEL=ERROR apptainer exec --bind /scratch /home/users/ntu/haiyen00/scratch/fyp/container/h5bench/h5bench_benchmarks.sif
2026-10-05 23:58:48,085 h5bench - INFO - mpirun -np 128 --map-by ppr:128:node --bind-to core --mca btl vader,tcp,self --mca btl_vader_single_copy_mechanism none --mca btl_tcp_if_include hsn0 --mca oob_tcp_if_include hsn0 --mca orte_base_help_aggregate 0 --mca opal_common_ucx_opal_mem_hooks 1 -x UCX_LOG_LEVEL=ERROR apptainer exec --bind /scratch /home/users/ntu/haiyen00/scratch/fyp/container/h5bench/h5bench_benchmarks.sif /opt/h5bench/install/bin/h5bench_write payload/container/n1/0e5c35a4-25694909.pbs101/h5bench.cfg payload/container/n1/h5bench_strong_container_n1.h5
2026-10-05 23:59:10,864 h5bench - INFO - SUCCESS (all output files are located at payload/container/n1/0e5c35a4-25694909.pbs101)
2026-10-05 23:59:10,865 h5bench - INFO - Runtime: 22.7816958 seconds (elapsed time, includes allocation wait time)
2026-10-05 23:59:10,865 h5bench - INFO - h5bench [write] - Complete
2026-10-05 23:59:10,865 h5bench - INFO - JOBID: 25694909.pbs101
2026-10-05 23:59:10,866 h5bench - INFO - h5bench [read] - Starting
2026-10-05 23:59:10,866 h5bench - INFO - h5bench [read] - DIR: payload/container/n1/46b42573-25694909.pbs101/
2026-10-05 23:59:10,866 h5bench - INFO - Parallel setup: mpirun -np 128 --map-by ppr:128:node --bind-to core --mca btl vader,tcp,self --mca btl_vader_single_copy_mechanism none --mca btl_tcp_if_include hsn0 --mca oob_tcp_if_include hsn0 --mca orte_base_help_aggregate 0 --mca opal_common_ucx_opal_mem_hooks 1 -x UCX_LOG_LEVEL=ERROR apptainer exec --bind /scratch /home/users/ntu/haiyen00/scratch/fyp/container/h5bench/h5bench_benchmarks.sif
2026-10-05 23:59:10,868 h5bench - INFO - mpirun -np 128 --map-by ppr:128:node --bind-to core --mca btl vader,tcp,self --mca btl_vader_single_copy_mechanism none --mca btl_tcp_if_include hsn0 --mca oob_tcp_if_include hsn0 --mca orte_base_help_aggregate 0 --mca opal_common_ucx_opal_mem_hooks 1 -x UCX_LOG_LEVEL=ERROR apptainer exec --bind /scratch /home/users/ntu/haiyen00/scratch/fyp/container/h5bench/h5bench_benchmarks.sif /opt/h5bench/install/bin/h5bench_read payload/container/n1/46b42573-25694909.pbs101/h5bench.cfg payload/container/n1/h5bench_strong_container_n1.h5
2026-10-05 23:59:20,766 h5bench - INFO - SUCCESS (all output files are located at payload/container/n1/46b42573-25694909.pbs101)
2026-10-05 23:59:20,767 h5bench - INFO - Runtime: 9.9002869 seconds (elapsed time, includes allocation wait time)
2026-10-05 23:59:20,767 h5bench - INFO - h5bench [read] - Complete
2026-10-05 23:59:20,767 h5bench - INFO - Finishing h5bench Suite
--- Repetition 9/10 ---
+ /home/users/ntu/haiyen00/scratch/fyp/native/h5bench/h5bench/build/install/bin/h5bench -a -d -p /opt/h5bench/install/bin container/n1/config_rep9.json

real	0m33.841s
user	18m10.482s
sys	21m31.896s
+ H5BENCH_EXIT=0
+ set +x
2026-10-05 23:59:25,292 h5bench - INFO - Starting h5bench Suite
2026-10-05 23:59:25,293 h5bench - WARNING - Base directory already exists: payload/container/n1
2026-10-05 23:59:25,302 h5bench - INFO - Lustre support detected
2026-10-05 23:59:25,302 h5bench - DEBUG - Lustre stripping configuration: lfs setstripe -S 1M -c 4 payload/container/n1
2026-10-05 23:59:25,307 h5bench - DEBUG - LD_LIBRARY_PATH: /app/apps/singularity/sup/squashfuse/0.6.1/lib:/app/apps/openmpi/4.1.2-hpe/lib:/opt/cray/libfabric/1.11.0.4.125/lib64
2026-10-05 23:59:25,307 h5bench - DEBUG - DYLD_LIBRARY_PATH: 
2026-10-05 23:59:25,307 h5bench - DEBUG - LD_PRELOAD: 
2026-10-05 23:59:25,308 h5bench - INFO - JOBID: 25694909.pbs101
2026-10-05 23:59:25,308 h5bench - INFO - h5bench [write] - Starting
2026-10-05 23:59:25,308 h5bench - INFO - h5bench [write] - DIR: payload/container/n1/9eb313cc-25694909.pbs101/
2026-10-05 23:59:25,308 h5bench - INFO - Parallel setup: mpirun -np 128 --map-by ppr:128:node --bind-to core --mca btl vader,tcp,self --mca btl_vader_single_copy_mechanism none --mca btl_tcp_if_include hsn0 --mca oob_tcp_if_include hsn0 --mca orte_base_help_aggregate 0 --mca opal_common_ucx_opal_mem_hooks 1 -x UCX_LOG_LEVEL=ERROR apptainer exec --bind /scratch /home/users/ntu/haiyen00/scratch/fyp/container/h5bench/h5bench_benchmarks.sif
2026-10-05 23:59:25,310 h5bench - INFO - mpirun -np 128 --map-by ppr:128:node --bind-to core --mca btl vader,tcp,self --mca btl_vader_single_copy_mechanism none --mca btl_tcp_if_include hsn0 --mca oob_tcp_if_include hsn0 --mca orte_base_help_aggregate 0 --mca opal_common_ucx_opal_mem_hooks 1 -x UCX_LOG_LEVEL=ERROR apptainer exec --bind /scratch /home/users/ntu/haiyen00/scratch/fyp/container/h5bench/h5bench_benchmarks.sif /opt/h5bench/install/bin/h5bench_write payload/container/n1/9eb313cc-25694909.pbs101/h5bench.cfg payload/container/n1/h5bench_strong_container_n1.h5
2026-10-05 23:59:47,976 h5bench - INFO - SUCCESS (all output files are located at payload/container/n1/9eb313cc-25694909.pbs101)
2026-10-05 23:59:47,977 h5bench - INFO - Runtime: 22.6682451 seconds (elapsed time, includes allocation wait time)
2026-10-05 23:59:47,977 h5bench - INFO - h5bench [write] - Complete
2026-10-05 23:59:47,977 h5bench - INFO - JOBID: 25694909.pbs101
2026-10-05 23:59:47,977 h5bench - INFO - h5bench [read] - Starting
2026-10-05 23:59:47,977 h5bench - INFO - h5bench [read] - DIR: payload/container/n1/cb02f996-25694909.pbs101/
2026-10-05 23:59:47,978 h5bench - INFO - Parallel setup: mpirun -np 128 --map-by ppr:128:node --bind-to core --mca btl vader,tcp,self --mca btl_vader_single_copy_mechanism none --mca btl_tcp_if_include hsn0 --mca oob_tcp_if_include hsn0 --mca orte_base_help_aggregate 0 --mca opal_common_ucx_opal_mem_hooks 1 -x UCX_LOG_LEVEL=ERROR apptainer exec --bind /scratch /home/users/ntu/haiyen00/scratch/fyp/container/h5bench/h5bench_benchmarks.sif
2026-10-05 23:59:47,990 h5bench - INFO - mpirun -np 128 --map-by ppr:128:node --bind-to core --mca btl vader,tcp,self --mca btl_vader_single_copy_mechanism none --mca btl_tcp_if_include hsn0 --mca oob_tcp_if_include hsn0 --mca orte_base_help_aggregate 0 --mca opal_common_ucx_opal_mem_hooks 1 -x UCX_LOG_LEVEL=ERROR apptainer exec --bind /scratch /home/users/ntu/haiyen00/scratch/fyp/container/h5bench/h5bench_benchmarks.sif /opt/h5bench/install/bin/h5bench_read payload/container/n1/cb02f996-25694909.pbs101/h5bench.cfg payload/container/n1/h5bench_strong_container_n1.h5
2026-10-05 23:59:59,074 h5bench - INFO - SUCCESS (all output files are located at payload/container/n1/cb02f996-25694909.pbs101)
2026-10-05 23:59:59,075 h5bench - INFO - Runtime: 11.0969396 seconds (elapsed time, includes allocation wait time)
2026-10-05 23:59:59,075 h5bench - INFO - h5bench [read] - Complete
2026-10-05 23:59:59,075 h5bench - INFO - Finishing h5bench Suite
--- Repetition 10/10 ---
+ /home/users/ntu/haiyen00/scratch/fyp/native/h5bench/h5bench/build/install/bin/h5bench -a -d -p /opt/h5bench/install/bin container/n1/config_rep10.json

real	0m23.067s
user	2m53.631s
sys	33m28.533s
+ H5BENCH_EXIT=0
+ set +x
2026-10-06 00:00:03,265 h5bench - INFO - Starting h5bench Suite
2026-10-06 00:00:03,266 h5bench - WARNING - Base directory already exists: payload/container/n1
2026-10-06 00:00:03,276 h5bench - INFO - Lustre support detected
2026-10-06 00:00:03,276 h5bench - DEBUG - Lustre stripping configuration: lfs setstripe -S 1M -c 4 payload/container/n1
2026-10-06 00:00:03,280 h5bench - DEBUG - LD_LIBRARY_PATH: /app/apps/singularity/sup/squashfuse/0.6.1/lib:/app/apps/openmpi/4.1.2-hpe/lib:/opt/cray/libfabric/1.11.0.4.125/lib64
2026-10-06 00:00:03,281 h5bench - DEBUG - DYLD_LIBRARY_PATH: 
2026-10-06 00:00:03,281 h5bench - DEBUG - LD_PRELOAD: 
2026-10-06 00:00:03,281 h5bench - INFO - JOBID: 25694909.pbs101
2026-10-06 00:00:03,281 h5bench - INFO - h5bench [write] - Starting
2026-10-06 00:00:03,281 h5bench - INFO - h5bench [write] - DIR: payload/container/n1/2a4a952a-25694909.pbs101/
2026-10-06 00:00:03,282 h5bench - INFO - Parallel setup: mpirun -np 128 --map-by ppr:128:node --bind-to core --mca btl vader,tcp,self --mca btl_vader_single_copy_mechanism none --mca btl_tcp_if_include hsn0 --mca oob_tcp_if_include hsn0 --mca orte_base_help_aggregate 0 --mca opal_common_ucx_opal_mem_hooks 1 -x UCX_LOG_LEVEL=ERROR apptainer exec --bind /scratch /home/users/ntu/haiyen00/scratch/fyp/container/h5bench/h5bench_benchmarks.sif
2026-10-06 00:00:03,283 h5bench - INFO - mpirun -np 128 --map-by ppr:128:node --bind-to core --mca btl vader,tcp,self --mca btl_vader_single_copy_mechanism none --mca btl_tcp_if_include hsn0 --mca oob_tcp_if_include hsn0 --mca orte_base_help_aggregate 0 --mca opal_common_ucx_opal_mem_hooks 1 -x UCX_LOG_LEVEL=ERROR apptainer exec --bind /scratch /home/users/ntu/haiyen00/scratch/fyp/container/h5bench/h5bench_benchmarks.sif /opt/h5bench/install/bin/h5bench_write payload/container/n1/2a4a952a-25694909.pbs101/h5bench.cfg payload/container/n1/h5bench_strong_container_n1.h5
2026-10-06 00:00:22,554 h5bench - INFO - SUCCESS (all output files are located at payload/container/n1/2a4a952a-25694909.pbs101)
2026-10-06 00:00:22,554 h5bench - INFO - Runtime: 19.2719326 seconds (elapsed time, includes allocation wait time)
2026-10-06 00:00:22,554 h5bench - INFO - h5bench [write] - Complete
2026-10-06 00:00:22,554 h5bench - INFO - JOBID: 25694909.pbs101
2026-10-06 00:00:22,555 h5bench - INFO - h5bench [read] - Starting
2026-10-06 00:00:22,555 h5bench - INFO - h5bench [read] - DIR: payload/container/n1/1f43c948-25694909.pbs101/
2026-10-06 00:00:22,555 h5bench - INFO - Parallel setup: mpirun -np 128 --map-by ppr:128:node --bind-to core --mca btl vader,tcp,self --mca btl_vader_single_copy_mechanism none --mca btl_tcp_if_include hsn0 --mca oob_tcp_if_include hsn0 --mca orte_base_help_aggregate 0 --mca opal_common_ucx_opal_mem_hooks 1 -x UCX_LOG_LEVEL=ERROR apptainer exec --bind /scratch /home/users/ntu/haiyen00/scratch/fyp/container/h5bench/h5bench_benchmarks.sif
2026-10-06 00:00:22,556 h5bench - INFO - mpirun -np 128 --map-by ppr:128:node --bind-to core --mca btl vader,tcp,self --mca btl_vader_single_copy_mechanism none --mca btl_tcp_if_include hsn0 --mca oob_tcp_if_include hsn0 --mca orte_base_help_aggregate 0 --mca opal_common_ucx_opal_mem_hooks 1 -x UCX_LOG_LEVEL=ERROR apptainer exec --bind /scratch /home/users/ntu/haiyen00/scratch/fyp/container/h5bench/h5bench_benchmarks.sif /opt/h5bench/install/bin/h5bench_read payload/container/n1/1f43c948-25694909.pbs101/h5bench.cfg payload/container/n1/h5bench_strong_container_n1.h5
2026-10-06 00:00:26,274 h5bench - INFO - SUCCESS (all output files are located at payload/container/n1/1f43c948-25694909.pbs101)
2026-10-06 00:00:26,274 h5bench - INFO - Runtime: 3.7188616 seconds (elapsed time, includes allocation wait time)
2026-10-06 00:00:26,274 h5bench - INFO - h5bench [read] - Complete
2026-10-06 00:00:26,275 h5bench - INFO - Finishing h5bench Suite
=== Lustre striping actually applied to payload/container/n1 ===
payload/container/n1
stripe_count:  4 stripe_size:   1048576 pattern:       raid0 stripe_offset: -1 pool:          disk

payload/container/n1/34b205ea-25694909.pbs101
stripe_count:  4 stripe_size:   1048576 pattern:       raid0 stripe_offset: -1 pool:          disk

payload/container/n1/9eb313cc-25694909.pbs101
stripe_count:  4 stripe_size:   1048576 pattern:       raid0 stripe_offset: -1 pool:          disk

payload/container/n1/bfe9cd5b-25694909.pbs101
stripe_count:  4 stripe_size:   1048576 pattern:       raid0 stripe_offset: -1 pool:          disk

payload/container/n1/be983e37-25694909.pbs101
stripe_count:  4 stripe_size:   1048576 pattern:       raid0 stripe_offset: -1 pool:          disk

payload/container/n1/ed9ba031-25694909.pbs101
stripe_count:  4 stripe_size:   1048576 pattern:       raid0 stripe_offset: -1 pool:          disk

payload/container/n1/46b42573-25694909.pbs101
stripe_count:  4 stripe_size:   1048576 pattern:       raid0 stripe_offset: -1 pool:          disk

payload/container/n1/5d7491ad-25694909.pbs101
stripe_count:  4 stripe_size:   1048576 pattern:       raid0 stripe_offset: -1 pool:          disk

payload/container/n1/0e72067a-25694909.pbs101
stripe_count:  4 stripe_size:   1048576 pattern:       raid0 stripe_offset: -1 pool:          disk

payload/container/n1/f83c4fdd-25694909.pbs101
stripe_count:  4 stripe_size:   1048576 pattern:       raid0 stripe_offset: -1 pool:          disk

payload/container/n1/258cd989-25694909.pbs101
stripe_count:  4 stripe_size:   1048576 pattern:       raid0 stripe_offset: -1 pool:          disk

payload/container/n1/cb02f996-25694909.pbs101
stripe_count:  4 stripe_size:   1048576 pattern:       raid0 stripe_offset: -1 pool:          disk

payload/container/n1/h5bench_strong_container_n1.h5
lmm_stripe_count:  4
lmm_stripe_size:   1048576
lmm_pattern:       raid0
lmm_layout_gen:    0
lmm_stripe_offset: 38
lmm_pool:          disk
	obdidx		 objid		 objid		 group
	    38	    1331124992	   0x4f575b00	   0xbc0000400
	    17	    1331622432	   0x4f5ef220	   0x700000400
	    19	    1331092915	   0x4f56ddb3	   0x740000400
	    21	    1331356228	   0x4f5ae244	   0x800000400

payload/container/n1/8cc2da19-25694909.pbs101
stripe_count:  4 stripe_size:   1048576 pattern:       raid0 stripe_offset: -1 pool:          disk

payload/container/n1/211cf7d8-25694909.pbs101
stripe_count:  4 stripe_size:   1048576 pattern:       raid0 stripe_offset: -1 pool:          disk

payload/container/n1/1f43c948-25694909.pbs101
stripe_count:  4 stripe_size:   1048576 pattern:       raid0 stripe_offset: -1 pool:          disk

payload/container/n1/1a148af9-25694909.pbs101
stripe_count:  4 stripe_size:   1048576 pattern:       raid0 stripe_offset: -1 pool:          disk

payload/container/n1/9773f373-25694909.pbs101
stripe_count:  4 stripe_size:   1048576 pattern:       raid0 stripe_offset: -1 pool:          disk

payload/container/n1/2a4a952a-25694909.pbs101
stripe_count:  4 stripe_size:   1048576 pattern:       raid0 stripe_offset: -1 pool:          disk

payload/container/n1/0e5c35a4-25694909.pbs101
stripe_count:  4 stripe_size:   1048576 pattern:       raid0 stripe_offset: -1 pool:          disk

payload/container/n1/d79f6066-25694909.pbs101
stripe_count:  4 stripe_size:   1048576 pattern:       raid0 stripe_offset: -1 pool:          disk

payload/container/n1/eece7414-25694909.pbs101
stripe_count:  4 stripe_size:   1048576 pattern:       raid0 stripe_offset: -1 pool:          disk

Completed Successfully! 
