Currently Loaded Modulefiles:
  1) libfabric/1.11.0.4.125             3) openmpi/4.1.2-hpe
  2) intel/2022.0.2                     4) hdf5/1.12.1-parallel-icc22-ompi4
mpirun (Open MPI) 4.1.2

Report bugs to http://www.open-mpi.org/community/help/
=== Verifying Lustre striping layout for payload/native/n4 ===
payload/native/n4
stripe_count:  4 stripe_size:   1048576 pattern:       raid0 stripe_offset: -1 pool:          disk

=================================================================
 Native Inter-Node Strong Scaling: NODES=4 NP=512 DIM_1=262144 (TOTAL=134217728 fixed) REPS=10 
=================================================================
--- Repetition 1/10 ---
+ /home/users/ntu/haiyen00/scratch/fyp/native/h5bench/h5bench/build/install/bin/h5bench -a -d native/n4/config_rep1.json

real	0m59.190s
user	23m24.752s
sys	11m58.335s
+ H5BENCH_EXIT=0
+ set +x
2026-10-06 03:55:47,874 h5bench - INFO - Starting h5bench Suite
2026-10-06 03:55:47,875 h5bench - WARNING - Base directory already exists: payload/native/n4
2026-10-06 03:55:47,881 h5bench - INFO - Lustre support detected
2026-10-06 03:55:47,881 h5bench - DEBUG - Lustre stripping configuration: lfs setstripe -S 1M -c 4 payload/native/n4
2026-10-06 03:55:47,887 h5bench - DEBUG - LD_LIBRARY_PATH: /app/libs/hdf5/1.12.1-parallel-icc22-ompi4/lib:/app/apps/openmpi/4.1.2-hpe/lib:/app/apps/oneapi/2022.1.2/mkl/2022.0.2/lib/intel64:/app/apps/oneapi/2022.1.2/compiler/2022.0.2/linux/lib:/app/apps/oneapi/2022.1.2/compiler/2022.0.2/linux/lib/x64:/app/apps/oneapi/2022.1.2/compiler/2022.0.2/linux/lib/oclfpga/host/linux64/lib:/app/apps/oneapi/2022.1.2/compiler/2022.0.2/linux/compiler/lib/intel64_lin:/opt/cray/libfabric/1.11.0.4.125/lib64
2026-10-06 03:55:47,887 h5bench - DEBUG - DYLD_LIBRARY_PATH: 
2026-10-06 03:55:47,888 h5bench - DEBUG - LD_PRELOAD: 
2026-10-06 03:55:47,888 h5bench - INFO - JOBID: 25694907.pbs101
2026-10-06 03:55:47,888 h5bench - INFO - h5bench [write] - Starting
2026-10-06 03:55:47,888 h5bench - INFO - h5bench [write] - DIR: payload/native/n4/a106c785-25694907.pbs101/
2026-10-06 03:55:47,888 h5bench - INFO - Parallel setup: mpirun -np 512 --map-by ppr:128:node --bind-to core --mca btl ^openib --mca pml ucx --mca orte_base_help_aggregate 0 --mca opal_common_ucx_opal_mem_hooks 1 -x UCX_LOG_LEVEL=ERROR
2026-10-06 03:55:47,890 h5bench - INFO - mpirun -np 512 --map-by ppr:128:node --bind-to core --mca btl ^openib --mca pml ucx --mca orte_base_help_aggregate 0 --mca opal_common_ucx_opal_mem_hooks 1 -x UCX_LOG_LEVEL=ERROR /home/users/ntu/haiyen00/scratch/fyp/native/h5bench/h5bench/build/install/bin//h5bench_write payload/native/n4/a106c785-25694907.pbs101/h5bench.cfg payload/native/n4/h5bench_strong_native_n4.h5
2026-10-06 03:56:27,921 h5bench - INFO - SUCCESS (all output files are located at payload/native/n4/a106c785-25694907.pbs101)
2026-10-06 03:56:27,921 h5bench - INFO - Runtime: 40.0327537 seconds (elapsed time, includes allocation wait time)
2026-10-06 03:56:27,922 h5bench - INFO - h5bench [write] - Complete
2026-10-06 03:56:27,922 h5bench - INFO - JOBID: 25694907.pbs101
2026-10-06 03:56:27,922 h5bench - INFO - h5bench [read] - Starting
2026-10-06 03:56:27,922 h5bench - INFO - h5bench [read] - DIR: payload/native/n4/c214fb71-25694907.pbs101/
2026-10-06 03:56:27,923 h5bench - INFO - Parallel setup: mpirun -np 512 --map-by ppr:128:node --bind-to core --mca btl ^openib --mca pml ucx --mca orte_base_help_aggregate 0 --mca opal_common_ucx_opal_mem_hooks 1 -x UCX_LOG_LEVEL=ERROR
2026-10-06 03:56:27,924 h5bench - INFO - mpirun -np 512 --map-by ppr:128:node --bind-to core --mca btl ^openib --mca pml ucx --mca orte_base_help_aggregate 0 --mca opal_common_ucx_opal_mem_hooks 1 -x UCX_LOG_LEVEL=ERROR /home/users/ntu/haiyen00/scratch/fyp/native/h5bench/h5bench/build/install/bin//h5bench_read payload/native/n4/c214fb71-25694907.pbs101/h5bench.cfg payload/native/n4/h5bench_strong_native_n4.h5
2026-10-06 03:56:46,149 h5bench - INFO - SUCCESS (all output files are located at payload/native/n4/c214fb71-25694907.pbs101)
2026-10-06 03:56:46,150 h5bench - INFO - Runtime: 18.2271655 seconds (elapsed time, includes allocation wait time)
2026-10-06 03:56:46,150 h5bench - INFO - h5bench [read] - Complete
2026-10-06 03:56:46,150 h5bench - INFO - Finishing h5bench Suite
--- Repetition 2/10 ---
+ /home/users/ntu/haiyen00/scratch/fyp/native/h5bench/h5bench/build/install/bin/h5bench -a -d native/n4/config_rep2.json

real	0m47.981s
user	25m26.371s
sys	9m54.880s
+ H5BENCH_EXIT=0
+ set +x
2026-10-06 03:56:47,588 h5bench - INFO - Starting h5bench Suite
2026-10-06 03:56:47,589 h5bench - WARNING - Base directory already exists: payload/native/n4
2026-10-06 03:56:47,595 h5bench - INFO - Lustre support detected
2026-10-06 03:56:47,596 h5bench - DEBUG - Lustre stripping configuration: lfs setstripe -S 1M -c 4 payload/native/n4
2026-10-06 03:56:47,602 h5bench - DEBUG - LD_LIBRARY_PATH: /app/libs/hdf5/1.12.1-parallel-icc22-ompi4/lib:/app/apps/openmpi/4.1.2-hpe/lib:/app/apps/oneapi/2022.1.2/mkl/2022.0.2/lib/intel64:/app/apps/oneapi/2022.1.2/compiler/2022.0.2/linux/lib:/app/apps/oneapi/2022.1.2/compiler/2022.0.2/linux/lib/x64:/app/apps/oneapi/2022.1.2/compiler/2022.0.2/linux/lib/oclfpga/host/linux64/lib:/app/apps/oneapi/2022.1.2/compiler/2022.0.2/linux/compiler/lib/intel64_lin:/opt/cray/libfabric/1.11.0.4.125/lib64
2026-10-06 03:56:47,603 h5bench - DEBUG - DYLD_LIBRARY_PATH: 
2026-10-06 03:56:47,603 h5bench - DEBUG - LD_PRELOAD: 
2026-10-06 03:56:47,603 h5bench - INFO - JOBID: 25694907.pbs101
2026-10-06 03:56:47,603 h5bench - INFO - h5bench [write] - Starting
2026-10-06 03:56:47,603 h5bench - INFO - h5bench [write] - DIR: payload/native/n4/d0caba2b-25694907.pbs101/
2026-10-06 03:56:47,604 h5bench - INFO - Parallel setup: mpirun -np 512 --map-by ppr:128:node --bind-to core --mca btl ^openib --mca pml ucx --mca orte_base_help_aggregate 0 --mca opal_common_ucx_opal_mem_hooks 1 -x UCX_LOG_LEVEL=ERROR
2026-10-06 03:56:47,605 h5bench - INFO - mpirun -np 512 --map-by ppr:128:node --bind-to core --mca btl ^openib --mca pml ucx --mca orte_base_help_aggregate 0 --mca opal_common_ucx_opal_mem_hooks 1 -x UCX_LOG_LEVEL=ERROR /home/users/ntu/haiyen00/scratch/fyp/native/h5bench/h5bench/build/install/bin//h5bench_write payload/native/n4/d0caba2b-25694907.pbs101/h5bench.cfg payload/native/n4/h5bench_strong_native_n4.h5
2026-10-06 03:57:18,230 h5bench - INFO - SUCCESS (all output files are located at payload/native/n4/d0caba2b-25694907.pbs101)
2026-10-06 03:57:18,230 h5bench - INFO - Runtime: 30.6264038 seconds (elapsed time, includes allocation wait time)
2026-10-06 03:57:18,230 h5bench - INFO - h5bench [write] - Complete
2026-10-06 03:57:18,231 h5bench - INFO - JOBID: 25694907.pbs101
2026-10-06 03:57:18,231 h5bench - INFO - h5bench [read] - Starting
2026-10-06 03:57:18,231 h5bench - INFO - h5bench [read] - DIR: payload/native/n4/e4a8d934-25694907.pbs101/
2026-10-06 03:57:18,231 h5bench - INFO - Parallel setup: mpirun -np 512 --map-by ppr:128:node --bind-to core --mca btl ^openib --mca pml ucx --mca orte_base_help_aggregate 0 --mca opal_common_ucx_opal_mem_hooks 1 -x UCX_LOG_LEVEL=ERROR
2026-10-06 03:57:18,233 h5bench - INFO - mpirun -np 512 --map-by ppr:128:node --bind-to core --mca btl ^openib --mca pml ucx --mca orte_base_help_aggregate 0 --mca opal_common_ucx_opal_mem_hooks 1 -x UCX_LOG_LEVEL=ERROR /home/users/ntu/haiyen00/scratch/fyp/native/h5bench/h5bench/build/install/bin//h5bench_read payload/native/n4/e4a8d934-25694907.pbs101/h5bench.cfg payload/native/n4/h5bench_strong_native_n4.h5
2026-10-06 03:57:35,498 h5bench - INFO - SUCCESS (all output files are located at payload/native/n4/e4a8d934-25694907.pbs101)
2026-10-06 03:57:35,498 h5bench - INFO - Runtime: 17.2666793 seconds (elapsed time, includes allocation wait time)
2026-10-06 03:57:35,498 h5bench - INFO - h5bench [read] - Complete
2026-10-06 03:57:35,498 h5bench - INFO - Finishing h5bench Suite
--- Repetition 3/10 ---
+ /home/users/ntu/haiyen00/scratch/fyp/native/h5bench/h5bench/build/install/bin/h5bench -a -d native/n4/config_rep3.json

real	0m45.417s
user	20m58.292s
sys	10m0.425s
+ H5BENCH_EXIT=0
+ set +x
2026-10-06 03:57:36,907 h5bench - INFO - Starting h5bench Suite
2026-10-06 03:57:36,908 h5bench - WARNING - Base directory already exists: payload/native/n4
2026-10-06 03:57:36,915 h5bench - INFO - Lustre support detected
2026-10-06 03:57:36,916 h5bench - DEBUG - Lustre stripping configuration: lfs setstripe -S 1M -c 4 payload/native/n4
2026-10-06 03:57:36,922 h5bench - DEBUG - LD_LIBRARY_PATH: /app/libs/hdf5/1.12.1-parallel-icc22-ompi4/lib:/app/apps/openmpi/4.1.2-hpe/lib:/app/apps/oneapi/2022.1.2/mkl/2022.0.2/lib/intel64:/app/apps/oneapi/2022.1.2/compiler/2022.0.2/linux/lib:/app/apps/oneapi/2022.1.2/compiler/2022.0.2/linux/lib/x64:/app/apps/oneapi/2022.1.2/compiler/2022.0.2/linux/lib/oclfpga/host/linux64/lib:/app/apps/oneapi/2022.1.2/compiler/2022.0.2/linux/compiler/lib/intel64_lin:/opt/cray/libfabric/1.11.0.4.125/lib64
2026-10-06 03:57:36,922 h5bench - DEBUG - DYLD_LIBRARY_PATH: 
2026-10-06 03:57:36,922 h5bench - DEBUG - LD_PRELOAD: 
2026-10-06 03:57:36,922 h5bench - INFO - JOBID: 25694907.pbs101
2026-10-06 03:57:36,922 h5bench - INFO - h5bench [write] - Starting
2026-10-06 03:57:36,923 h5bench - INFO - h5bench [write] - DIR: payload/native/n4/5fb73452-25694907.pbs101/
2026-10-06 03:57:36,923 h5bench - INFO - Parallel setup: mpirun -np 512 --map-by ppr:128:node --bind-to core --mca btl ^openib --mca pml ucx --mca orte_base_help_aggregate 0 --mca opal_common_ucx_opal_mem_hooks 1 -x UCX_LOG_LEVEL=ERROR
2026-10-06 03:57:36,924 h5bench - INFO - mpirun -np 512 --map-by ppr:128:node --bind-to core --mca btl ^openib --mca pml ucx --mca orte_base_help_aggregate 0 --mca opal_common_ucx_opal_mem_hooks 1 -x UCX_LOG_LEVEL=ERROR /home/users/ntu/haiyen00/scratch/fyp/native/h5bench/h5bench/build/install/bin//h5bench_write payload/native/n4/5fb73452-25694907.pbs101/h5bench.cfg payload/native/n4/h5bench_strong_native_n4.h5
2026-10-06 03:58:05,711 h5bench - INFO - SUCCESS (all output files are located at payload/native/n4/5fb73452-25694907.pbs101)
2026-10-06 03:58:05,711 h5bench - INFO - Runtime: 28.7878146 seconds (elapsed time, includes allocation wait time)
2026-10-06 03:58:05,711 h5bench - INFO - h5bench [write] - Complete
2026-10-06 03:58:05,711 h5bench - INFO - JOBID: 25694907.pbs101
2026-10-06 03:58:05,712 h5bench - INFO - h5bench [read] - Starting
2026-10-06 03:58:05,712 h5bench - INFO - h5bench [read] - DIR: payload/native/n4/a5fa0cf7-25694907.pbs101/
2026-10-06 03:58:05,712 h5bench - INFO - Parallel setup: mpirun -np 512 --map-by ppr:128:node --bind-to core --mca btl ^openib --mca pml ucx --mca orte_base_help_aggregate 0 --mca opal_common_ucx_opal_mem_hooks 1 -x UCX_LOG_LEVEL=ERROR
2026-10-06 03:58:05,714 h5bench - INFO - mpirun -np 512 --map-by ppr:128:node --bind-to core --mca btl ^openib --mca pml ucx --mca orte_base_help_aggregate 0 --mca opal_common_ucx_opal_mem_hooks 1 -x UCX_LOG_LEVEL=ERROR /home/users/ntu/haiyen00/scratch/fyp/native/h5bench/h5bench/build/install/bin//h5bench_read payload/native/n4/a5fa0cf7-25694907.pbs101/h5bench.cfg payload/native/n4/h5bench_strong_native_n4.h5
2026-10-06 03:58:22,255 h5bench - INFO - SUCCESS (all output files are located at payload/native/n4/a5fa0cf7-25694907.pbs101)
2026-10-06 03:58:22,256 h5bench - INFO - Runtime: 16.5431538 seconds (elapsed time, includes allocation wait time)
2026-10-06 03:58:22,256 h5bench - INFO - h5bench [read] - Complete
2026-10-06 03:58:22,256 h5bench - INFO - Finishing h5bench Suite
--- Repetition 4/10 ---
+ /home/users/ntu/haiyen00/scratch/fyp/native/h5bench/h5bench/build/install/bin/h5bench -a -d native/n4/config_rep4.json

real	0m43.952s
user	12m58.215s
sys	10m0.887s
+ H5BENCH_EXIT=0
+ set +x
2026-10-06 03:58:23,682 h5bench - INFO - Starting h5bench Suite
2026-10-06 03:58:23,683 h5bench - WARNING - Base directory already exists: payload/native/n4
2026-10-06 03:58:23,690 h5bench - INFO - Lustre support detected
2026-10-06 03:58:23,690 h5bench - DEBUG - Lustre stripping configuration: lfs setstripe -S 1M -c 4 payload/native/n4
2026-10-06 03:58:23,696 h5bench - DEBUG - LD_LIBRARY_PATH: /app/libs/hdf5/1.12.1-parallel-icc22-ompi4/lib:/app/apps/openmpi/4.1.2-hpe/lib:/app/apps/oneapi/2022.1.2/mkl/2022.0.2/lib/intel64:/app/apps/oneapi/2022.1.2/compiler/2022.0.2/linux/lib:/app/apps/oneapi/2022.1.2/compiler/2022.0.2/linux/lib/x64:/app/apps/oneapi/2022.1.2/compiler/2022.0.2/linux/lib/oclfpga/host/linux64/lib:/app/apps/oneapi/2022.1.2/compiler/2022.0.2/linux/compiler/lib/intel64_lin:/opt/cray/libfabric/1.11.0.4.125/lib64
2026-10-06 03:58:23,697 h5bench - DEBUG - DYLD_LIBRARY_PATH: 
2026-10-06 03:58:23,697 h5bench - DEBUG - LD_PRELOAD: 
2026-10-06 03:58:23,697 h5bench - INFO - JOBID: 25694907.pbs101
2026-10-06 03:58:23,697 h5bench - INFO - h5bench [write] - Starting
2026-10-06 03:58:23,697 h5bench - INFO - h5bench [write] - DIR: payload/native/n4/6c481757-25694907.pbs101/
2026-10-06 03:58:23,698 h5bench - INFO - Parallel setup: mpirun -np 512 --map-by ppr:128:node --bind-to core --mca btl ^openib --mca pml ucx --mca orte_base_help_aggregate 0 --mca opal_common_ucx_opal_mem_hooks 1 -x UCX_LOG_LEVEL=ERROR
2026-10-06 03:58:23,699 h5bench - INFO - mpirun -np 512 --map-by ppr:128:node --bind-to core --mca btl ^openib --mca pml ucx --mca orte_base_help_aggregate 0 --mca opal_common_ucx_opal_mem_hooks 1 -x UCX_LOG_LEVEL=ERROR /home/users/ntu/haiyen00/scratch/fyp/native/h5bench/h5bench/build/install/bin//h5bench_write payload/native/n4/6c481757-25694907.pbs101/h5bench.cfg payload/native/n4/h5bench_strong_native_n4.h5
2026-10-06 03:58:52,139 h5bench - INFO - SUCCESS (all output files are located at payload/native/n4/6c481757-25694907.pbs101)
2026-10-06 03:58:52,140 h5bench - INFO - Runtime: 28.4422481 seconds (elapsed time, includes allocation wait time)
2026-10-06 03:58:52,140 h5bench - INFO - h5bench [write] - Complete
2026-10-06 03:58:52,140 h5bench - INFO - JOBID: 25694907.pbs101
2026-10-06 03:58:52,141 h5bench - INFO - h5bench [read] - Starting
2026-10-06 03:58:52,141 h5bench - INFO - h5bench [read] - DIR: payload/native/n4/d2401c3f-25694907.pbs101/
2026-10-06 03:58:52,141 h5bench - INFO - Parallel setup: mpirun -np 512 --map-by ppr:128:node --bind-to core --mca btl ^openib --mca pml ucx --mca orte_base_help_aggregate 0 --mca opal_common_ucx_opal_mem_hooks 1 -x UCX_LOG_LEVEL=ERROR
2026-10-06 03:58:52,143 h5bench - INFO - mpirun -np 512 --map-by ppr:128:node --bind-to core --mca btl ^openib --mca pml ucx --mca orte_base_help_aggregate 0 --mca opal_common_ucx_opal_mem_hooks 1 -x UCX_LOG_LEVEL=ERROR /home/users/ntu/haiyen00/scratch/fyp/native/h5bench/h5bench/build/install/bin//h5bench_read payload/native/n4/d2401c3f-25694907.pbs101/h5bench.cfg payload/native/n4/h5bench_strong_native_n4.h5
2026-10-06 03:59:07,562 h5bench - INFO - SUCCESS (all output files are located at payload/native/n4/d2401c3f-25694907.pbs101)
2026-10-06 03:59:07,563 h5bench - INFO - Runtime: 15.4214423 seconds (elapsed time, includes allocation wait time)
2026-10-06 03:59:07,563 h5bench - INFO - h5bench [read] - Complete
2026-10-06 03:59:07,563 h5bench - INFO - Finishing h5bench Suite
--- Repetition 5/10 ---
+ /home/users/ntu/haiyen00/scratch/fyp/native/h5bench/h5bench/build/install/bin/h5bench -a -d native/n4/config_rep5.json

real	0m44.744s
user	20m1.445s
sys	10m16.348s
+ H5BENCH_EXIT=0
+ set +x
2026-10-06 03:59:09,036 h5bench - INFO - Starting h5bench Suite
2026-10-06 03:59:09,037 h5bench - WARNING - Base directory already exists: payload/native/n4
2026-10-06 03:59:09,045 h5bench - INFO - Lustre support detected
2026-10-06 03:59:09,046 h5bench - DEBUG - Lustre stripping configuration: lfs setstripe -S 1M -c 4 payload/native/n4
2026-10-06 03:59:09,052 h5bench - DEBUG - LD_LIBRARY_PATH: /app/libs/hdf5/1.12.1-parallel-icc22-ompi4/lib:/app/apps/openmpi/4.1.2-hpe/lib:/app/apps/oneapi/2022.1.2/mkl/2022.0.2/lib/intel64:/app/apps/oneapi/2022.1.2/compiler/2022.0.2/linux/lib:/app/apps/oneapi/2022.1.2/compiler/2022.0.2/linux/lib/x64:/app/apps/oneapi/2022.1.2/compiler/2022.0.2/linux/lib/oclfpga/host/linux64/lib:/app/apps/oneapi/2022.1.2/compiler/2022.0.2/linux/compiler/lib/intel64_lin:/opt/cray/libfabric/1.11.0.4.125/lib64
2026-10-06 03:59:09,052 h5bench - DEBUG - DYLD_LIBRARY_PATH: 
2026-10-06 03:59:09,053 h5bench - DEBUG - LD_PRELOAD: 
2026-10-06 03:59:09,053 h5bench - INFO - JOBID: 25694907.pbs101
2026-10-06 03:59:09,053 h5bench - INFO - h5bench [write] - Starting
2026-10-06 03:59:09,053 h5bench - INFO - h5bench [write] - DIR: payload/native/n4/97ec41de-25694907.pbs101/
2026-10-06 03:59:09,053 h5bench - INFO - Parallel setup: mpirun -np 512 --map-by ppr:128:node --bind-to core --mca btl ^openib --mca pml ucx --mca orte_base_help_aggregate 0 --mca opal_common_ucx_opal_mem_hooks 1 -x UCX_LOG_LEVEL=ERROR
2026-10-06 03:59:09,055 h5bench - INFO - mpirun -np 512 --map-by ppr:128:node --bind-to core --mca btl ^openib --mca pml ucx --mca orte_base_help_aggregate 0 --mca opal_common_ucx_opal_mem_hooks 1 -x UCX_LOG_LEVEL=ERROR /home/users/ntu/haiyen00/scratch/fyp/native/h5bench/h5bench/build/install/bin//h5bench_write payload/native/n4/97ec41de-25694907.pbs101/h5bench.cfg payload/native/n4/h5bench_strong_native_n4.h5
2026-10-06 03:59:37,964 h5bench - INFO - SUCCESS (all output files are located at payload/native/n4/97ec41de-25694907.pbs101)
2026-10-06 03:59:37,965 h5bench - INFO - Runtime: 28.9110551 seconds (elapsed time, includes allocation wait time)
2026-10-06 03:59:37,965 h5bench - INFO - h5bench [write] - Complete
2026-10-06 03:59:37,965 h5bench - INFO - JOBID: 25694907.pbs101
2026-10-06 03:59:37,965 h5bench - INFO - h5bench [read] - Starting
2026-10-06 03:59:37,965 h5bench - INFO - h5bench [read] - DIR: payload/native/n4/bb7ed28b-25694907.pbs101/
2026-10-06 03:59:37,966 h5bench - INFO - Parallel setup: mpirun -np 512 --map-by ppr:128:node --bind-to core --mca btl ^openib --mca pml ucx --mca orte_base_help_aggregate 0 --mca opal_common_ucx_opal_mem_hooks 1 -x UCX_LOG_LEVEL=ERROR
2026-10-06 03:59:37,967 h5bench - INFO - mpirun -np 512 --map-by ppr:128:node --bind-to core --mca btl ^openib --mca pml ucx --mca orte_base_help_aggregate 0 --mca opal_common_ucx_opal_mem_hooks 1 -x UCX_LOG_LEVEL=ERROR /home/users/ntu/haiyen00/scratch/fyp/native/h5bench/h5bench/build/install/bin//h5bench_read payload/native/n4/bb7ed28b-25694907.pbs101/h5bench.cfg payload/native/n4/h5bench_strong_native_n4.h5
2026-10-06 03:59:53,709 h5bench - INFO - SUCCESS (all output files are located at payload/native/n4/bb7ed28b-25694907.pbs101)
2026-10-06 03:59:53,710 h5bench - INFO - Runtime: 15.7438753 seconds (elapsed time, includes allocation wait time)
2026-10-06 03:59:53,710 h5bench - INFO - h5bench [read] - Complete
2026-10-06 03:59:53,710 h5bench - INFO - Finishing h5bench Suite
--- Repetition 6/10 ---
+ /home/users/ntu/haiyen00/scratch/fyp/native/h5bench/h5bench/build/install/bin/h5bench -a -d native/n4/config_rep6.json

real	0m44.722s
user	21m58.568s
sys	9m43.438s
+ H5BENCH_EXIT=0
+ set +x
2026-10-06 03:59:55,158 h5bench - INFO - Starting h5bench Suite
2026-10-06 03:59:55,159 h5bench - WARNING - Base directory already exists: payload/native/n4
2026-10-06 03:59:55,168 h5bench - INFO - Lustre support detected
2026-10-06 03:59:55,169 h5bench - DEBUG - Lustre stripping configuration: lfs setstripe -S 1M -c 4 payload/native/n4
2026-10-06 03:59:55,175 h5bench - DEBUG - LD_LIBRARY_PATH: /app/libs/hdf5/1.12.1-parallel-icc22-ompi4/lib:/app/apps/openmpi/4.1.2-hpe/lib:/app/apps/oneapi/2022.1.2/mkl/2022.0.2/lib/intel64:/app/apps/oneapi/2022.1.2/compiler/2022.0.2/linux/lib:/app/apps/oneapi/2022.1.2/compiler/2022.0.2/linux/lib/x64:/app/apps/oneapi/2022.1.2/compiler/2022.0.2/linux/lib/oclfpga/host/linux64/lib:/app/apps/oneapi/2022.1.2/compiler/2022.0.2/linux/compiler/lib/intel64_lin:/opt/cray/libfabric/1.11.0.4.125/lib64
2026-10-06 03:59:55,175 h5bench - DEBUG - DYLD_LIBRARY_PATH: 
2026-10-06 03:59:55,175 h5bench - DEBUG - LD_PRELOAD: 
2026-10-06 03:59:55,175 h5bench - INFO - JOBID: 25694907.pbs101
2026-10-06 03:59:55,176 h5bench - INFO - h5bench [write] - Starting
2026-10-06 03:59:55,176 h5bench - INFO - h5bench [write] - DIR: payload/native/n4/ebd5e436-25694907.pbs101/
2026-10-06 03:59:55,176 h5bench - INFO - Parallel setup: mpirun -np 512 --map-by ppr:128:node --bind-to core --mca btl ^openib --mca pml ucx --mca orte_base_help_aggregate 0 --mca opal_common_ucx_opal_mem_hooks 1 -x UCX_LOG_LEVEL=ERROR
2026-10-06 03:59:55,177 h5bench - INFO - mpirun -np 512 --map-by ppr:128:node --bind-to core --mca btl ^openib --mca pml ucx --mca orte_base_help_aggregate 0 --mca opal_common_ucx_opal_mem_hooks 1 -x UCX_LOG_LEVEL=ERROR /home/users/ntu/haiyen00/scratch/fyp/native/h5bench/h5bench/build/install/bin//h5bench_write payload/native/n4/ebd5e436-25694907.pbs101/h5bench.cfg payload/native/n4/h5bench_strong_native_n4.h5
2026-10-06 04:00:25,639 h5bench - INFO - SUCCESS (all output files are located at payload/native/n4/ebd5e436-25694907.pbs101)
2026-10-06 04:00:25,640 h5bench - INFO - Runtime: 30.4633539 seconds (elapsed time, includes allocation wait time)
2026-10-06 04:00:25,640 h5bench - INFO - h5bench [write] - Complete
2026-10-06 04:00:25,640 h5bench - INFO - JOBID: 25694907.pbs101
2026-10-06 04:00:25,640 h5bench - INFO - h5bench [read] - Starting
2026-10-06 04:00:25,640 h5bench - INFO - h5bench [read] - DIR: payload/native/n4/a9b8e57f-25694907.pbs101/
2026-10-06 04:00:25,641 h5bench - INFO - Parallel setup: mpirun -np 512 --map-by ppr:128:node --bind-to core --mca btl ^openib --mca pml ucx --mca orte_base_help_aggregate 0 --mca opal_common_ucx_opal_mem_hooks 1 -x UCX_LOG_LEVEL=ERROR
2026-10-06 04:00:25,642 h5bench - INFO - mpirun -np 512 --map-by ppr:128:node --bind-to core --mca btl ^openib --mca pml ucx --mca orte_base_help_aggregate 0 --mca opal_common_ucx_opal_mem_hooks 1 -x UCX_LOG_LEVEL=ERROR /home/users/ntu/haiyen00/scratch/fyp/native/h5bench/h5bench/build/install/bin//h5bench_read payload/native/n4/a9b8e57f-25694907.pbs101/h5bench.cfg payload/native/n4/h5bench_strong_native_n4.h5
2026-10-06 04:00:39,811 h5bench - INFO - SUCCESS (all output files are located at payload/native/n4/a9b8e57f-25694907.pbs101)
2026-10-06 04:00:39,812 h5bench - INFO - Runtime: 14.1707511 seconds (elapsed time, includes allocation wait time)
2026-10-06 04:00:39,812 h5bench - INFO - h5bench [read] - Complete
2026-10-06 04:00:39,812 h5bench - INFO - Finishing h5bench Suite
--- Repetition 7/10 ---
+ /home/users/ntu/haiyen00/scratch/fyp/native/h5bench/h5bench/build/install/bin/h5bench -a -d native/n4/config_rep7.json

real	0m40.693s
user	19m28.124s
sys	10m25.202s
+ H5BENCH_EXIT=0
+ set +x
2026-10-06 04:00:41,290 h5bench - INFO - Starting h5bench Suite
2026-10-06 04:00:41,291 h5bench - WARNING - Base directory already exists: payload/native/n4
2026-10-06 04:00:41,300 h5bench - INFO - Lustre support detected
2026-10-06 04:00:41,300 h5bench - DEBUG - Lustre stripping configuration: lfs setstripe -S 1M -c 4 payload/native/n4
2026-10-06 04:00:41,306 h5bench - DEBUG - LD_LIBRARY_PATH: /app/libs/hdf5/1.12.1-parallel-icc22-ompi4/lib:/app/apps/openmpi/4.1.2-hpe/lib:/app/apps/oneapi/2022.1.2/mkl/2022.0.2/lib/intel64:/app/apps/oneapi/2022.1.2/compiler/2022.0.2/linux/lib:/app/apps/oneapi/2022.1.2/compiler/2022.0.2/linux/lib/x64:/app/apps/oneapi/2022.1.2/compiler/2022.0.2/linux/lib/oclfpga/host/linux64/lib:/app/apps/oneapi/2022.1.2/compiler/2022.0.2/linux/compiler/lib/intel64_lin:/opt/cray/libfabric/1.11.0.4.125/lib64
2026-10-06 04:00:41,307 h5bench - DEBUG - DYLD_LIBRARY_PATH: 
2026-10-06 04:00:41,307 h5bench - DEBUG - LD_PRELOAD: 
2026-10-06 04:00:41,307 h5bench - INFO - JOBID: 25694907.pbs101
2026-10-06 04:00:41,307 h5bench - INFO - h5bench [write] - Starting
2026-10-06 04:00:41,307 h5bench - INFO - h5bench [write] - DIR: payload/native/n4/026743b2-25694907.pbs101/
2026-10-06 04:00:41,308 h5bench - INFO - Parallel setup: mpirun -np 512 --map-by ppr:128:node --bind-to core --mca btl ^openib --mca pml ucx --mca orte_base_help_aggregate 0 --mca opal_common_ucx_opal_mem_hooks 1 -x UCX_LOG_LEVEL=ERROR
2026-10-06 04:00:41,309 h5bench - INFO - mpirun -np 512 --map-by ppr:128:node --bind-to core --mca btl ^openib --mca pml ucx --mca orte_base_help_aggregate 0 --mca opal_common_ucx_opal_mem_hooks 1 -x UCX_LOG_LEVEL=ERROR /home/users/ntu/haiyen00/scratch/fyp/native/h5bench/h5bench/build/install/bin//h5bench_write payload/native/n4/026743b2-25694907.pbs101/h5bench.cfg payload/native/n4/h5bench_strong_native_n4.h5
2026-10-06 04:01:05,865 h5bench - INFO - SUCCESS (all output files are located at payload/native/n4/026743b2-25694907.pbs101)
2026-10-06 04:01:05,866 h5bench - INFO - Runtime: 24.5582721 seconds (elapsed time, includes allocation wait time)
2026-10-06 04:01:05,866 h5bench - INFO - h5bench [write] - Complete
2026-10-06 04:01:05,866 h5bench - INFO - JOBID: 25694907.pbs101
2026-10-06 04:01:05,866 h5bench - INFO - h5bench [read] - Starting
2026-10-06 04:01:05,867 h5bench - INFO - h5bench [read] - DIR: payload/native/n4/3a5a7b75-25694907.pbs101/
2026-10-06 04:01:05,867 h5bench - INFO - Parallel setup: mpirun -np 512 --map-by ppr:128:node --bind-to core --mca btl ^openib --mca pml ucx --mca orte_base_help_aggregate 0 --mca opal_common_ucx_opal_mem_hooks 1 -x UCX_LOG_LEVEL=ERROR
2026-10-06 04:01:05,869 h5bench - INFO - mpirun -np 512 --map-by ppr:128:node --bind-to core --mca btl ^openib --mca pml ucx --mca orte_base_help_aggregate 0 --mca opal_common_ucx_opal_mem_hooks 1 -x UCX_LOG_LEVEL=ERROR /home/users/ntu/haiyen00/scratch/fyp/native/h5bench/h5bench/build/install/bin//h5bench_read payload/native/n4/3a5a7b75-25694907.pbs101/h5bench.cfg payload/native/n4/h5bench_strong_native_n4.h5
2026-10-06 04:01:21,913 h5bench - INFO - SUCCESS (all output files are located at payload/native/n4/3a5a7b75-25694907.pbs101)
2026-10-06 04:01:21,914 h5bench - INFO - Runtime: 16.0465198 seconds (elapsed time, includes allocation wait time)
2026-10-06 04:01:21,914 h5bench - INFO - h5bench [read] - Complete
2026-10-06 04:01:21,914 h5bench - INFO - Finishing h5bench Suite
--- Repetition 8/10 ---
+ /home/users/ntu/haiyen00/scratch/fyp/native/h5bench/h5bench/build/install/bin/h5bench -a -d native/n4/config_rep8.json

real	0m44.538s
user	18m58.932s
sys	10m26.970s
+ H5BENCH_EXIT=0
+ set +x
2026-10-06 04:01:23,380 h5bench - INFO - Starting h5bench Suite
2026-10-06 04:01:23,381 h5bench - WARNING - Base directory already exists: payload/native/n4
2026-10-06 04:01:23,391 h5bench - INFO - Lustre support detected
2026-10-06 04:01:23,391 h5bench - DEBUG - Lustre stripping configuration: lfs setstripe -S 1M -c 4 payload/native/n4
2026-10-06 04:01:23,397 h5bench - DEBUG - LD_LIBRARY_PATH: /app/libs/hdf5/1.12.1-parallel-icc22-ompi4/lib:/app/apps/openmpi/4.1.2-hpe/lib:/app/apps/oneapi/2022.1.2/mkl/2022.0.2/lib/intel64:/app/apps/oneapi/2022.1.2/compiler/2022.0.2/linux/lib:/app/apps/oneapi/2022.1.2/compiler/2022.0.2/linux/lib/x64:/app/apps/oneapi/2022.1.2/compiler/2022.0.2/linux/lib/oclfpga/host/linux64/lib:/app/apps/oneapi/2022.1.2/compiler/2022.0.2/linux/compiler/lib/intel64_lin:/opt/cray/libfabric/1.11.0.4.125/lib64
2026-10-06 04:01:23,398 h5bench - DEBUG - DYLD_LIBRARY_PATH: 
2026-10-06 04:01:23,398 h5bench - DEBUG - LD_PRELOAD: 
2026-10-06 04:01:23,398 h5bench - INFO - JOBID: 25694907.pbs101
2026-10-06 04:01:23,398 h5bench - INFO - h5bench [write] - Starting
2026-10-06 04:01:23,398 h5bench - INFO - h5bench [write] - DIR: payload/native/n4/bad3af9c-25694907.pbs101/
2026-10-06 04:01:23,399 h5bench - INFO - Parallel setup: mpirun -np 512 --map-by ppr:128:node --bind-to core --mca btl ^openib --mca pml ucx --mca orte_base_help_aggregate 0 --mca opal_common_ucx_opal_mem_hooks 1 -x UCX_LOG_LEVEL=ERROR
2026-10-06 04:01:23,400 h5bench - INFO - mpirun -np 512 --map-by ppr:128:node --bind-to core --mca btl ^openib --mca pml ucx --mca orte_base_help_aggregate 0 --mca opal_common_ucx_opal_mem_hooks 1 -x UCX_LOG_LEVEL=ERROR /home/users/ntu/haiyen00/scratch/fyp/native/h5bench/h5bench/build/install/bin//h5bench_write payload/native/n4/bad3af9c-25694907.pbs101/h5bench.cfg payload/native/n4/h5bench_strong_native_n4.h5
2026-10-06 04:01:52,335 h5bench - INFO - SUCCESS (all output files are located at payload/native/n4/bad3af9c-25694907.pbs101)
2026-10-06 04:01:52,335 h5bench - INFO - Runtime: 28.9362237 seconds (elapsed time, includes allocation wait time)
2026-10-06 04:01:52,335 h5bench - INFO - h5bench [write] - Complete
2026-10-06 04:01:52,336 h5bench - INFO - JOBID: 25694907.pbs101
2026-10-06 04:01:52,336 h5bench - INFO - h5bench [read] - Starting
2026-10-06 04:01:52,336 h5bench - INFO - h5bench [read] - DIR: payload/native/n4/98b7442d-25694907.pbs101/
2026-10-06 04:01:52,336 h5bench - INFO - Parallel setup: mpirun -np 512 --map-by ppr:128:node --bind-to core --mca btl ^openib --mca pml ucx --mca orte_base_help_aggregate 0 --mca opal_common_ucx_opal_mem_hooks 1 -x UCX_LOG_LEVEL=ERROR
2026-10-06 04:01:52,338 h5bench - INFO - mpirun -np 512 --map-by ppr:128:node --bind-to core --mca btl ^openib --mca pml ucx --mca orte_base_help_aggregate 0 --mca opal_common_ucx_opal_mem_hooks 1 -x UCX_LOG_LEVEL=ERROR /home/users/ntu/haiyen00/scratch/fyp/native/h5bench/h5bench/build/install/bin//h5bench_read payload/native/n4/98b7442d-25694907.pbs101/h5bench.cfg payload/native/n4/h5bench_strong_native_n4.h5
2026-10-06 04:02:07,848 h5bench - INFO - SUCCESS (all output files are located at payload/native/n4/98b7442d-25694907.pbs101)
2026-10-06 04:02:07,849 h5bench - INFO - Runtime: 15.5121465 seconds (elapsed time, includes allocation wait time)
2026-10-06 04:02:07,849 h5bench - INFO - h5bench [read] - Complete
2026-10-06 04:02:07,849 h5bench - INFO - Finishing h5bench Suite
--- Repetition 9/10 ---
+ /home/users/ntu/haiyen00/scratch/fyp/native/h5bench/h5bench/build/install/bin/h5bench -a -d native/n4/config_rep9.json

real	0m42.654s
user	23m11.114s
sys	10m43.512s
+ H5BENCH_EXIT=0
+ set +x
2026-10-06 04:02:09,284 h5bench - INFO - Starting h5bench Suite
2026-10-06 04:02:09,285 h5bench - WARNING - Base directory already exists: payload/native/n4
2026-10-06 04:02:09,295 h5bench - INFO - Lustre support detected
2026-10-06 04:02:09,295 h5bench - DEBUG - Lustre stripping configuration: lfs setstripe -S 1M -c 4 payload/native/n4
2026-10-06 04:02:09,301 h5bench - DEBUG - LD_LIBRARY_PATH: /app/libs/hdf5/1.12.1-parallel-icc22-ompi4/lib:/app/apps/openmpi/4.1.2-hpe/lib:/app/apps/oneapi/2022.1.2/mkl/2022.0.2/lib/intel64:/app/apps/oneapi/2022.1.2/compiler/2022.0.2/linux/lib:/app/apps/oneapi/2022.1.2/compiler/2022.0.2/linux/lib/x64:/app/apps/oneapi/2022.1.2/compiler/2022.0.2/linux/lib/oclfpga/host/linux64/lib:/app/apps/oneapi/2022.1.2/compiler/2022.0.2/linux/compiler/lib/intel64_lin:/opt/cray/libfabric/1.11.0.4.125/lib64
2026-10-06 04:02:09,302 h5bench - DEBUG - DYLD_LIBRARY_PATH: 
2026-10-06 04:02:09,302 h5bench - DEBUG - LD_PRELOAD: 
2026-10-06 04:02:09,302 h5bench - INFO - JOBID: 25694907.pbs101
2026-10-06 04:02:09,302 h5bench - INFO - h5bench [write] - Starting
2026-10-06 04:02:09,302 h5bench - INFO - h5bench [write] - DIR: payload/native/n4/ae086ec4-25694907.pbs101/
2026-10-06 04:02:09,303 h5bench - INFO - Parallel setup: mpirun -np 512 --map-by ppr:128:node --bind-to core --mca btl ^openib --mca pml ucx --mca orte_base_help_aggregate 0 --mca opal_common_ucx_opal_mem_hooks 1 -x UCX_LOG_LEVEL=ERROR
2026-10-06 04:02:09,304 h5bench - INFO - mpirun -np 512 --map-by ppr:128:node --bind-to core --mca btl ^openib --mca pml ucx --mca orte_base_help_aggregate 0 --mca opal_common_ucx_opal_mem_hooks 1 -x UCX_LOG_LEVEL=ERROR /home/users/ntu/haiyen00/scratch/fyp/native/h5bench/h5bench/build/install/bin//h5bench_write payload/native/n4/ae086ec4-25694907.pbs101/h5bench.cfg payload/native/n4/h5bench_strong_native_n4.h5
2026-10-06 04:02:36,547 h5bench - INFO - SUCCESS (all output files are located at payload/native/n4/ae086ec4-25694907.pbs101)
2026-10-06 04:02:36,547 h5bench - INFO - Runtime: 27.2443666 seconds (elapsed time, includes allocation wait time)
2026-10-06 04:02:36,547 h5bench - INFO - h5bench [write] - Complete
2026-10-06 04:02:36,548 h5bench - INFO - JOBID: 25694907.pbs101
2026-10-06 04:02:36,548 h5bench - INFO - h5bench [read] - Starting
2026-10-06 04:02:36,548 h5bench - INFO - h5bench [read] - DIR: payload/native/n4/30680413-25694907.pbs101/
2026-10-06 04:02:36,548 h5bench - INFO - Parallel setup: mpirun -np 512 --map-by ppr:128:node --bind-to core --mca btl ^openib --mca pml ucx --mca orte_base_help_aggregate 0 --mca opal_common_ucx_opal_mem_hooks 1 -x UCX_LOG_LEVEL=ERROR
2026-10-06 04:02:36,550 h5bench - INFO - mpirun -np 512 --map-by ppr:128:node --bind-to core --mca btl ^openib --mca pml ucx --mca orte_base_help_aggregate 0 --mca opal_common_ucx_opal_mem_hooks 1 -x UCX_LOG_LEVEL=ERROR /home/users/ntu/haiyen00/scratch/fyp/native/h5bench/h5bench/build/install/bin//h5bench_read payload/native/n4/30680413-25694907.pbs101/h5bench.cfg payload/native/n4/h5bench_strong_native_n4.h5
2026-10-06 04:02:51,869 h5bench - INFO - SUCCESS (all output files are located at payload/native/n4/30680413-25694907.pbs101)
2026-10-06 04:02:51,869 h5bench - INFO - Runtime: 15.3205938 seconds (elapsed time, includes allocation wait time)
2026-10-06 04:02:51,869 h5bench - INFO - h5bench [read] - Complete
2026-10-06 04:02:51,870 h5bench - INFO - Finishing h5bench Suite
--- Repetition 10/10 ---
+ /home/users/ntu/haiyen00/scratch/fyp/native/h5bench/h5bench/build/install/bin/h5bench -a -d native/n4/config_rep10.json

real	0m39.771s
user	13m49.149s
sys	10m18.400s
+ H5BENCH_EXIT=0
+ set +x
2026-10-06 04:02:53,331 h5bench - INFO - Starting h5bench Suite
2026-10-06 04:02:53,332 h5bench - WARNING - Base directory already exists: payload/native/n4
2026-10-06 04:02:53,343 h5bench - INFO - Lustre support detected
2026-10-06 04:02:53,343 h5bench - DEBUG - Lustre stripping configuration: lfs setstripe -S 1M -c 4 payload/native/n4
2026-10-06 04:02:53,349 h5bench - DEBUG - LD_LIBRARY_PATH: /app/libs/hdf5/1.12.1-parallel-icc22-ompi4/lib:/app/apps/openmpi/4.1.2-hpe/lib:/app/apps/oneapi/2022.1.2/mkl/2022.0.2/lib/intel64:/app/apps/oneapi/2022.1.2/compiler/2022.0.2/linux/lib:/app/apps/oneapi/2022.1.2/compiler/2022.0.2/linux/lib/x64:/app/apps/oneapi/2022.1.2/compiler/2022.0.2/linux/lib/oclfpga/host/linux64/lib:/app/apps/oneapi/2022.1.2/compiler/2022.0.2/linux/compiler/lib/intel64_lin:/opt/cray/libfabric/1.11.0.4.125/lib64
2026-10-06 04:02:53,350 h5bench - DEBUG - DYLD_LIBRARY_PATH: 
2026-10-06 04:02:53,350 h5bench - DEBUG - LD_PRELOAD: 
2026-10-06 04:02:53,350 h5bench - INFO - JOBID: 25694907.pbs101
2026-10-06 04:02:53,350 h5bench - INFO - h5bench [write] - Starting
2026-10-06 04:02:53,350 h5bench - INFO - h5bench [write] - DIR: payload/native/n4/76108167-25694907.pbs101/
2026-10-06 04:02:53,351 h5bench - INFO - Parallel setup: mpirun -np 512 --map-by ppr:128:node --bind-to core --mca btl ^openib --mca pml ucx --mca orte_base_help_aggregate 0 --mca opal_common_ucx_opal_mem_hooks 1 -x UCX_LOG_LEVEL=ERROR
2026-10-06 04:02:53,352 h5bench - INFO - mpirun -np 512 --map-by ppr:128:node --bind-to core --mca btl ^openib --mca pml ucx --mca orte_base_help_aggregate 0 --mca opal_common_ucx_opal_mem_hooks 1 -x UCX_LOG_LEVEL=ERROR /home/users/ntu/haiyen00/scratch/fyp/native/h5bench/h5bench/build/install/bin//h5bench_write payload/native/n4/76108167-25694907.pbs101/h5bench.cfg payload/native/n4/h5bench_strong_native_n4.h5
2026-10-06 04:03:19,082 h5bench - INFO - SUCCESS (all output files are located at payload/native/n4/76108167-25694907.pbs101)
2026-10-06 04:03:19,083 h5bench - INFO - Runtime: 25.7320426 seconds (elapsed time, includes allocation wait time)
2026-10-06 04:03:19,083 h5bench - INFO - h5bench [write] - Complete
2026-10-06 04:03:19,083 h5bench - INFO - JOBID: 25694907.pbs101
2026-10-06 04:03:19,083 h5bench - INFO - h5bench [read] - Starting
2026-10-06 04:03:19,083 h5bench - INFO - h5bench [read] - DIR: payload/native/n4/00fce240-25694907.pbs101/
2026-10-06 04:03:19,084 h5bench - INFO - Parallel setup: mpirun -np 512 --map-by ppr:128:node --bind-to core --mca btl ^openib --mca pml ucx --mca orte_base_help_aggregate 0 --mca opal_common_ucx_opal_mem_hooks 1 -x UCX_LOG_LEVEL=ERROR
2026-10-06 04:03:19,085 h5bench - INFO - mpirun -np 512 --map-by ppr:128:node --bind-to core --mca btl ^openib --mca pml ucx --mca orte_base_help_aggregate 0 --mca opal_common_ucx_opal_mem_hooks 1 -x UCX_LOG_LEVEL=ERROR /home/users/ntu/haiyen00/scratch/fyp/native/h5bench/h5bench/build/install/bin//h5bench_read payload/native/n4/00fce240-25694907.pbs101/h5bench.cfg payload/native/n4/h5bench_strong_native_n4.h5
2026-10-06 04:03:33,033 h5bench - INFO - SUCCESS (all output files are located at payload/native/n4/00fce240-25694907.pbs101)
2026-10-06 04:03:33,033 h5bench - INFO - Runtime: 13.9492404 seconds (elapsed time, includes allocation wait time)
2026-10-06 04:03:33,033 h5bench - INFO - h5bench [read] - Complete
2026-10-06 04:03:33,034 h5bench - INFO - Finishing h5bench Suite
=== Lustre striping actually applied to payload/native/n4 ===
payload/native/n4
stripe_count:  4 stripe_size:   1048576 pattern:       raid0 stripe_offset: -1 pool:          disk

payload/native/n4/3a5a7b75-25694907.pbs101
stripe_count:  4 stripe_size:   1048576 pattern:       raid0 stripe_offset: -1 pool:          disk

payload/native/n4/30680413-25694907.pbs101
stripe_count:  4 stripe_size:   1048576 pattern:       raid0 stripe_offset: -1 pool:          disk

payload/native/n4/5fb73452-25694907.pbs101
stripe_count:  4 stripe_size:   1048576 pattern:       raid0 stripe_offset: -1 pool:          disk

payload/native/n4/bb7ed28b-25694907.pbs101
stripe_count:  4 stripe_size:   1048576 pattern:       raid0 stripe_offset: -1 pool:          disk

payload/native/n4/97ec41de-25694907.pbs101
stripe_count:  4 stripe_size:   1048576 pattern:       raid0 stripe_offset: -1 pool:          disk

payload/native/n4/98b7442d-25694907.pbs101
stripe_count:  4 stripe_size:   1048576 pattern:       raid0 stripe_offset: -1 pool:          disk

payload/native/n4/a5fa0cf7-25694907.pbs101
stripe_count:  4 stripe_size:   1048576 pattern:       raid0 stripe_offset: -1 pool:          disk

payload/native/n4/76108167-25694907.pbs101
stripe_count:  4 stripe_size:   1048576 pattern:       raid0 stripe_offset: -1 pool:          disk

payload/native/n4/ae086ec4-25694907.pbs101
stripe_count:  4 stripe_size:   1048576 pattern:       raid0 stripe_offset: -1 pool:          disk

payload/native/n4/e4a8d934-25694907.pbs101
stripe_count:  4 stripe_size:   1048576 pattern:       raid0 stripe_offset: -1 pool:          disk

payload/native/n4/c214fb71-25694907.pbs101
stripe_count:  4 stripe_size:   1048576 pattern:       raid0 stripe_offset: -1 pool:          disk

payload/native/n4/026743b2-25694907.pbs101
stripe_count:  4 stripe_size:   1048576 pattern:       raid0 stripe_offset: -1 pool:          disk

payload/native/n4/h5bench_strong_native_n4.h5
lmm_stripe_count:  4
lmm_stripe_size:   1048576
lmm_pattern:       raid0
lmm_layout_gen:    0
lmm_stripe_offset: 17
lmm_pool:          disk
	obdidx		 objid		 objid		 group
	    17	    1332393371	   0x4f6ab59b	   0x700000400
	    19	    1331863934	   0x4f62a17e	   0x740000400
	    21	    1332127180	   0x4f66a5cc	   0x800000400
	    23	    1331756035	   0x4f60fc03	   0x840000400

payload/native/n4/a9b8e57f-25694907.pbs101
stripe_count:  4 stripe_size:   1048576 pattern:       raid0 stripe_offset: -1 pool:          disk

payload/native/n4/d0caba2b-25694907.pbs101
stripe_count:  4 stripe_size:   1048576 pattern:       raid0 stripe_offset: -1 pool:          disk

payload/native/n4/00fce240-25694907.pbs101
stripe_count:  4 stripe_size:   1048576 pattern:       raid0 stripe_offset: -1 pool:          disk

payload/native/n4/ebd5e436-25694907.pbs101
stripe_count:  4 stripe_size:   1048576 pattern:       raid0 stripe_offset: -1 pool:          disk

payload/native/n4/d2401c3f-25694907.pbs101
stripe_count:  4 stripe_size:   1048576 pattern:       raid0 stripe_offset: -1 pool:          disk

payload/native/n4/6c481757-25694907.pbs101
stripe_count:  4 stripe_size:   1048576 pattern:       raid0 stripe_offset: -1 pool:          disk

payload/native/n4/a106c785-25694907.pbs101
stripe_count:  4 stripe_size:   1048576 pattern:       raid0 stripe_offset: -1 pool:          disk

payload/native/n4/bad3af9c-25694907.pbs101
stripe_count:  4 stripe_size:   1048576 pattern:       raid0 stripe_offset: -1 pool:          disk

Completed Successfully! 
