Currently Loaded Modulefiles:
  1) libfabric/1.11.0.4.125             3) openmpi/4.1.2-hpe
  2) intel/2022.0.2                     4) hdf5/1.12.1-parallel-icc22-ompi4
mpirun (Open MPI) 4.1.2

Report bugs to http://www.open-mpi.org/community/help/
=== Verifying Lustre striping layout for payload/native/dyes_myes ===
payload/native/dyes_myes
stripe_count:  4 stripe_size:   1048576 pattern:       raid0 stripe_offset: -1 pool:          disk

=================================================================
 Native Collective I/O: COLLECTIVE_DATA=YES COLLECTIVE_METADATA=YES NODES=2 NP=256 REPS=10 
=================================================================
--- Repetition 1/10 ---
+ /home/users/ntu/haiyen00/scratch/fyp/native/h5bench/h5bench/build/install/bin/h5bench -a -d native/dyes_myes/config_rep1.json

real	1m1.407s
user	64m13.892s
sys	23m18.066s
+ H5BENCH_EXIT=0
+ set +x
2026-10-06 03:33:09,474 h5bench - INFO - Starting h5bench Suite
2026-10-06 03:33:09,475 h5bench - WARNING - Base directory already exists: payload/native/dyes_myes
2026-10-06 03:33:09,480 h5bench - INFO - Lustre support detected
2026-10-06 03:33:09,480 h5bench - DEBUG - Lustre stripping configuration: lfs setstripe -S 1M -c 4 payload/native/dyes_myes
2026-10-06 03:33:09,485 h5bench - DEBUG - LD_LIBRARY_PATH: /app/libs/hdf5/1.12.1-parallel-icc22-ompi4/lib:/app/apps/openmpi/4.1.2-hpe/lib:/app/apps/oneapi/2022.1.2/mkl/2022.0.2/lib/intel64:/app/apps/oneapi/2022.1.2/compiler/2022.0.2/linux/lib:/app/apps/oneapi/2022.1.2/compiler/2022.0.2/linux/lib/x64:/app/apps/oneapi/2022.1.2/compiler/2022.0.2/linux/lib/oclfpga/host/linux64/lib:/app/apps/oneapi/2022.1.2/compiler/2022.0.2/linux/compiler/lib/intel64_lin:/opt/cray/libfabric/1.11.0.4.125/lib64
2026-10-06 03:33:09,486 h5bench - DEBUG - DYLD_LIBRARY_PATH: 
2026-10-06 03:33:09,486 h5bench - DEBUG - LD_PRELOAD: 
2026-10-06 03:33:09,486 h5bench - INFO - JOBID: 25696083.pbs101
2026-10-06 03:33:09,486 h5bench - INFO - h5bench [write] - Starting
2026-10-06 03:33:09,486 h5bench - INFO - h5bench [write] - DIR: payload/native/dyes_myes/f82b43c0-25696083.pbs101/
2026-10-06 03:33:09,487 h5bench - INFO - Parallel setup: mpirun -np 256 --map-by ppr:128:node --bind-to core --mca btl ^openib --mca pml ucx --mca orte_base_help_aggregate 0 --mca opal_common_ucx_opal_mem_hooks 1 -x UCX_LOG_LEVEL=ERROR
2026-10-06 03:33:09,488 h5bench - INFO - mpirun -np 256 --map-by ppr:128:node --bind-to core --mca btl ^openib --mca pml ucx --mca orte_base_help_aggregate 0 --mca opal_common_ucx_opal_mem_hooks 1 -x UCX_LOG_LEVEL=ERROR /home/users/ntu/haiyen00/scratch/fyp/native/h5bench/h5bench/build/install/bin//h5bench_write payload/native/dyes_myes/f82b43c0-25696083.pbs101/h5bench.cfg payload/native/dyes_myes/h5bench_collective_native_dyes_myes.h5
2026-10-06 03:33:47,726 h5bench - INFO - SUCCESS (all output files are located at payload/native/dyes_myes/f82b43c0-25696083.pbs101)
2026-10-06 03:33:47,727 h5bench - INFO - Runtime: 38.2401087 seconds (elapsed time, includes allocation wait time)
2026-10-06 03:33:47,727 h5bench - INFO - h5bench [write] - Complete
2026-10-06 03:33:47,727 h5bench - INFO - JOBID: 25696083.pbs101
2026-10-06 03:33:47,727 h5bench - INFO - h5bench [read] - Starting
2026-10-06 03:33:47,728 h5bench - INFO - h5bench [read] - DIR: payload/native/dyes_myes/9e62484d-25696083.pbs101/
2026-10-06 03:33:47,728 h5bench - INFO - Parallel setup: mpirun -np 256 --map-by ppr:128:node --bind-to core --mca btl ^openib --mca pml ucx --mca orte_base_help_aggregate 0 --mca opal_common_ucx_opal_mem_hooks 1 -x UCX_LOG_LEVEL=ERROR
2026-10-06 03:33:47,729 h5bench - INFO - mpirun -np 256 --map-by ppr:128:node --bind-to core --mca btl ^openib --mca pml ucx --mca orte_base_help_aggregate 0 --mca opal_common_ucx_opal_mem_hooks 1 -x UCX_LOG_LEVEL=ERROR /home/users/ntu/haiyen00/scratch/fyp/native/h5bench/h5bench/build/install/bin//h5bench_read payload/native/dyes_myes/9e62484d-25696083.pbs101/h5bench.cfg payload/native/dyes_myes/h5bench_collective_native_dyes_myes.h5
2026-10-06 03:34:10,335 h5bench - INFO - SUCCESS (all output files are located at payload/native/dyes_myes/9e62484d-25696083.pbs101)
2026-10-06 03:34:10,335 h5bench - INFO - Runtime: 22.6071475 seconds (elapsed time, includes allocation wait time)
2026-10-06 03:34:10,335 h5bench - INFO - h5bench [read] - Complete
2026-10-06 03:34:10,336 h5bench - INFO - Finishing h5bench Suite
--- Repetition 2/10 ---
+ /home/users/ntu/haiyen00/scratch/fyp/native/h5bench/h5bench/build/install/bin/h5bench -a -d native/dyes_myes/config_rep2.json

real	1m0.367s
user	63m15.090s
sys	21m36.071s
+ H5BENCH_EXIT=0
+ set +x
2026-10-06 03:34:19,391 h5bench - INFO - Starting h5bench Suite
2026-10-06 03:34:19,392 h5bench - WARNING - Base directory already exists: payload/native/dyes_myes
2026-10-06 03:34:19,397 h5bench - INFO - Lustre support detected
2026-10-06 03:34:19,398 h5bench - DEBUG - Lustre stripping configuration: lfs setstripe -S 1M -c 4 payload/native/dyes_myes
2026-10-06 03:34:19,403 h5bench - DEBUG - LD_LIBRARY_PATH: /app/libs/hdf5/1.12.1-parallel-icc22-ompi4/lib:/app/apps/openmpi/4.1.2-hpe/lib:/app/apps/oneapi/2022.1.2/mkl/2022.0.2/lib/intel64:/app/apps/oneapi/2022.1.2/compiler/2022.0.2/linux/lib:/app/apps/oneapi/2022.1.2/compiler/2022.0.2/linux/lib/x64:/app/apps/oneapi/2022.1.2/compiler/2022.0.2/linux/lib/oclfpga/host/linux64/lib:/app/apps/oneapi/2022.1.2/compiler/2022.0.2/linux/compiler/lib/intel64_lin:/opt/cray/libfabric/1.11.0.4.125/lib64
2026-10-06 03:34:19,404 h5bench - DEBUG - DYLD_LIBRARY_PATH: 
2026-10-06 03:34:19,404 h5bench - DEBUG - LD_PRELOAD: 
2026-10-06 03:34:19,404 h5bench - INFO - JOBID: 25696083.pbs101
2026-10-06 03:34:19,404 h5bench - INFO - h5bench [write] - Starting
2026-10-06 03:34:19,404 h5bench - INFO - h5bench [write] - DIR: payload/native/dyes_myes/11b67e6b-25696083.pbs101/
2026-10-06 03:34:19,405 h5bench - INFO - Parallel setup: mpirun -np 256 --map-by ppr:128:node --bind-to core --mca btl ^openib --mca pml ucx --mca orte_base_help_aggregate 0 --mca opal_common_ucx_opal_mem_hooks 1 -x UCX_LOG_LEVEL=ERROR
2026-10-06 03:34:19,407 h5bench - INFO - mpirun -np 256 --map-by ppr:128:node --bind-to core --mca btl ^openib --mca pml ucx --mca orte_base_help_aggregate 0 --mca opal_common_ucx_opal_mem_hooks 1 -x UCX_LOG_LEVEL=ERROR /home/users/ntu/haiyen00/scratch/fyp/native/h5bench/h5bench/build/install/bin//h5bench_write payload/native/dyes_myes/11b67e6b-25696083.pbs101/h5bench.cfg payload/native/dyes_myes/h5bench_collective_native_dyes_myes.h5
2026-10-06 03:34:54,416 h5bench - INFO - SUCCESS (all output files are located at payload/native/dyes_myes/11b67e6b-25696083.pbs101)
2026-10-06 03:34:54,416 h5bench - INFO - Runtime: 35.0113921 seconds (elapsed time, includes allocation wait time)
2026-10-06 03:34:54,417 h5bench - INFO - h5bench [write] - Complete
2026-10-06 03:34:54,417 h5bench - INFO - JOBID: 25696083.pbs101
2026-10-06 03:34:54,417 h5bench - INFO - h5bench [read] - Starting
2026-10-06 03:34:54,417 h5bench - INFO - h5bench [read] - DIR: payload/native/dyes_myes/4dfde2de-25696083.pbs101/
2026-10-06 03:34:54,418 h5bench - INFO - Parallel setup: mpirun -np 256 --map-by ppr:128:node --bind-to core --mca btl ^openib --mca pml ucx --mca orte_base_help_aggregate 0 --mca opal_common_ucx_opal_mem_hooks 1 -x UCX_LOG_LEVEL=ERROR
2026-10-06 03:34:54,419 h5bench - INFO - mpirun -np 256 --map-by ppr:128:node --bind-to core --mca btl ^openib --mca pml ucx --mca orte_base_help_aggregate 0 --mca opal_common_ucx_opal_mem_hooks 1 -x UCX_LOG_LEVEL=ERROR /home/users/ntu/haiyen00/scratch/fyp/native/h5bench/h5bench/build/install/bin//h5bench_read payload/native/dyes_myes/4dfde2de-25696083.pbs101/h5bench.cfg payload/native/dyes_myes/h5bench_collective_native_dyes_myes.h5
2026-10-06 03:35:19,695 h5bench - INFO - SUCCESS (all output files are located at payload/native/dyes_myes/4dfde2de-25696083.pbs101)
2026-10-06 03:35:19,695 h5bench - INFO - Runtime: 25.2774968 seconds (elapsed time, includes allocation wait time)
2026-10-06 03:35:19,695 h5bench - INFO - h5bench [read] - Complete
2026-10-06 03:35:19,696 h5bench - INFO - Finishing h5bench Suite
--- Repetition 3/10 ---
+ /home/users/ntu/haiyen00/scratch/fyp/native/h5bench/h5bench/build/install/bin/h5bench -a -d native/dyes_myes/config_rep3.json

real	1m4.751s
user	70m42.195s
sys	18m54.704s
+ H5BENCH_EXIT=0
+ set +x
2026-10-06 03:35:27,855 h5bench - INFO - Starting h5bench Suite
2026-10-06 03:35:27,856 h5bench - WARNING - Base directory already exists: payload/native/dyes_myes
2026-10-06 03:35:27,863 h5bench - INFO - Lustre support detected
2026-10-06 03:35:27,863 h5bench - DEBUG - Lustre stripping configuration: lfs setstripe -S 1M -c 4 payload/native/dyes_myes
2026-10-06 03:35:27,869 h5bench - DEBUG - LD_LIBRARY_PATH: /app/libs/hdf5/1.12.1-parallel-icc22-ompi4/lib:/app/apps/openmpi/4.1.2-hpe/lib:/app/apps/oneapi/2022.1.2/mkl/2022.0.2/lib/intel64:/app/apps/oneapi/2022.1.2/compiler/2022.0.2/linux/lib:/app/apps/oneapi/2022.1.2/compiler/2022.0.2/linux/lib/x64:/app/apps/oneapi/2022.1.2/compiler/2022.0.2/linux/lib/oclfpga/host/linux64/lib:/app/apps/oneapi/2022.1.2/compiler/2022.0.2/linux/compiler/lib/intel64_lin:/opt/cray/libfabric/1.11.0.4.125/lib64
2026-10-06 03:35:27,870 h5bench - DEBUG - DYLD_LIBRARY_PATH: 
2026-10-06 03:35:27,870 h5bench - DEBUG - LD_PRELOAD: 
2026-10-06 03:35:27,870 h5bench - INFO - JOBID: 25696083.pbs101
2026-10-06 03:35:27,870 h5bench - INFO - h5bench [write] - Starting
2026-10-06 03:35:27,870 h5bench - INFO - h5bench [write] - DIR: payload/native/dyes_myes/1eac697c-25696083.pbs101/
2026-10-06 03:35:27,871 h5bench - INFO - Parallel setup: mpirun -np 256 --map-by ppr:128:node --bind-to core --mca btl ^openib --mca pml ucx --mca orte_base_help_aggregate 0 --mca opal_common_ucx_opal_mem_hooks 1 -x UCX_LOG_LEVEL=ERROR
2026-10-06 03:35:27,873 h5bench - INFO - mpirun -np 256 --map-by ppr:128:node --bind-to core --mca btl ^openib --mca pml ucx --mca orte_base_help_aggregate 0 --mca opal_common_ucx_opal_mem_hooks 1 -x UCX_LOG_LEVEL=ERROR /home/users/ntu/haiyen00/scratch/fyp/native/h5bench/h5bench/build/install/bin//h5bench_write payload/native/dyes_myes/1eac697c-25696083.pbs101/h5bench.cfg payload/native/dyes_myes/h5bench_collective_native_dyes_myes.h5
2026-10-06 03:36:05,158 h5bench - INFO - SUCCESS (all output files are located at payload/native/dyes_myes/1eac697c-25696083.pbs101)
2026-10-06 03:36:05,159 h5bench - INFO - Runtime: 37.2879491 seconds (elapsed time, includes allocation wait time)
2026-10-06 03:36:05,159 h5bench - INFO - h5bench [write] - Complete
2026-10-06 03:36:05,159 h5bench - INFO - JOBID: 25696083.pbs101
2026-10-06 03:36:05,159 h5bench - INFO - h5bench [read] - Starting
2026-10-06 03:36:05,159 h5bench - INFO - h5bench [read] - DIR: payload/native/dyes_myes/d4d49856-25696083.pbs101/
2026-10-06 03:36:05,160 h5bench - INFO - Parallel setup: mpirun -np 256 --map-by ppr:128:node --bind-to core --mca btl ^openib --mca pml ucx --mca orte_base_help_aggregate 0 --mca opal_common_ucx_opal_mem_hooks 1 -x UCX_LOG_LEVEL=ERROR
2026-10-06 03:36:05,161 h5bench - INFO - mpirun -np 256 --map-by ppr:128:node --bind-to core --mca btl ^openib --mca pml ucx --mca orte_base_help_aggregate 0 --mca opal_common_ucx_opal_mem_hooks 1 -x UCX_LOG_LEVEL=ERROR /home/users/ntu/haiyen00/scratch/fyp/native/h5bench/h5bench/build/install/bin//h5bench_read payload/native/dyes_myes/d4d49856-25696083.pbs101/h5bench.cfg payload/native/dyes_myes/h5bench_collective_native_dyes_myes.h5
2026-10-06 03:36:32,541 h5bench - INFO - SUCCESS (all output files are located at payload/native/dyes_myes/d4d49856-25696083.pbs101)
2026-10-06 03:36:32,542 h5bench - INFO - Runtime: 27.3814802 seconds (elapsed time, includes allocation wait time)
2026-10-06 03:36:32,542 h5bench - INFO - h5bench [read] - Complete
2026-10-06 03:36:32,542 h5bench - INFO - Finishing h5bench Suite
--- Repetition 4/10 ---
+ /home/users/ntu/haiyen00/scratch/fyp/native/h5bench/h5bench/build/install/bin/h5bench -a -d native/dyes_myes/config_rep4.json

real	1m3.981s
user	67m48.664s
sys	22m7.361s
+ H5BENCH_EXIT=0
+ set +x
2026-10-06 03:36:40,579 h5bench - INFO - Starting h5bench Suite
2026-10-06 03:36:40,581 h5bench - WARNING - Base directory already exists: payload/native/dyes_myes
2026-10-06 03:36:40,587 h5bench - INFO - Lustre support detected
2026-10-06 03:36:40,587 h5bench - DEBUG - Lustre stripping configuration: lfs setstripe -S 1M -c 4 payload/native/dyes_myes
2026-10-06 03:36:40,593 h5bench - DEBUG - LD_LIBRARY_PATH: /app/libs/hdf5/1.12.1-parallel-icc22-ompi4/lib:/app/apps/openmpi/4.1.2-hpe/lib:/app/apps/oneapi/2022.1.2/mkl/2022.0.2/lib/intel64:/app/apps/oneapi/2022.1.2/compiler/2022.0.2/linux/lib:/app/apps/oneapi/2022.1.2/compiler/2022.0.2/linux/lib/x64:/app/apps/oneapi/2022.1.2/compiler/2022.0.2/linux/lib/oclfpga/host/linux64/lib:/app/apps/oneapi/2022.1.2/compiler/2022.0.2/linux/compiler/lib/intel64_lin:/opt/cray/libfabric/1.11.0.4.125/lib64
2026-10-06 03:36:40,593 h5bench - DEBUG - DYLD_LIBRARY_PATH: 
2026-10-06 03:36:40,593 h5bench - DEBUG - LD_PRELOAD: 
2026-10-06 03:36:40,594 h5bench - INFO - JOBID: 25696083.pbs101
2026-10-06 03:36:40,594 h5bench - INFO - h5bench [write] - Starting
2026-10-06 03:36:40,594 h5bench - INFO - h5bench [write] - DIR: payload/native/dyes_myes/c9f4c4e4-25696083.pbs101/
2026-10-06 03:36:40,594 h5bench - INFO - Parallel setup: mpirun -np 256 --map-by ppr:128:node --bind-to core --mca btl ^openib --mca pml ucx --mca orte_base_help_aggregate 0 --mca opal_common_ucx_opal_mem_hooks 1 -x UCX_LOG_LEVEL=ERROR
2026-10-06 03:36:40,596 h5bench - INFO - mpirun -np 256 --map-by ppr:128:node --bind-to core --mca btl ^openib --mca pml ucx --mca orte_base_help_aggregate 0 --mca opal_common_ucx_opal_mem_hooks 1 -x UCX_LOG_LEVEL=ERROR /home/users/ntu/haiyen00/scratch/fyp/native/h5bench/h5bench/build/install/bin//h5bench_write payload/native/dyes_myes/c9f4c4e4-25696083.pbs101/h5bench.cfg payload/native/dyes_myes/h5bench_collective_native_dyes_myes.h5
2026-10-06 03:37:18,254 h5bench - INFO - SUCCESS (all output files are located at payload/native/dyes_myes/c9f4c4e4-25696083.pbs101)
2026-10-06 03:37:18,255 h5bench - INFO - Runtime: 37.6603720 seconds (elapsed time, includes allocation wait time)
2026-10-06 03:37:18,255 h5bench - INFO - h5bench [write] - Complete
2026-10-06 03:37:18,255 h5bench - INFO - JOBID: 25696083.pbs101
2026-10-06 03:37:18,255 h5bench - INFO - h5bench [read] - Starting
2026-10-06 03:37:18,255 h5bench - INFO - h5bench [read] - DIR: payload/native/dyes_myes/fe0843c4-25696083.pbs101/
2026-10-06 03:37:18,256 h5bench - INFO - Parallel setup: mpirun -np 256 --map-by ppr:128:node --bind-to core --mca btl ^openib --mca pml ucx --mca orte_base_help_aggregate 0 --mca opal_common_ucx_opal_mem_hooks 1 -x UCX_LOG_LEVEL=ERROR
2026-10-06 03:37:18,257 h5bench - INFO - mpirun -np 256 --map-by ppr:128:node --bind-to core --mca btl ^openib --mca pml ucx --mca orte_base_help_aggregate 0 --mca opal_common_ucx_opal_mem_hooks 1 -x UCX_LOG_LEVEL=ERROR /home/users/ntu/haiyen00/scratch/fyp/native/h5bench/h5bench/build/install/bin//h5bench_read payload/native/dyes_myes/fe0843c4-25696083.pbs101/h5bench.cfg payload/native/dyes_myes/h5bench_collective_native_dyes_myes.h5
2026-10-06 03:37:44,498 h5bench - INFO - SUCCESS (all output files are located at payload/native/dyes_myes/fe0843c4-25696083.pbs101)
2026-10-06 03:37:44,499 h5bench - INFO - Runtime: 26.2426305 seconds (elapsed time, includes allocation wait time)
2026-10-06 03:37:44,499 h5bench - INFO - h5bench [read] - Complete
2026-10-06 03:37:44,499 h5bench - INFO - Finishing h5bench Suite
--- Repetition 5/10 ---
+ /home/users/ntu/haiyen00/scratch/fyp/native/h5bench/h5bench/build/install/bin/h5bench -a -d native/dyes_myes/config_rep5.json

real	0m55.518s
user	55m18.368s
sys	18m48.162s
+ H5BENCH_EXIT=0
+ set +x
2026-10-06 03:37:52,762 h5bench - INFO - Starting h5bench Suite
2026-10-06 03:37:52,763 h5bench - WARNING - Base directory already exists: payload/native/dyes_myes
2026-10-06 03:37:52,771 h5bench - INFO - Lustre support detected
2026-10-06 03:37:52,772 h5bench - DEBUG - Lustre stripping configuration: lfs setstripe -S 1M -c 4 payload/native/dyes_myes
2026-10-06 03:37:52,778 h5bench - DEBUG - LD_LIBRARY_PATH: /app/libs/hdf5/1.12.1-parallel-icc22-ompi4/lib:/app/apps/openmpi/4.1.2-hpe/lib:/app/apps/oneapi/2022.1.2/mkl/2022.0.2/lib/intel64:/app/apps/oneapi/2022.1.2/compiler/2022.0.2/linux/lib:/app/apps/oneapi/2022.1.2/compiler/2022.0.2/linux/lib/x64:/app/apps/oneapi/2022.1.2/compiler/2022.0.2/linux/lib/oclfpga/host/linux64/lib:/app/apps/oneapi/2022.1.2/compiler/2022.0.2/linux/compiler/lib/intel64_lin:/opt/cray/libfabric/1.11.0.4.125/lib64
2026-10-06 03:37:52,778 h5bench - DEBUG - DYLD_LIBRARY_PATH: 
2026-10-06 03:37:52,778 h5bench - DEBUG - LD_PRELOAD: 
2026-10-06 03:37:52,779 h5bench - INFO - JOBID: 25696083.pbs101
2026-10-06 03:37:52,779 h5bench - INFO - h5bench [write] - Starting
2026-10-06 03:37:52,779 h5bench - INFO - h5bench [write] - DIR: payload/native/dyes_myes/e3ff82d4-25696083.pbs101/
2026-10-06 03:37:52,779 h5bench - INFO - Parallel setup: mpirun -np 256 --map-by ppr:128:node --bind-to core --mca btl ^openib --mca pml ucx --mca orte_base_help_aggregate 0 --mca opal_common_ucx_opal_mem_hooks 1 -x UCX_LOG_LEVEL=ERROR
2026-10-06 03:37:52,781 h5bench - INFO - mpirun -np 256 --map-by ppr:128:node --bind-to core --mca btl ^openib --mca pml ucx --mca orte_base_help_aggregate 0 --mca opal_common_ucx_opal_mem_hooks 1 -x UCX_LOG_LEVEL=ERROR /home/users/ntu/haiyen00/scratch/fyp/native/h5bench/h5bench/build/install/bin//h5bench_write payload/native/dyes_myes/e3ff82d4-25696083.pbs101/h5bench.cfg payload/native/dyes_myes/h5bench_collective_native_dyes_myes.h5
2026-10-06 03:38:25,868 h5bench - INFO - SUCCESS (all output files are located at payload/native/dyes_myes/e3ff82d4-25696083.pbs101)
2026-10-06 03:38:25,868 h5bench - INFO - Runtime: 33.0886846 seconds (elapsed time, includes allocation wait time)
2026-10-06 03:38:25,868 h5bench - INFO - h5bench [write] - Complete
2026-10-06 03:38:25,868 h5bench - INFO - JOBID: 25696083.pbs101
2026-10-06 03:38:25,868 h5bench - INFO - h5bench [read] - Starting
2026-10-06 03:38:25,869 h5bench - INFO - h5bench [read] - DIR: payload/native/dyes_myes/60b5ce7a-25696083.pbs101/
2026-10-06 03:38:25,869 h5bench - INFO - Parallel setup: mpirun -np 256 --map-by ppr:128:node --bind-to core --mca btl ^openib --mca pml ucx --mca orte_base_help_aggregate 0 --mca opal_common_ucx_opal_mem_hooks 1 -x UCX_LOG_LEVEL=ERROR
2026-10-06 03:38:25,870 h5bench - INFO - mpirun -np 256 --map-by ppr:128:node --bind-to core --mca btl ^openib --mca pml ucx --mca orte_base_help_aggregate 0 --mca opal_common_ucx_opal_mem_hooks 1 -x UCX_LOG_LEVEL=ERROR /home/users/ntu/haiyen00/scratch/fyp/native/h5bench/h5bench/build/install/bin//h5bench_read payload/native/dyes_myes/60b5ce7a-25696083.pbs101/h5bench.cfg payload/native/dyes_myes/h5bench_collective_native_dyes_myes.h5
2026-10-06 03:38:48,215 h5bench - INFO - SUCCESS (all output files are located at payload/native/dyes_myes/60b5ce7a-25696083.pbs101)
2026-10-06 03:38:48,216 h5bench - INFO - Runtime: 22.3470433 seconds (elapsed time, includes allocation wait time)
2026-10-06 03:38:48,216 h5bench - INFO - h5bench [read] - Complete
2026-10-06 03:38:48,217 h5bench - INFO - Finishing h5bench Suite
--- Repetition 6/10 ---
+ /home/users/ntu/haiyen00/scratch/fyp/native/h5bench/h5bench/build/install/bin/h5bench -a -d native/dyes_myes/config_rep6.json

real	1m11.849s
user	72m9.632s
sys	22m37.428s
+ H5BENCH_EXIT=0
+ set +x
2026-10-06 03:38:55,886 h5bench - INFO - Starting h5bench Suite
2026-10-06 03:38:55,887 h5bench - WARNING - Base directory already exists: payload/native/dyes_myes
2026-10-06 03:38:55,895 h5bench - INFO - Lustre support detected
2026-10-06 03:38:55,895 h5bench - DEBUG - Lustre stripping configuration: lfs setstripe -S 1M -c 4 payload/native/dyes_myes
2026-10-06 03:38:55,901 h5bench - DEBUG - LD_LIBRARY_PATH: /app/libs/hdf5/1.12.1-parallel-icc22-ompi4/lib:/app/apps/openmpi/4.1.2-hpe/lib:/app/apps/oneapi/2022.1.2/mkl/2022.0.2/lib/intel64:/app/apps/oneapi/2022.1.2/compiler/2022.0.2/linux/lib:/app/apps/oneapi/2022.1.2/compiler/2022.0.2/linux/lib/x64:/app/apps/oneapi/2022.1.2/compiler/2022.0.2/linux/lib/oclfpga/host/linux64/lib:/app/apps/oneapi/2022.1.2/compiler/2022.0.2/linux/compiler/lib/intel64_lin:/opt/cray/libfabric/1.11.0.4.125/lib64
2026-10-06 03:38:55,902 h5bench - DEBUG - DYLD_LIBRARY_PATH: 
2026-10-06 03:38:55,902 h5bench - DEBUG - LD_PRELOAD: 
2026-10-06 03:38:55,902 h5bench - INFO - JOBID: 25696083.pbs101
2026-10-06 03:38:55,902 h5bench - INFO - h5bench [write] - Starting
2026-10-06 03:38:55,902 h5bench - INFO - h5bench [write] - DIR: payload/native/dyes_myes/42b8eef9-25696083.pbs101/
2026-10-06 03:38:55,903 h5bench - INFO - Parallel setup: mpirun -np 256 --map-by ppr:128:node --bind-to core --mca btl ^openib --mca pml ucx --mca orte_base_help_aggregate 0 --mca opal_common_ucx_opal_mem_hooks 1 -x UCX_LOG_LEVEL=ERROR
2026-10-06 03:38:55,904 h5bench - INFO - mpirun -np 256 --map-by ppr:128:node --bind-to core --mca btl ^openib --mca pml ucx --mca orte_base_help_aggregate 0 --mca opal_common_ucx_opal_mem_hooks 1 -x UCX_LOG_LEVEL=ERROR /home/users/ntu/haiyen00/scratch/fyp/native/h5bench/h5bench/build/install/bin//h5bench_write payload/native/dyes_myes/42b8eef9-25696083.pbs101/h5bench.cfg payload/native/dyes_myes/h5bench_collective_native_dyes_myes.h5
2026-10-06 03:39:41,535 h5bench - INFO - SUCCESS (all output files are located at payload/native/dyes_myes/42b8eef9-25696083.pbs101)
2026-10-06 03:39:41,535 h5bench - INFO - Runtime: 45.6323988 seconds (elapsed time, includes allocation wait time)
2026-10-06 03:39:41,535 h5bench - INFO - h5bench [write] - Complete
2026-10-06 03:39:41,536 h5bench - INFO - JOBID: 25696083.pbs101
2026-10-06 03:39:41,536 h5bench - INFO - h5bench [read] - Starting
2026-10-06 03:39:41,536 h5bench - INFO - h5bench [read] - DIR: payload/native/dyes_myes/1a9a9fbe-25696083.pbs101/
2026-10-06 03:39:41,536 h5bench - INFO - Parallel setup: mpirun -np 256 --map-by ppr:128:node --bind-to core --mca btl ^openib --mca pml ucx --mca orte_base_help_aggregate 0 --mca opal_common_ucx_opal_mem_hooks 1 -x UCX_LOG_LEVEL=ERROR
2026-10-06 03:39:41,538 h5bench - INFO - mpirun -np 256 --map-by ppr:128:node --bind-to core --mca btl ^openib --mca pml ucx --mca orte_base_help_aggregate 0 --mca opal_common_ucx_opal_mem_hooks 1 -x UCX_LOG_LEVEL=ERROR /home/users/ntu/haiyen00/scratch/fyp/native/h5bench/h5bench/build/install/bin//h5bench_read payload/native/dyes_myes/1a9a9fbe-25696083.pbs101/h5bench.cfg payload/native/dyes_myes/h5bench_collective_native_dyes_myes.h5
2026-10-06 03:40:07,672 h5bench - INFO - SUCCESS (all output files are located at payload/native/dyes_myes/1a9a9fbe-25696083.pbs101)
2026-10-06 03:40:07,673 h5bench - INFO - Runtime: 26.1364384 seconds (elapsed time, includes allocation wait time)
2026-10-06 03:40:07,673 h5bench - INFO - h5bench [read] - Complete
2026-10-06 03:40:07,673 h5bench - INFO - Finishing h5bench Suite
--- Repetition 7/10 ---
+ /home/users/ntu/haiyen00/scratch/fyp/native/h5bench/h5bench/build/install/bin/h5bench -a -d native/dyes_myes/config_rep7.json

real	1m1.009s
user	58m23.458s
sys	19m42.475s
+ H5BENCH_EXIT=0
+ set +x
2026-10-06 03:40:16,607 h5bench - INFO - Starting h5bench Suite
2026-10-06 03:40:16,608 h5bench - WARNING - Base directory already exists: payload/native/dyes_myes
2026-10-06 03:40:16,617 h5bench - INFO - Lustre support detected
2026-10-06 03:40:16,617 h5bench - DEBUG - Lustre stripping configuration: lfs setstripe -S 1M -c 4 payload/native/dyes_myes
2026-10-06 03:40:16,623 h5bench - DEBUG - LD_LIBRARY_PATH: /app/libs/hdf5/1.12.1-parallel-icc22-ompi4/lib:/app/apps/openmpi/4.1.2-hpe/lib:/app/apps/oneapi/2022.1.2/mkl/2022.0.2/lib/intel64:/app/apps/oneapi/2022.1.2/compiler/2022.0.2/linux/lib:/app/apps/oneapi/2022.1.2/compiler/2022.0.2/linux/lib/x64:/app/apps/oneapi/2022.1.2/compiler/2022.0.2/linux/lib/oclfpga/host/linux64/lib:/app/apps/oneapi/2022.1.2/compiler/2022.0.2/linux/compiler/lib/intel64_lin:/opt/cray/libfabric/1.11.0.4.125/lib64
2026-10-06 03:40:16,623 h5bench - DEBUG - DYLD_LIBRARY_PATH: 
2026-10-06 03:40:16,624 h5bench - DEBUG - LD_PRELOAD: 
2026-10-06 03:40:16,624 h5bench - INFO - JOBID: 25696083.pbs101
2026-10-06 03:40:16,624 h5bench - INFO - h5bench [write] - Starting
2026-10-06 03:40:16,624 h5bench - INFO - h5bench [write] - DIR: payload/native/dyes_myes/5bc7dec6-25696083.pbs101/
2026-10-06 03:40:16,624 h5bench - INFO - Parallel setup: mpirun -np 256 --map-by ppr:128:node --bind-to core --mca btl ^openib --mca pml ucx --mca orte_base_help_aggregate 0 --mca opal_common_ucx_opal_mem_hooks 1 -x UCX_LOG_LEVEL=ERROR
2026-10-06 03:40:16,626 h5bench - INFO - mpirun -np 256 --map-by ppr:128:node --bind-to core --mca btl ^openib --mca pml ucx --mca orte_base_help_aggregate 0 --mca opal_common_ucx_opal_mem_hooks 1 -x UCX_LOG_LEVEL=ERROR /home/users/ntu/haiyen00/scratch/fyp/native/h5bench/h5bench/build/install/bin//h5bench_write payload/native/dyes_myes/5bc7dec6-25696083.pbs101/h5bench.cfg payload/native/dyes_myes/h5bench_collective_native_dyes_myes.h5
2026-10-06 03:40:54,021 h5bench - INFO - SUCCESS (all output files are located at payload/native/dyes_myes/5bc7dec6-25696083.pbs101)
2026-10-06 03:40:54,021 h5bench - INFO - Runtime: 37.3967431 seconds (elapsed time, includes allocation wait time)
2026-10-06 03:40:54,021 h5bench - INFO - h5bench [write] - Complete
2026-10-06 03:40:54,022 h5bench - INFO - JOBID: 25696083.pbs101
2026-10-06 03:40:54,022 h5bench - INFO - h5bench [read] - Starting
2026-10-06 03:40:54,022 h5bench - INFO - h5bench [read] - DIR: payload/native/dyes_myes/768065d5-25696083.pbs101/
2026-10-06 03:40:54,022 h5bench - INFO - Parallel setup: mpirun -np 256 --map-by ppr:128:node --bind-to core --mca btl ^openib --mca pml ucx --mca orte_base_help_aggregate 0 --mca opal_common_ucx_opal_mem_hooks 1 -x UCX_LOG_LEVEL=ERROR
2026-10-06 03:40:54,024 h5bench - INFO - mpirun -np 256 --map-by ppr:128:node --bind-to core --mca btl ^openib --mca pml ucx --mca orte_base_help_aggregate 0 --mca opal_common_ucx_opal_mem_hooks 1 -x UCX_LOG_LEVEL=ERROR /home/users/ntu/haiyen00/scratch/fyp/native/h5bench/h5bench/build/install/bin//h5bench_read payload/native/dyes_myes/768065d5-25696083.pbs101/h5bench.cfg payload/native/dyes_myes/h5bench_collective_native_dyes_myes.h5
2026-10-06 03:41:17,554 h5bench - INFO - SUCCESS (all output files are located at payload/native/dyes_myes/768065d5-25696083.pbs101)
2026-10-06 03:41:17,555 h5bench - INFO - Runtime: 23.5321333 seconds (elapsed time, includes allocation wait time)
2026-10-06 03:41:17,555 h5bench - INFO - h5bench [read] - Complete
2026-10-06 03:41:17,555 h5bench - INFO - Finishing h5bench Suite
--- Repetition 8/10 ---
+ /home/users/ntu/haiyen00/scratch/fyp/native/h5bench/h5bench/build/install/bin/h5bench -a -d native/dyes_myes/config_rep8.json

real	0m59.816s
user	62m19.544s
sys	22m4.293s
+ H5BENCH_EXIT=0
+ set +x
2026-10-06 03:41:25,188 h5bench - INFO - Starting h5bench Suite
2026-10-06 03:41:25,190 h5bench - WARNING - Base directory already exists: payload/native/dyes_myes
2026-10-06 03:41:25,199 h5bench - INFO - Lustre support detected
2026-10-06 03:41:25,200 h5bench - DEBUG - Lustre stripping configuration: lfs setstripe -S 1M -c 4 payload/native/dyes_myes
2026-10-06 03:41:25,205 h5bench - DEBUG - LD_LIBRARY_PATH: /app/libs/hdf5/1.12.1-parallel-icc22-ompi4/lib:/app/apps/openmpi/4.1.2-hpe/lib:/app/apps/oneapi/2022.1.2/mkl/2022.0.2/lib/intel64:/app/apps/oneapi/2022.1.2/compiler/2022.0.2/linux/lib:/app/apps/oneapi/2022.1.2/compiler/2022.0.2/linux/lib/x64:/app/apps/oneapi/2022.1.2/compiler/2022.0.2/linux/lib/oclfpga/host/linux64/lib:/app/apps/oneapi/2022.1.2/compiler/2022.0.2/linux/compiler/lib/intel64_lin:/opt/cray/libfabric/1.11.0.4.125/lib64
2026-10-06 03:41:25,206 h5bench - DEBUG - DYLD_LIBRARY_PATH: 
2026-10-06 03:41:25,206 h5bench - DEBUG - LD_PRELOAD: 
2026-10-06 03:41:25,206 h5bench - INFO - JOBID: 25696083.pbs101
2026-10-06 03:41:25,206 h5bench - INFO - h5bench [write] - Starting
2026-10-06 03:41:25,206 h5bench - INFO - h5bench [write] - DIR: payload/native/dyes_myes/4a025087-25696083.pbs101/
2026-10-06 03:41:25,207 h5bench - INFO - Parallel setup: mpirun -np 256 --map-by ppr:128:node --bind-to core --mca btl ^openib --mca pml ucx --mca orte_base_help_aggregate 0 --mca opal_common_ucx_opal_mem_hooks 1 -x UCX_LOG_LEVEL=ERROR
2026-10-06 03:41:25,208 h5bench - INFO - mpirun -np 256 --map-by ppr:128:node --bind-to core --mca btl ^openib --mca pml ucx --mca orte_base_help_aggregate 0 --mca opal_common_ucx_opal_mem_hooks 1 -x UCX_LOG_LEVEL=ERROR /home/users/ntu/haiyen00/scratch/fyp/native/h5bench/h5bench/build/install/bin//h5bench_write payload/native/dyes_myes/4a025087-25696083.pbs101/h5bench.cfg payload/native/dyes_myes/h5bench_collective_native_dyes_myes.h5
2026-10-06 03:42:02,380 h5bench - INFO - SUCCESS (all output files are located at payload/native/dyes_myes/4a025087-25696083.pbs101)
2026-10-06 03:42:02,381 h5bench - INFO - Runtime: 37.1736059 seconds (elapsed time, includes allocation wait time)
2026-10-06 03:42:02,381 h5bench - INFO - h5bench [write] - Complete
2026-10-06 03:42:02,381 h5bench - INFO - JOBID: 25696083.pbs101
2026-10-06 03:42:02,381 h5bench - INFO - h5bench [read] - Starting
2026-10-06 03:42:02,381 h5bench - INFO - h5bench [read] - DIR: payload/native/dyes_myes/d374bfdb-25696083.pbs101/
2026-10-06 03:42:02,382 h5bench - INFO - Parallel setup: mpirun -np 256 --map-by ppr:128:node --bind-to core --mca btl ^openib --mca pml ucx --mca orte_base_help_aggregate 0 --mca opal_common_ucx_opal_mem_hooks 1 -x UCX_LOG_LEVEL=ERROR
2026-10-06 03:42:02,383 h5bench - INFO - mpirun -np 256 --map-by ppr:128:node --bind-to core --mca btl ^openib --mca pml ucx --mca orte_base_help_aggregate 0 --mca opal_common_ucx_opal_mem_hooks 1 -x UCX_LOG_LEVEL=ERROR /home/users/ntu/haiyen00/scratch/fyp/native/h5bench/h5bench/build/install/bin//h5bench_read payload/native/dyes_myes/d374bfdb-25696083.pbs101/h5bench.cfg payload/native/dyes_myes/h5bench_collective_native_dyes_myes.h5
2026-10-06 03:42:24,943 h5bench - INFO - SUCCESS (all output files are located at payload/native/dyes_myes/d374bfdb-25696083.pbs101)
2026-10-06 03:42:24,944 h5bench - INFO - Runtime: 22.5617857 seconds (elapsed time, includes allocation wait time)
2026-10-06 03:42:24,944 h5bench - INFO - h5bench [read] - Complete
2026-10-06 03:42:24,944 h5bench - INFO - Finishing h5bench Suite
--- Repetition 9/10 ---
+ /home/users/ntu/haiyen00/scratch/fyp/native/h5bench/h5bench/build/install/bin/h5bench -a -d native/dyes_myes/config_rep9.json

real	1m3.205s
user	66m41.044s
sys	21m2.669s
+ H5BENCH_EXIT=0
+ set +x
2026-10-06 03:42:33,340 h5bench - INFO - Starting h5bench Suite
2026-10-06 03:42:33,342 h5bench - WARNING - Base directory already exists: payload/native/dyes_myes
2026-10-06 03:42:33,353 h5bench - INFO - Lustre support detected
2026-10-06 03:42:33,353 h5bench - DEBUG - Lustre stripping configuration: lfs setstripe -S 1M -c 4 payload/native/dyes_myes
2026-10-06 03:42:33,359 h5bench - DEBUG - LD_LIBRARY_PATH: /app/libs/hdf5/1.12.1-parallel-icc22-ompi4/lib:/app/apps/openmpi/4.1.2-hpe/lib:/app/apps/oneapi/2022.1.2/mkl/2022.0.2/lib/intel64:/app/apps/oneapi/2022.1.2/compiler/2022.0.2/linux/lib:/app/apps/oneapi/2022.1.2/compiler/2022.0.2/linux/lib/x64:/app/apps/oneapi/2022.1.2/compiler/2022.0.2/linux/lib/oclfpga/host/linux64/lib:/app/apps/oneapi/2022.1.2/compiler/2022.0.2/linux/compiler/lib/intel64_lin:/opt/cray/libfabric/1.11.0.4.125/lib64
2026-10-06 03:42:33,359 h5bench - DEBUG - DYLD_LIBRARY_PATH: 
2026-10-06 03:42:33,359 h5bench - DEBUG - LD_PRELOAD: 
2026-10-06 03:42:33,360 h5bench - INFO - JOBID: 25696083.pbs101
2026-10-06 03:42:33,360 h5bench - INFO - h5bench [write] - Starting
2026-10-06 03:42:33,360 h5bench - INFO - h5bench [write] - DIR: payload/native/dyes_myes/8f418356-25696083.pbs101/
2026-10-06 03:42:33,360 h5bench - INFO - Parallel setup: mpirun -np 256 --map-by ppr:128:node --bind-to core --mca btl ^openib --mca pml ucx --mca orte_base_help_aggregate 0 --mca opal_common_ucx_opal_mem_hooks 1 -x UCX_LOG_LEVEL=ERROR
2026-10-06 03:42:33,362 h5bench - INFO - mpirun -np 256 --map-by ppr:128:node --bind-to core --mca btl ^openib --mca pml ucx --mca orte_base_help_aggregate 0 --mca opal_common_ucx_opal_mem_hooks 1 -x UCX_LOG_LEVEL=ERROR /home/users/ntu/haiyen00/scratch/fyp/native/h5bench/h5bench/build/install/bin//h5bench_write payload/native/dyes_myes/8f418356-25696083.pbs101/h5bench.cfg payload/native/dyes_myes/h5bench_collective_native_dyes_myes.h5
2026-10-06 03:43:12,253 h5bench - INFO - SUCCESS (all output files are located at payload/native/dyes_myes/8f418356-25696083.pbs101)
2026-10-06 03:43:12,254 h5bench - INFO - Runtime: 38.8933129 seconds (elapsed time, includes allocation wait time)
2026-10-06 03:43:12,254 h5bench - INFO - h5bench [write] - Complete
2026-10-06 03:43:12,254 h5bench - INFO - JOBID: 25696083.pbs101
2026-10-06 03:43:12,254 h5bench - INFO - h5bench [read] - Starting
2026-10-06 03:43:12,254 h5bench - INFO - h5bench [read] - DIR: payload/native/dyes_myes/589f464c-25696083.pbs101/
2026-10-06 03:43:12,255 h5bench - INFO - Parallel setup: mpirun -np 256 --map-by ppr:128:node --bind-to core --mca btl ^openib --mca pml ucx --mca orte_base_help_aggregate 0 --mca opal_common_ucx_opal_mem_hooks 1 -x UCX_LOG_LEVEL=ERROR
2026-10-06 03:43:12,256 h5bench - INFO - mpirun -np 256 --map-by ppr:128:node --bind-to core --mca btl ^openib --mca pml ucx --mca orte_base_help_aggregate 0 --mca opal_common_ucx_opal_mem_hooks 1 -x UCX_LOG_LEVEL=ERROR /home/users/ntu/haiyen00/scratch/fyp/native/h5bench/h5bench/build/install/bin//h5bench_read payload/native/dyes_myes/589f464c-25696083.pbs101/h5bench.cfg payload/native/dyes_myes/h5bench_collective_native_dyes_myes.h5
2026-10-06 03:43:36,483 h5bench - INFO - SUCCESS (all output files are located at payload/native/dyes_myes/589f464c-25696083.pbs101)
2026-10-06 03:43:36,483 h5bench - INFO - Runtime: 24.2282851 seconds (elapsed time, includes allocation wait time)
2026-10-06 03:43:36,483 h5bench - INFO - h5bench [read] - Complete
2026-10-06 03:43:36,484 h5bench - INFO - Finishing h5bench Suite
--- Repetition 10/10 ---
+ /home/users/ntu/haiyen00/scratch/fyp/native/h5bench/h5bench/build/install/bin/h5bench -a -d native/dyes_myes/config_rep10.json

real	0m59.017s
user	58m58.490s
sys	21m29.181s
+ H5BENCH_EXIT=0
+ set +x
2026-10-06 03:43:45,195 h5bench - INFO - Starting h5bench Suite
2026-10-06 03:43:45,197 h5bench - WARNING - Base directory already exists: payload/native/dyes_myes
2026-10-06 03:43:45,209 h5bench - INFO - Lustre support detected
2026-10-06 03:43:45,209 h5bench - DEBUG - Lustre stripping configuration: lfs setstripe -S 1M -c 4 payload/native/dyes_myes
2026-10-06 03:43:45,215 h5bench - DEBUG - LD_LIBRARY_PATH: /app/libs/hdf5/1.12.1-parallel-icc22-ompi4/lib:/app/apps/openmpi/4.1.2-hpe/lib:/app/apps/oneapi/2022.1.2/mkl/2022.0.2/lib/intel64:/app/apps/oneapi/2022.1.2/compiler/2022.0.2/linux/lib:/app/apps/oneapi/2022.1.2/compiler/2022.0.2/linux/lib/x64:/app/apps/oneapi/2022.1.2/compiler/2022.0.2/linux/lib/oclfpga/host/linux64/lib:/app/apps/oneapi/2022.1.2/compiler/2022.0.2/linux/compiler/lib/intel64_lin:/opt/cray/libfabric/1.11.0.4.125/lib64
2026-10-06 03:43:45,215 h5bench - DEBUG - DYLD_LIBRARY_PATH: 
2026-10-06 03:43:45,215 h5bench - DEBUG - LD_PRELOAD: 
2026-10-06 03:43:45,216 h5bench - INFO - JOBID: 25696083.pbs101
2026-10-06 03:43:45,216 h5bench - INFO - h5bench [write] - Starting
2026-10-06 03:43:45,216 h5bench - INFO - h5bench [write] - DIR: payload/native/dyes_myes/060e557b-25696083.pbs101/
2026-10-06 03:43:45,216 h5bench - INFO - Parallel setup: mpirun -np 256 --map-by ppr:128:node --bind-to core --mca btl ^openib --mca pml ucx --mca orte_base_help_aggregate 0 --mca opal_common_ucx_opal_mem_hooks 1 -x UCX_LOG_LEVEL=ERROR
2026-10-06 03:43:45,218 h5bench - INFO - mpirun -np 256 --map-by ppr:128:node --bind-to core --mca btl ^openib --mca pml ucx --mca orte_base_help_aggregate 0 --mca opal_common_ucx_opal_mem_hooks 1 -x UCX_LOG_LEVEL=ERROR /home/users/ntu/haiyen00/scratch/fyp/native/h5bench/h5bench/build/install/bin//h5bench_write payload/native/dyes_myes/060e557b-25696083.pbs101/h5bench.cfg payload/native/dyes_myes/h5bench_collective_native_dyes_myes.h5
2026-10-06 03:44:21,374 h5bench - INFO - SUCCESS (all output files are located at payload/native/dyes_myes/060e557b-25696083.pbs101)
2026-10-06 03:44:21,375 h5bench - INFO - Runtime: 36.1585896 seconds (elapsed time, includes allocation wait time)
2026-10-06 03:44:21,375 h5bench - INFO - h5bench [write] - Complete
2026-10-06 03:44:21,375 h5bench - INFO - JOBID: 25696083.pbs101
2026-10-06 03:44:21,376 h5bench - INFO - h5bench [read] - Starting
2026-10-06 03:44:21,376 h5bench - INFO - h5bench [read] - DIR: payload/native/dyes_myes/9e9f3c84-25696083.pbs101/
2026-10-06 03:44:21,376 h5bench - INFO - Parallel setup: mpirun -np 256 --map-by ppr:128:node --bind-to core --mca btl ^openib --mca pml ucx --mca orte_base_help_aggregate 0 --mca opal_common_ucx_opal_mem_hooks 1 -x UCX_LOG_LEVEL=ERROR
2026-10-06 03:44:21,377 h5bench - INFO - mpirun -np 256 --map-by ppr:128:node --bind-to core --mca btl ^openib --mca pml ucx --mca orte_base_help_aggregate 0 --mca opal_common_ucx_opal_mem_hooks 1 -x UCX_LOG_LEVEL=ERROR /home/users/ntu/haiyen00/scratch/fyp/native/h5bench/h5bench/build/install/bin//h5bench_read payload/native/dyes_myes/9e9f3c84-25696083.pbs101/h5bench.cfg payload/native/dyes_myes/h5bench_collective_native_dyes_myes.h5
2026-10-06 03:44:44,148 h5bench - INFO - SUCCESS (all output files are located at payload/native/dyes_myes/9e9f3c84-25696083.pbs101)
2026-10-06 03:44:44,149 h5bench - INFO - Runtime: 22.7724695 seconds (elapsed time, includes allocation wait time)
2026-10-06 03:44:44,149 h5bench - INFO - h5bench [read] - Complete
2026-10-06 03:44:44,149 h5bench - INFO - Finishing h5bench Suite
=== Lustre striping actually applied to payload/native/dyes_myes ===
payload/native/dyes_myes
stripe_count:  4 stripe_size:   1048576 pattern:       raid0 stripe_offset: -1 pool:          disk

payload/native/dyes_myes/h5bench_collective_native_dyes_myes.h5
lmm_stripe_count:  4
lmm_stripe_size:   1048576
lmm_pattern:       raid0
lmm_layout_gen:    0
lmm_stripe_offset: 33
lmm_pool:          disk
	obdidx		 objid		 objid		 group
	    33	    1331907254	   0x4f634ab6	   0xb00000400
	    34	    1332480427	   0x4f6c09ab	   0xac0000400
	    36	    1337117071	   0x4fb2c98f	   0xb80000400
	    39	    1331530087	   0x4f5d8967	   0xc40000400

payload/native/dyes_myes/9e9f3c84-25696083.pbs101
stripe_count:  4 stripe_size:   1048576 pattern:       raid0 stripe_offset: -1 pool:          disk

payload/native/dyes_myes/d4d49856-25696083.pbs101
stripe_count:  4 stripe_size:   1048576 pattern:       raid0 stripe_offset: -1 pool:          disk

payload/native/dyes_myes/4dfde2de-25696083.pbs101
stripe_count:  4 stripe_size:   1048576 pattern:       raid0 stripe_offset: -1 pool:          disk

payload/native/dyes_myes/9e62484d-25696083.pbs101
stripe_count:  4 stripe_size:   1048576 pattern:       raid0 stripe_offset: -1 pool:          disk

payload/native/dyes_myes/e3ff82d4-25696083.pbs101
stripe_count:  4 stripe_size:   1048576 pattern:       raid0 stripe_offset: -1 pool:          disk

payload/native/dyes_myes/f82b43c0-25696083.pbs101
stripe_count:  4 stripe_size:   1048576 pattern:       raid0 stripe_offset: -1 pool:          disk

payload/native/dyes_myes/d374bfdb-25696083.pbs101
stripe_count:  4 stripe_size:   1048576 pattern:       raid0 stripe_offset: -1 pool:          disk

payload/native/dyes_myes/5bc7dec6-25696083.pbs101
stripe_count:  4 stripe_size:   1048576 pattern:       raid0 stripe_offset: -1 pool:          disk

payload/native/dyes_myes/4a025087-25696083.pbs101
stripe_count:  4 stripe_size:   1048576 pattern:       raid0 stripe_offset: -1 pool:          disk

payload/native/dyes_myes/fe0843c4-25696083.pbs101
stripe_count:  4 stripe_size:   1048576 pattern:       raid0 stripe_offset: -1 pool:          disk

payload/native/dyes_myes/11b67e6b-25696083.pbs101
stripe_count:  4 stripe_size:   1048576 pattern:       raid0 stripe_offset: -1 pool:          disk

payload/native/dyes_myes/768065d5-25696083.pbs101
stripe_count:  4 stripe_size:   1048576 pattern:       raid0 stripe_offset: -1 pool:          disk

payload/native/dyes_myes/589f464c-25696083.pbs101
stripe_count:  4 stripe_size:   1048576 pattern:       raid0 stripe_offset: -1 pool:          disk

payload/native/dyes_myes/60b5ce7a-25696083.pbs101
stripe_count:  4 stripe_size:   1048576 pattern:       raid0 stripe_offset: -1 pool:          disk

payload/native/dyes_myes/8f418356-25696083.pbs101
stripe_count:  4 stripe_size:   1048576 pattern:       raid0 stripe_offset: -1 pool:          disk

payload/native/dyes_myes/42b8eef9-25696083.pbs101
stripe_count:  4 stripe_size:   1048576 pattern:       raid0 stripe_offset: -1 pool:          disk

payload/native/dyes_myes/1a9a9fbe-25696083.pbs101
stripe_count:  4 stripe_size:   1048576 pattern:       raid0 stripe_offset: -1 pool:          disk

payload/native/dyes_myes/060e557b-25696083.pbs101
stripe_count:  4 stripe_size:   1048576 pattern:       raid0 stripe_offset: -1 pool:          disk

payload/native/dyes_myes/1eac697c-25696083.pbs101
stripe_count:  4 stripe_size:   1048576 pattern:       raid0 stripe_offset: -1 pool:          disk

payload/native/dyes_myes/c9f4c4e4-25696083.pbs101
stripe_count:  4 stripe_size:   1048576 pattern:       raid0 stripe_offset: -1 pool:          disk

Completed Successfully! 
