Currently Loaded Modulefiles:
  1) libfabric/1.11.0.4.125             3) openmpi/4.1.2-hpe
  2) intel/2022.0.2                     4) hdf5/1.12.1-parallel-icc22-ompi4
mpirun (Open MPI) 4.1.2

Report bugs to http://www.open-mpi.org/community/help/
=== Verifying Lustre striping layout for payload/native/dno_myes ===
payload/native/dno_myes
stripe_count:  4 stripe_size:   1048576 pattern:       raid0 stripe_offset: -1 pool:          disk

=================================================================
 Native Collective I/O: COLLECTIVE_DATA=NO COLLECTIVE_METADATA=YES NODES=2 NP=256 REPS=10 
=================================================================
--- Repetition 1/10 ---
+ /home/users/ntu/haiyen00/scratch/fyp/native/h5bench/h5bench/build/install/bin/h5bench -a -d native/dno_myes/config_rep1.json

real	1m0.590s
user	27m20.722s
sys	27m52.430s
+ H5BENCH_EXIT=0
+ set +x
2026-10-06 03:24:11,162 h5bench - INFO - Starting h5bench Suite
2026-10-06 03:24:11,164 h5bench - WARNING - Base directory already exists: payload/native/dno_myes
2026-10-06 03:24:11,169 h5bench - INFO - Lustre support detected
2026-10-06 03:24:11,169 h5bench - DEBUG - Lustre stripping configuration: lfs setstripe -S 1M -c 4 payload/native/dno_myes
2026-10-06 03:24:11,174 h5bench - DEBUG - LD_LIBRARY_PATH: /app/libs/hdf5/1.12.1-parallel-icc22-ompi4/lib:/app/apps/openmpi/4.1.2-hpe/lib:/app/apps/oneapi/2022.1.2/mkl/2022.0.2/lib/intel64:/app/apps/oneapi/2022.1.2/compiler/2022.0.2/linux/lib:/app/apps/oneapi/2022.1.2/compiler/2022.0.2/linux/lib/x64:/app/apps/oneapi/2022.1.2/compiler/2022.0.2/linux/lib/oclfpga/host/linux64/lib:/app/apps/oneapi/2022.1.2/compiler/2022.0.2/linux/compiler/lib/intel64_lin:/opt/cray/libfabric/1.11.0.4.125/lib64
2026-10-06 03:24:11,174 h5bench - DEBUG - DYLD_LIBRARY_PATH: 
2026-10-06 03:24:11,174 h5bench - DEBUG - LD_PRELOAD: 
2026-10-06 03:24:11,175 h5bench - INFO - JOBID: 25696081.pbs101
2026-10-06 03:24:11,175 h5bench - INFO - h5bench [write] - Starting
2026-10-06 03:24:11,175 h5bench - INFO - h5bench [write] - DIR: payload/native/dno_myes/2dc41bbc-25696081.pbs101/
2026-10-06 03:24:11,175 h5bench - INFO - Parallel setup: mpirun -np 256 --map-by ppr:128:node --bind-to core --mca btl ^openib --mca pml ucx --mca orte_base_help_aggregate 0 --mca opal_common_ucx_opal_mem_hooks 1 -x UCX_LOG_LEVEL=ERROR
2026-10-06 03:24:11,177 h5bench - INFO - mpirun -np 256 --map-by ppr:128:node --bind-to core --mca btl ^openib --mca pml ucx --mca orte_base_help_aggregate 0 --mca opal_common_ucx_opal_mem_hooks 1 -x UCX_LOG_LEVEL=ERROR /home/users/ntu/haiyen00/scratch/fyp/native/h5bench/h5bench/build/install/bin//h5bench_write payload/native/dno_myes/2dc41bbc-25696081.pbs101/h5bench.cfg payload/native/dno_myes/h5bench_collective_native_dno_myes.h5
2026-10-06 03:24:51,790 h5bench - INFO - SUCCESS (all output files are located at payload/native/dno_myes/2dc41bbc-25696081.pbs101)
2026-10-06 03:24:51,791 h5bench - INFO - Runtime: 40.6156411 seconds (elapsed time, includes allocation wait time)
2026-10-06 03:24:51,791 h5bench - INFO - h5bench [write] - Complete
2026-10-06 03:24:51,791 h5bench - INFO - JOBID: 25696081.pbs101
2026-10-06 03:24:51,792 h5bench - INFO - h5bench [read] - Starting
2026-10-06 03:24:51,792 h5bench - INFO - h5bench [read] - DIR: payload/native/dno_myes/51ada544-25696081.pbs101/
2026-10-06 03:24:51,792 h5bench - INFO - Parallel setup: mpirun -np 256 --map-by ppr:128:node --bind-to core --mca btl ^openib --mca pml ucx --mca orte_base_help_aggregate 0 --mca opal_common_ucx_opal_mem_hooks 1 -x UCX_LOG_LEVEL=ERROR
2026-10-06 03:24:51,794 h5bench - INFO - mpirun -np 256 --map-by ppr:128:node --bind-to core --mca btl ^openib --mca pml ucx --mca orte_base_help_aggregate 0 --mca opal_common_ucx_opal_mem_hooks 1 -x UCX_LOG_LEVEL=ERROR /home/users/ntu/haiyen00/scratch/fyp/native/h5bench/h5bench/build/install/bin//h5bench_read payload/native/dno_myes/51ada544-25696081.pbs101/h5bench.cfg payload/native/dno_myes/h5bench_collective_native_dno_myes.h5
2026-10-06 03:25:11,622 h5bench - INFO - SUCCESS (all output files are located at payload/native/dno_myes/51ada544-25696081.pbs101)
2026-10-06 03:25:11,622 h5bench - INFO - Runtime: 19.8296804 seconds (elapsed time, includes allocation wait time)
2026-10-06 03:25:11,622 h5bench - INFO - h5bench [read] - Complete
2026-10-06 03:25:11,622 h5bench - INFO - Finishing h5bench Suite
--- Repetition 2/10 ---
+ /home/users/ntu/haiyen00/scratch/fyp/native/h5bench/h5bench/build/install/bin/h5bench -a -d native/dno_myes/config_rep2.json

real	0m54.878s
user	24m31.858s
sys	22m52.296s
+ H5BENCH_EXIT=0
+ set +x
2026-10-06 03:25:17,071 h5bench - INFO - Starting h5bench Suite
2026-10-06 03:25:17,072 h5bench - WARNING - Base directory already exists: payload/native/dno_myes
2026-10-06 03:25:17,078 h5bench - INFO - Lustre support detected
2026-10-06 03:25:17,078 h5bench - DEBUG - Lustre stripping configuration: lfs setstripe -S 1M -c 4 payload/native/dno_myes
2026-10-06 03:25:17,084 h5bench - DEBUG - LD_LIBRARY_PATH: /app/libs/hdf5/1.12.1-parallel-icc22-ompi4/lib:/app/apps/openmpi/4.1.2-hpe/lib:/app/apps/oneapi/2022.1.2/mkl/2022.0.2/lib/intel64:/app/apps/oneapi/2022.1.2/compiler/2022.0.2/linux/lib:/app/apps/oneapi/2022.1.2/compiler/2022.0.2/linux/lib/x64:/app/apps/oneapi/2022.1.2/compiler/2022.0.2/linux/lib/oclfpga/host/linux64/lib:/app/apps/oneapi/2022.1.2/compiler/2022.0.2/linux/compiler/lib/intel64_lin:/opt/cray/libfabric/1.11.0.4.125/lib64
2026-10-06 03:25:17,084 h5bench - DEBUG - DYLD_LIBRARY_PATH: 
2026-10-06 03:25:17,085 h5bench - DEBUG - LD_PRELOAD: 
2026-10-06 03:25:17,085 h5bench - INFO - JOBID: 25696081.pbs101
2026-10-06 03:25:17,085 h5bench - INFO - h5bench [write] - Starting
2026-10-06 03:25:17,085 h5bench - INFO - h5bench [write] - DIR: payload/native/dno_myes/f553098e-25696081.pbs101/
2026-10-06 03:25:17,086 h5bench - INFO - Parallel setup: mpirun -np 256 --map-by ppr:128:node --bind-to core --mca btl ^openib --mca pml ucx --mca orte_base_help_aggregate 0 --mca opal_common_ucx_opal_mem_hooks 1 -x UCX_LOG_LEVEL=ERROR
2026-10-06 03:25:17,087 h5bench - INFO - mpirun -np 256 --map-by ppr:128:node --bind-to core --mca btl ^openib --mca pml ucx --mca orte_base_help_aggregate 0 --mca opal_common_ucx_opal_mem_hooks 1 -x UCX_LOG_LEVEL=ERROR /home/users/ntu/haiyen00/scratch/fyp/native/h5bench/h5bench/build/install/bin//h5bench_write payload/native/dno_myes/f553098e-25696081.pbs101/h5bench.cfg payload/native/dno_myes/h5bench_collective_native_dno_myes.h5
2026-10-06 03:25:51,162 h5bench - INFO - SUCCESS (all output files are located at payload/native/dno_myes/f553098e-25696081.pbs101)
2026-10-06 03:25:51,162 h5bench - INFO - Runtime: 34.0763896 seconds (elapsed time, includes allocation wait time)
2026-10-06 03:25:51,162 h5bench - INFO - h5bench [write] - Complete
2026-10-06 03:25:51,162 h5bench - INFO - JOBID: 25696081.pbs101
2026-10-06 03:25:51,163 h5bench - INFO - h5bench [read] - Starting
2026-10-06 03:25:51,163 h5bench - INFO - h5bench [read] - DIR: payload/native/dno_myes/33bb47df-25696081.pbs101/
2026-10-06 03:25:51,163 h5bench - INFO - Parallel setup: mpirun -np 256 --map-by ppr:128:node --bind-to core --mca btl ^openib --mca pml ucx --mca orte_base_help_aggregate 0 --mca opal_common_ucx_opal_mem_hooks 1 -x UCX_LOG_LEVEL=ERROR
2026-10-06 03:25:51,165 h5bench - INFO - mpirun -np 256 --map-by ppr:128:node --bind-to core --mca btl ^openib --mca pml ucx --mca orte_base_help_aggregate 0 --mca opal_common_ucx_opal_mem_hooks 1 -x UCX_LOG_LEVEL=ERROR /home/users/ntu/haiyen00/scratch/fyp/native/h5bench/h5bench/build/install/bin//h5bench_read payload/native/dno_myes/33bb47df-25696081.pbs101/h5bench.cfg payload/native/dno_myes/h5bench_collective_native_dno_myes.h5
2026-10-06 03:26:11,879 h5bench - INFO - SUCCESS (all output files are located at payload/native/dno_myes/33bb47df-25696081.pbs101)
2026-10-06 03:26:11,880 h5bench - INFO - Runtime: 20.7164986 seconds (elapsed time, includes allocation wait time)
2026-10-06 03:26:11,880 h5bench - INFO - h5bench [read] - Complete
2026-10-06 03:26:11,880 h5bench - INFO - Finishing h5bench Suite
--- Repetition 3/10 ---
+ /home/users/ntu/haiyen00/scratch/fyp/native/h5bench/h5bench/build/install/bin/h5bench -a -d native/dno_myes/config_rep3.json

real	0m54.289s
user	27m51.126s
sys	24m49.958s
+ H5BENCH_EXIT=0
+ set +x
2026-10-06 03:26:17,199 h5bench - INFO - Starting h5bench Suite
2026-10-06 03:26:17,201 h5bench - WARNING - Base directory already exists: payload/native/dno_myes
2026-10-06 03:26:17,207 h5bench - INFO - Lustre support detected
2026-10-06 03:26:17,207 h5bench - DEBUG - Lustre stripping configuration: lfs setstripe -S 1M -c 4 payload/native/dno_myes
2026-10-06 03:26:17,213 h5bench - DEBUG - LD_LIBRARY_PATH: /app/libs/hdf5/1.12.1-parallel-icc22-ompi4/lib:/app/apps/openmpi/4.1.2-hpe/lib:/app/apps/oneapi/2022.1.2/mkl/2022.0.2/lib/intel64:/app/apps/oneapi/2022.1.2/compiler/2022.0.2/linux/lib:/app/apps/oneapi/2022.1.2/compiler/2022.0.2/linux/lib/x64:/app/apps/oneapi/2022.1.2/compiler/2022.0.2/linux/lib/oclfpga/host/linux64/lib:/app/apps/oneapi/2022.1.2/compiler/2022.0.2/linux/compiler/lib/intel64_lin:/opt/cray/libfabric/1.11.0.4.125/lib64
2026-10-06 03:26:17,214 h5bench - DEBUG - DYLD_LIBRARY_PATH: 
2026-10-06 03:26:17,214 h5bench - DEBUG - LD_PRELOAD: 
2026-10-06 03:26:17,214 h5bench - INFO - JOBID: 25696081.pbs101
2026-10-06 03:26:17,214 h5bench - INFO - h5bench [write] - Starting
2026-10-06 03:26:17,214 h5bench - INFO - h5bench [write] - DIR: payload/native/dno_myes/6ada9348-25696081.pbs101/
2026-10-06 03:26:17,215 h5bench - INFO - Parallel setup: mpirun -np 256 --map-by ppr:128:node --bind-to core --mca btl ^openib --mca pml ucx --mca orte_base_help_aggregate 0 --mca opal_common_ucx_opal_mem_hooks 1 -x UCX_LOG_LEVEL=ERROR
2026-10-06 03:26:17,216 h5bench - INFO - mpirun -np 256 --map-by ppr:128:node --bind-to core --mca btl ^openib --mca pml ucx --mca orte_base_help_aggregate 0 --mca opal_common_ucx_opal_mem_hooks 1 -x UCX_LOG_LEVEL=ERROR /home/users/ntu/haiyen00/scratch/fyp/native/h5bench/h5bench/build/install/bin//h5bench_write payload/native/dno_myes/6ada9348-25696081.pbs101/h5bench.cfg payload/native/dno_myes/h5bench_collective_native_dno_myes.h5
2026-10-06 03:26:53,513 h5bench - INFO - SUCCESS (all output files are located at payload/native/dno_myes/6ada9348-25696081.pbs101)
2026-10-06 03:26:53,513 h5bench - INFO - Runtime: 36.2984447 seconds (elapsed time, includes allocation wait time)
2026-10-06 03:26:53,514 h5bench - INFO - h5bench [write] - Complete
2026-10-06 03:26:53,514 h5bench - INFO - JOBID: 25696081.pbs101
2026-10-06 03:26:53,514 h5bench - INFO - h5bench [read] - Starting
2026-10-06 03:26:53,514 h5bench - INFO - h5bench [read] - DIR: payload/native/dno_myes/126ae1f7-25696081.pbs101/
2026-10-06 03:26:53,515 h5bench - INFO - Parallel setup: mpirun -np 256 --map-by ppr:128:node --bind-to core --mca btl ^openib --mca pml ucx --mca orte_base_help_aggregate 0 --mca opal_common_ucx_opal_mem_hooks 1 -x UCX_LOG_LEVEL=ERROR
2026-10-06 03:26:53,516 h5bench - INFO - mpirun -np 256 --map-by ppr:128:node --bind-to core --mca btl ^openib --mca pml ucx --mca orte_base_help_aggregate 0 --mca opal_common_ucx_opal_mem_hooks 1 -x UCX_LOG_LEVEL=ERROR /home/users/ntu/haiyen00/scratch/fyp/native/h5bench/h5bench/build/install/bin//h5bench_read payload/native/dno_myes/126ae1f7-25696081.pbs101/h5bench.cfg payload/native/dno_myes/h5bench_collective_native_dno_myes.h5
2026-10-06 03:27:11,419 h5bench - INFO - SUCCESS (all output files are located at payload/native/dno_myes/126ae1f7-25696081.pbs101)
2026-10-06 03:27:11,419 h5bench - INFO - Runtime: 17.9044454 seconds (elapsed time, includes allocation wait time)
2026-10-06 03:27:11,419 h5bench - INFO - h5bench [read] - Complete
2026-10-06 03:27:11,419 h5bench - INFO - Finishing h5bench Suite
--- Repetition 4/10 ---
+ /home/users/ntu/haiyen00/scratch/fyp/native/h5bench/h5bench/build/install/bin/h5bench -a -d native/dno_myes/config_rep4.json

real	0m57.267s
user	27m18.391s
sys	28m41.641s
+ H5BENCH_EXIT=0
+ set +x
2026-10-06 03:27:16,630 h5bench - INFO - Starting h5bench Suite
2026-10-06 03:27:16,631 h5bench - WARNING - Base directory already exists: payload/native/dno_myes
2026-10-06 03:27:16,639 h5bench - INFO - Lustre support detected
2026-10-06 03:27:16,639 h5bench - DEBUG - Lustre stripping configuration: lfs setstripe -S 1M -c 4 payload/native/dno_myes
2026-10-06 03:27:16,645 h5bench - DEBUG - LD_LIBRARY_PATH: /app/libs/hdf5/1.12.1-parallel-icc22-ompi4/lib:/app/apps/openmpi/4.1.2-hpe/lib:/app/apps/oneapi/2022.1.2/mkl/2022.0.2/lib/intel64:/app/apps/oneapi/2022.1.2/compiler/2022.0.2/linux/lib:/app/apps/oneapi/2022.1.2/compiler/2022.0.2/linux/lib/x64:/app/apps/oneapi/2022.1.2/compiler/2022.0.2/linux/lib/oclfpga/host/linux64/lib:/app/apps/oneapi/2022.1.2/compiler/2022.0.2/linux/compiler/lib/intel64_lin:/opt/cray/libfabric/1.11.0.4.125/lib64
2026-10-06 03:27:16,645 h5bench - DEBUG - DYLD_LIBRARY_PATH: 
2026-10-06 03:27:16,645 h5bench - DEBUG - LD_PRELOAD: 
2026-10-06 03:27:16,646 h5bench - INFO - JOBID: 25696081.pbs101
2026-10-06 03:27:16,646 h5bench - INFO - h5bench [write] - Starting
2026-10-06 03:27:16,646 h5bench - INFO - h5bench [write] - DIR: payload/native/dno_myes/bde053ff-25696081.pbs101/
2026-10-06 03:27:16,646 h5bench - INFO - Parallel setup: mpirun -np 256 --map-by ppr:128:node --bind-to core --mca btl ^openib --mca pml ucx --mca orte_base_help_aggregate 0 --mca opal_common_ucx_opal_mem_hooks 1 -x UCX_LOG_LEVEL=ERROR
2026-10-06 03:27:16,648 h5bench - INFO - mpirun -np 256 --map-by ppr:128:node --bind-to core --mca btl ^openib --mca pml ucx --mca orte_base_help_aggregate 0 --mca opal_common_ucx_opal_mem_hooks 1 -x UCX_LOG_LEVEL=ERROR /home/users/ntu/haiyen00/scratch/fyp/native/h5bench/h5bench/build/install/bin//h5bench_write payload/native/dno_myes/bde053ff-25696081.pbs101/h5bench.cfg payload/native/dno_myes/h5bench_collective_native_dno_myes.h5
2026-10-06 03:27:53,910 h5bench - INFO - SUCCESS (all output files are located at payload/native/dno_myes/bde053ff-25696081.pbs101)
2026-10-06 03:27:53,911 h5bench - INFO - Runtime: 37.2644403 seconds (elapsed time, includes allocation wait time)
2026-10-06 03:27:53,911 h5bench - INFO - h5bench [write] - Complete
2026-10-06 03:27:53,911 h5bench - INFO - JOBID: 25696081.pbs101
2026-10-06 03:27:53,911 h5bench - INFO - h5bench [read] - Starting
2026-10-06 03:27:53,911 h5bench - INFO - h5bench [read] - DIR: payload/native/dno_myes/a9b18cc8-25696081.pbs101/
2026-10-06 03:27:53,912 h5bench - INFO - Parallel setup: mpirun -np 256 --map-by ppr:128:node --bind-to core --mca btl ^openib --mca pml ucx --mca orte_base_help_aggregate 0 --mca opal_common_ucx_opal_mem_hooks 1 -x UCX_LOG_LEVEL=ERROR
2026-10-06 03:27:53,913 h5bench - INFO - mpirun -np 256 --map-by ppr:128:node --bind-to core --mca btl ^openib --mca pml ucx --mca orte_base_help_aggregate 0 --mca opal_common_ucx_opal_mem_hooks 1 -x UCX_LOG_LEVEL=ERROR /home/users/ntu/haiyen00/scratch/fyp/native/h5bench/h5bench/build/install/bin//h5bench_read payload/native/dno_myes/a9b18cc8-25696081.pbs101/h5bench.cfg payload/native/dno_myes/h5bench_collective_native_dno_myes.h5
2026-10-06 03:28:13,827 h5bench - INFO - SUCCESS (all output files are located at payload/native/dno_myes/a9b18cc8-25696081.pbs101)
2026-10-06 03:28:13,828 h5bench - INFO - Runtime: 19.9159343 seconds (elapsed time, includes allocation wait time)
2026-10-06 03:28:13,828 h5bench - INFO - h5bench [read] - Complete
2026-10-06 03:28:13,828 h5bench - INFO - Finishing h5bench Suite
--- Repetition 5/10 ---
+ /home/users/ntu/haiyen00/scratch/fyp/native/h5bench/h5bench/build/install/bin/h5bench -a -d native/dno_myes/config_rep5.json

real	0m54.984s
user	30m22.702s
sys	26m50.712s
+ H5BENCH_EXIT=0
+ set +x
2026-10-06 03:28:19,058 h5bench - INFO - Starting h5bench Suite
2026-10-06 03:28:19,059 h5bench - WARNING - Base directory already exists: payload/native/dno_myes
2026-10-06 03:28:19,067 h5bench - INFO - Lustre support detected
2026-10-06 03:28:19,068 h5bench - DEBUG - Lustre stripping configuration: lfs setstripe -S 1M -c 4 payload/native/dno_myes
2026-10-06 03:28:19,074 h5bench - DEBUG - LD_LIBRARY_PATH: /app/libs/hdf5/1.12.1-parallel-icc22-ompi4/lib:/app/apps/openmpi/4.1.2-hpe/lib:/app/apps/oneapi/2022.1.2/mkl/2022.0.2/lib/intel64:/app/apps/oneapi/2022.1.2/compiler/2022.0.2/linux/lib:/app/apps/oneapi/2022.1.2/compiler/2022.0.2/linux/lib/x64:/app/apps/oneapi/2022.1.2/compiler/2022.0.2/linux/lib/oclfpga/host/linux64/lib:/app/apps/oneapi/2022.1.2/compiler/2022.0.2/linux/compiler/lib/intel64_lin:/opt/cray/libfabric/1.11.0.4.125/lib64
2026-10-06 03:28:19,074 h5bench - DEBUG - DYLD_LIBRARY_PATH: 
2026-10-06 03:28:19,074 h5bench - DEBUG - LD_PRELOAD: 
2026-10-06 03:28:19,074 h5bench - INFO - JOBID: 25696081.pbs101
2026-10-06 03:28:19,075 h5bench - INFO - h5bench [write] - Starting
2026-10-06 03:28:19,075 h5bench - INFO - h5bench [write] - DIR: payload/native/dno_myes/12c5f619-25696081.pbs101/
2026-10-06 03:28:19,075 h5bench - INFO - Parallel setup: mpirun -np 256 --map-by ppr:128:node --bind-to core --mca btl ^openib --mca pml ucx --mca orte_base_help_aggregate 0 --mca opal_common_ucx_opal_mem_hooks 1 -x UCX_LOG_LEVEL=ERROR
2026-10-06 03:28:19,076 h5bench - INFO - mpirun -np 256 --map-by ppr:128:node --bind-to core --mca btl ^openib --mca pml ucx --mca orte_base_help_aggregate 0 --mca opal_common_ucx_opal_mem_hooks 1 -x UCX_LOG_LEVEL=ERROR /home/users/ntu/haiyen00/scratch/fyp/native/h5bench/h5bench/build/install/bin//h5bench_write payload/native/dno_myes/12c5f619-25696081.pbs101/h5bench.cfg payload/native/dno_myes/h5bench_collective_native_dno_myes.h5
2026-10-06 03:28:55,400 h5bench - INFO - SUCCESS (all output files are located at payload/native/dno_myes/12c5f619-25696081.pbs101)
2026-10-06 03:28:55,401 h5bench - INFO - Runtime: 36.3257802 seconds (elapsed time, includes allocation wait time)
2026-10-06 03:28:55,401 h5bench - INFO - h5bench [write] - Complete
2026-10-06 03:28:55,401 h5bench - INFO - JOBID: 25696081.pbs101
2026-10-06 03:28:55,402 h5bench - INFO - h5bench [read] - Starting
2026-10-06 03:28:55,402 h5bench - INFO - h5bench [read] - DIR: payload/native/dno_myes/4694ed52-25696081.pbs101/
2026-10-06 03:28:55,402 h5bench - INFO - Parallel setup: mpirun -np 256 --map-by ppr:128:node --bind-to core --mca btl ^openib --mca pml ucx --mca orte_base_help_aggregate 0 --mca opal_common_ucx_opal_mem_hooks 1 -x UCX_LOG_LEVEL=ERROR
2026-10-06 03:28:55,403 h5bench - INFO - mpirun -np 256 --map-by ppr:128:node --bind-to core --mca btl ^openib --mca pml ucx --mca orte_base_help_aggregate 0 --mca opal_common_ucx_opal_mem_hooks 1 -x UCX_LOG_LEVEL=ERROR /home/users/ntu/haiyen00/scratch/fyp/native/h5bench/h5bench/build/install/bin//h5bench_read payload/native/dno_myes/4694ed52-25696081.pbs101/h5bench.cfg payload/native/dno_myes/h5bench_collective_native_dno_myes.h5
2026-10-06 03:29:13,971 h5bench - INFO - SUCCESS (all output files are located at payload/native/dno_myes/4694ed52-25696081.pbs101)
2026-10-06 03:29:13,971 h5bench - INFO - Runtime: 18.5687881 seconds (elapsed time, includes allocation wait time)
2026-10-06 03:29:13,971 h5bench - INFO - h5bench [read] - Complete
2026-10-06 03:29:13,971 h5bench - INFO - Finishing h5bench Suite
--- Repetition 6/10 ---
+ /home/users/ntu/haiyen00/scratch/fyp/native/h5bench/h5bench/build/install/bin/h5bench -a -d native/dno_myes/config_rep6.json

real	0m56.785s
user	31m15.745s
sys	24m25.003s
+ H5BENCH_EXIT=0
+ set +x
2026-10-06 03:29:19,346 h5bench - INFO - Starting h5bench Suite
2026-10-06 03:29:19,348 h5bench - WARNING - Base directory already exists: payload/native/dno_myes
2026-10-06 03:29:19,356 h5bench - INFO - Lustre support detected
2026-10-06 03:29:19,357 h5bench - DEBUG - Lustre stripping configuration: lfs setstripe -S 1M -c 4 payload/native/dno_myes
2026-10-06 03:29:19,363 h5bench - DEBUG - LD_LIBRARY_PATH: /app/libs/hdf5/1.12.1-parallel-icc22-ompi4/lib:/app/apps/openmpi/4.1.2-hpe/lib:/app/apps/oneapi/2022.1.2/mkl/2022.0.2/lib/intel64:/app/apps/oneapi/2022.1.2/compiler/2022.0.2/linux/lib:/app/apps/oneapi/2022.1.2/compiler/2022.0.2/linux/lib/x64:/app/apps/oneapi/2022.1.2/compiler/2022.0.2/linux/lib/oclfpga/host/linux64/lib:/app/apps/oneapi/2022.1.2/compiler/2022.0.2/linux/compiler/lib/intel64_lin:/opt/cray/libfabric/1.11.0.4.125/lib64
2026-10-06 03:29:19,363 h5bench - DEBUG - DYLD_LIBRARY_PATH: 
2026-10-06 03:29:19,363 h5bench - DEBUG - LD_PRELOAD: 
2026-10-06 03:29:19,364 h5bench - INFO - JOBID: 25696081.pbs101
2026-10-06 03:29:19,364 h5bench - INFO - h5bench [write] - Starting
2026-10-06 03:29:19,364 h5bench - INFO - h5bench [write] - DIR: payload/native/dno_myes/29884993-25696081.pbs101/
2026-10-06 03:29:19,364 h5bench - INFO - Parallel setup: mpirun -np 256 --map-by ppr:128:node --bind-to core --mca btl ^openib --mca pml ucx --mca orte_base_help_aggregate 0 --mca opal_common_ucx_opal_mem_hooks 1 -x UCX_LOG_LEVEL=ERROR
2026-10-06 03:29:19,366 h5bench - INFO - mpirun -np 256 --map-by ppr:128:node --bind-to core --mca btl ^openib --mca pml ucx --mca orte_base_help_aggregate 0 --mca opal_common_ucx_opal_mem_hooks 1 -x UCX_LOG_LEVEL=ERROR /home/users/ntu/haiyen00/scratch/fyp/native/h5bench/h5bench/build/install/bin//h5bench_write payload/native/dno_myes/29884993-25696081.pbs101/h5bench.cfg payload/native/dno_myes/h5bench_collective_native_dno_myes.h5
2026-10-06 03:29:55,448 h5bench - INFO - SUCCESS (all output files are located at payload/native/dno_myes/29884993-25696081.pbs101)
2026-10-06 03:29:55,449 h5bench - INFO - Runtime: 36.0842059 seconds (elapsed time, includes allocation wait time)
2026-10-06 03:29:55,449 h5bench - INFO - h5bench [write] - Complete
2026-10-06 03:29:55,449 h5bench - INFO - JOBID: 25696081.pbs101
2026-10-06 03:29:55,449 h5bench - INFO - h5bench [read] - Starting
2026-10-06 03:29:55,449 h5bench - INFO - h5bench [read] - DIR: payload/native/dno_myes/8215f11a-25696081.pbs101/
2026-10-06 03:29:55,450 h5bench - INFO - Parallel setup: mpirun -np 256 --map-by ppr:128:node --bind-to core --mca btl ^openib --mca pml ucx --mca orte_base_help_aggregate 0 --mca opal_common_ucx_opal_mem_hooks 1 -x UCX_LOG_LEVEL=ERROR
2026-10-06 03:29:55,452 h5bench - INFO - mpirun -np 256 --map-by ppr:128:node --bind-to core --mca btl ^openib --mca pml ucx --mca orte_base_help_aggregate 0 --mca opal_common_ucx_opal_mem_hooks 1 -x UCX_LOG_LEVEL=ERROR /home/users/ntu/haiyen00/scratch/fyp/native/h5bench/h5bench/build/install/bin//h5bench_read payload/native/dno_myes/8215f11a-25696081.pbs101/h5bench.cfg payload/native/dno_myes/h5bench_collective_native_dno_myes.h5
2026-10-06 03:30:16,062 h5bench - INFO - SUCCESS (all output files are located at payload/native/dno_myes/8215f11a-25696081.pbs101)
2026-10-06 03:30:16,062 h5bench - INFO - Runtime: 20.6123292 seconds (elapsed time, includes allocation wait time)
2026-10-06 03:30:16,063 h5bench - INFO - h5bench [read] - Complete
2026-10-06 03:30:16,063 h5bench - INFO - Finishing h5bench Suite
--- Repetition 7/10 ---
+ /home/users/ntu/haiyen00/scratch/fyp/native/h5bench/h5bench/build/install/bin/h5bench -a -d native/dno_myes/config_rep7.json

real	1m5.156s
user	40m16.026s
sys	24m32.128s
+ H5BENCH_EXIT=0
+ set +x
2026-10-06 03:30:21,421 h5bench - INFO - Starting h5bench Suite
2026-10-06 03:30:21,422 h5bench - WARNING - Base directory already exists: payload/native/dno_myes
2026-10-06 03:30:21,431 h5bench - INFO - Lustre support detected
2026-10-06 03:30:21,431 h5bench - DEBUG - Lustre stripping configuration: lfs setstripe -S 1M -c 4 payload/native/dno_myes
2026-10-06 03:30:21,437 h5bench - DEBUG - LD_LIBRARY_PATH: /app/libs/hdf5/1.12.1-parallel-icc22-ompi4/lib:/app/apps/openmpi/4.1.2-hpe/lib:/app/apps/oneapi/2022.1.2/mkl/2022.0.2/lib/intel64:/app/apps/oneapi/2022.1.2/compiler/2022.0.2/linux/lib:/app/apps/oneapi/2022.1.2/compiler/2022.0.2/linux/lib/x64:/app/apps/oneapi/2022.1.2/compiler/2022.0.2/linux/lib/oclfpga/host/linux64/lib:/app/apps/oneapi/2022.1.2/compiler/2022.0.2/linux/compiler/lib/intel64_lin:/opt/cray/libfabric/1.11.0.4.125/lib64
2026-10-06 03:30:21,438 h5bench - DEBUG - DYLD_LIBRARY_PATH: 
2026-10-06 03:30:21,438 h5bench - DEBUG - LD_PRELOAD: 
2026-10-06 03:30:21,438 h5bench - INFO - JOBID: 25696081.pbs101
2026-10-06 03:30:21,438 h5bench - INFO - h5bench [write] - Starting
2026-10-06 03:30:21,438 h5bench - INFO - h5bench [write] - DIR: payload/native/dno_myes/dbdb0cc8-25696081.pbs101/
2026-10-06 03:30:21,439 h5bench - INFO - Parallel setup: mpirun -np 256 --map-by ppr:128:node --bind-to core --mca btl ^openib --mca pml ucx --mca orte_base_help_aggregate 0 --mca opal_common_ucx_opal_mem_hooks 1 -x UCX_LOG_LEVEL=ERROR
2026-10-06 03:30:21,440 h5bench - INFO - mpirun -np 256 --map-by ppr:128:node --bind-to core --mca btl ^openib --mca pml ucx --mca orte_base_help_aggregate 0 --mca opal_common_ucx_opal_mem_hooks 1 -x UCX_LOG_LEVEL=ERROR /home/users/ntu/haiyen00/scratch/fyp/native/h5bench/h5bench/build/install/bin//h5bench_write payload/native/dno_myes/dbdb0cc8-25696081.pbs101/h5bench.cfg payload/native/dno_myes/h5bench_collective_native_dno_myes.h5
2026-10-06 03:31:06,030 h5bench - INFO - SUCCESS (all output files are located at payload/native/dno_myes/dbdb0cc8-25696081.pbs101)
2026-10-06 03:31:06,030 h5bench - INFO - Runtime: 44.5909665 seconds (elapsed time, includes allocation wait time)
2026-10-06 03:31:06,030 h5bench - INFO - h5bench [write] - Complete
2026-10-06 03:31:06,030 h5bench - INFO - JOBID: 25696081.pbs101
2026-10-06 03:31:06,031 h5bench - INFO - h5bench [read] - Starting
2026-10-06 03:31:06,031 h5bench - INFO - h5bench [read] - DIR: payload/native/dno_myes/e1542436-25696081.pbs101/
2026-10-06 03:31:06,031 h5bench - INFO - Parallel setup: mpirun -np 256 --map-by ppr:128:node --bind-to core --mca btl ^openib --mca pml ucx --mca orte_base_help_aggregate 0 --mca opal_common_ucx_opal_mem_hooks 1 -x UCX_LOG_LEVEL=ERROR
2026-10-06 03:31:06,032 h5bench - INFO - mpirun -np 256 --map-by ppr:128:node --bind-to core --mca btl ^openib --mca pml ucx --mca orte_base_help_aggregate 0 --mca opal_common_ucx_opal_mem_hooks 1 -x UCX_LOG_LEVEL=ERROR /home/users/ntu/haiyen00/scratch/fyp/native/h5bench/h5bench/build/install/bin//h5bench_read payload/native/dno_myes/e1542436-25696081.pbs101/h5bench.cfg payload/native/dno_myes/h5bench_collective_native_dno_myes.h5
2026-10-06 03:31:26,506 h5bench - INFO - SUCCESS (all output files are located at payload/native/dno_myes/e1542436-25696081.pbs101)
2026-10-06 03:31:26,506 h5bench - INFO - Runtime: 20.4749918 seconds (elapsed time, includes allocation wait time)
2026-10-06 03:31:26,507 h5bench - INFO - h5bench [read] - Complete
2026-10-06 03:31:26,507 h5bench - INFO - Finishing h5bench Suite
--- Repetition 8/10 ---
+ /home/users/ntu/haiyen00/scratch/fyp/native/h5bench/h5bench/build/install/bin/h5bench -a -d native/dno_myes/config_rep8.json

real	0m54.054s
user	25m7.613s
sys	25m48.416s
+ H5BENCH_EXIT=0
+ set +x
2026-10-06 03:31:31,870 h5bench - INFO - Starting h5bench Suite
2026-10-06 03:31:31,871 h5bench - WARNING - Base directory already exists: payload/native/dno_myes
2026-10-06 03:31:31,881 h5bench - INFO - Lustre support detected
2026-10-06 03:31:31,881 h5bench - DEBUG - Lustre stripping configuration: lfs setstripe -S 1M -c 4 payload/native/dno_myes
2026-10-06 03:31:31,887 h5bench - DEBUG - LD_LIBRARY_PATH: /app/libs/hdf5/1.12.1-parallel-icc22-ompi4/lib:/app/apps/openmpi/4.1.2-hpe/lib:/app/apps/oneapi/2022.1.2/mkl/2022.0.2/lib/intel64:/app/apps/oneapi/2022.1.2/compiler/2022.0.2/linux/lib:/app/apps/oneapi/2022.1.2/compiler/2022.0.2/linux/lib/x64:/app/apps/oneapi/2022.1.2/compiler/2022.0.2/linux/lib/oclfpga/host/linux64/lib:/app/apps/oneapi/2022.1.2/compiler/2022.0.2/linux/compiler/lib/intel64_lin:/opt/cray/libfabric/1.11.0.4.125/lib64
2026-10-06 03:31:31,888 h5bench - DEBUG - DYLD_LIBRARY_PATH: 
2026-10-06 03:31:31,888 h5bench - DEBUG - LD_PRELOAD: 
2026-10-06 03:31:31,888 h5bench - INFO - JOBID: 25696081.pbs101
2026-10-06 03:31:31,888 h5bench - INFO - h5bench [write] - Starting
2026-10-06 03:31:31,889 h5bench - INFO - h5bench [write] - DIR: payload/native/dno_myes/8977f110-25696081.pbs101/
2026-10-06 03:31:31,889 h5bench - INFO - Parallel setup: mpirun -np 256 --map-by ppr:128:node --bind-to core --mca btl ^openib --mca pml ucx --mca orte_base_help_aggregate 0 --mca opal_common_ucx_opal_mem_hooks 1 -x UCX_LOG_LEVEL=ERROR
2026-10-06 03:31:31,890 h5bench - INFO - mpirun -np 256 --map-by ppr:128:node --bind-to core --mca btl ^openib --mca pml ucx --mca orte_base_help_aggregate 0 --mca opal_common_ucx_opal_mem_hooks 1 -x UCX_LOG_LEVEL=ERROR /home/users/ntu/haiyen00/scratch/fyp/native/h5bench/h5bench/build/install/bin//h5bench_write payload/native/dno_myes/8977f110-25696081.pbs101/h5bench.cfg payload/native/dno_myes/h5bench_collective_native_dno_myes.h5
2026-10-06 03:32:06,275 h5bench - INFO - SUCCESS (all output files are located at payload/native/dno_myes/8977f110-25696081.pbs101)
2026-10-06 03:32:06,276 h5bench - INFO - Runtime: 34.3864353 seconds (elapsed time, includes allocation wait time)
2026-10-06 03:32:06,276 h5bench - INFO - h5bench [write] - Complete
2026-10-06 03:32:06,276 h5bench - INFO - JOBID: 25696081.pbs101
2026-10-06 03:32:06,276 h5bench - INFO - h5bench [read] - Starting
2026-10-06 03:32:06,276 h5bench - INFO - h5bench [read] - DIR: payload/native/dno_myes/1361e32e-25696081.pbs101/
2026-10-06 03:32:06,277 h5bench - INFO - Parallel setup: mpirun -np 256 --map-by ppr:128:node --bind-to core --mca btl ^openib --mca pml ucx --mca orte_base_help_aggregate 0 --mca opal_common_ucx_opal_mem_hooks 1 -x UCX_LOG_LEVEL=ERROR
2026-10-06 03:32:06,278 h5bench - INFO - mpirun -np 256 --map-by ppr:128:node --bind-to core --mca btl ^openib --mca pml ucx --mca orte_base_help_aggregate 0 --mca opal_common_ucx_opal_mem_hooks 1 -x UCX_LOG_LEVEL=ERROR /home/users/ntu/haiyen00/scratch/fyp/native/h5bench/h5bench/build/install/bin//h5bench_read payload/native/dno_myes/1361e32e-25696081.pbs101/h5bench.cfg payload/native/dno_myes/h5bench_collective_native_dno_myes.h5
2026-10-06 03:32:25,855 h5bench - INFO - SUCCESS (all output files are located at payload/native/dno_myes/1361e32e-25696081.pbs101)
2026-10-06 03:32:25,855 h5bench - INFO - Runtime: 19.5784769 seconds (elapsed time, includes allocation wait time)
2026-10-06 03:32:25,856 h5bench - INFO - h5bench [read] - Complete
2026-10-06 03:32:25,856 h5bench - INFO - Finishing h5bench Suite
--- Repetition 9/10 ---
+ /home/users/ntu/haiyen00/scratch/fyp/native/h5bench/h5bench/build/install/bin/h5bench -a -d native/dno_myes/config_rep9.json

real	0m53.516s
user	21m4.432s
sys	28m2.551s
+ H5BENCH_EXIT=0
+ set +x
2026-10-06 03:32:30,885 h5bench - INFO - Starting h5bench Suite
2026-10-06 03:32:30,886 h5bench - WARNING - Base directory already exists: payload/native/dno_myes
2026-10-06 03:32:30,896 h5bench - INFO - Lustre support detected
2026-10-06 03:32:30,897 h5bench - DEBUG - Lustre stripping configuration: lfs setstripe -S 1M -c 4 payload/native/dno_myes
2026-10-06 03:32:30,903 h5bench - DEBUG - LD_LIBRARY_PATH: /app/libs/hdf5/1.12.1-parallel-icc22-ompi4/lib:/app/apps/openmpi/4.1.2-hpe/lib:/app/apps/oneapi/2022.1.2/mkl/2022.0.2/lib/intel64:/app/apps/oneapi/2022.1.2/compiler/2022.0.2/linux/lib:/app/apps/oneapi/2022.1.2/compiler/2022.0.2/linux/lib/x64:/app/apps/oneapi/2022.1.2/compiler/2022.0.2/linux/lib/oclfpga/host/linux64/lib:/app/apps/oneapi/2022.1.2/compiler/2022.0.2/linux/compiler/lib/intel64_lin:/opt/cray/libfabric/1.11.0.4.125/lib64
2026-10-06 03:32:30,903 h5bench - DEBUG - DYLD_LIBRARY_PATH: 
2026-10-06 03:32:30,903 h5bench - DEBUG - LD_PRELOAD: 
2026-10-06 03:32:30,903 h5bench - INFO - JOBID: 25696081.pbs101
2026-10-06 03:32:30,903 h5bench - INFO - h5bench [write] - Starting
2026-10-06 03:32:30,904 h5bench - INFO - h5bench [write] - DIR: payload/native/dno_myes/e63af04e-25696081.pbs101/
2026-10-06 03:32:30,904 h5bench - INFO - Parallel setup: mpirun -np 256 --map-by ppr:128:node --bind-to core --mca btl ^openib --mca pml ucx --mca orte_base_help_aggregate 0 --mca opal_common_ucx_opal_mem_hooks 1 -x UCX_LOG_LEVEL=ERROR
2026-10-06 03:32:30,905 h5bench - INFO - mpirun -np 256 --map-by ppr:128:node --bind-to core --mca btl ^openib --mca pml ucx --mca orte_base_help_aggregate 0 --mca opal_common_ucx_opal_mem_hooks 1 -x UCX_LOG_LEVEL=ERROR /home/users/ntu/haiyen00/scratch/fyp/native/h5bench/h5bench/build/install/bin//h5bench_write payload/native/dno_myes/e63af04e-25696081.pbs101/h5bench.cfg payload/native/dno_myes/h5bench_collective_native_dno_myes.h5
2026-10-06 03:33:06,570 h5bench - INFO - SUCCESS (all output files are located at payload/native/dno_myes/e63af04e-25696081.pbs101)
2026-10-06 03:33:06,570 h5bench - INFO - Runtime: 35.6663129 seconds (elapsed time, includes allocation wait time)
2026-10-06 03:33:06,571 h5bench - INFO - h5bench [write] - Complete
2026-10-06 03:33:06,571 h5bench - INFO - JOBID: 25696081.pbs101
2026-10-06 03:33:06,571 h5bench - INFO - h5bench [read] - Starting
2026-10-06 03:33:06,571 h5bench - INFO - h5bench [read] - DIR: payload/native/dno_myes/c67209dc-25696081.pbs101/
2026-10-06 03:33:06,572 h5bench - INFO - Parallel setup: mpirun -np 256 --map-by ppr:128:node --bind-to core --mca btl ^openib --mca pml ucx --mca orte_base_help_aggregate 0 --mca opal_common_ucx_opal_mem_hooks 1 -x UCX_LOG_LEVEL=ERROR
2026-10-06 03:33:06,573 h5bench - INFO - mpirun -np 256 --map-by ppr:128:node --bind-to core --mca btl ^openib --mca pml ucx --mca orte_base_help_aggregate 0 --mca opal_common_ucx_opal_mem_hooks 1 -x UCX_LOG_LEVEL=ERROR /home/users/ntu/haiyen00/scratch/fyp/native/h5bench/h5bench/build/install/bin//h5bench_read payload/native/dno_myes/c67209dc-25696081.pbs101/h5bench.cfg payload/native/dno_myes/h5bench_collective_native_dno_myes.h5
2026-10-06 03:33:24,332 h5bench - INFO - SUCCESS (all output files are located at payload/native/dno_myes/c67209dc-25696081.pbs101)
2026-10-06 03:33:24,333 h5bench - INFO - Runtime: 17.7607391 seconds (elapsed time, includes allocation wait time)
2026-10-06 03:33:24,333 h5bench - INFO - h5bench [read] - Complete
2026-10-06 03:33:24,333 h5bench - INFO - Finishing h5bench Suite
--- Repetition 10/10 ---
+ /home/users/ntu/haiyen00/scratch/fyp/native/h5bench/h5bench/build/install/bin/h5bench -a -d native/dno_myes/config_rep10.json

real	0m56.664s
user	31m35.481s
sys	24m23.808s
+ H5BENCH_EXIT=0
+ set +x
2026-10-06 03:33:29,547 h5bench - INFO - Starting h5bench Suite
2026-10-06 03:33:29,549 h5bench - WARNING - Base directory already exists: payload/native/dno_myes
2026-10-06 03:33:29,559 h5bench - INFO - Lustre support detected
2026-10-06 03:33:29,560 h5bench - DEBUG - Lustre stripping configuration: lfs setstripe -S 1M -c 4 payload/native/dno_myes
2026-10-06 03:33:29,566 h5bench - DEBUG - LD_LIBRARY_PATH: /app/libs/hdf5/1.12.1-parallel-icc22-ompi4/lib:/app/apps/openmpi/4.1.2-hpe/lib:/app/apps/oneapi/2022.1.2/mkl/2022.0.2/lib/intel64:/app/apps/oneapi/2022.1.2/compiler/2022.0.2/linux/lib:/app/apps/oneapi/2022.1.2/compiler/2022.0.2/linux/lib/x64:/app/apps/oneapi/2022.1.2/compiler/2022.0.2/linux/lib/oclfpga/host/linux64/lib:/app/apps/oneapi/2022.1.2/compiler/2022.0.2/linux/compiler/lib/intel64_lin:/opt/cray/libfabric/1.11.0.4.125/lib64
2026-10-06 03:33:29,566 h5bench - DEBUG - DYLD_LIBRARY_PATH: 
2026-10-06 03:33:29,566 h5bench - DEBUG - LD_PRELOAD: 
2026-10-06 03:33:29,567 h5bench - INFO - JOBID: 25696081.pbs101
2026-10-06 03:33:29,567 h5bench - INFO - h5bench [write] - Starting
2026-10-06 03:33:29,567 h5bench - INFO - h5bench [write] - DIR: payload/native/dno_myes/6b7ef133-25696081.pbs101/
2026-10-06 03:33:29,567 h5bench - INFO - Parallel setup: mpirun -np 256 --map-by ppr:128:node --bind-to core --mca btl ^openib --mca pml ucx --mca orte_base_help_aggregate 0 --mca opal_common_ucx_opal_mem_hooks 1 -x UCX_LOG_LEVEL=ERROR
2026-10-06 03:33:29,569 h5bench - INFO - mpirun -np 256 --map-by ppr:128:node --bind-to core --mca btl ^openib --mca pml ucx --mca orte_base_help_aggregate 0 --mca opal_common_ucx_opal_mem_hooks 1 -x UCX_LOG_LEVEL=ERROR /home/users/ntu/haiyen00/scratch/fyp/native/h5bench/h5bench/build/install/bin//h5bench_write payload/native/dno_myes/6b7ef133-25696081.pbs101/h5bench.cfg payload/native/dno_myes/h5bench_collective_native_dno_myes.h5
2026-10-06 03:34:05,957 h5bench - INFO - SUCCESS (all output files are located at payload/native/dno_myes/6b7ef133-25696081.pbs101)
2026-10-06 03:34:05,958 h5bench - INFO - Runtime: 36.3902669 seconds (elapsed time, includes allocation wait time)
2026-10-06 03:34:05,958 h5bench - INFO - h5bench [write] - Complete
2026-10-06 03:34:05,958 h5bench - INFO - JOBID: 25696081.pbs101
2026-10-06 03:34:05,958 h5bench - INFO - h5bench [read] - Starting
2026-10-06 03:34:05,958 h5bench - INFO - h5bench [read] - DIR: payload/native/dno_myes/6faf5f5b-25696081.pbs101/
2026-10-06 03:34:05,959 h5bench - INFO - Parallel setup: mpirun -np 256 --map-by ppr:128:node --bind-to core --mca btl ^openib --mca pml ucx --mca orte_base_help_aggregate 0 --mca opal_common_ucx_opal_mem_hooks 1 -x UCX_LOG_LEVEL=ERROR
2026-10-06 03:34:05,960 h5bench - INFO - mpirun -np 256 --map-by ppr:128:node --bind-to core --mca btl ^openib --mca pml ucx --mca orte_base_help_aggregate 0 --mca opal_common_ucx_opal_mem_hooks 1 -x UCX_LOG_LEVEL=ERROR /home/users/ntu/haiyen00/scratch/fyp/native/h5bench/h5bench/build/install/bin//h5bench_read payload/native/dno_myes/6faf5f5b-25696081.pbs101/h5bench.cfg payload/native/dno_myes/h5bench_collective_native_dno_myes.h5
2026-10-06 03:34:26,142 h5bench - INFO - SUCCESS (all output files are located at payload/native/dno_myes/6faf5f5b-25696081.pbs101)
2026-10-06 03:34:26,143 h5bench - INFO - Runtime: 20.1837397 seconds (elapsed time, includes allocation wait time)
2026-10-06 03:34:26,143 h5bench - INFO - h5bench [read] - Complete
2026-10-06 03:34:26,143 h5bench - INFO - Finishing h5bench Suite
=== Lustre striping actually applied to payload/native/dno_myes ===
payload/native/dno_myes
stripe_count:  4 stripe_size:   1048576 pattern:       raid0 stripe_offset: -1 pool:          disk

payload/native/dno_myes/51ada544-25696081.pbs101
stripe_count:  4 stripe_size:   1048576 pattern:       raid0 stripe_offset: -1 pool:          disk

payload/native/dno_myes/c67209dc-25696081.pbs101
stripe_count:  4 stripe_size:   1048576 pattern:       raid0 stripe_offset: -1 pool:          disk

payload/native/dno_myes/e1542436-25696081.pbs101
stripe_count:  4 stripe_size:   1048576 pattern:       raid0 stripe_offset: -1 pool:          disk

payload/native/dno_myes/126ae1f7-25696081.pbs101
stripe_count:  4 stripe_size:   1048576 pattern:       raid0 stripe_offset: -1 pool:          disk

payload/native/dno_myes/33bb47df-25696081.pbs101
stripe_count:  4 stripe_size:   1048576 pattern:       raid0 stripe_offset: -1 pool:          disk

payload/native/dno_myes/f553098e-25696081.pbs101
stripe_count:  4 stripe_size:   1048576 pattern:       raid0 stripe_offset: -1 pool:          disk

payload/native/dno_myes/12c5f619-25696081.pbs101
stripe_count:  4 stripe_size:   1048576 pattern:       raid0 stripe_offset: -1 pool:          disk

payload/native/dno_myes/6faf5f5b-25696081.pbs101
stripe_count:  4 stripe_size:   1048576 pattern:       raid0 stripe_offset: -1 pool:          disk

payload/native/dno_myes/1361e32e-25696081.pbs101
stripe_count:  4 stripe_size:   1048576 pattern:       raid0 stripe_offset: -1 pool:          disk

payload/native/dno_myes/bde053ff-25696081.pbs101
stripe_count:  4 stripe_size:   1048576 pattern:       raid0 stripe_offset: -1 pool:          disk

payload/native/dno_myes/6ada9348-25696081.pbs101
stripe_count:  4 stripe_size:   1048576 pattern:       raid0 stripe_offset: -1 pool:          disk

payload/native/dno_myes/8215f11a-25696081.pbs101
stripe_count:  4 stripe_size:   1048576 pattern:       raid0 stripe_offset: -1 pool:          disk

payload/native/dno_myes/8977f110-25696081.pbs101
stripe_count:  4 stripe_size:   1048576 pattern:       raid0 stripe_offset: -1 pool:          disk

payload/native/dno_myes/29884993-25696081.pbs101
stripe_count:  4 stripe_size:   1048576 pattern:       raid0 stripe_offset: -1 pool:          disk

payload/native/dno_myes/4694ed52-25696081.pbs101
stripe_count:  4 stripe_size:   1048576 pattern:       raid0 stripe_offset: -1 pool:          disk

payload/native/dno_myes/h5bench_collective_native_dno_myes.h5
lmm_stripe_count:  4
lmm_stripe_size:   1048576
lmm_pattern:       raid0
lmm_layout_gen:    0
lmm_stripe_offset: 27
lmm_pool:          disk
	obdidx		 objid		 objid		 group
	    27	    1336398903	   0x4fa7d437	   0x940000400
	    29	    1331178372	   0x4f582b84	   0xa00000400
	    31	    1337091108	   0x4fb26424	   0xa40000400
	    32	    1337038781	   0x4fb197bd	   0xa80000400

payload/native/dno_myes/dbdb0cc8-25696081.pbs101
stripe_count:  4 stripe_size:   1048576 pattern:       raid0 stripe_offset: -1 pool:          disk

payload/native/dno_myes/e63af04e-25696081.pbs101
stripe_count:  4 stripe_size:   1048576 pattern:       raid0 stripe_offset: -1 pool:          disk

payload/native/dno_myes/6b7ef133-25696081.pbs101
stripe_count:  4 stripe_size:   1048576 pattern:       raid0 stripe_offset: -1 pool:          disk

payload/native/dno_myes/a9b18cc8-25696081.pbs101
stripe_count:  4 stripe_size:   1048576 pattern:       raid0 stripe_offset: -1 pool:          disk

payload/native/dno_myes/2dc41bbc-25696081.pbs101
stripe_count:  4 stripe_size:   1048576 pattern:       raid0 stripe_offset: -1 pool:          disk

Completed Successfully! 
