Currently Loaded Modulefiles:
  1) libfabric/1.11.0.4.125   3) apptainer/1.5.0
  2) openmpi/4.1.2-hpe
mpirun (Open MPI) 4.1.2

Report bugs to http://www.open-mpi.org/community/help/
apptainer version 1.5.0
=== Verifying Lustre striping layout for payload/container/dyes_myes ===
payload/container/dyes_myes
stripe_count:  4 stripe_size:   1048576 pattern:       raid0 stripe_offset: -1 pool:          disk

=================================================================
 Container Collective I/O: COLLECTIVE_DATA=YES COLLECTIVE_METADATA=YES NODES=2 NP=256 REPS=10 
=================================================================
--- Repetition 1/10 ---
+ /home/users/ntu/haiyen00/scratch/fyp/native/h5bench/h5bench/build/install/bin/h5bench -a -d -p /opt/h5bench/install/bin container/dyes_myes/config_rep1.json

real	0m51.544s
user	17m23.643s
sys	65m15.003s
+ H5BENCH_EXIT=0
+ set +x
2026-10-06 03:40:29,464 h5bench - INFO - Starting h5bench Suite
2026-10-06 03:40:29,465 h5bench - WARNING - Base directory already exists: payload/container/dyes_myes
2026-10-06 03:40:29,469 h5bench - INFO - Lustre support detected
2026-10-06 03:40:29,470 h5bench - DEBUG - Lustre stripping configuration: lfs setstripe -S 1M -c 4 payload/container/dyes_myes
2026-10-06 03:40:29,474 h5bench - DEBUG - LD_LIBRARY_PATH: /app/apps/singularity/sup/squashfuse/0.6.1/lib:/app/apps/openmpi/4.1.2-hpe/lib:/opt/cray/libfabric/1.11.0.4.125/lib64
2026-10-06 03:40:29,474 h5bench - DEBUG - DYLD_LIBRARY_PATH: 
2026-10-06 03:40:29,474 h5bench - DEBUG - LD_PRELOAD: 
2026-10-06 03:40:29,474 h5bench - INFO - JOBID: 25696087.pbs101
2026-10-06 03:40:29,475 h5bench - INFO - h5bench [write] - Starting
2026-10-06 03:40:29,475 h5bench - INFO - h5bench [write] - DIR: payload/container/dyes_myes/40da55af-25696087.pbs101/
2026-10-06 03:40:29,475 h5bench - INFO - Parallel setup: mpirun -np 256 --map-by ppr:128:node --bind-to core --mca btl vader,tcp,self --mca btl_vader_single_copy_mechanism none --mca btl_tcp_if_include hsn0 --mca oob_tcp_if_include hsn0 --mca orte_base_help_aggregate 0 --mca opal_common_ucx_opal_mem_hooks 1 -x UCX_LOG_LEVEL=ERROR apptainer exec --bind /scratch /home/users/ntu/haiyen00/scratch/fyp/container/h5bench/h5bench_benchmarks.sif
2026-10-06 03:40:29,477 h5bench - INFO - mpirun -np 256 --map-by ppr:128:node --bind-to core --mca btl vader,tcp,self --mca btl_vader_single_copy_mechanism none --mca btl_tcp_if_include hsn0 --mca oob_tcp_if_include hsn0 --mca orte_base_help_aggregate 0 --mca opal_common_ucx_opal_mem_hooks 1 -x UCX_LOG_LEVEL=ERROR apptainer exec --bind /scratch /home/users/ntu/haiyen00/scratch/fyp/container/h5bench/h5bench_benchmarks.sif /opt/h5bench/install/bin/h5bench_write payload/container/dyes_myes/40da55af-25696087.pbs101/h5bench.cfg payload/container/dyes_myes/h5bench_collective_container_dyes_myes.h5
2026-10-06 03:40:59,264 h5bench - INFO - SUCCESS (all output files are located at payload/container/dyes_myes/40da55af-25696087.pbs101)
2026-10-06 03:40:59,264 h5bench - INFO - Runtime: 29.7892845 seconds (elapsed time, includes allocation wait time)
2026-10-06 03:40:59,265 h5bench - INFO - h5bench [write] - Complete
2026-10-06 03:40:59,265 h5bench - INFO - JOBID: 25696087.pbs101
2026-10-06 03:40:59,265 h5bench - INFO - h5bench [read] - Starting
2026-10-06 03:40:59,265 h5bench - INFO - h5bench [read] - DIR: payload/container/dyes_myes/5da596f0-25696087.pbs101/
2026-10-06 03:40:59,266 h5bench - INFO - Parallel setup: mpirun -np 256 --map-by ppr:128:node --bind-to core --mca btl vader,tcp,self --mca btl_vader_single_copy_mechanism none --mca btl_tcp_if_include hsn0 --mca oob_tcp_if_include hsn0 --mca orte_base_help_aggregate 0 --mca opal_common_ucx_opal_mem_hooks 1 -x UCX_LOG_LEVEL=ERROR apptainer exec --bind /scratch /home/users/ntu/haiyen00/scratch/fyp/container/h5bench/h5bench_benchmarks.sif
2026-10-06 03:40:59,267 h5bench - INFO - mpirun -np 256 --map-by ppr:128:node --bind-to core --mca btl vader,tcp,self --mca btl_vader_single_copy_mechanism none --mca btl_tcp_if_include hsn0 --mca oob_tcp_if_include hsn0 --mca orte_base_help_aggregate 0 --mca opal_common_ucx_opal_mem_hooks 1 -x UCX_LOG_LEVEL=ERROR apptainer exec --bind /scratch /home/users/ntu/haiyen00/scratch/fyp/container/h5bench/h5bench_benchmarks.sif /opt/h5bench/install/bin/h5bench_read payload/container/dyes_myes/5da596f0-25696087.pbs101/h5bench.cfg payload/container/dyes_myes/h5bench_collective_container_dyes_myes.h5
2026-10-06 03:41:20,941 h5bench - INFO - SUCCESS (all output files are located at payload/container/dyes_myes/5da596f0-25696087.pbs101)
2026-10-06 03:41:20,942 h5bench - INFO - Runtime: 21.6762154 seconds (elapsed time, includes allocation wait time)
2026-10-06 03:41:20,942 h5bench - INFO - h5bench [read] - Complete
2026-10-06 03:41:20,942 h5bench - INFO - Finishing h5bench Suite
--- Repetition 2/10 ---
+ /home/users/ntu/haiyen00/scratch/fyp/native/h5bench/h5bench/build/install/bin/h5bench -a -d -p /opt/h5bench/install/bin container/dyes_myes/config_rep2.json

real	0m48.026s
user	20m9.244s
sys	61m5.695s
+ H5BENCH_EXIT=0
+ set +x
2026-10-06 03:41:29,036 h5bench - INFO - Starting h5bench Suite
2026-10-06 03:41:29,038 h5bench - WARNING - Base directory already exists: payload/container/dyes_myes
2026-10-06 03:41:29,045 h5bench - INFO - Lustre support detected
2026-10-06 03:41:29,045 h5bench - DEBUG - Lustre stripping configuration: lfs setstripe -S 1M -c 4 payload/container/dyes_myes
2026-10-06 03:41:29,050 h5bench - DEBUG - LD_LIBRARY_PATH: /app/apps/singularity/sup/squashfuse/0.6.1/lib:/app/apps/openmpi/4.1.2-hpe/lib:/opt/cray/libfabric/1.11.0.4.125/lib64
2026-10-06 03:41:29,051 h5bench - DEBUG - DYLD_LIBRARY_PATH: 
2026-10-06 03:41:29,051 h5bench - DEBUG - LD_PRELOAD: 
2026-10-06 03:41:29,051 h5bench - INFO - JOBID: 25696087.pbs101
2026-10-06 03:41:29,051 h5bench - INFO - h5bench [write] - Starting
2026-10-06 03:41:29,051 h5bench - INFO - h5bench [write] - DIR: payload/container/dyes_myes/dc5bb8e2-25696087.pbs101/
2026-10-06 03:41:29,052 h5bench - INFO - Parallel setup: mpirun -np 256 --map-by ppr:128:node --bind-to core --mca btl vader,tcp,self --mca btl_vader_single_copy_mechanism none --mca btl_tcp_if_include hsn0 --mca oob_tcp_if_include hsn0 --mca orte_base_help_aggregate 0 --mca opal_common_ucx_opal_mem_hooks 1 -x UCX_LOG_LEVEL=ERROR apptainer exec --bind /scratch /home/users/ntu/haiyen00/scratch/fyp/container/h5bench/h5bench_benchmarks.sif
2026-10-06 03:41:29,053 h5bench - INFO - mpirun -np 256 --map-by ppr:128:node --bind-to core --mca btl vader,tcp,self --mca btl_vader_single_copy_mechanism none --mca btl_tcp_if_include hsn0 --mca oob_tcp_if_include hsn0 --mca orte_base_help_aggregate 0 --mca opal_common_ucx_opal_mem_hooks 1 -x UCX_LOG_LEVEL=ERROR apptainer exec --bind /scratch /home/users/ntu/haiyen00/scratch/fyp/container/h5bench/h5bench_benchmarks.sif /opt/h5bench/install/bin/h5bench_write payload/container/dyes_myes/dc5bb8e2-25696087.pbs101/h5bench.cfg payload/container/dyes_myes/h5bench_collective_container_dyes_myes.h5
2026-10-06 03:41:58,000 h5bench - INFO - SUCCESS (all output files are located at payload/container/dyes_myes/dc5bb8e2-25696087.pbs101)
2026-10-06 03:41:58,001 h5bench - INFO - Runtime: 28.9487598 seconds (elapsed time, includes allocation wait time)
2026-10-06 03:41:58,001 h5bench - INFO - h5bench [write] - Complete
2026-10-06 03:41:58,001 h5bench - INFO - JOBID: 25696087.pbs101
2026-10-06 03:41:58,001 h5bench - INFO - h5bench [read] - Starting
2026-10-06 03:41:58,002 h5bench - INFO - h5bench [read] - DIR: payload/container/dyes_myes/fbd4c241-25696087.pbs101/
2026-10-06 03:41:58,002 h5bench - INFO - Parallel setup: mpirun -np 256 --map-by ppr:128:node --bind-to core --mca btl vader,tcp,self --mca btl_vader_single_copy_mechanism none --mca btl_tcp_if_include hsn0 --mca oob_tcp_if_include hsn0 --mca orte_base_help_aggregate 0 --mca opal_common_ucx_opal_mem_hooks 1 -x UCX_LOG_LEVEL=ERROR apptainer exec --bind /scratch /home/users/ntu/haiyen00/scratch/fyp/container/h5bench/h5bench_benchmarks.sif
2026-10-06 03:41:58,003 h5bench - INFO - mpirun -np 256 --map-by ppr:128:node --bind-to core --mca btl vader,tcp,self --mca btl_vader_single_copy_mechanism none --mca btl_tcp_if_include hsn0 --mca oob_tcp_if_include hsn0 --mca orte_base_help_aggregate 0 --mca opal_common_ucx_opal_mem_hooks 1 -x UCX_LOG_LEVEL=ERROR apptainer exec --bind /scratch /home/users/ntu/haiyen00/scratch/fyp/container/h5bench/h5bench_benchmarks.sif /opt/h5bench/install/bin/h5bench_read payload/container/dyes_myes/fbd4c241-25696087.pbs101/h5bench.cfg payload/container/dyes_myes/h5bench_collective_container_dyes_myes.h5
2026-10-06 03:42:16,999 h5bench - INFO - SUCCESS (all output files are located at payload/container/dyes_myes/fbd4c241-25696087.pbs101)
2026-10-06 03:42:16,999 h5bench - INFO - Runtime: 18.9971623 seconds (elapsed time, includes allocation wait time)
2026-10-06 03:42:17,000 h5bench - INFO - h5bench [read] - Complete
2026-10-06 03:42:17,000 h5bench - INFO - Finishing h5bench Suite
--- Repetition 3/10 ---
+ /home/users/ntu/haiyen00/scratch/fyp/native/h5bench/h5bench/build/install/bin/h5bench -a -d -p /opt/h5bench/install/bin container/dyes_myes/config_rep3.json

real	0m47.403s
user	16m52.334s
sys	64m4.125s
+ H5BENCH_EXIT=0
+ set +x
2026-10-06 03:42:25,236 h5bench - INFO - Starting h5bench Suite
2026-10-06 03:42:25,237 h5bench - WARNING - Base directory already exists: payload/container/dyes_myes
2026-10-06 03:42:25,242 h5bench - INFO - Lustre support detected
2026-10-06 03:42:25,242 h5bench - DEBUG - Lustre stripping configuration: lfs setstripe -S 1M -c 4 payload/container/dyes_myes
2026-10-06 03:42:25,246 h5bench - DEBUG - LD_LIBRARY_PATH: /app/apps/singularity/sup/squashfuse/0.6.1/lib:/app/apps/openmpi/4.1.2-hpe/lib:/opt/cray/libfabric/1.11.0.4.125/lib64
2026-10-06 03:42:25,246 h5bench - DEBUG - DYLD_LIBRARY_PATH: 
2026-10-06 03:42:25,246 h5bench - DEBUG - LD_PRELOAD: 
2026-10-06 03:42:25,247 h5bench - INFO - JOBID: 25696087.pbs101
2026-10-06 03:42:25,247 h5bench - INFO - h5bench [write] - Starting
2026-10-06 03:42:25,247 h5bench - INFO - h5bench [write] - DIR: payload/container/dyes_myes/c45ef5c6-25696087.pbs101/
2026-10-06 03:42:25,247 h5bench - INFO - Parallel setup: mpirun -np 256 --map-by ppr:128:node --bind-to core --mca btl vader,tcp,self --mca btl_vader_single_copy_mechanism none --mca btl_tcp_if_include hsn0 --mca oob_tcp_if_include hsn0 --mca orte_base_help_aggregate 0 --mca opal_common_ucx_opal_mem_hooks 1 -x UCX_LOG_LEVEL=ERROR apptainer exec --bind /scratch /home/users/ntu/haiyen00/scratch/fyp/container/h5bench/h5bench_benchmarks.sif
2026-10-06 03:42:25,249 h5bench - INFO - mpirun -np 256 --map-by ppr:128:node --bind-to core --mca btl vader,tcp,self --mca btl_vader_single_copy_mechanism none --mca btl_tcp_if_include hsn0 --mca oob_tcp_if_include hsn0 --mca orte_base_help_aggregate 0 --mca opal_common_ucx_opal_mem_hooks 1 -x UCX_LOG_LEVEL=ERROR apptainer exec --bind /scratch /home/users/ntu/haiyen00/scratch/fyp/container/h5bench/h5bench_benchmarks.sif /opt/h5bench/install/bin/h5bench_write payload/container/dyes_myes/c45ef5c6-25696087.pbs101/h5bench.cfg payload/container/dyes_myes/h5bench_collective_container_dyes_myes.h5
2026-10-06 03:42:51,521 h5bench - INFO - SUCCESS (all output files are located at payload/container/dyes_myes/c45ef5c6-25696087.pbs101)
2026-10-06 03:42:51,521 h5bench - INFO - Runtime: 26.2741361 seconds (elapsed time, includes allocation wait time)
2026-10-06 03:42:51,522 h5bench - INFO - h5bench [write] - Complete
2026-10-06 03:42:51,522 h5bench - INFO - JOBID: 25696087.pbs101
2026-10-06 03:42:51,522 h5bench - INFO - h5bench [read] - Starting
2026-10-06 03:42:51,522 h5bench - INFO - h5bench [read] - DIR: payload/container/dyes_myes/4b60628c-25696087.pbs101/
2026-10-06 03:42:51,523 h5bench - INFO - Parallel setup: mpirun -np 256 --map-by ppr:128:node --bind-to core --mca btl vader,tcp,self --mca btl_vader_single_copy_mechanism none --mca btl_tcp_if_include hsn0 --mca oob_tcp_if_include hsn0 --mca orte_base_help_aggregate 0 --mca opal_common_ucx_opal_mem_hooks 1 -x UCX_LOG_LEVEL=ERROR apptainer exec --bind /scratch /home/users/ntu/haiyen00/scratch/fyp/container/h5bench/h5bench_benchmarks.sif
2026-10-06 03:42:51,524 h5bench - INFO - mpirun -np 256 --map-by ppr:128:node --bind-to core --mca btl vader,tcp,self --mca btl_vader_single_copy_mechanism none --mca btl_tcp_if_include hsn0 --mca oob_tcp_if_include hsn0 --mca orte_base_help_aggregate 0 --mca opal_common_ucx_opal_mem_hooks 1 -x UCX_LOG_LEVEL=ERROR apptainer exec --bind /scratch /home/users/ntu/haiyen00/scratch/fyp/container/h5bench/h5bench_benchmarks.sif /opt/h5bench/install/bin/h5bench_read payload/container/dyes_myes/4b60628c-25696087.pbs101/h5bench.cfg payload/container/dyes_myes/h5bench_collective_container_dyes_myes.h5
2026-10-06 03:43:12,577 h5bench - INFO - SUCCESS (all output files are located at payload/container/dyes_myes/4b60628c-25696087.pbs101)
2026-10-06 03:43:12,578 h5bench - INFO - Runtime: 21.0551028 seconds (elapsed time, includes allocation wait time)
2026-10-06 03:43:12,578 h5bench - INFO - h5bench [read] - Complete
2026-10-06 03:43:12,578 h5bench - INFO - Finishing h5bench Suite
--- Repetition 4/10 ---
+ /home/users/ntu/haiyen00/scratch/fyp/native/h5bench/h5bench/build/install/bin/h5bench -a -d -p /opt/h5bench/install/bin container/dyes_myes/config_rep4.json

real	0m51.438s
user	20m17.412s
sys	67m7.165s
+ H5BENCH_EXIT=0
+ set +x
2026-10-06 03:43:20,790 h5bench - INFO - Starting h5bench Suite
2026-10-06 03:43:20,792 h5bench - WARNING - Base directory already exists: payload/container/dyes_myes
2026-10-06 03:43:20,797 h5bench - INFO - Lustre support detected
2026-10-06 03:43:20,798 h5bench - DEBUG - Lustre stripping configuration: lfs setstripe -S 1M -c 4 payload/container/dyes_myes
2026-10-06 03:43:20,802 h5bench - DEBUG - LD_LIBRARY_PATH: /app/apps/singularity/sup/squashfuse/0.6.1/lib:/app/apps/openmpi/4.1.2-hpe/lib:/opt/cray/libfabric/1.11.0.4.125/lib64
2026-10-06 03:43:20,803 h5bench - DEBUG - DYLD_LIBRARY_PATH: 
2026-10-06 03:43:20,803 h5bench - DEBUG - LD_PRELOAD: 
2026-10-06 03:43:20,803 h5bench - INFO - JOBID: 25696087.pbs101
2026-10-06 03:43:20,803 h5bench - INFO - h5bench [write] - Starting
2026-10-06 03:43:20,804 h5bench - INFO - h5bench [write] - DIR: payload/container/dyes_myes/efab8a73-25696087.pbs101/
2026-10-06 03:43:20,804 h5bench - INFO - Parallel setup: mpirun -np 256 --map-by ppr:128:node --bind-to core --mca btl vader,tcp,self --mca btl_vader_single_copy_mechanism none --mca btl_tcp_if_include hsn0 --mca oob_tcp_if_include hsn0 --mca orte_base_help_aggregate 0 --mca opal_common_ucx_opal_mem_hooks 1 -x UCX_LOG_LEVEL=ERROR apptainer exec --bind /scratch /home/users/ntu/haiyen00/scratch/fyp/container/h5bench/h5bench_benchmarks.sif
2026-10-06 03:43:20,805 h5bench - INFO - mpirun -np 256 --map-by ppr:128:node --bind-to core --mca btl vader,tcp,self --mca btl_vader_single_copy_mechanism none --mca btl_tcp_if_include hsn0 --mca oob_tcp_if_include hsn0 --mca orte_base_help_aggregate 0 --mca opal_common_ucx_opal_mem_hooks 1 -x UCX_LOG_LEVEL=ERROR apptainer exec --bind /scratch /home/users/ntu/haiyen00/scratch/fyp/container/h5bench/h5bench_benchmarks.sif /opt/h5bench/install/bin/h5bench_write payload/container/dyes_myes/efab8a73-25696087.pbs101/h5bench.cfg payload/container/dyes_myes/h5bench_collective_container_dyes_myes.h5
2026-10-06 03:43:47,143 h5bench - INFO - SUCCESS (all output files are located at payload/container/dyes_myes/efab8a73-25696087.pbs101)
2026-10-06 03:43:47,143 h5bench - INFO - Runtime: 26.3391416 seconds (elapsed time, includes allocation wait time)
2026-10-06 03:43:47,143 h5bench - INFO - h5bench [write] - Complete
2026-10-06 03:43:47,144 h5bench - INFO - JOBID: 25696087.pbs101
2026-10-06 03:43:47,144 h5bench - INFO - h5bench [read] - Starting
2026-10-06 03:43:47,144 h5bench - INFO - h5bench [read] - DIR: payload/container/dyes_myes/b96c1fed-25696087.pbs101/
2026-10-06 03:43:47,144 h5bench - INFO - Parallel setup: mpirun -np 256 --map-by ppr:128:node --bind-to core --mca btl vader,tcp,self --mca btl_vader_single_copy_mechanism none --mca btl_tcp_if_include hsn0 --mca oob_tcp_if_include hsn0 --mca orte_base_help_aggregate 0 --mca opal_common_ucx_opal_mem_hooks 1 -x UCX_LOG_LEVEL=ERROR apptainer exec --bind /scratch /home/users/ntu/haiyen00/scratch/fyp/container/h5bench/h5bench_benchmarks.sif
2026-10-06 03:43:47,146 h5bench - INFO - mpirun -np 256 --map-by ppr:128:node --bind-to core --mca btl vader,tcp,self --mca btl_vader_single_copy_mechanism none --mca btl_tcp_if_include hsn0 --mca oob_tcp_if_include hsn0 --mca orte_base_help_aggregate 0 --mca opal_common_ucx_opal_mem_hooks 1 -x UCX_LOG_LEVEL=ERROR apptainer exec --bind /scratch /home/users/ntu/haiyen00/scratch/fyp/container/h5bench/h5bench_benchmarks.sif /opt/h5bench/install/bin/h5bench_read payload/container/dyes_myes/b96c1fed-25696087.pbs101/h5bench.cfg payload/container/dyes_myes/h5bench_collective_container_dyes_myes.h5
2026-10-06 03:44:12,167 h5bench - INFO - SUCCESS (all output files are located at payload/container/dyes_myes/b96c1fed-25696087.pbs101)
2026-10-06 03:44:12,168 h5bench - INFO - Runtime: 25.0229368 seconds (elapsed time, includes allocation wait time)
2026-10-06 03:44:12,168 h5bench - INFO - h5bench [read] - Complete
2026-10-06 03:44:12,168 h5bench - INFO - Finishing h5bench Suite
--- Repetition 5/10 ---
+ /home/users/ntu/haiyen00/scratch/fyp/native/h5bench/h5bench/build/install/bin/h5bench -a -d -p /opt/h5bench/install/bin container/dyes_myes/config_rep5.json

real	0m48.190s
user	17m26.697s
sys	65m16.562s
+ H5BENCH_EXIT=0
+ set +x
2026-10-06 03:44:20,094 h5bench - INFO - Starting h5bench Suite
2026-10-06 03:44:20,095 h5bench - WARNING - Base directory already exists: payload/container/dyes_myes
2026-10-06 03:44:20,102 h5bench - INFO - Lustre support detected
2026-10-06 03:44:20,102 h5bench - DEBUG - Lustre stripping configuration: lfs setstripe -S 1M -c 4 payload/container/dyes_myes
2026-10-06 03:44:20,107 h5bench - DEBUG - LD_LIBRARY_PATH: /app/apps/singularity/sup/squashfuse/0.6.1/lib:/app/apps/openmpi/4.1.2-hpe/lib:/opt/cray/libfabric/1.11.0.4.125/lib64
2026-10-06 03:44:20,107 h5bench - DEBUG - DYLD_LIBRARY_PATH: 
2026-10-06 03:44:20,107 h5bench - DEBUG - LD_PRELOAD: 
2026-10-06 03:44:20,107 h5bench - INFO - JOBID: 25696087.pbs101
2026-10-06 03:44:20,108 h5bench - INFO - h5bench [write] - Starting
2026-10-06 03:44:20,108 h5bench - INFO - h5bench [write] - DIR: payload/container/dyes_myes/4f544348-25696087.pbs101/
2026-10-06 03:44:20,108 h5bench - INFO - Parallel setup: mpirun -np 256 --map-by ppr:128:node --bind-to core --mca btl vader,tcp,self --mca btl_vader_single_copy_mechanism none --mca btl_tcp_if_include hsn0 --mca oob_tcp_if_include hsn0 --mca orte_base_help_aggregate 0 --mca opal_common_ucx_opal_mem_hooks 1 -x UCX_LOG_LEVEL=ERROR apptainer exec --bind /scratch /home/users/ntu/haiyen00/scratch/fyp/container/h5bench/h5bench_benchmarks.sif
2026-10-06 03:44:20,109 h5bench - INFO - mpirun -np 256 --map-by ppr:128:node --bind-to core --mca btl vader,tcp,self --mca btl_vader_single_copy_mechanism none --mca btl_tcp_if_include hsn0 --mca oob_tcp_if_include hsn0 --mca orte_base_help_aggregate 0 --mca opal_common_ucx_opal_mem_hooks 1 -x UCX_LOG_LEVEL=ERROR apptainer exec --bind /scratch /home/users/ntu/haiyen00/scratch/fyp/container/h5bench/h5bench_benchmarks.sif /opt/h5bench/install/bin/h5bench_write payload/container/dyes_myes/4f544348-25696087.pbs101/h5bench.cfg payload/container/dyes_myes/h5bench_collective_container_dyes_myes.h5
2026-10-06 03:44:46,939 h5bench - INFO - SUCCESS (all output files are located at payload/container/dyes_myes/4f544348-25696087.pbs101)
2026-10-06 03:44:46,940 h5bench - INFO - Runtime: 26.8314183 seconds (elapsed time, includes allocation wait time)
2026-10-06 03:44:46,940 h5bench - INFO - h5bench [write] - Complete
2026-10-06 03:44:46,940 h5bench - INFO - JOBID: 25696087.pbs101
2026-10-06 03:44:46,940 h5bench - INFO - h5bench [read] - Starting
2026-10-06 03:44:46,940 h5bench - INFO - h5bench [read] - DIR: payload/container/dyes_myes/f9060bde-25696087.pbs101/
2026-10-06 03:44:46,941 h5bench - INFO - Parallel setup: mpirun -np 256 --map-by ppr:128:node --bind-to core --mca btl vader,tcp,self --mca btl_vader_single_copy_mechanism none --mca btl_tcp_if_include hsn0 --mca oob_tcp_if_include hsn0 --mca orte_base_help_aggregate 0 --mca opal_common_ucx_opal_mem_hooks 1 -x UCX_LOG_LEVEL=ERROR apptainer exec --bind /scratch /home/users/ntu/haiyen00/scratch/fyp/container/h5bench/h5bench_benchmarks.sif
2026-10-06 03:44:46,942 h5bench - INFO - mpirun -np 256 --map-by ppr:128:node --bind-to core --mca btl vader,tcp,self --mca btl_vader_single_copy_mechanism none --mca btl_tcp_if_include hsn0 --mca oob_tcp_if_include hsn0 --mca orte_base_help_aggregate 0 --mca opal_common_ucx_opal_mem_hooks 1 -x UCX_LOG_LEVEL=ERROR apptainer exec --bind /scratch /home/users/ntu/haiyen00/scratch/fyp/container/h5bench/h5bench_benchmarks.sif /opt/h5bench/install/bin/h5bench_read payload/container/dyes_myes/f9060bde-25696087.pbs101/h5bench.cfg payload/container/dyes_myes/h5bench_collective_container_dyes_myes.h5
2026-10-06 03:45:08,222 h5bench - INFO - SUCCESS (all output files are located at payload/container/dyes_myes/f9060bde-25696087.pbs101)
2026-10-06 03:45:08,222 h5bench - INFO - Runtime: 21.2812436 seconds (elapsed time, includes allocation wait time)
2026-10-06 03:45:08,222 h5bench - INFO - h5bench [read] - Complete
2026-10-06 03:45:08,223 h5bench - INFO - Finishing h5bench Suite
--- Repetition 6/10 ---
+ /home/users/ntu/haiyen00/scratch/fyp/native/h5bench/h5bench/build/install/bin/h5bench -a -d -p /opt/h5bench/install/bin container/dyes_myes/config_rep6.json

real	0m50.653s
user	20m42.404s
sys	64m1.665s
+ H5BENCH_EXIT=0
+ set +x
2026-10-06 03:45:17,720 h5bench - INFO - Starting h5bench Suite
2026-10-06 03:45:17,721 h5bench - WARNING - Base directory already exists: payload/container/dyes_myes
2026-10-06 03:45:17,728 h5bench - INFO - Lustre support detected
2026-10-06 03:45:17,729 h5bench - DEBUG - Lustre stripping configuration: lfs setstripe -S 1M -c 4 payload/container/dyes_myes
2026-10-06 03:45:17,733 h5bench - DEBUG - LD_LIBRARY_PATH: /app/apps/singularity/sup/squashfuse/0.6.1/lib:/app/apps/openmpi/4.1.2-hpe/lib:/opt/cray/libfabric/1.11.0.4.125/lib64
2026-10-06 03:45:17,733 h5bench - DEBUG - DYLD_LIBRARY_PATH: 
2026-10-06 03:45:17,733 h5bench - DEBUG - LD_PRELOAD: 
2026-10-06 03:45:17,734 h5bench - INFO - JOBID: 25696087.pbs101
2026-10-06 03:45:17,734 h5bench - INFO - h5bench [write] - Starting
2026-10-06 03:45:17,734 h5bench - INFO - h5bench [write] - DIR: payload/container/dyes_myes/5e83f982-25696087.pbs101/
2026-10-06 03:45:17,734 h5bench - INFO - Parallel setup: mpirun -np 256 --map-by ppr:128:node --bind-to core --mca btl vader,tcp,self --mca btl_vader_single_copy_mechanism none --mca btl_tcp_if_include hsn0 --mca oob_tcp_if_include hsn0 --mca orte_base_help_aggregate 0 --mca opal_common_ucx_opal_mem_hooks 1 -x UCX_LOG_LEVEL=ERROR apptainer exec --bind /scratch /home/users/ntu/haiyen00/scratch/fyp/container/h5bench/h5bench_benchmarks.sif
2026-10-06 03:45:17,736 h5bench - INFO - mpirun -np 256 --map-by ppr:128:node --bind-to core --mca btl vader,tcp,self --mca btl_vader_single_copy_mechanism none --mca btl_tcp_if_include hsn0 --mca oob_tcp_if_include hsn0 --mca orte_base_help_aggregate 0 --mca opal_common_ucx_opal_mem_hooks 1 -x UCX_LOG_LEVEL=ERROR apptainer exec --bind /scratch /home/users/ntu/haiyen00/scratch/fyp/container/h5bench/h5bench_benchmarks.sif /opt/h5bench/install/bin/h5bench_write payload/container/dyes_myes/5e83f982-25696087.pbs101/h5bench.cfg payload/container/dyes_myes/h5bench_collective_container_dyes_myes.h5
2026-10-06 03:45:45,564 h5bench - INFO - SUCCESS (all output files are located at payload/container/dyes_myes/5e83f982-25696087.pbs101)
2026-10-06 03:45:45,565 h5bench - INFO - Runtime: 27.8305006 seconds (elapsed time, includes allocation wait time)
2026-10-06 03:45:45,565 h5bench - INFO - h5bench [write] - Complete
2026-10-06 03:45:45,565 h5bench - INFO - JOBID: 25696087.pbs101
2026-10-06 03:45:45,565 h5bench - INFO - h5bench [read] - Starting
2026-10-06 03:45:45,565 h5bench - INFO - h5bench [read] - DIR: payload/container/dyes_myes/43a7787c-25696087.pbs101/
2026-10-06 03:45:45,566 h5bench - INFO - Parallel setup: mpirun -np 256 --map-by ppr:128:node --bind-to core --mca btl vader,tcp,self --mca btl_vader_single_copy_mechanism none --mca btl_tcp_if_include hsn0 --mca oob_tcp_if_include hsn0 --mca orte_base_help_aggregate 0 --mca opal_common_ucx_opal_mem_hooks 1 -x UCX_LOG_LEVEL=ERROR apptainer exec --bind /scratch /home/users/ntu/haiyen00/scratch/fyp/container/h5bench/h5bench_benchmarks.sif
2026-10-06 03:45:45,567 h5bench - INFO - mpirun -np 256 --map-by ppr:128:node --bind-to core --mca btl vader,tcp,self --mca btl_vader_single_copy_mechanism none --mca btl_tcp_if_include hsn0 --mca oob_tcp_if_include hsn0 --mca orte_base_help_aggregate 0 --mca opal_common_ucx_opal_mem_hooks 1 -x UCX_LOG_LEVEL=ERROR apptainer exec --bind /scratch /home/users/ntu/haiyen00/scratch/fyp/container/h5bench/h5bench_benchmarks.sif /opt/h5bench/install/bin/h5bench_read payload/container/dyes_myes/43a7787c-25696087.pbs101/h5bench.cfg payload/container/dyes_myes/h5bench_collective_container_dyes_myes.h5
2026-10-06 03:46:08,311 h5bench - INFO - SUCCESS (all output files are located at payload/container/dyes_myes/43a7787c-25696087.pbs101)
2026-10-06 03:46:08,312 h5bench - INFO - Runtime: 22.7455091 seconds (elapsed time, includes allocation wait time)
2026-10-06 03:46:08,312 h5bench - INFO - h5bench [read] - Complete
2026-10-06 03:46:08,312 h5bench - INFO - Finishing h5bench Suite
--- Repetition 7/10 ---
+ /home/users/ntu/haiyen00/scratch/fyp/native/h5bench/h5bench/build/install/bin/h5bench -a -d -p /opt/h5bench/install/bin container/dyes_myes/config_rep7.json

real	0m46.467s
user	17m22.198s
sys	63m15.355s
+ H5BENCH_EXIT=0
+ set +x
2026-10-06 03:46:16,455 h5bench - INFO - Starting h5bench Suite
2026-10-06 03:46:16,456 h5bench - WARNING - Base directory already exists: payload/container/dyes_myes
2026-10-06 03:46:16,464 h5bench - INFO - Lustre support detected
2026-10-06 03:46:16,464 h5bench - DEBUG - Lustre stripping configuration: lfs setstripe -S 1M -c 4 payload/container/dyes_myes
2026-10-06 03:46:16,469 h5bench - DEBUG - LD_LIBRARY_PATH: /app/apps/singularity/sup/squashfuse/0.6.1/lib:/app/apps/openmpi/4.1.2-hpe/lib:/opt/cray/libfabric/1.11.0.4.125/lib64
2026-10-06 03:46:16,469 h5bench - DEBUG - DYLD_LIBRARY_PATH: 
2026-10-06 03:46:16,469 h5bench - DEBUG - LD_PRELOAD: 
2026-10-06 03:46:16,469 h5bench - INFO - JOBID: 25696087.pbs101
2026-10-06 03:46:16,469 h5bench - INFO - h5bench [write] - Starting
2026-10-06 03:46:16,470 h5bench - INFO - h5bench [write] - DIR: payload/container/dyes_myes/a7146efe-25696087.pbs101/
2026-10-06 03:46:16,470 h5bench - INFO - Parallel setup: mpirun -np 256 --map-by ppr:128:node --bind-to core --mca btl vader,tcp,self --mca btl_vader_single_copy_mechanism none --mca btl_tcp_if_include hsn0 --mca oob_tcp_if_include hsn0 --mca orte_base_help_aggregate 0 --mca opal_common_ucx_opal_mem_hooks 1 -x UCX_LOG_LEVEL=ERROR apptainer exec --bind /scratch /home/users/ntu/haiyen00/scratch/fyp/container/h5bench/h5bench_benchmarks.sif
2026-10-06 03:46:16,471 h5bench - INFO - mpirun -np 256 --map-by ppr:128:node --bind-to core --mca btl vader,tcp,self --mca btl_vader_single_copy_mechanism none --mca btl_tcp_if_include hsn0 --mca oob_tcp_if_include hsn0 --mca orte_base_help_aggregate 0 --mca opal_common_ucx_opal_mem_hooks 1 -x UCX_LOG_LEVEL=ERROR apptainer exec --bind /scratch /home/users/ntu/haiyen00/scratch/fyp/container/h5bench/h5bench_benchmarks.sif /opt/h5bench/install/bin/h5bench_write payload/container/dyes_myes/a7146efe-25696087.pbs101/h5bench.cfg payload/container/dyes_myes/h5bench_collective_container_dyes_myes.h5
2026-10-06 03:46:43,894 h5bench - INFO - SUCCESS (all output files are located at payload/container/dyes_myes/a7146efe-25696087.pbs101)
2026-10-06 03:46:43,894 h5bench - INFO - Runtime: 27.4239111 seconds (elapsed time, includes allocation wait time)
2026-10-06 03:46:43,894 h5bench - INFO - h5bench [write] - Complete
2026-10-06 03:46:43,894 h5bench - INFO - JOBID: 25696087.pbs101
2026-10-06 03:46:43,895 h5bench - INFO - h5bench [read] - Starting
2026-10-06 03:46:43,895 h5bench - INFO - h5bench [read] - DIR: payload/container/dyes_myes/becd9357-25696087.pbs101/
2026-10-06 03:46:43,895 h5bench - INFO - Parallel setup: mpirun -np 256 --map-by ppr:128:node --bind-to core --mca btl vader,tcp,self --mca btl_vader_single_copy_mechanism none --mca btl_tcp_if_include hsn0 --mca oob_tcp_if_include hsn0 --mca orte_base_help_aggregate 0 --mca opal_common_ucx_opal_mem_hooks 1 -x UCX_LOG_LEVEL=ERROR apptainer exec --bind /scratch /home/users/ntu/haiyen00/scratch/fyp/container/h5bench/h5bench_benchmarks.sif
2026-10-06 03:46:43,896 h5bench - INFO - mpirun -np 256 --map-by ppr:128:node --bind-to core --mca btl vader,tcp,self --mca btl_vader_single_copy_mechanism none --mca btl_tcp_if_include hsn0 --mca oob_tcp_if_include hsn0 --mca orte_base_help_aggregate 0 --mca opal_common_ucx_opal_mem_hooks 1 -x UCX_LOG_LEVEL=ERROR apptainer exec --bind /scratch /home/users/ntu/haiyen00/scratch/fyp/container/h5bench/h5bench_benchmarks.sif /opt/h5bench/install/bin/h5bench_read payload/container/dyes_myes/becd9357-25696087.pbs101/h5bench.cfg payload/container/dyes_myes/h5bench_collective_container_dyes_myes.h5
2026-10-06 03:47:02,860 h5bench - INFO - SUCCESS (all output files are located at payload/container/dyes_myes/becd9357-25696087.pbs101)
2026-10-06 03:47:02,860 h5bench - INFO - Runtime: 18.9650650 seconds (elapsed time, includes allocation wait time)
2026-10-06 03:47:02,861 h5bench - INFO - h5bench [read] - Complete
2026-10-06 03:47:02,861 h5bench - INFO - Finishing h5bench Suite
--- Repetition 8/10 ---
+ /home/users/ntu/haiyen00/scratch/fyp/native/h5bench/h5bench/build/install/bin/h5bench -a -d -p /opt/h5bench/install/bin container/dyes_myes/config_rep8.json

real	0m47.659s
user	17m4.888s
sys	64m42.296s
+ H5BENCH_EXIT=0
+ set +x
2026-10-06 03:47:11,207 h5bench - INFO - Starting h5bench Suite
2026-10-06 03:47:11,208 h5bench - WARNING - Base directory already exists: payload/container/dyes_myes
2026-10-06 03:47:11,216 h5bench - INFO - Lustre support detected
2026-10-06 03:47:11,217 h5bench - DEBUG - Lustre stripping configuration: lfs setstripe -S 1M -c 4 payload/container/dyes_myes
2026-10-06 03:47:11,221 h5bench - DEBUG - LD_LIBRARY_PATH: /app/apps/singularity/sup/squashfuse/0.6.1/lib:/app/apps/openmpi/4.1.2-hpe/lib:/opt/cray/libfabric/1.11.0.4.125/lib64
2026-10-06 03:47:11,222 h5bench - DEBUG - DYLD_LIBRARY_PATH: 
2026-10-06 03:47:11,222 h5bench - DEBUG - LD_PRELOAD: 
2026-10-06 03:47:11,222 h5bench - INFO - JOBID: 25696087.pbs101
2026-10-06 03:47:11,222 h5bench - INFO - h5bench [write] - Starting
2026-10-06 03:47:11,222 h5bench - INFO - h5bench [write] - DIR: payload/container/dyes_myes/96394c34-25696087.pbs101/
2026-10-06 03:47:11,223 h5bench - INFO - Parallel setup: mpirun -np 256 --map-by ppr:128:node --bind-to core --mca btl vader,tcp,self --mca btl_vader_single_copy_mechanism none --mca btl_tcp_if_include hsn0 --mca oob_tcp_if_include hsn0 --mca orte_base_help_aggregate 0 --mca opal_common_ucx_opal_mem_hooks 1 -x UCX_LOG_LEVEL=ERROR apptainer exec --bind /scratch /home/users/ntu/haiyen00/scratch/fyp/container/h5bench/h5bench_benchmarks.sif
2026-10-06 03:47:11,224 h5bench - INFO - mpirun -np 256 --map-by ppr:128:node --bind-to core --mca btl vader,tcp,self --mca btl_vader_single_copy_mechanism none --mca btl_tcp_if_include hsn0 --mca oob_tcp_if_include hsn0 --mca orte_base_help_aggregate 0 --mca opal_common_ucx_opal_mem_hooks 1 -x UCX_LOG_LEVEL=ERROR apptainer exec --bind /scratch /home/users/ntu/haiyen00/scratch/fyp/container/h5bench/h5bench_benchmarks.sif /opt/h5bench/install/bin/h5bench_write payload/container/dyes_myes/96394c34-25696087.pbs101/h5bench.cfg payload/container/dyes_myes/h5bench_collective_container_dyes_myes.h5
2026-10-06 03:47:38,377 h5bench - INFO - SUCCESS (all output files are located at payload/container/dyes_myes/96394c34-25696087.pbs101)
2026-10-06 03:47:38,378 h5bench - INFO - Runtime: 27.1552761 seconds (elapsed time, includes allocation wait time)
2026-10-06 03:47:38,378 h5bench - INFO - h5bench [write] - Complete
2026-10-06 03:47:38,378 h5bench - INFO - JOBID: 25696087.pbs101
2026-10-06 03:47:38,379 h5bench - INFO - h5bench [read] - Starting
2026-10-06 03:47:38,379 h5bench - INFO - h5bench [read] - DIR: payload/container/dyes_myes/91a35455-25696087.pbs101/
2026-10-06 03:47:38,379 h5bench - INFO - Parallel setup: mpirun -np 256 --map-by ppr:128:node --bind-to core --mca btl vader,tcp,self --mca btl_vader_single_copy_mechanism none --mca btl_tcp_if_include hsn0 --mca oob_tcp_if_include hsn0 --mca orte_base_help_aggregate 0 --mca opal_common_ucx_opal_mem_hooks 1 -x UCX_LOG_LEVEL=ERROR apptainer exec --bind /scratch /home/users/ntu/haiyen00/scratch/fyp/container/h5bench/h5bench_benchmarks.sif
2026-10-06 03:47:38,380 h5bench - INFO - mpirun -np 256 --map-by ppr:128:node --bind-to core --mca btl vader,tcp,self --mca btl_vader_single_copy_mechanism none --mca btl_tcp_if_include hsn0 --mca oob_tcp_if_include hsn0 --mca orte_base_help_aggregate 0 --mca opal_common_ucx_opal_mem_hooks 1 -x UCX_LOG_LEVEL=ERROR apptainer exec --bind /scratch /home/users/ntu/haiyen00/scratch/fyp/container/h5bench/h5bench_benchmarks.sif /opt/h5bench/install/bin/h5bench_read payload/container/dyes_myes/91a35455-25696087.pbs101/h5bench.cfg payload/container/dyes_myes/h5bench_collective_container_dyes_myes.h5
2026-10-06 03:47:58,805 h5bench - INFO - SUCCESS (all output files are located at payload/container/dyes_myes/91a35455-25696087.pbs101)
2026-10-06 03:47:58,805 h5bench - INFO - Runtime: 20.4257431 seconds (elapsed time, includes allocation wait time)
2026-10-06 03:47:58,805 h5bench - INFO - h5bench [read] - Complete
2026-10-06 03:47:58,805 h5bench - INFO - Finishing h5bench Suite
--- Repetition 9/10 ---
+ /home/users/ntu/haiyen00/scratch/fyp/native/h5bench/h5bench/build/install/bin/h5bench -a -d -p /opt/h5bench/install/bin container/dyes_myes/config_rep9.json

real	0m47.632s
user	16m57.224s
sys	64m7.050s
+ H5BENCH_EXIT=0
+ set +x
2026-10-06 03:48:07,098 h5bench - INFO - Starting h5bench Suite
2026-10-06 03:48:07,100 h5bench - WARNING - Base directory already exists: payload/container/dyes_myes
2026-10-06 03:48:07,109 h5bench - INFO - Lustre support detected
2026-10-06 03:48:07,109 h5bench - DEBUG - Lustre stripping configuration: lfs setstripe -S 1M -c 4 payload/container/dyes_myes
2026-10-06 03:48:07,114 h5bench - DEBUG - LD_LIBRARY_PATH: /app/apps/singularity/sup/squashfuse/0.6.1/lib:/app/apps/openmpi/4.1.2-hpe/lib:/opt/cray/libfabric/1.11.0.4.125/lib64
2026-10-06 03:48:07,114 h5bench - DEBUG - DYLD_LIBRARY_PATH: 
2026-10-06 03:48:07,114 h5bench - DEBUG - LD_PRELOAD: 
2026-10-06 03:48:07,115 h5bench - INFO - JOBID: 25696087.pbs101
2026-10-06 03:48:07,115 h5bench - INFO - h5bench [write] - Starting
2026-10-06 03:48:07,115 h5bench - INFO - h5bench [write] - DIR: payload/container/dyes_myes/a6f535f2-25696087.pbs101/
2026-10-06 03:48:07,115 h5bench - INFO - Parallel setup: mpirun -np 256 --map-by ppr:128:node --bind-to core --mca btl vader,tcp,self --mca btl_vader_single_copy_mechanism none --mca btl_tcp_if_include hsn0 --mca oob_tcp_if_include hsn0 --mca orte_base_help_aggregate 0 --mca opal_common_ucx_opal_mem_hooks 1 -x UCX_LOG_LEVEL=ERROR apptainer exec --bind /scratch /home/users/ntu/haiyen00/scratch/fyp/container/h5bench/h5bench_benchmarks.sif
2026-10-06 03:48:07,117 h5bench - INFO - mpirun -np 256 --map-by ppr:128:node --bind-to core --mca btl vader,tcp,self --mca btl_vader_single_copy_mechanism none --mca btl_tcp_if_include hsn0 --mca oob_tcp_if_include hsn0 --mca orte_base_help_aggregate 0 --mca opal_common_ucx_opal_mem_hooks 1 -x UCX_LOG_LEVEL=ERROR apptainer exec --bind /scratch /home/users/ntu/haiyen00/scratch/fyp/container/h5bench/h5bench_benchmarks.sif /opt/h5bench/install/bin/h5bench_write payload/container/dyes_myes/a6f535f2-25696087.pbs101/h5bench.cfg payload/container/dyes_myes/h5bench_collective_container_dyes_myes.h5
2026-10-06 03:48:34,069 h5bench - INFO - SUCCESS (all output files are located at payload/container/dyes_myes/a6f535f2-25696087.pbs101)
2026-10-06 03:48:34,070 h5bench - INFO - Runtime: 26.9544146 seconds (elapsed time, includes allocation wait time)
2026-10-06 03:48:34,070 h5bench - INFO - h5bench [write] - Complete
2026-10-06 03:48:34,070 h5bench - INFO - JOBID: 25696087.pbs101
2026-10-06 03:48:34,070 h5bench - INFO - h5bench [read] - Starting
2026-10-06 03:48:34,071 h5bench - INFO - h5bench [read] - DIR: payload/container/dyes_myes/91b10079-25696087.pbs101/
2026-10-06 03:48:34,071 h5bench - INFO - Parallel setup: mpirun -np 256 --map-by ppr:128:node --bind-to core --mca btl vader,tcp,self --mca btl_vader_single_copy_mechanism none --mca btl_tcp_if_include hsn0 --mca oob_tcp_if_include hsn0 --mca orte_base_help_aggregate 0 --mca opal_common_ucx_opal_mem_hooks 1 -x UCX_LOG_LEVEL=ERROR apptainer exec --bind /scratch /home/users/ntu/haiyen00/scratch/fyp/container/h5bench/h5bench_benchmarks.sif
2026-10-06 03:48:34,072 h5bench - INFO - mpirun -np 256 --map-by ppr:128:node --bind-to core --mca btl vader,tcp,self --mca btl_vader_single_copy_mechanism none --mca btl_tcp_if_include hsn0 --mca oob_tcp_if_include hsn0 --mca orte_base_help_aggregate 0 --mca opal_common_ucx_opal_mem_hooks 1 -x UCX_LOG_LEVEL=ERROR apptainer exec --bind /scratch /home/users/ntu/haiyen00/scratch/fyp/container/h5bench/h5bench_benchmarks.sif /opt/h5bench/install/bin/h5bench_read payload/container/dyes_myes/91b10079-25696087.pbs101/h5bench.cfg payload/container/dyes_myes/h5bench_collective_container_dyes_myes.h5
2026-10-06 03:48:54,670 h5bench - INFO - SUCCESS (all output files are located at payload/container/dyes_myes/91b10079-25696087.pbs101)
2026-10-06 03:48:54,670 h5bench - INFO - Runtime: 20.5991306 seconds (elapsed time, includes allocation wait time)
2026-10-06 03:48:54,670 h5bench - INFO - h5bench [read] - Complete
2026-10-06 03:48:54,671 h5bench - INFO - Finishing h5bench Suite
--- Repetition 10/10 ---
+ /home/users/ntu/haiyen00/scratch/fyp/native/h5bench/h5bench/build/install/bin/h5bench -a -d -p /opt/h5bench/install/bin container/dyes_myes/config_rep10.json

real	0m50.473s
user	18m14.016s
sys	60m31.584s
+ H5BENCH_EXIT=0
+ set +x
2026-10-06 03:49:02,566 h5bench - INFO - Starting h5bench Suite
2026-10-06 03:49:02,568 h5bench - WARNING - Base directory already exists: payload/container/dyes_myes
2026-10-06 03:49:02,577 h5bench - INFO - Lustre support detected
2026-10-06 03:49:02,578 h5bench - DEBUG - Lustre stripping configuration: lfs setstripe -S 1M -c 4 payload/container/dyes_myes
2026-10-06 03:49:02,582 h5bench - DEBUG - LD_LIBRARY_PATH: /app/apps/singularity/sup/squashfuse/0.6.1/lib:/app/apps/openmpi/4.1.2-hpe/lib:/opt/cray/libfabric/1.11.0.4.125/lib64
2026-10-06 03:49:02,583 h5bench - DEBUG - DYLD_LIBRARY_PATH: 
2026-10-06 03:49:02,583 h5bench - DEBUG - LD_PRELOAD: 
2026-10-06 03:49:02,583 h5bench - INFO - JOBID: 25696087.pbs101
2026-10-06 03:49:02,583 h5bench - INFO - h5bench [write] - Starting
2026-10-06 03:49:02,583 h5bench - INFO - h5bench [write] - DIR: payload/container/dyes_myes/9fb96e8e-25696087.pbs101/
2026-10-06 03:49:02,584 h5bench - INFO - Parallel setup: mpirun -np 256 --map-by ppr:128:node --bind-to core --mca btl vader,tcp,self --mca btl_vader_single_copy_mechanism none --mca btl_tcp_if_include hsn0 --mca oob_tcp_if_include hsn0 --mca orte_base_help_aggregate 0 --mca opal_common_ucx_opal_mem_hooks 1 -x UCX_LOG_LEVEL=ERROR apptainer exec --bind /scratch /home/users/ntu/haiyen00/scratch/fyp/container/h5bench/h5bench_benchmarks.sif
2026-10-06 03:49:02,585 h5bench - INFO - mpirun -np 256 --map-by ppr:128:node --bind-to core --mca btl vader,tcp,self --mca btl_vader_single_copy_mechanism none --mca btl_tcp_if_include hsn0 --mca oob_tcp_if_include hsn0 --mca orte_base_help_aggregate 0 --mca opal_common_ucx_opal_mem_hooks 1 -x UCX_LOG_LEVEL=ERROR apptainer exec --bind /scratch /home/users/ntu/haiyen00/scratch/fyp/container/h5bench/h5bench_benchmarks.sif /opt/h5bench/install/bin/h5bench_write payload/container/dyes_myes/9fb96e8e-25696087.pbs101/h5bench.cfg payload/container/dyes_myes/h5bench_collective_container_dyes_myes.h5
2026-10-06 03:49:31,852 h5bench - INFO - SUCCESS (all output files are located at payload/container/dyes_myes/9fb96e8e-25696087.pbs101)
2026-10-06 03:49:31,853 h5bench - INFO - Runtime: 29.2691324 seconds (elapsed time, includes allocation wait time)
2026-10-06 03:49:31,853 h5bench - INFO - h5bench [write] - Complete
2026-10-06 03:49:31,853 h5bench - INFO - JOBID: 25696087.pbs101
2026-10-06 03:49:31,854 h5bench - INFO - h5bench [read] - Starting
2026-10-06 03:49:31,854 h5bench - INFO - h5bench [read] - DIR: payload/container/dyes_myes/572d9c72-25696087.pbs101/
2026-10-06 03:49:31,854 h5bench - INFO - Parallel setup: mpirun -np 256 --map-by ppr:128:node --bind-to core --mca btl vader,tcp,self --mca btl_vader_single_copy_mechanism none --mca btl_tcp_if_include hsn0 --mca oob_tcp_if_include hsn0 --mca orte_base_help_aggregate 0 --mca opal_common_ucx_opal_mem_hooks 1 -x UCX_LOG_LEVEL=ERROR apptainer exec --bind /scratch /home/users/ntu/haiyen00/scratch/fyp/container/h5bench/h5bench_benchmarks.sif
2026-10-06 03:49:31,855 h5bench - INFO - mpirun -np 256 --map-by ppr:128:node --bind-to core --mca btl vader,tcp,self --mca btl_vader_single_copy_mechanism none --mca btl_tcp_if_include hsn0 --mca oob_tcp_if_include hsn0 --mca orte_base_help_aggregate 0 --mca opal_common_ucx_opal_mem_hooks 1 -x UCX_LOG_LEVEL=ERROR apptainer exec --bind /scratch /home/users/ntu/haiyen00/scratch/fyp/container/h5bench/h5bench_benchmarks.sif /opt/h5bench/install/bin/h5bench_read payload/container/dyes_myes/572d9c72-25696087.pbs101/h5bench.cfg payload/container/dyes_myes/h5bench_collective_container_dyes_myes.h5
2026-10-06 03:49:52,980 h5bench - INFO - SUCCESS (all output files are located at payload/container/dyes_myes/572d9c72-25696087.pbs101)
2026-10-06 03:49:52,980 h5bench - INFO - Runtime: 21.1261244 seconds (elapsed time, includes allocation wait time)
2026-10-06 03:49:52,981 h5bench - INFO - h5bench [read] - Complete
2026-10-06 03:49:52,981 h5bench - INFO - Finishing h5bench Suite
=== Lustre striping actually applied to payload/container/dyes_myes ===
payload/container/dyes_myes
stripe_count:  4 stripe_size:   1048576 pattern:       raid0 stripe_offset: -1 pool:          disk

payload/container/dyes_myes/40da55af-25696087.pbs101
stripe_count:  4 stripe_size:   1048576 pattern:       raid0 stripe_offset: -1 pool:          disk

payload/container/dyes_myes/fbd4c241-25696087.pbs101
stripe_count:  4 stripe_size:   1048576 pattern:       raid0 stripe_offset: -1 pool:          disk

payload/container/dyes_myes/h5bench_collective_container_dyes_myes.h5
lmm_stripe_count:  4
lmm_stripe_size:   1048576
lmm_pattern:       raid0
lmm_layout_gen:    0
lmm_stripe_offset: 21
lmm_pool:          disk
	obdidx		 objid		 objid		 group
	    21	    1332063397	   0x4f65aca5	   0x800000400
	    23	    1331692266	   0x4f6002ea	   0x840000400
	    25	    1332216433	   0x4f680271	   0x900000400
	    26	    1336146233	   0x4fa3f939	   0x8c0000400

payload/container/dyes_myes/572d9c72-25696087.pbs101
stripe_count:  4 stripe_size:   1048576 pattern:       raid0 stripe_offset: -1 pool:          disk

payload/container/dyes_myes/5e83f982-25696087.pbs101
stripe_count:  4 stripe_size:   1048576 pattern:       raid0 stripe_offset: -1 pool:          disk

payload/container/dyes_myes/efab8a73-25696087.pbs101
stripe_count:  4 stripe_size:   1048576 pattern:       raid0 stripe_offset: -1 pool:          disk

payload/container/dyes_myes/a7146efe-25696087.pbs101
stripe_count:  4 stripe_size:   1048576 pattern:       raid0 stripe_offset: -1 pool:          disk

payload/container/dyes_myes/43a7787c-25696087.pbs101
stripe_count:  4 stripe_size:   1048576 pattern:       raid0 stripe_offset: -1 pool:          disk

payload/container/dyes_myes/91b10079-25696087.pbs101
stripe_count:  4 stripe_size:   1048576 pattern:       raid0 stripe_offset: -1 pool:          disk

payload/container/dyes_myes/a6f535f2-25696087.pbs101
stripe_count:  4 stripe_size:   1048576 pattern:       raid0 stripe_offset: -1 pool:          disk

payload/container/dyes_myes/4b60628c-25696087.pbs101
stripe_count:  4 stripe_size:   1048576 pattern:       raid0 stripe_offset: -1 pool:          disk

payload/container/dyes_myes/5da596f0-25696087.pbs101
stripe_count:  4 stripe_size:   1048576 pattern:       raid0 stripe_offset: -1 pool:          disk

payload/container/dyes_myes/dc5bb8e2-25696087.pbs101
stripe_count:  4 stripe_size:   1048576 pattern:       raid0 stripe_offset: -1 pool:          disk

payload/container/dyes_myes/f9060bde-25696087.pbs101
stripe_count:  4 stripe_size:   1048576 pattern:       raid0 stripe_offset: -1 pool:          disk

payload/container/dyes_myes/9fb96e8e-25696087.pbs101
stripe_count:  4 stripe_size:   1048576 pattern:       raid0 stripe_offset: -1 pool:          disk

payload/container/dyes_myes/4f544348-25696087.pbs101
stripe_count:  4 stripe_size:   1048576 pattern:       raid0 stripe_offset: -1 pool:          disk

payload/container/dyes_myes/96394c34-25696087.pbs101
stripe_count:  4 stripe_size:   1048576 pattern:       raid0 stripe_offset: -1 pool:          disk

payload/container/dyes_myes/91a35455-25696087.pbs101
stripe_count:  4 stripe_size:   1048576 pattern:       raid0 stripe_offset: -1 pool:          disk

payload/container/dyes_myes/b96c1fed-25696087.pbs101
stripe_count:  4 stripe_size:   1048576 pattern:       raid0 stripe_offset: -1 pool:          disk

payload/container/dyes_myes/becd9357-25696087.pbs101
stripe_count:  4 stripe_size:   1048576 pattern:       raid0 stripe_offset: -1 pool:          disk

payload/container/dyes_myes/c45ef5c6-25696087.pbs101
stripe_count:  4 stripe_size:   1048576 pattern:       raid0 stripe_offset: -1 pool:          disk

Completed Successfully! 
