2026-10-06 03:31:31,870 h5bench - INFO - Starting h5bench Suite
2026-10-06 03:31:31,871 h5bench - WARNING - Base directory already exists: payload/native/dno_myes
2026-10-06 03:31:31,881 h5bench - INFO - Lustre support detected
2026-10-06 03:31:31,881 h5bench - DEBUG - Lustre stripping configuration: lfs setstripe -S 1M -c 4 payload/native/dno_myes
2026-10-06 03:31:31,887 h5bench - DEBUG - LD_LIBRARY_PATH: /app/libs/hdf5/1.12.1-parallel-icc22-ompi4/lib:/app/apps/openmpi/4.1.2-hpe/lib:/app/apps/oneapi/2022.1.2/mkl/2022.0.2/lib/intel64:/app/apps/oneapi/2022.1.2/compiler/2022.0.2/linux/lib:/app/apps/oneapi/2022.1.2/compiler/2022.0.2/linux/lib/x64:/app/apps/oneapi/2022.1.2/compiler/2022.0.2/linux/lib/oclfpga/host/linux64/lib:/app/apps/oneapi/2022.1.2/compiler/2022.0.2/linux/compiler/lib/intel64_lin:/opt/cray/libfabric/1.11.0.4.125/lib64
2026-10-06 03:31:31,888 h5bench - DEBUG - DYLD_LIBRARY_PATH: 
2026-10-06 03:31:31,888 h5bench - DEBUG - LD_PRELOAD: 
2026-10-06 03:31:31,888 h5bench - INFO - JOBID: 25696081.pbs101
2026-10-06 03:31:31,888 h5bench - INFO - h5bench [write] - Starting
2026-10-06 03:31:31,889 h5bench - INFO - h5bench [write] - DIR: payload/native/dno_myes/8977f110-25696081.pbs101/
2026-10-06 03:31:31,889 h5bench - INFO - Parallel setup: mpirun -np 256 --map-by ppr:128:node --bind-to core --mca btl ^openib --mca pml ucx --mca orte_base_help_aggregate 0 --mca opal_common_ucx_opal_mem_hooks 1 -x UCX_LOG_LEVEL=ERROR
2026-10-06 03:31:31,890 h5bench - INFO - mpirun -np 256 --map-by ppr:128:node --bind-to core --mca btl ^openib --mca pml ucx --mca orte_base_help_aggregate 0 --mca opal_common_ucx_opal_mem_hooks 1 -x UCX_LOG_LEVEL=ERROR /home/users/ntu/haiyen00/scratch/fyp/native/h5bench/h5bench/build/install/bin//h5bench_write payload/native/dno_myes/8977f110-25696081.pbs101/h5bench.cfg payload/native/dno_myes/h5bench_collective_native_dno_myes.h5
2026-10-06 03:32:06,275 h5bench - INFO - SUCCESS (all output files are located at payload/native/dno_myes/8977f110-25696081.pbs101)
2026-10-06 03:32:06,276 h5bench - INFO - Runtime: 34.3864353 seconds (elapsed time, includes allocation wait time)
2026-10-06 03:32:06,276 h5bench - INFO - h5bench [write] - Complete
2026-10-06 03:32:06,276 h5bench - INFO - JOBID: 25696081.pbs101
2026-10-06 03:32:06,276 h5bench - INFO - h5bench [read] - Starting
2026-10-06 03:32:06,276 h5bench - INFO - h5bench [read] - DIR: payload/native/dno_myes/1361e32e-25696081.pbs101/
2026-10-06 03:32:06,277 h5bench - INFO - Parallel setup: mpirun -np 256 --map-by ppr:128:node --bind-to core --mca btl ^openib --mca pml ucx --mca orte_base_help_aggregate 0 --mca opal_common_ucx_opal_mem_hooks 1 -x UCX_LOG_LEVEL=ERROR
2026-10-06 03:32:06,278 h5bench - INFO - mpirun -np 256 --map-by ppr:128:node --bind-to core --mca btl ^openib --mca pml ucx --mca orte_base_help_aggregate 0 --mca opal_common_ucx_opal_mem_hooks 1 -x UCX_LOG_LEVEL=ERROR /home/users/ntu/haiyen00/scratch/fyp/native/h5bench/h5bench/build/install/bin//h5bench_read payload/native/dno_myes/1361e32e-25696081.pbs101/h5bench.cfg payload/native/dno_myes/h5bench_collective_native_dno_myes.h5
2026-10-06 03:32:25,855 h5bench - INFO - SUCCESS (all output files are located at payload/native/dno_myes/1361e32e-25696081.pbs101)
2026-10-06 03:32:25,855 h5bench - INFO - Runtime: 19.5784769 seconds (elapsed time, includes allocation wait time)
2026-10-06 03:32:25,856 h5bench - INFO - h5bench [read] - Complete
2026-10-06 03:32:25,856 h5bench - INFO - Finishing h5bench Suite
