Currently Loaded Modulefiles:
  1) libfabric/1.11.0.4.125   2) openmpi/4.1.2-hpe
mpirun (Open MPI) 4.1.2

Report bugs to http://www.open-mpi.org/community/help/
=================================================================
 Intra-Node collective WEAK scaling: BENCH=alltoall NP=64 MSG=65536B REPS=10 
 all 64 ranks on one exclusive node -- shared memory, no network 
=================================================================
=== node used ===
x1001c4s4b1n1.hostmgmt2001.cm.asp2a.nscc.sg
  bindings recorded for 64 ranks
--- Repetition 1/10 ---
+ mpirun -np 64 --map-by core --bind-to core --mca btl '^openib' --mca pml ucx --mca orte_base_help_aggregate 0 --mca opal_common_ucx_opal_mem_hooks 1 -x UCX_LOG_LEVEL=ERROR /home/users/ntu/haiyen00/scratch/fyp/native/osu/osu-micro-benchmarks-8.0rc/install/libexec/osu-micro-benchmarks/mpi/collective/osu_alltoall -f -i 100 -m 65536:65536
+ RC=0
+ set +x
  ok: 1 data row(s) recorded
--- Repetition 2/10 ---
+ mpirun -np 64 --map-by core --bind-to core --mca btl '^openib' --mca pml ucx --mca orte_base_help_aggregate 0 --mca opal_common_ucx_opal_mem_hooks 1 -x UCX_LOG_LEVEL=ERROR /home/users/ntu/haiyen00/scratch/fyp/native/osu/osu-micro-benchmarks-8.0rc/install/libexec/osu-micro-benchmarks/mpi/collective/osu_alltoall -f -i 100 -m 65536:65536
+ RC=0
+ set +x
  ok: 1 data row(s) recorded
--- Repetition 3/10 ---
+ mpirun -np 64 --map-by core --bind-to core --mca btl '^openib' --mca pml ucx --mca orte_base_help_aggregate 0 --mca opal_common_ucx_opal_mem_hooks 1 -x UCX_LOG_LEVEL=ERROR /home/users/ntu/haiyen00/scratch/fyp/native/osu/osu-micro-benchmarks-8.0rc/install/libexec/osu-micro-benchmarks/mpi/collective/osu_alltoall -f -i 100 -m 65536:65536
+ RC=0
+ set +x
  ok: 1 data row(s) recorded
--- Repetition 4/10 ---
+ mpirun -np 64 --map-by core --bind-to core --mca btl '^openib' --mca pml ucx --mca orte_base_help_aggregate 0 --mca opal_common_ucx_opal_mem_hooks 1 -x UCX_LOG_LEVEL=ERROR /home/users/ntu/haiyen00/scratch/fyp/native/osu/osu-micro-benchmarks-8.0rc/install/libexec/osu-micro-benchmarks/mpi/collective/osu_alltoall -f -i 100 -m 65536:65536
+ RC=0
+ set +x
  ok: 1 data row(s) recorded
--- Repetition 5/10 ---
+ mpirun -np 64 --map-by core --bind-to core --mca btl '^openib' --mca pml ucx --mca orte_base_help_aggregate 0 --mca opal_common_ucx_opal_mem_hooks 1 -x UCX_LOG_LEVEL=ERROR /home/users/ntu/haiyen00/scratch/fyp/native/osu/osu-micro-benchmarks-8.0rc/install/libexec/osu-micro-benchmarks/mpi/collective/osu_alltoall -f -i 100 -m 65536:65536
+ RC=0
+ set +x
  ok: 1 data row(s) recorded
--- Repetition 6/10 ---
+ mpirun -np 64 --map-by core --bind-to core --mca btl '^openib' --mca pml ucx --mca orte_base_help_aggregate 0 --mca opal_common_ucx_opal_mem_hooks 1 -x UCX_LOG_LEVEL=ERROR /home/users/ntu/haiyen00/scratch/fyp/native/osu/osu-micro-benchmarks-8.0rc/install/libexec/osu-micro-benchmarks/mpi/collective/osu_alltoall -f -i 100 -m 65536:65536
+ RC=0
+ set +x
  ok: 1 data row(s) recorded
--- Repetition 7/10 ---
+ mpirun -np 64 --map-by core --bind-to core --mca btl '^openib' --mca pml ucx --mca orte_base_help_aggregate 0 --mca opal_common_ucx_opal_mem_hooks 1 -x UCX_LOG_LEVEL=ERROR /home/users/ntu/haiyen00/scratch/fyp/native/osu/osu-micro-benchmarks-8.0rc/install/libexec/osu-micro-benchmarks/mpi/collective/osu_alltoall -f -i 100 -m 65536:65536
+ RC=0
+ set +x
  ok: 1 data row(s) recorded
--- Repetition 8/10 ---
+ mpirun -np 64 --map-by core --bind-to core --mca btl '^openib' --mca pml ucx --mca orte_base_help_aggregate 0 --mca opal_common_ucx_opal_mem_hooks 1 -x UCX_LOG_LEVEL=ERROR /home/users/ntu/haiyen00/scratch/fyp/native/osu/osu-micro-benchmarks-8.0rc/install/libexec/osu-micro-benchmarks/mpi/collective/osu_alltoall -f -i 100 -m 65536:65536
+ RC=0
+ set +x
  ok: 1 data row(s) recorded
--- Repetition 9/10 ---
+ mpirun -np 64 --map-by core --bind-to core --mca btl '^openib' --mca pml ucx --mca orte_base_help_aggregate 0 --mca opal_common_ucx_opal_mem_hooks 1 -x UCX_LOG_LEVEL=ERROR /home/users/ntu/haiyen00/scratch/fyp/native/osu/osu-micro-benchmarks-8.0rc/install/libexec/osu-micro-benchmarks/mpi/collective/osu_alltoall -f -i 100 -m 65536:65536
+ RC=0
+ set +x
  ok: 1 data row(s) recorded
--- Repetition 10/10 ---
+ mpirun -np 64 --map-by core --bind-to core --mca btl '^openib' --mca pml ucx --mca orte_base_help_aggregate 0 --mca opal_common_ucx_opal_mem_hooks 1 -x UCX_LOG_LEVEL=ERROR /home/users/ntu/haiyen00/scratch/fyp/native/osu/osu-micro-benchmarks-8.0rc/install/libexec/osu-micro-benchmarks/mpi/collective/osu_alltoall -f -i 100 -m 65536:65536
+ RC=0
+ set +x
  ok: 1 data row(s) recorded
Completed Successfully! 
