2026-10-06 03:30:35,799 h5bench - INFO - Starting h5bench Suite
2026-10-06 03:30:35,800 h5bench - WARNING - Base directory already exists: payload/native/dyes_mno
2026-10-06 03:30:35,807 h5bench - INFO - Lustre support detected
2026-10-06 03:30:35,807 h5bench - DEBUG - Lustre stripping configuration: lfs setstripe -S 1M -c 4 payload/native/dyes_mno
2026-10-06 03:30:35,814 h5bench - DEBUG - LD_LIBRARY_PATH: /app/libs/hdf5/1.12.1-parallel-icc22-ompi4/lib:/app/apps/openmpi/4.1.2-hpe/lib:/app/apps/oneapi/2022.1.2/mkl/2022.0.2/lib/intel64:/app/apps/oneapi/2022.1.2/compiler/2022.0.2/linux/lib:/app/apps/oneapi/2022.1.2/compiler/2022.0.2/linux/lib/x64:/app/apps/oneapi/2022.1.2/compiler/2022.0.2/linux/lib/oclfpga/host/linux64/lib:/app/apps/oneapi/2022.1.2/compiler/2022.0.2/linux/compiler/lib/intel64_lin:/opt/cray/libfabric/1.11.0.4.125/lib64
2026-10-06 03:30:35,814 h5bench - DEBUG - DYLD_LIBRARY_PATH: 
2026-10-06 03:30:35,814 h5bench - DEBUG - LD_PRELOAD: 
2026-10-06 03:30:35,815 h5bench - INFO - JOBID: 25696082.pbs101
2026-10-06 03:30:35,815 h5bench - INFO - h5bench [write] - Starting
2026-10-06 03:30:35,815 h5bench - INFO - h5bench [write] - DIR: payload/native/dyes_mno/4021ffee-25696082.pbs101/
2026-10-06 03:30:35,815 h5bench - INFO - Parallel setup: mpirun -np 256 --map-by ppr:128:node --bind-to core --mca btl ^openib --mca pml ucx --mca orte_base_help_aggregate 0 --mca opal_common_ucx_opal_mem_hooks 1 -x UCX_LOG_LEVEL=ERROR
2026-10-06 03:30:35,817 h5bench - INFO - mpirun -np 256 --map-by ppr:128:node --bind-to core --mca btl ^openib --mca pml ucx --mca orte_base_help_aggregate 0 --mca opal_common_ucx_opal_mem_hooks 1 -x UCX_LOG_LEVEL=ERROR /home/users/ntu/haiyen00/scratch/fyp/native/h5bench/h5bench/build/install/bin//h5bench_write payload/native/dyes_mno/4021ffee-25696082.pbs101/h5bench.cfg payload/native/dyes_mno/h5bench_collective_native_dyes_mno.h5
2026-10-06 03:31:09,724 h5bench - INFO - SUCCESS (all output files are located at payload/native/dyes_mno/4021ffee-25696082.pbs101)
2026-10-06 03:31:09,725 h5bench - INFO - Runtime: 33.9094405 seconds (elapsed time, includes allocation wait time)
2026-10-06 03:31:09,725 h5bench - INFO - h5bench [write] - Complete
2026-10-06 03:31:09,725 h5bench - INFO - JOBID: 25696082.pbs101
2026-10-06 03:31:09,725 h5bench - INFO - h5bench [read] - Starting
2026-10-06 03:31:09,725 h5bench - INFO - h5bench [read] - DIR: payload/native/dyes_mno/9377c16c-25696082.pbs101/
2026-10-06 03:31:09,726 h5bench - INFO - Parallel setup: mpirun -np 256 --map-by ppr:128:node --bind-to core --mca btl ^openib --mca pml ucx --mca orte_base_help_aggregate 0 --mca opal_common_ucx_opal_mem_hooks 1 -x UCX_LOG_LEVEL=ERROR
2026-10-06 03:31:09,728 h5bench - INFO - mpirun -np 256 --map-by ppr:128:node --bind-to core --mca btl ^openib --mca pml ucx --mca orte_base_help_aggregate 0 --mca opal_common_ucx_opal_mem_hooks 1 -x UCX_LOG_LEVEL=ERROR /home/users/ntu/haiyen00/scratch/fyp/native/h5bench/h5bench/build/install/bin//h5bench_read payload/native/dyes_mno/9377c16c-25696082.pbs101/h5bench.cfg payload/native/dyes_mno/h5bench_collective_native_dyes_mno.h5
2026-10-06 03:31:53,892 h5bench - INFO - SUCCESS (all output files are located at payload/native/dyes_mno/9377c16c-25696082.pbs101)
2026-10-06 03:31:53,893 h5bench - INFO - Runtime: 44.1669905 seconds (elapsed time, includes allocation wait time)
2026-10-06 03:31:53,893 h5bench - INFO - h5bench [read] - Complete
2026-10-06 03:31:53,893 h5bench - INFO - Finishing h5bench Suite
