2026-10-04 23:19:31,540 h5bench - INFO - Starting h5bench Suite
2026-10-04 23:19:31,542 h5bench - WARNING - Base directory already exists: payload/native/dyes_mno
2026-10-04 23:19:31,549 h5bench - INFO - Lustre support detected
2026-10-04 23:19:31,550 h5bench - DEBUG - Lustre stripping configuration: lfs setstripe -S 1M -c 4 payload/native/dyes_mno
2026-10-04 23:19:31,555 h5bench - DEBUG - LD_LIBRARY_PATH: /app/libs/hdf5/1.12.1-parallel-icc22-ompi4/lib:/app/apps/openmpi/4.1.2-hpe/lib:/app/apps/oneapi/2022.1.2/mkl/2022.0.2/lib/intel64:/app/apps/oneapi/2022.1.2/compiler/2022.0.2/linux/lib:/app/apps/oneapi/2022.1.2/compiler/2022.0.2/linux/lib/x64:/app/apps/oneapi/2022.1.2/compiler/2022.0.2/linux/lib/oclfpga/host/linux64/lib:/app/apps/oneapi/2022.1.2/compiler/2022.0.2/linux/compiler/lib/intel64_lin:/opt/cray/libfabric/1.11.0.4.125/lib64
2026-10-04 23:19:31,556 h5bench - DEBUG - DYLD_LIBRARY_PATH: 
2026-10-04 23:19:31,556 h5bench - DEBUG - LD_PRELOAD: 
2026-10-04 23:19:31,556 h5bench - INFO - JOBID: 25682601.pbs101
2026-10-04 23:19:31,556 h5bench - INFO - h5bench [write] - Starting
2026-10-04 23:19:31,556 h5bench - INFO - h5bench [write] - DIR: payload/native/dyes_mno/46bc1aea-25682601.pbs101/
2026-10-04 23:19:31,557 h5bench - INFO - Parallel setup: mpirun -np 256 --map-by ppr:128:node --bind-to core --mca btl ^openib --mca pml ucx --mca orte_base_help_aggregate 0 --mca opal_common_ucx_opal_mem_hooks 1 -x UCX_LOG_LEVEL=ERROR
2026-10-04 23:19:31,558 h5bench - INFO - mpirun -np 256 --map-by ppr:128:node --bind-to core --mca btl ^openib --mca pml ucx --mca orte_base_help_aggregate 0 --mca opal_common_ucx_opal_mem_hooks 1 -x UCX_LOG_LEVEL=ERROR /home/users/ntu/haiyen00/scratch/fyp/native/h5bench/h5bench/build/install/bin//h5bench_write payload/native/dyes_mno/46bc1aea-25682601.pbs101/h5bench.cfg payload/native/dyes_mno/h5bench_collective_native_dyes_mno.h5
2026-10-04 23:20:05,780 h5bench - INFO - SUCCESS (all output files are located at payload/native/dyes_mno/46bc1aea-25682601.pbs101)
2026-10-04 23:20:05,781 h5bench - INFO - Runtime: 34.2238061 seconds (elapsed time, includes allocation wait time)
2026-10-04 23:20:05,781 h5bench - INFO - h5bench [write] - Complete
2026-10-04 23:20:05,781 h5bench - INFO - JOBID: 25682601.pbs101
2026-10-04 23:20:05,781 h5bench - INFO - h5bench [read] - Starting
2026-10-04 23:20:05,781 h5bench - INFO - h5bench [read] - DIR: payload/native/dyes_mno/fff35125-25682601.pbs101/
2026-10-04 23:20:05,782 h5bench - INFO - Parallel setup: mpirun -np 256 --map-by ppr:128:node --bind-to core --mca btl ^openib --mca pml ucx --mca orte_base_help_aggregate 0 --mca opal_common_ucx_opal_mem_hooks 1 -x UCX_LOG_LEVEL=ERROR
2026-10-04 23:20:05,783 h5bench - INFO - mpirun -np 256 --map-by ppr:128:node --bind-to core --mca btl ^openib --mca pml ucx --mca orte_base_help_aggregate 0 --mca opal_common_ucx_opal_mem_hooks 1 -x UCX_LOG_LEVEL=ERROR /home/users/ntu/haiyen00/scratch/fyp/native/h5bench/h5bench/build/install/bin//h5bench_read payload/native/dyes_mno/fff35125-25682601.pbs101/h5bench.cfg payload/native/dyes_mno/h5bench_collective_native_dyes_mno.h5
2026-10-04 23:20:27,806 h5bench - INFO - SUCCESS (all output files are located at payload/native/dyes_mno/fff35125-25682601.pbs101)
2026-10-04 23:20:27,807 h5bench - INFO - Runtime: 22.0246122 seconds (elapsed time, includes allocation wait time)
2026-10-04 23:20:27,807 h5bench - INFO - h5bench [read] - Complete
2026-10-04 23:20:27,807 h5bench - INFO - Finishing h5bench Suite
