Currently Loaded Modulefiles:
  1) libfabric/1.11.0.4.125   3) apptainer/1.5.0
  2) openmpi/4.1.2-hpe
mpirun (Open MPI) 4.1.2

Report bugs to http://www.open-mpi.org/community/help/
apptainer version 1.5.0
=================================================================
 Intra-Node collective STRONG scaling: BENCH=allreduce NP=64 MSG=131072B REPS=10 
 all 64 ranks on one exclusive node -- shared memory, no network 
=================================================================
=== node used ===
x1003c3s3b0n0.hostmgmt2003.cm.asp2a.nscc.sg
  bindings recorded for 64 ranks
--- Repetition 1/10 ---
+ mpirun -np 64 --map-by core --bind-to core --mca btl vader,self --mca btl_vader_single_copy_mechanism none --mca orte_base_help_aggregate 0 --mca opal_common_ucx_opal_mem_hooks 1 -x UCX_LOG_LEVEL=ERROR apptainer exec /home/users/ntu/haiyen00/scratch/fyp/container/osu/osu_micro_benchmarks.sif /opt/osu-micro-benchmarks-8.0rc/install/libexec/osu-micro-benchmarks/mpi/collective/osu_allreduce -f -i 100 -m 131072:131072
+ RC=0
+ set +x
  ok: 1 data row(s) recorded
--- Repetition 2/10 ---
+ mpirun -np 64 --map-by core --bind-to core --mca btl vader,self --mca btl_vader_single_copy_mechanism none --mca orte_base_help_aggregate 0 --mca opal_common_ucx_opal_mem_hooks 1 -x UCX_LOG_LEVEL=ERROR apptainer exec /home/users/ntu/haiyen00/scratch/fyp/container/osu/osu_micro_benchmarks.sif /opt/osu-micro-benchmarks-8.0rc/install/libexec/osu-micro-benchmarks/mpi/collective/osu_allreduce -f -i 100 -m 131072:131072
+ RC=0
+ set +x
  ok: 1 data row(s) recorded
--- Repetition 3/10 ---
+ mpirun -np 64 --map-by core --bind-to core --mca btl vader,self --mca btl_vader_single_copy_mechanism none --mca orte_base_help_aggregate 0 --mca opal_common_ucx_opal_mem_hooks 1 -x UCX_LOG_LEVEL=ERROR apptainer exec /home/users/ntu/haiyen00/scratch/fyp/container/osu/osu_micro_benchmarks.sif /opt/osu-micro-benchmarks-8.0rc/install/libexec/osu-micro-benchmarks/mpi/collective/osu_allreduce -f -i 100 -m 131072:131072
+ RC=0
+ set +x
  ok: 1 data row(s) recorded
--- Repetition 4/10 ---
+ mpirun -np 64 --map-by core --bind-to core --mca btl vader,self --mca btl_vader_single_copy_mechanism none --mca orte_base_help_aggregate 0 --mca opal_common_ucx_opal_mem_hooks 1 -x UCX_LOG_LEVEL=ERROR apptainer exec /home/users/ntu/haiyen00/scratch/fyp/container/osu/osu_micro_benchmarks.sif /opt/osu-micro-benchmarks-8.0rc/install/libexec/osu-micro-benchmarks/mpi/collective/osu_allreduce -f -i 100 -m 131072:131072
+ RC=0
+ set +x
  ok: 1 data row(s) recorded
--- Repetition 5/10 ---
+ mpirun -np 64 --map-by core --bind-to core --mca btl vader,self --mca btl_vader_single_copy_mechanism none --mca orte_base_help_aggregate 0 --mca opal_common_ucx_opal_mem_hooks 1 -x UCX_LOG_LEVEL=ERROR apptainer exec /home/users/ntu/haiyen00/scratch/fyp/container/osu/osu_micro_benchmarks.sif /opt/osu-micro-benchmarks-8.0rc/install/libexec/osu-micro-benchmarks/mpi/collective/osu_allreduce -f -i 100 -m 131072:131072
+ RC=0
+ set +x
  ok: 1 data row(s) recorded
--- Repetition 6/10 ---
+ mpirun -np 64 --map-by core --bind-to core --mca btl vader,self --mca btl_vader_single_copy_mechanism none --mca orte_base_help_aggregate 0 --mca opal_common_ucx_opal_mem_hooks 1 -x UCX_LOG_LEVEL=ERROR apptainer exec /home/users/ntu/haiyen00/scratch/fyp/container/osu/osu_micro_benchmarks.sif /opt/osu-micro-benchmarks-8.0rc/install/libexec/osu-micro-benchmarks/mpi/collective/osu_allreduce -f -i 100 -m 131072:131072
+ RC=0
+ set +x
  ok: 1 data row(s) recorded
--- Repetition 7/10 ---
+ mpirun -np 64 --map-by core --bind-to core --mca btl vader,self --mca btl_vader_single_copy_mechanism none --mca orte_base_help_aggregate 0 --mca opal_common_ucx_opal_mem_hooks 1 -x UCX_LOG_LEVEL=ERROR apptainer exec /home/users/ntu/haiyen00/scratch/fyp/container/osu/osu_micro_benchmarks.sif /opt/osu-micro-benchmarks-8.0rc/install/libexec/osu-micro-benchmarks/mpi/collective/osu_allreduce -f -i 100 -m 131072:131072
+ RC=0
+ set +x
  ok: 1 data row(s) recorded
--- Repetition 8/10 ---
+ mpirun -np 64 --map-by core --bind-to core --mca btl vader,self --mca btl_vader_single_copy_mechanism none --mca orte_base_help_aggregate 0 --mca opal_common_ucx_opal_mem_hooks 1 -x UCX_LOG_LEVEL=ERROR apptainer exec /home/users/ntu/haiyen00/scratch/fyp/container/osu/osu_micro_benchmarks.sif /opt/osu-micro-benchmarks-8.0rc/install/libexec/osu-micro-benchmarks/mpi/collective/osu_allreduce -f -i 100 -m 131072:131072
+ RC=0
+ set +x
  ok: 1 data row(s) recorded
--- Repetition 9/10 ---
+ mpirun -np 64 --map-by core --bind-to core --mca btl vader,self --mca btl_vader_single_copy_mechanism none --mca orte_base_help_aggregate 0 --mca opal_common_ucx_opal_mem_hooks 1 -x UCX_LOG_LEVEL=ERROR apptainer exec /home/users/ntu/haiyen00/scratch/fyp/container/osu/osu_micro_benchmarks.sif /opt/osu-micro-benchmarks-8.0rc/install/libexec/osu-micro-benchmarks/mpi/collective/osu_allreduce -f -i 100 -m 131072:131072
+ RC=0
+ set +x
  ok: 1 data row(s) recorded
--- Repetition 10/10 ---
+ mpirun -np 64 --map-by core --bind-to core --mca btl vader,self --mca btl_vader_single_copy_mechanism none --mca orte_base_help_aggregate 0 --mca opal_common_ucx_opal_mem_hooks 1 -x UCX_LOG_LEVEL=ERROR apptainer exec /home/users/ntu/haiyen00/scratch/fyp/container/osu/osu_micro_benchmarks.sif /opt/osu-micro-benchmarks-8.0rc/install/libexec/osu-micro-benchmarks/mpi/collective/osu_allreduce -f -i 100 -m 131072:131072
+ RC=0
+ set +x
  ok: 1 data row(s) recorded
Completed Successfully! 
