2026-10-06 01:06:43,256 h5bench - INFO - Starting h5bench Suite
2026-10-06 01:06:43,257 h5bench - WARNING - Base directory already exists: payload/native/n4
2026-10-06 01:06:43,263 h5bench - INFO - Lustre support detected
2026-10-06 01:06:43,263 h5bench - DEBUG - Lustre stripping configuration: lfs setstripe -S 1M -c 4 payload/native/n4
2026-10-06 01:06:43,270 h5bench - DEBUG - LD_LIBRARY_PATH: /app/libs/hdf5/1.12.1-parallel-icc22-ompi4/lib:/app/apps/openmpi/4.1.2-hpe/lib:/app/apps/oneapi/2022.1.2/mkl/2022.0.2/lib/intel64:/app/apps/oneapi/2022.1.2/compiler/2022.0.2/linux/lib:/app/apps/oneapi/2022.1.2/compiler/2022.0.2/linux/lib/x64:/app/apps/oneapi/2022.1.2/compiler/2022.0.2/linux/lib/oclfpga/host/linux64/lib:/app/apps/oneapi/2022.1.2/compiler/2022.0.2/linux/compiler/lib/intel64_lin:/opt/cray/libfabric/1.11.0.4.125/lib64
2026-10-06 01:06:43,270 h5bench - DEBUG - DYLD_LIBRARY_PATH: 
2026-10-06 01:06:43,270 h5bench - DEBUG - LD_PRELOAD: 
2026-10-06 01:06:43,270 h5bench - INFO - JOBID: 25694138.pbs101
2026-10-06 01:06:43,270 h5bench - INFO - h5bench [write] - Starting
2026-10-06 01:06:43,271 h5bench - INFO - h5bench [write] - DIR: payload/native/n4/e3e6b778-25694138.pbs101/
2026-10-06 01:06:43,271 h5bench - INFO - Parallel setup: mpirun -np 512 --map-by ppr:128:node --bind-to core --mca btl ^openib --mca pml ucx --mca orte_base_help_aggregate 0 --mca opal_common_ucx_opal_mem_hooks 1 -x UCX_LOG_LEVEL=ERROR
2026-10-06 01:06:43,272 h5bench - INFO - mpirun -np 512 --map-by ppr:128:node --bind-to core --mca btl ^openib --mca pml ucx --mca orte_base_help_aggregate 0 --mca opal_common_ucx_opal_mem_hooks 1 -x UCX_LOG_LEVEL=ERROR /home/users/ntu/haiyen00/scratch/fyp/native/h5bench/h5bench/build/install/bin//h5bench_write payload/native/n4/e3e6b778-25694138.pbs101/h5bench.cfg payload/native/n4/h5bench_weak_native_n4.h5
2026-10-06 01:07:29,481 h5bench - INFO - SUCCESS (all output files are located at payload/native/n4/e3e6b778-25694138.pbs101)
2026-10-06 01:07:29,481 h5bench - INFO - Runtime: 46.2101285 seconds (elapsed time, includes allocation wait time)
2026-10-06 01:07:29,481 h5bench - INFO - h5bench [write] - Complete
2026-10-06 01:07:29,482 h5bench - INFO - JOBID: 25694138.pbs101
2026-10-06 01:07:29,482 h5bench - INFO - h5bench [read] - Starting
2026-10-06 01:07:29,482 h5bench - INFO - h5bench [read] - DIR: payload/native/n4/40aa3a3e-25694138.pbs101/
2026-10-06 01:07:29,482 h5bench - INFO - Parallel setup: mpirun -np 512 --map-by ppr:128:node --bind-to core --mca btl ^openib --mca pml ucx --mca orte_base_help_aggregate 0 --mca opal_common_ucx_opal_mem_hooks 1 -x UCX_LOG_LEVEL=ERROR
2026-10-06 01:07:29,484 h5bench - INFO - mpirun -np 512 --map-by ppr:128:node --bind-to core --mca btl ^openib --mca pml ucx --mca orte_base_help_aggregate 0 --mca opal_common_ucx_opal_mem_hooks 1 -x UCX_LOG_LEVEL=ERROR /home/users/ntu/haiyen00/scratch/fyp/native/h5bench/h5bench/build/install/bin//h5bench_read payload/native/n4/40aa3a3e-25694138.pbs101/h5bench.cfg payload/native/n4/h5bench_weak_native_n4.h5
2026-10-06 01:07:53,823 h5bench - INFO - SUCCESS (all output files are located at payload/native/n4/40aa3a3e-25694138.pbs101)
2026-10-06 01:07:53,824 h5bench - INFO - Runtime: 24.3412158 seconds (elapsed time, includes allocation wait time)
2026-10-06 01:07:53,824 h5bench - INFO - h5bench [read] - Complete
2026-10-06 01:07:53,824 h5bench - INFO - Finishing h5bench Suite
