2026-10-06 00:35:48,379 h5bench - INFO - Starting h5bench Suite
2026-10-06 00:35:48,380 h5bench - WARNING - Base directory already exists: payload/native/n8
2026-10-06 00:35:48,389 h5bench - INFO - Lustre support detected
2026-10-06 00:35:48,389 h5bench - DEBUG - Lustre stripping configuration: lfs setstripe -S 1M -c 4 payload/native/n8
2026-10-06 00:35:48,395 h5bench - DEBUG - LD_LIBRARY_PATH: /app/libs/hdf5/1.12.1-parallel-icc22-ompi4/lib:/app/apps/openmpi/4.1.2-hpe/lib:/app/apps/oneapi/2022.1.2/mkl/2022.0.2/lib/intel64:/app/apps/oneapi/2022.1.2/compiler/2022.0.2/linux/lib:/app/apps/oneapi/2022.1.2/compiler/2022.0.2/linux/lib/x64:/app/apps/oneapi/2022.1.2/compiler/2022.0.2/linux/lib/oclfpga/host/linux64/lib:/app/apps/oneapi/2022.1.2/compiler/2022.0.2/linux/compiler/lib/intel64_lin:/opt/cray/libfabric/1.11.0.4.125/lib64
2026-10-06 00:35:48,396 h5bench - DEBUG - DYLD_LIBRARY_PATH: 
2026-10-06 00:35:48,396 h5bench - DEBUG - LD_PRELOAD: 
2026-10-06 00:35:48,396 h5bench - INFO - JOBID: 25694139.pbs101
2026-10-06 00:35:48,396 h5bench - INFO - h5bench [write] - Starting
2026-10-06 00:35:48,396 h5bench - INFO - h5bench [write] - DIR: payload/native/n8/be8c7edf-25694139.pbs101/
2026-10-06 00:35:48,397 h5bench - INFO - Parallel setup: mpirun -np 1024 --map-by ppr:128:node --bind-to core --mca btl ^openib --mca pml ucx --mca orte_base_help_aggregate 0 --mca opal_common_ucx_opal_mem_hooks 1 -x UCX_LOG_LEVEL=ERROR
2026-10-06 00:35:48,398 h5bench - INFO - mpirun -np 1024 --map-by ppr:128:node --bind-to core --mca btl ^openib --mca pml ucx --mca orte_base_help_aggregate 0 --mca opal_common_ucx_opal_mem_hooks 1 -x UCX_LOG_LEVEL=ERROR /home/users/ntu/haiyen00/scratch/fyp/native/h5bench/h5bench/build/install/bin//h5bench_write payload/native/n8/be8c7edf-25694139.pbs101/h5bench.cfg payload/native/n8/h5bench_weak_native_n8.h5
2026-10-06 00:36:50,268 h5bench - INFO - SUCCESS (all output files are located at payload/native/n8/be8c7edf-25694139.pbs101)
2026-10-06 00:36:50,269 h5bench - INFO - Runtime: 61.8716300 seconds (elapsed time, includes allocation wait time)
2026-10-06 00:36:50,269 h5bench - INFO - h5bench [write] - Complete
2026-10-06 00:36:50,269 h5bench - INFO - JOBID: 25694139.pbs101
2026-10-06 00:36:50,269 h5bench - INFO - h5bench [read] - Starting
2026-10-06 00:36:50,269 h5bench - INFO - h5bench [read] - DIR: payload/native/n8/576bb6b1-25694139.pbs101/
2026-10-06 00:36:50,270 h5bench - INFO - Parallel setup: mpirun -np 1024 --map-by ppr:128:node --bind-to core --mca btl ^openib --mca pml ucx --mca orte_base_help_aggregate 0 --mca opal_common_ucx_opal_mem_hooks 1 -x UCX_LOG_LEVEL=ERROR
2026-10-06 00:36:50,271 h5bench - INFO - mpirun -np 1024 --map-by ppr:128:node --bind-to core --mca btl ^openib --mca pml ucx --mca orte_base_help_aggregate 0 --mca opal_common_ucx_opal_mem_hooks 1 -x UCX_LOG_LEVEL=ERROR /home/users/ntu/haiyen00/scratch/fyp/native/h5bench/h5bench/build/install/bin//h5bench_read payload/native/n8/576bb6b1-25694139.pbs101/h5bench.cfg payload/native/n8/h5bench_weak_native_n8.h5
2026-10-06 00:37:27,883 h5bench - INFO - SUCCESS (all output files are located at payload/native/n8/576bb6b1-25694139.pbs101)
2026-10-06 00:37:27,883 h5bench - INFO - Runtime: 37.6134486 seconds (elapsed time, includes allocation wait time)
2026-10-06 00:37:27,883 h5bench - INFO - h5bench [read] - Complete
2026-10-06 00:37:27,884 h5bench - INFO - Finishing h5bench Suite
