2026-10-04 22:50:05,273 h5bench - INFO - Starting h5bench Suite
2026-10-04 22:50:05,274 h5bench - WARNING - Base directory already exists: payload/native/n8
2026-10-04 22:50:05,284 h5bench - INFO - Lustre support detected
2026-10-04 22:50:05,284 h5bench - DEBUG - Lustre stripping configuration: lfs setstripe -S 1M -c 4 payload/native/n8
2026-10-04 22:50:05,290 h5bench - DEBUG - LD_LIBRARY_PATH: /app/libs/hdf5/1.12.1-parallel-icc22-ompi4/lib:/app/apps/openmpi/4.1.2-hpe/lib:/app/apps/oneapi/2022.1.2/mkl/2022.0.2/lib/intel64:/app/apps/oneapi/2022.1.2/compiler/2022.0.2/linux/lib:/app/apps/oneapi/2022.1.2/compiler/2022.0.2/linux/lib/x64:/app/apps/oneapi/2022.1.2/compiler/2022.0.2/linux/lib/oclfpga/host/linux64/lib:/app/apps/oneapi/2022.1.2/compiler/2022.0.2/linux/compiler/lib/intel64_lin:/opt/cray/libfabric/1.11.0.4.125/lib64
2026-10-04 22:50:05,290 h5bench - DEBUG - DYLD_LIBRARY_PATH: 
2026-10-04 22:50:05,290 h5bench - DEBUG - LD_PRELOAD: 
2026-10-04 22:50:05,291 h5bench - INFO - JOBID: 25682204.pbs101
2026-10-04 22:50:05,291 h5bench - INFO - h5bench [write] - Starting
2026-10-04 22:50:05,291 h5bench - INFO - h5bench [write] - DIR: payload/native/n8/f1f4382a-25682204.pbs101/
2026-10-04 22:50:05,291 h5bench - INFO - Parallel setup: mpirun -np 1024 --map-by ppr:128:node --bind-to core --mca btl ^openib --mca pml ucx --mca orte_base_help_aggregate 0 --mca opal_common_ucx_opal_mem_hooks 1 -x UCX_LOG_LEVEL=ERROR
2026-10-04 22:50:05,292 h5bench - INFO - mpirun -np 1024 --map-by ppr:128:node --bind-to core --mca btl ^openib --mca pml ucx --mca orte_base_help_aggregate 0 --mca opal_common_ucx_opal_mem_hooks 1 -x UCX_LOG_LEVEL=ERROR /home/users/ntu/haiyen00/scratch/fyp/native/h5bench/h5bench/build/install/bin//h5bench_write payload/native/n8/f1f4382a-25682204.pbs101/h5bench.cfg payload/native/n8/h5bench_weak_native_n8.h5
2026-10-04 22:51:04,695 h5bench - INFO - SUCCESS (all output files are located at payload/native/n8/f1f4382a-25682204.pbs101)
2026-10-04 22:51:04,696 h5bench - INFO - Runtime: 59.4041476 seconds (elapsed time, includes allocation wait time)
2026-10-04 22:51:04,696 h5bench - INFO - h5bench [write] - Complete
2026-10-04 22:51:04,696 h5bench - INFO - JOBID: 25682204.pbs101
2026-10-04 22:51:04,696 h5bench - INFO - h5bench [read] - Starting
2026-10-04 22:51:04,697 h5bench - INFO - h5bench [read] - DIR: payload/native/n8/1bb6e0e0-25682204.pbs101/
2026-10-04 22:51:04,697 h5bench - INFO - Parallel setup: mpirun -np 1024 --map-by ppr:128:node --bind-to core --mca btl ^openib --mca pml ucx --mca orte_base_help_aggregate 0 --mca opal_common_ucx_opal_mem_hooks 1 -x UCX_LOG_LEVEL=ERROR
2026-10-04 22:51:04,699 h5bench - INFO - mpirun -np 1024 --map-by ppr:128:node --bind-to core --mca btl ^openib --mca pml ucx --mca orte_base_help_aggregate 0 --mca opal_common_ucx_opal_mem_hooks 1 -x UCX_LOG_LEVEL=ERROR /home/users/ntu/haiyen00/scratch/fyp/native/h5bench/h5bench/build/install/bin//h5bench_read payload/native/n8/1bb6e0e0-25682204.pbs101/h5bench.cfg payload/native/n8/h5bench_weak_native_n8.h5
2026-10-04 22:51:53,176 h5bench - INFO - SUCCESS (all output files are located at payload/native/n8/1bb6e0e0-25682204.pbs101)
2026-10-04 22:51:53,177 h5bench - INFO - Runtime: 48.4797025 seconds (elapsed time, includes allocation wait time)
2026-10-04 22:51:53,177 h5bench - INFO - h5bench [read] - Complete
2026-10-04 22:51:53,177 h5bench - INFO - Finishing h5bench Suite
