2026-10-04 22:42:34,906 h5bench - INFO - Starting h5bench Suite
2026-10-04 22:42:34,908 h5bench - WARNING - Base directory already exists: payload/container/n8
2026-10-04 22:42:34,912 h5bench - INFO - Lustre support detected
2026-10-04 22:42:34,913 h5bench - DEBUG - Lustre stripping configuration: lfs setstripe -S 1M -c 4 payload/container/n8
2026-10-04 22:42:34,917 h5bench - DEBUG - LD_LIBRARY_PATH: /app/apps/singularity/sup/squashfuse/0.6.1/lib:/app/apps/openmpi/4.1.2-hpe/lib:/opt/cray/libfabric/1.11.0.4.125/lib64
2026-10-04 22:42:34,917 h5bench - DEBUG - DYLD_LIBRARY_PATH: 
2026-10-04 22:42:34,918 h5bench - DEBUG - LD_PRELOAD: 
2026-10-04 22:42:34,918 h5bench - INFO - JOBID: 25682306.pbs101
2026-10-04 22:42:34,918 h5bench - INFO - h5bench [write] - Starting
2026-10-04 22:42:34,918 h5bench - INFO - h5bench [write] - DIR: payload/container/n8/b53e8e3a-25682306.pbs101/
2026-10-04 22:42:34,918 h5bench - INFO - Parallel setup: mpirun -np 1024 --map-by ppr:128:node --bind-to core --mca btl vader,tcp,self --mca btl_vader_single_copy_mechanism none --mca btl_tcp_if_include hsn0 --mca oob_tcp_if_include hsn0 --mca orte_base_help_aggregate 0 --mca opal_common_ucx_opal_mem_hooks 1 -x UCX_LOG_LEVEL=ERROR apptainer exec --bind /scratch /home/users/ntu/haiyen00/scratch/fyp/container/h5bench/h5bench_benchmarks.sif
2026-10-04 22:42:34,920 h5bench - INFO - mpirun -np 1024 --map-by ppr:128:node --bind-to core --mca btl vader,tcp,self --mca btl_vader_single_copy_mechanism none --mca btl_tcp_if_include hsn0 --mca oob_tcp_if_include hsn0 --mca orte_base_help_aggregate 0 --mca opal_common_ucx_opal_mem_hooks 1 -x UCX_LOG_LEVEL=ERROR apptainer exec --bind /scratch /home/users/ntu/haiyen00/scratch/fyp/container/h5bench/h5bench_benchmarks.sif /opt/h5bench/install/bin/h5bench_write payload/container/n8/b53e8e3a-25682306.pbs101/h5bench.cfg payload/container/n8/h5bench_weak_container_n8.h5
2026-10-04 22:44:10,338 h5bench - INFO - SUCCESS (all output files are located at payload/container/n8/b53e8e3a-25682306.pbs101)
2026-10-04 22:44:10,340 h5bench - INFO - Runtime: 95.4210210 seconds (elapsed time, includes allocation wait time)
2026-10-04 22:44:10,340 h5bench - INFO - h5bench [write] - Complete
2026-10-04 22:44:10,340 h5bench - INFO - JOBID: 25682306.pbs101
2026-10-04 22:44:10,340 h5bench - INFO - h5bench [read] - Starting
2026-10-04 22:44:10,340 h5bench - INFO - h5bench [read] - DIR: payload/container/n8/06a499f3-25682306.pbs101/
2026-10-04 22:44:10,341 h5bench - INFO - Parallel setup: mpirun -np 1024 --map-by ppr:128:node --bind-to core --mca btl vader,tcp,self --mca btl_vader_single_copy_mechanism none --mca btl_tcp_if_include hsn0 --mca oob_tcp_if_include hsn0 --mca orte_base_help_aggregate 0 --mca opal_common_ucx_opal_mem_hooks 1 -x UCX_LOG_LEVEL=ERROR apptainer exec --bind /scratch /home/users/ntu/haiyen00/scratch/fyp/container/h5bench/h5bench_benchmarks.sif
2026-10-04 22:44:10,342 h5bench - INFO - mpirun -np 1024 --map-by ppr:128:node --bind-to core --mca btl vader,tcp,self --mca btl_vader_single_copy_mechanism none --mca btl_tcp_if_include hsn0 --mca oob_tcp_if_include hsn0 --mca orte_base_help_aggregate 0 --mca opal_common_ucx_opal_mem_hooks 1 -x UCX_LOG_LEVEL=ERROR apptainer exec --bind /scratch /home/users/ntu/haiyen00/scratch/fyp/container/h5bench/h5bench_benchmarks.sif /opt/h5bench/install/bin/h5bench_read payload/container/n8/06a499f3-25682306.pbs101/h5bench.cfg payload/container/n8/h5bench_weak_container_n8.h5
2026-10-04 22:45:08,042 h5bench - INFO - SUCCESS (all output files are located at payload/container/n8/06a499f3-25682306.pbs101)
2026-10-04 22:45:08,042 h5bench - INFO - Runtime: 57.7013779 seconds (elapsed time, includes allocation wait time)
2026-10-04 22:45:08,042 h5bench - INFO - h5bench [read] - Complete
2026-10-04 22:45:08,043 h5bench - INFO - Finishing h5bench Suite
