2026-10-04 23:19:11,407 h5bench - INFO - Starting h5bench Suite
2026-10-04 23:19:11,408 h5bench - WARNING - Base directory already exists: payload/container/dno_myes
2026-10-04 23:19:11,415 h5bench - INFO - Lustre support detected
2026-10-04 23:19:11,415 h5bench - DEBUG - Lustre stripping configuration: lfs setstripe -S 1M -c 4 payload/container/dno_myes
2026-10-04 23:19:11,420 h5bench - DEBUG - LD_LIBRARY_PATH: /app/apps/singularity/sup/squashfuse/0.6.1/lib:/app/apps/openmpi/4.1.2-hpe/lib:/opt/cray/libfabric/1.11.0.4.125/lib64
2026-10-04 23:19:11,420 h5bench - DEBUG - DYLD_LIBRARY_PATH: 
2026-10-04 23:19:11,421 h5bench - DEBUG - LD_PRELOAD: 
2026-10-04 23:19:11,421 h5bench - INFO - JOBID: 25682614.pbs101
2026-10-04 23:19:11,421 h5bench - INFO - h5bench [write] - Starting
2026-10-04 23:19:11,421 h5bench - INFO - h5bench [write] - DIR: payload/container/dno_myes/1be10770-25682614.pbs101/
2026-10-04 23:19:11,421 h5bench - INFO - Parallel setup: mpirun -np 256 --map-by ppr:128:node --bind-to core --mca btl vader,tcp,self --mca btl_vader_single_copy_mechanism none --mca btl_tcp_if_include hsn0 --mca oob_tcp_if_include hsn0 --mca orte_base_help_aggregate 0 --mca opal_common_ucx_opal_mem_hooks 1 -x UCX_LOG_LEVEL=ERROR apptainer exec --bind /scratch /home/users/ntu/haiyen00/scratch/fyp/container/h5bench/h5bench_benchmarks.sif
2026-10-04 23:19:11,423 h5bench - INFO - mpirun -np 256 --map-by ppr:128:node --bind-to core --mca btl vader,tcp,self --mca btl_vader_single_copy_mechanism none --mca btl_tcp_if_include hsn0 --mca oob_tcp_if_include hsn0 --mca orte_base_help_aggregate 0 --mca opal_common_ucx_opal_mem_hooks 1 -x UCX_LOG_LEVEL=ERROR apptainer exec --bind /scratch /home/users/ntu/haiyen00/scratch/fyp/container/h5bench/h5bench_benchmarks.sif /opt/h5bench/install/bin/h5bench_write payload/container/dno_myes/1be10770-25682614.pbs101/h5bench.cfg payload/container/dno_myes/h5bench_collective_container_dno_myes.h5
2026-10-04 23:19:38,476 h5bench - INFO - SUCCESS (all output files are located at payload/container/dno_myes/1be10770-25682614.pbs101)
2026-10-04 23:19:38,476 h5bench - INFO - Runtime: 27.0547898 seconds (elapsed time, includes allocation wait time)
2026-10-04 23:19:38,477 h5bench - INFO - h5bench [write] - Complete
2026-10-04 23:19:38,477 h5bench - INFO - JOBID: 25682614.pbs101
2026-10-04 23:19:38,477 h5bench - INFO - h5bench [read] - Starting
2026-10-04 23:19:38,477 h5bench - INFO - h5bench [read] - DIR: payload/container/dno_myes/42a0b01b-25682614.pbs101/
2026-10-04 23:19:38,478 h5bench - INFO - Parallel setup: mpirun -np 256 --map-by ppr:128:node --bind-to core --mca btl vader,tcp,self --mca btl_vader_single_copy_mechanism none --mca btl_tcp_if_include hsn0 --mca oob_tcp_if_include hsn0 --mca orte_base_help_aggregate 0 --mca opal_common_ucx_opal_mem_hooks 1 -x UCX_LOG_LEVEL=ERROR apptainer exec --bind /scratch /home/users/ntu/haiyen00/scratch/fyp/container/h5bench/h5bench_benchmarks.sif
2026-10-04 23:19:38,479 h5bench - INFO - mpirun -np 256 --map-by ppr:128:node --bind-to core --mca btl vader,tcp,self --mca btl_vader_single_copy_mechanism none --mca btl_tcp_if_include hsn0 --mca oob_tcp_if_include hsn0 --mca orte_base_help_aggregate 0 --mca opal_common_ucx_opal_mem_hooks 1 -x UCX_LOG_LEVEL=ERROR apptainer exec --bind /scratch /home/users/ntu/haiyen00/scratch/fyp/container/h5bench/h5bench_benchmarks.sif /opt/h5bench/install/bin/h5bench_read payload/container/dno_myes/42a0b01b-25682614.pbs101/h5bench.cfg payload/container/dno_myes/h5bench_collective_container_dno_myes.h5
2026-10-04 23:19:50,335 h5bench - INFO - SUCCESS (all output files are located at payload/container/dno_myes/42a0b01b-25682614.pbs101)
2026-10-04 23:19:50,335 h5bench - INFO - Runtime: 11.8576043 seconds (elapsed time, includes allocation wait time)
2026-10-04 23:19:50,335 h5bench - INFO - h5bench [read] - Complete
2026-10-04 23:19:50,336 h5bench - INFO - Finishing h5bench Suite
