2026-10-04 23:19:55,906 h5bench - INFO - Starting h5bench Suite
2026-10-04 23:19:55,908 h5bench - WARNING - Base directory already exists: payload/container/dno_myes
2026-10-04 23:19:55,915 h5bench - INFO - Lustre support detected
2026-10-04 23:19:55,915 h5bench - DEBUG - Lustre stripping configuration: lfs setstripe -S 1M -c 4 payload/container/dno_myes
2026-10-04 23:19:55,920 h5bench - DEBUG - LD_LIBRARY_PATH: /app/apps/singularity/sup/squashfuse/0.6.1/lib:/app/apps/openmpi/4.1.2-hpe/lib:/opt/cray/libfabric/1.11.0.4.125/lib64
2026-10-04 23:19:55,920 h5bench - DEBUG - DYLD_LIBRARY_PATH: 
2026-10-04 23:19:55,920 h5bench - DEBUG - LD_PRELOAD: 
2026-10-04 23:19:55,920 h5bench - INFO - JOBID: 25682614.pbs101
2026-10-04 23:19:55,920 h5bench - INFO - h5bench [write] - Starting
2026-10-04 23:19:55,921 h5bench - INFO - h5bench [write] - DIR: payload/container/dno_myes/6a7baa25-25682614.pbs101/
2026-10-04 23:19:55,921 h5bench - INFO - Parallel setup: mpirun -np 256 --map-by ppr:128:node --bind-to core --mca btl vader,tcp,self --mca btl_vader_single_copy_mechanism none --mca btl_tcp_if_include hsn0 --mca oob_tcp_if_include hsn0 --mca orte_base_help_aggregate 0 --mca opal_common_ucx_opal_mem_hooks 1 -x UCX_LOG_LEVEL=ERROR apptainer exec --bind /scratch /home/users/ntu/haiyen00/scratch/fyp/container/h5bench/h5bench_benchmarks.sif
2026-10-04 23:19:55,922 h5bench - INFO - mpirun -np 256 --map-by ppr:128:node --bind-to core --mca btl vader,tcp,self --mca btl_vader_single_copy_mechanism none --mca btl_tcp_if_include hsn0 --mca oob_tcp_if_include hsn0 --mca orte_base_help_aggregate 0 --mca opal_common_ucx_opal_mem_hooks 1 -x UCX_LOG_LEVEL=ERROR apptainer exec --bind /scratch /home/users/ntu/haiyen00/scratch/fyp/container/h5bench/h5bench_benchmarks.sif /opt/h5bench/install/bin/h5bench_write payload/container/dno_myes/6a7baa25-25682614.pbs101/h5bench.cfg payload/container/dno_myes/h5bench_collective_container_dno_myes.h5
2026-10-04 23:20:22,060 h5bench - INFO - SUCCESS (all output files are located at payload/container/dno_myes/6a7baa25-25682614.pbs101)
2026-10-04 23:20:22,061 h5bench - INFO - Runtime: 26.1398940 seconds (elapsed time, includes allocation wait time)
2026-10-04 23:20:22,061 h5bench - INFO - h5bench [write] - Complete
2026-10-04 23:20:22,061 h5bench - INFO - JOBID: 25682614.pbs101
2026-10-04 23:20:22,062 h5bench - INFO - h5bench [read] - Starting
2026-10-04 23:20:22,062 h5bench - INFO - h5bench [read] - DIR: payload/container/dno_myes/0eb434b0-25682614.pbs101/
2026-10-04 23:20:22,062 h5bench - INFO - Parallel setup: mpirun -np 256 --map-by ppr:128:node --bind-to core --mca btl vader,tcp,self --mca btl_vader_single_copy_mechanism none --mca btl_tcp_if_include hsn0 --mca oob_tcp_if_include hsn0 --mca orte_base_help_aggregate 0 --mca opal_common_ucx_opal_mem_hooks 1 -x UCX_LOG_LEVEL=ERROR apptainer exec --bind /scratch /home/users/ntu/haiyen00/scratch/fyp/container/h5bench/h5bench_benchmarks.sif
2026-10-04 23:20:22,063 h5bench - INFO - mpirun -np 256 --map-by ppr:128:node --bind-to core --mca btl vader,tcp,self --mca btl_vader_single_copy_mechanism none --mca btl_tcp_if_include hsn0 --mca oob_tcp_if_include hsn0 --mca orte_base_help_aggregate 0 --mca opal_common_ucx_opal_mem_hooks 1 -x UCX_LOG_LEVEL=ERROR apptainer exec --bind /scratch /home/users/ntu/haiyen00/scratch/fyp/container/h5bench/h5bench_benchmarks.sif /opt/h5bench/install/bin/h5bench_read payload/container/dno_myes/0eb434b0-25682614.pbs101/h5bench.cfg payload/container/dno_myes/h5bench_collective_container_dno_myes.h5
2026-10-04 23:20:34,253 h5bench - INFO - SUCCESS (all output files are located at payload/container/dno_myes/0eb434b0-25682614.pbs101)
2026-10-04 23:20:34,254 h5bench - INFO - Runtime: 12.1913381 seconds (elapsed time, includes allocation wait time)
2026-10-04 23:20:34,254 h5bench - INFO - h5bench [read] - Complete
2026-10-04 23:20:34,254 h5bench - INFO - Finishing h5bench Suite
