2026-10-04 23:15:56,715 h5bench - INFO - Starting h5bench Suite
2026-10-04 23:15:56,717 h5bench - WARNING - Base directory already exists: payload/container/dno_myes
2026-10-04 23:15:56,721 h5bench - INFO - Lustre support detected
2026-10-04 23:15:56,721 h5bench - DEBUG - Lustre stripping configuration: lfs setstripe -S 1M -c 4 payload/container/dno_myes
2026-10-04 23:15:56,725 h5bench - DEBUG - LD_LIBRARY_PATH: /app/apps/singularity/sup/squashfuse/0.6.1/lib:/app/apps/openmpi/4.1.2-hpe/lib:/opt/cray/libfabric/1.11.0.4.125/lib64
2026-10-04 23:15:56,725 h5bench - DEBUG - DYLD_LIBRARY_PATH: 
2026-10-04 23:15:56,726 h5bench - DEBUG - LD_PRELOAD: 
2026-10-04 23:15:56,726 h5bench - INFO - JOBID: 25682614.pbs101
2026-10-04 23:15:56,726 h5bench - INFO - h5bench [write] - Starting
2026-10-04 23:15:56,726 h5bench - INFO - h5bench [write] - DIR: payload/container/dno_myes/171b97da-25682614.pbs101/
2026-10-04 23:15:56,726 h5bench - INFO - Parallel setup: mpirun -np 256 --map-by ppr:128:node --bind-to core --mca btl vader,tcp,self --mca btl_vader_single_copy_mechanism none --mca btl_tcp_if_include hsn0 --mca oob_tcp_if_include hsn0 --mca orte_base_help_aggregate 0 --mca opal_common_ucx_opal_mem_hooks 1 -x UCX_LOG_LEVEL=ERROR apptainer exec --bind /scratch /home/users/ntu/haiyen00/scratch/fyp/container/h5bench/h5bench_benchmarks.sif
2026-10-04 23:15:56,728 h5bench - INFO - mpirun -np 256 --map-by ppr:128:node --bind-to core --mca btl vader,tcp,self --mca btl_vader_single_copy_mechanism none --mca btl_tcp_if_include hsn0 --mca oob_tcp_if_include hsn0 --mca orte_base_help_aggregate 0 --mca opal_common_ucx_opal_mem_hooks 1 -x UCX_LOG_LEVEL=ERROR apptainer exec --bind /scratch /home/users/ntu/haiyen00/scratch/fyp/container/h5bench/h5bench_benchmarks.sif /opt/h5bench/install/bin/h5bench_write payload/container/dno_myes/171b97da-25682614.pbs101/h5bench.cfg payload/container/dno_myes/h5bench_collective_container_dno_myes.h5
2026-10-04 23:16:27,469 h5bench - INFO - SUCCESS (all output files are located at payload/container/dno_myes/171b97da-25682614.pbs101)
2026-10-04 23:16:27,469 h5bench - INFO - Runtime: 30.7425890 seconds (elapsed time, includes allocation wait time)
2026-10-04 23:16:27,469 h5bench - INFO - h5bench [write] - Complete
2026-10-04 23:16:27,470 h5bench - INFO - JOBID: 25682614.pbs101
2026-10-04 23:16:27,470 h5bench - INFO - h5bench [read] - Starting
2026-10-04 23:16:27,470 h5bench - INFO - h5bench [read] - DIR: payload/container/dno_myes/bb20ade5-25682614.pbs101/
2026-10-04 23:16:27,470 h5bench - INFO - Parallel setup: mpirun -np 256 --map-by ppr:128:node --bind-to core --mca btl vader,tcp,self --mca btl_vader_single_copy_mechanism none --mca btl_tcp_if_include hsn0 --mca oob_tcp_if_include hsn0 --mca orte_base_help_aggregate 0 --mca opal_common_ucx_opal_mem_hooks 1 -x UCX_LOG_LEVEL=ERROR apptainer exec --bind /scratch /home/users/ntu/haiyen00/scratch/fyp/container/h5bench/h5bench_benchmarks.sif
2026-10-04 23:16:27,472 h5bench - INFO - mpirun -np 256 --map-by ppr:128:node --bind-to core --mca btl vader,tcp,self --mca btl_vader_single_copy_mechanism none --mca btl_tcp_if_include hsn0 --mca oob_tcp_if_include hsn0 --mca orte_base_help_aggregate 0 --mca opal_common_ucx_opal_mem_hooks 1 -x UCX_LOG_LEVEL=ERROR apptainer exec --bind /scratch /home/users/ntu/haiyen00/scratch/fyp/container/h5bench/h5bench_benchmarks.sif /opt/h5bench/install/bin/h5bench_read payload/container/dno_myes/bb20ade5-25682614.pbs101/h5bench.cfg payload/container/dno_myes/h5bench_collective_container_dno_myes.h5
2026-10-04 23:16:39,358 h5bench - INFO - SUCCESS (all output files are located at payload/container/dno_myes/bb20ade5-25682614.pbs101)
2026-10-04 23:16:39,358 h5bench - INFO - Runtime: 11.8877528 seconds (elapsed time, includes allocation wait time)
2026-10-04 23:16:39,358 h5bench - INFO - h5bench [read] - Complete
2026-10-04 23:16:39,359 h5bench - INFO - Finishing h5bench Suite
