2026-10-04 23:18:23,454 h5bench - INFO - Starting h5bench Suite
2026-10-04 23:18:23,455 h5bench - WARNING - Base directory already exists: payload/container/dno_myes
2026-10-04 23:18:23,462 h5bench - INFO - Lustre support detected
2026-10-04 23:18:23,462 h5bench - DEBUG - Lustre stripping configuration: lfs setstripe -S 1M -c 4 payload/container/dno_myes
2026-10-04 23:18:23,466 h5bench - DEBUG - LD_LIBRARY_PATH: /app/apps/singularity/sup/squashfuse/0.6.1/lib:/app/apps/openmpi/4.1.2-hpe/lib:/opt/cray/libfabric/1.11.0.4.125/lib64
2026-10-04 23:18:23,467 h5bench - DEBUG - DYLD_LIBRARY_PATH: 
2026-10-04 23:18:23,467 h5bench - DEBUG - LD_PRELOAD: 
2026-10-04 23:18:23,467 h5bench - INFO - JOBID: 25682614.pbs101
2026-10-04 23:18:23,467 h5bench - INFO - h5bench [write] - Starting
2026-10-04 23:18:23,467 h5bench - INFO - h5bench [write] - DIR: payload/container/dno_myes/025ba570-25682614.pbs101/
2026-10-04 23:18:23,468 h5bench - INFO - Parallel setup: mpirun -np 256 --map-by ppr:128:node --bind-to core --mca btl vader,tcp,self --mca btl_vader_single_copy_mechanism none --mca btl_tcp_if_include hsn0 --mca oob_tcp_if_include hsn0 --mca orte_base_help_aggregate 0 --mca opal_common_ucx_opal_mem_hooks 1 -x UCX_LOG_LEVEL=ERROR apptainer exec --bind /scratch /home/users/ntu/haiyen00/scratch/fyp/container/h5bench/h5bench_benchmarks.sif
2026-10-04 23:18:23,469 h5bench - INFO - mpirun -np 256 --map-by ppr:128:node --bind-to core --mca btl vader,tcp,self --mca btl_vader_single_copy_mechanism none --mca btl_tcp_if_include hsn0 --mca oob_tcp_if_include hsn0 --mca orte_base_help_aggregate 0 --mca opal_common_ucx_opal_mem_hooks 1 -x UCX_LOG_LEVEL=ERROR apptainer exec --bind /scratch /home/users/ntu/haiyen00/scratch/fyp/container/h5bench/h5bench_benchmarks.sif /opt/h5bench/install/bin/h5bench_write payload/container/dno_myes/025ba570-25682614.pbs101/h5bench.cfg payload/container/dno_myes/h5bench_collective_container_dno_myes.h5
2026-10-04 23:18:53,508 h5bench - INFO - SUCCESS (all output files are located at payload/container/dno_myes/025ba570-25682614.pbs101)
2026-10-04 23:18:53,509 h5bench - INFO - Runtime: 30.0407619 seconds (elapsed time, includes allocation wait time)
2026-10-04 23:18:53,509 h5bench - INFO - h5bench [write] - Complete
2026-10-04 23:18:53,509 h5bench - INFO - JOBID: 25682614.pbs101
2026-10-04 23:18:53,509 h5bench - INFO - h5bench [read] - Starting
2026-10-04 23:18:53,509 h5bench - INFO - h5bench [read] - DIR: payload/container/dno_myes/4df3d4fe-25682614.pbs101/
2026-10-04 23:18:53,510 h5bench - INFO - Parallel setup: mpirun -np 256 --map-by ppr:128:node --bind-to core --mca btl vader,tcp,self --mca btl_vader_single_copy_mechanism none --mca btl_tcp_if_include hsn0 --mca oob_tcp_if_include hsn0 --mca orte_base_help_aggregate 0 --mca opal_common_ucx_opal_mem_hooks 1 -x UCX_LOG_LEVEL=ERROR apptainer exec --bind /scratch /home/users/ntu/haiyen00/scratch/fyp/container/h5bench/h5bench_benchmarks.sif
2026-10-04 23:18:53,511 h5bench - INFO - mpirun -np 256 --map-by ppr:128:node --bind-to core --mca btl vader,tcp,self --mca btl_vader_single_copy_mechanism none --mca btl_tcp_if_include hsn0 --mca oob_tcp_if_include hsn0 --mca orte_base_help_aggregate 0 --mca opal_common_ucx_opal_mem_hooks 1 -x UCX_LOG_LEVEL=ERROR apptainer exec --bind /scratch /home/users/ntu/haiyen00/scratch/fyp/container/h5bench/h5bench_benchmarks.sif /opt/h5bench/install/bin/h5bench_read payload/container/dno_myes/4df3d4fe-25682614.pbs101/h5bench.cfg payload/container/dno_myes/h5bench_collective_container_dno_myes.h5
2026-10-04 23:19:05,960 h5bench - INFO - SUCCESS (all output files are located at payload/container/dno_myes/4df3d4fe-25682614.pbs101)
2026-10-04 23:19:05,960 h5bench - INFO - Runtime: 12.4500055 seconds (elapsed time, includes allocation wait time)
2026-10-04 23:19:05,960 h5bench - INFO - h5bench [read] - Complete
2026-10-04 23:19:05,960 h5bench - INFO - Finishing h5bench Suite
