2026-10-05 22:34:34,878 h5bench - INFO - Starting h5bench Suite
2026-10-05 22:34:34,879 h5bench - WARNING - Base directory already exists: payload/native/n1
2026-10-05 22:34:34,890 h5bench - INFO - Lustre support detected
2026-10-05 22:34:34,891 h5bench - DEBUG - Lustre stripping configuration: lfs setstripe -S 1M -c 4 payload/native/n1
2026-10-05 22:34:34,897 h5bench - DEBUG - LD_LIBRARY_PATH: /app/libs/hdf5/1.12.1-parallel-icc22-ompi4/lib:/app/apps/openmpi/4.1.2-hpe/lib:/app/apps/oneapi/2022.1.2/mkl/2022.0.2/lib/intel64:/app/apps/oneapi/2022.1.2/compiler/2022.0.2/linux/lib:/app/apps/oneapi/2022.1.2/compiler/2022.0.2/linux/lib/x64:/app/apps/oneapi/2022.1.2/compiler/2022.0.2/linux/lib/oclfpga/host/linux64/lib:/app/apps/oneapi/2022.1.2/compiler/2022.0.2/linux/compiler/lib/intel64_lin:/opt/cray/libfabric/1.11.0.4.125/lib64
2026-10-05 22:34:34,897 h5bench - DEBUG - DYLD_LIBRARY_PATH: 
2026-10-05 22:34:34,897 h5bench - DEBUG - LD_PRELOAD: 
2026-10-05 22:34:34,897 h5bench - INFO - JOBID: 25694136.pbs101
2026-10-05 22:34:34,898 h5bench - INFO - h5bench [write] - Starting
2026-10-05 22:34:34,898 h5bench - INFO - h5bench [write] - DIR: payload/native/n1/17218ca8-25694136.pbs101/
2026-10-05 22:34:34,898 h5bench - INFO - Parallel setup: mpirun -np 128 --map-by ppr:128:node --bind-to core --mca btl ^openib --mca pml ucx --mca orte_base_help_aggregate 0 --mca opal_common_ucx_opal_mem_hooks 1 -x UCX_LOG_LEVEL=ERROR
2026-10-05 22:34:34,899 h5bench - INFO - mpirun -np 128 --map-by ppr:128:node --bind-to core --mca btl ^openib --mca pml ucx --mca orte_base_help_aggregate 0 --mca opal_common_ucx_opal_mem_hooks 1 -x UCX_LOG_LEVEL=ERROR /home/users/ntu/haiyen00/scratch/fyp/native/h5bench/h5bench/build/install/bin//h5bench_write payload/native/n1/17218ca8-25694136.pbs101/h5bench.cfg payload/native/n1/h5bench_weak_native_n1.h5
2026-10-05 22:35:00,293 h5bench - INFO - SUCCESS (all output files are located at payload/native/n1/17218ca8-25694136.pbs101)
2026-10-05 22:35:00,294 h5bench - INFO - Runtime: 25.3958042 seconds (elapsed time, includes allocation wait time)
2026-10-05 22:35:00,294 h5bench - INFO - h5bench [write] - Complete
2026-10-05 22:35:00,294 h5bench - INFO - JOBID: 25694136.pbs101
2026-10-05 22:35:00,294 h5bench - INFO - h5bench [read] - Starting
2026-10-05 22:35:00,295 h5bench - INFO - h5bench [read] - DIR: payload/native/n1/22262f07-25694136.pbs101/
2026-10-05 22:35:00,295 h5bench - INFO - Parallel setup: mpirun -np 128 --map-by ppr:128:node --bind-to core --mca btl ^openib --mca pml ucx --mca orte_base_help_aggregate 0 --mca opal_common_ucx_opal_mem_hooks 1 -x UCX_LOG_LEVEL=ERROR
2026-10-05 22:35:00,296 h5bench - INFO - mpirun -np 128 --map-by ppr:128:node --bind-to core --mca btl ^openib --mca pml ucx --mca orte_base_help_aggregate 0 --mca opal_common_ucx_opal_mem_hooks 1 -x UCX_LOG_LEVEL=ERROR /home/users/ntu/haiyen00/scratch/fyp/native/h5bench/h5bench/build/install/bin//h5bench_read payload/native/n1/22262f07-25694136.pbs101/h5bench.cfg payload/native/n1/h5bench_weak_native_n1.h5
2026-10-05 22:35:10,481 h5bench - INFO - SUCCESS (all output files are located at payload/native/n1/22262f07-25694136.pbs101)
2026-10-05 22:35:10,482 h5bench - INFO - Runtime: 10.1868262 seconds (elapsed time, includes allocation wait time)
2026-10-05 22:35:10,482 h5bench - INFO - h5bench [read] - Complete
2026-10-05 22:35:10,482 h5bench - INFO - Finishing h5bench Suite
