2026-10-04 23:05:58,319 h5bench - INFO - Starting h5bench Suite
2026-10-04 23:05:58,321 h5bench - WARNING - Base directory already exists: payload/native/n1
2026-10-04 23:05:58,330 h5bench - INFO - Lustre support detected
2026-10-04 23:05:58,330 h5bench - DEBUG - Lustre stripping configuration: lfs setstripe -S 1M -c 4 payload/native/n1
2026-10-04 23:05:58,336 h5bench - DEBUG - LD_LIBRARY_PATH: /app/libs/hdf5/1.12.1-parallel-icc22-ompi4/lib:/app/apps/openmpi/4.1.2-hpe/lib:/app/apps/oneapi/2022.1.2/mkl/2022.0.2/lib/intel64:/app/apps/oneapi/2022.1.2/compiler/2022.0.2/linux/lib:/app/apps/oneapi/2022.1.2/compiler/2022.0.2/linux/lib/x64:/app/apps/oneapi/2022.1.2/compiler/2022.0.2/linux/lib/oclfpga/host/linux64/lib:/app/apps/oneapi/2022.1.2/compiler/2022.0.2/linux/compiler/lib/intel64_lin:/opt/cray/libfabric/1.11.0.4.125/lib64
2026-10-04 23:05:58,336 h5bench - DEBUG - DYLD_LIBRARY_PATH: 
2026-10-04 23:05:58,337 h5bench - DEBUG - LD_PRELOAD: 
2026-10-04 23:05:58,337 h5bench - INFO - JOBID: 25682201.pbs101
2026-10-04 23:05:58,337 h5bench - INFO - h5bench [write] - Starting
2026-10-04 23:05:58,337 h5bench - INFO - h5bench [write] - DIR: payload/native/n1/90126ff7-25682201.pbs101/
2026-10-04 23:05:58,337 h5bench - INFO - Parallel setup: mpirun -np 128 --map-by ppr:128:node --bind-to core --mca btl ^openib --mca pml ucx --mca orte_base_help_aggregate 0 --mca opal_common_ucx_opal_mem_hooks 1 -x UCX_LOG_LEVEL=ERROR
2026-10-04 23:05:58,339 h5bench - INFO - mpirun -np 128 --map-by ppr:128:node --bind-to core --mca btl ^openib --mca pml ucx --mca orte_base_help_aggregate 0 --mca opal_common_ucx_opal_mem_hooks 1 -x UCX_LOG_LEVEL=ERROR /home/users/ntu/haiyen00/scratch/fyp/native/h5bench/h5bench/build/install/bin//h5bench_write payload/native/n1/90126ff7-25682201.pbs101/h5bench.cfg payload/native/n1/h5bench_weak_native_n1.h5
2026-10-04 23:06:23,825 h5bench - INFO - SUCCESS (all output files are located at payload/native/n1/90126ff7-25682201.pbs101)
2026-10-04 23:06:23,825 h5bench - INFO - Runtime: 25.4876165 seconds (elapsed time, includes allocation wait time)
2026-10-04 23:06:23,825 h5bench - INFO - h5bench [write] - Complete
2026-10-04 23:06:23,826 h5bench - INFO - JOBID: 25682201.pbs101
2026-10-04 23:06:23,826 h5bench - INFO - h5bench [read] - Starting
2026-10-04 23:06:23,826 h5bench - INFO - h5bench [read] - DIR: payload/native/n1/87501609-25682201.pbs101/
2026-10-04 23:06:23,826 h5bench - INFO - Parallel setup: mpirun -np 128 --map-by ppr:128:node --bind-to core --mca btl ^openib --mca pml ucx --mca orte_base_help_aggregate 0 --mca opal_common_ucx_opal_mem_hooks 1 -x UCX_LOG_LEVEL=ERROR
2026-10-04 23:06:23,828 h5bench - INFO - mpirun -np 128 --map-by ppr:128:node --bind-to core --mca btl ^openib --mca pml ucx --mca orte_base_help_aggregate 0 --mca opal_common_ucx_opal_mem_hooks 1 -x UCX_LOG_LEVEL=ERROR /home/users/ntu/haiyen00/scratch/fyp/native/h5bench/h5bench/build/install/bin//h5bench_read payload/native/n1/87501609-25682201.pbs101/h5bench.cfg payload/native/n1/h5bench_weak_native_n1.h5
2026-10-04 23:06:34,199 h5bench - INFO - SUCCESS (all output files are located at payload/native/n1/87501609-25682201.pbs101)
2026-10-04 23:06:34,200 h5bench - INFO - Runtime: 10.3731282 seconds (elapsed time, includes allocation wait time)
2026-10-04 23:06:34,200 h5bench - INFO - h5bench [read] - Complete
2026-10-04 23:06:34,200 h5bench - INFO - Finishing h5bench Suite
