2026-10-06 04:03:58,477 h5bench - INFO - Starting h5bench Suite
2026-10-06 04:03:58,478 h5bench - WARNING - Base directory already exists: payload/container/n4
2026-10-06 04:03:58,487 h5bench - INFO - Lustre support detected
2026-10-06 04:03:58,488 h5bench - DEBUG - Lustre stripping configuration: lfs setstripe -S 1M -c 4 payload/container/n4
2026-10-06 04:03:58,492 h5bench - DEBUG - LD_LIBRARY_PATH: /app/apps/singularity/sup/squashfuse/0.6.1/lib:/app/apps/openmpi/4.1.2-hpe/lib:/opt/cray/libfabric/1.11.0.4.125/lib64
2026-10-06 04:03:58,493 h5bench - DEBUG - DYLD_LIBRARY_PATH: 
2026-10-06 04:03:58,493 h5bench - DEBUG - LD_PRELOAD: 
2026-10-06 04:03:58,493 h5bench - INFO - JOBID: 25694911.pbs101
2026-10-06 04:03:58,493 h5bench - INFO - h5bench [write] - Starting
2026-10-06 04:03:58,493 h5bench - INFO - h5bench [write] - DIR: payload/container/n4/25170f66-25694911.pbs101/
2026-10-06 04:03:58,494 h5bench - INFO - Parallel setup: mpirun -np 512 --map-by ppr:128:node --bind-to core --mca btl vader,tcp,self --mca btl_vader_single_copy_mechanism none --mca btl_tcp_if_include hsn0 --mca oob_tcp_if_include hsn0 --mca orte_base_help_aggregate 0 --mca opal_common_ucx_opal_mem_hooks 1 -x UCX_LOG_LEVEL=ERROR apptainer exec --bind /scratch /home/users/ntu/haiyen00/scratch/fyp/container/h5bench/h5bench_benchmarks.sif
2026-10-06 04:03:58,495 h5bench - INFO - mpirun -np 512 --map-by ppr:128:node --bind-to core --mca btl vader,tcp,self --mca btl_vader_single_copy_mechanism none --mca btl_tcp_if_include hsn0 --mca oob_tcp_if_include hsn0 --mca orte_base_help_aggregate 0 --mca opal_common_ucx_opal_mem_hooks 1 -x UCX_LOG_LEVEL=ERROR apptainer exec --bind /scratch /home/users/ntu/haiyen00/scratch/fyp/container/h5bench/h5bench_benchmarks.sif /opt/h5bench/install/bin/h5bench_write payload/container/n4/25170f66-25694911.pbs101/h5bench.cfg payload/container/n4/h5bench_strong_container_n4.h5
2026-10-06 04:04:18,823 h5bench - INFO - SUCCESS (all output files are located at payload/container/n4/25170f66-25694911.pbs101)
2026-10-06 04:04:18,824 h5bench - INFO - Runtime: 20.3298190 seconds (elapsed time, includes allocation wait time)
2026-10-06 04:04:18,824 h5bench - INFO - h5bench [write] - Complete
2026-10-06 04:04:18,824 h5bench - INFO - JOBID: 25694911.pbs101
2026-10-06 04:04:18,824 h5bench - INFO - h5bench [read] - Starting
2026-10-06 04:04:18,824 h5bench - INFO - h5bench [read] - DIR: payload/container/n4/5b2b54cd-25694911.pbs101/
2026-10-06 04:04:18,825 h5bench - INFO - Parallel setup: mpirun -np 512 --map-by ppr:128:node --bind-to core --mca btl vader,tcp,self --mca btl_vader_single_copy_mechanism none --mca btl_tcp_if_include hsn0 --mca oob_tcp_if_include hsn0 --mca orte_base_help_aggregate 0 --mca opal_common_ucx_opal_mem_hooks 1 -x UCX_LOG_LEVEL=ERROR apptainer exec --bind /scratch /home/users/ntu/haiyen00/scratch/fyp/container/h5bench/h5bench_benchmarks.sif
2026-10-06 04:04:18,826 h5bench - INFO - mpirun -np 512 --map-by ppr:128:node --bind-to core --mca btl vader,tcp,self --mca btl_vader_single_copy_mechanism none --mca btl_tcp_if_include hsn0 --mca oob_tcp_if_include hsn0 --mca orte_base_help_aggregate 0 --mca opal_common_ucx_opal_mem_hooks 1 -x UCX_LOG_LEVEL=ERROR apptainer exec --bind /scratch /home/users/ntu/haiyen00/scratch/fyp/container/h5bench/h5bench_benchmarks.sif /opt/h5bench/install/bin/h5bench_read payload/container/n4/5b2b54cd-25694911.pbs101/h5bench.cfg payload/container/n4/h5bench_strong_container_n4.h5
2026-10-06 04:04:28,014 h5bench - INFO - SUCCESS (all output files are located at payload/container/n4/5b2b54cd-25694911.pbs101)
2026-10-06 04:04:28,014 h5bench - INFO - Runtime: 9.1892974 seconds (elapsed time, includes allocation wait time)
2026-10-06 04:04:28,014 h5bench - INFO - h5bench [read] - Complete
2026-10-06 04:04:28,014 h5bench - INFO - Finishing h5bench Suite
