2026-10-04 23:22:46,189 h5bench - INFO - Starting h5bench Suite
2026-10-04 23:22:46,191 h5bench - WARNING - Base directory already exists: payload/native/dyes_myes
2026-10-04 23:22:46,200 h5bench - INFO - Lustre support detected
2026-10-04 23:22:46,201 h5bench - DEBUG - Lustre stripping configuration: lfs setstripe -S 1M -c 4 payload/native/dyes_myes
2026-10-04 23:22:46,207 h5bench - DEBUG - LD_LIBRARY_PATH: /app/libs/hdf5/1.12.1-parallel-icc22-ompi4/lib:/app/apps/openmpi/4.1.2-hpe/lib:/app/apps/oneapi/2022.1.2/mkl/2022.0.2/lib/intel64:/app/apps/oneapi/2022.1.2/compiler/2022.0.2/linux/lib:/app/apps/oneapi/2022.1.2/compiler/2022.0.2/linux/lib/x64:/app/apps/oneapi/2022.1.2/compiler/2022.0.2/linux/lib/oclfpga/host/linux64/lib:/app/apps/oneapi/2022.1.2/compiler/2022.0.2/linux/compiler/lib/intel64_lin:/opt/cray/libfabric/1.11.0.4.125/lib64
2026-10-04 23:22:46,208 h5bench - DEBUG - DYLD_LIBRARY_PATH: 
2026-10-04 23:22:46,208 h5bench - DEBUG - LD_PRELOAD: 
2026-10-04 23:22:46,208 h5bench - INFO - JOBID: 25682602.pbs101
2026-10-04 23:22:46,208 h5bench - INFO - h5bench [write] - Starting
2026-10-04 23:22:46,208 h5bench - INFO - h5bench [write] - DIR: payload/native/dyes_myes/00ae220c-25682602.pbs101/
2026-10-04 23:22:46,209 h5bench - INFO - Parallel setup: mpirun -np 256 --map-by ppr:128:node --bind-to core --mca btl ^openib --mca pml ucx --mca orte_base_help_aggregate 0 --mca opal_common_ucx_opal_mem_hooks 1 -x UCX_LOG_LEVEL=ERROR
2026-10-04 23:22:46,210 h5bench - INFO - mpirun -np 256 --map-by ppr:128:node --bind-to core --mca btl ^openib --mca pml ucx --mca orte_base_help_aggregate 0 --mca opal_common_ucx_opal_mem_hooks 1 -x UCX_LOG_LEVEL=ERROR /home/users/ntu/haiyen00/scratch/fyp/native/h5bench/h5bench/build/install/bin//h5bench_write payload/native/dyes_myes/00ae220c-25682602.pbs101/h5bench.cfg payload/native/dyes_myes/h5bench_collective_native_dyes_myes.h5
2026-10-04 23:23:19,059 h5bench - INFO - SUCCESS (all output files are located at payload/native/dyes_myes/00ae220c-25682602.pbs101)
2026-10-04 23:23:19,060 h5bench - INFO - Runtime: 32.8508744 seconds (elapsed time, includes allocation wait time)
2026-10-04 23:23:19,060 h5bench - INFO - h5bench [write] - Complete
2026-10-04 23:23:19,060 h5bench - INFO - JOBID: 25682602.pbs101
2026-10-04 23:23:19,060 h5bench - INFO - h5bench [read] - Starting
2026-10-04 23:23:19,060 h5bench - INFO - h5bench [read] - DIR: payload/native/dyes_myes/ebc24411-25682602.pbs101/
2026-10-04 23:23:19,061 h5bench - INFO - Parallel setup: mpirun -np 256 --map-by ppr:128:node --bind-to core --mca btl ^openib --mca pml ucx --mca orte_base_help_aggregate 0 --mca opal_common_ucx_opal_mem_hooks 1 -x UCX_LOG_LEVEL=ERROR
2026-10-04 23:23:19,062 h5bench - INFO - mpirun -np 256 --map-by ppr:128:node --bind-to core --mca btl ^openib --mca pml ucx --mca orte_base_help_aggregate 0 --mca opal_common_ucx_opal_mem_hooks 1 -x UCX_LOG_LEVEL=ERROR /home/users/ntu/haiyen00/scratch/fyp/native/h5bench/h5bench/build/install/bin//h5bench_read payload/native/dyes_myes/ebc24411-25682602.pbs101/h5bench.cfg payload/native/dyes_myes/h5bench_collective_native_dyes_myes.h5
2026-10-04 23:23:44,012 h5bench - INFO - SUCCESS (all output files are located at payload/native/dyes_myes/ebc24411-25682602.pbs101)
2026-10-04 23:23:44,014 h5bench - INFO - Runtime: 24.9526041 seconds (elapsed time, includes allocation wait time)
2026-10-04 23:23:44,014 h5bench - INFO - h5bench [read] - Complete
2026-10-04 23:23:44,014 h5bench - INFO - Finishing h5bench Suite
