2026-10-06 03:46:16,455 h5bench - INFO - Starting h5bench Suite
2026-10-06 03:46:16,456 h5bench - WARNING - Base directory already exists: payload/container/dyes_myes
2026-10-06 03:46:16,464 h5bench - INFO - Lustre support detected
2026-10-06 03:46:16,464 h5bench - DEBUG - Lustre stripping configuration: lfs setstripe -S 1M -c 4 payload/container/dyes_myes
2026-10-06 03:46:16,469 h5bench - DEBUG - LD_LIBRARY_PATH: /app/apps/singularity/sup/squashfuse/0.6.1/lib:/app/apps/openmpi/4.1.2-hpe/lib:/opt/cray/libfabric/1.11.0.4.125/lib64
2026-10-06 03:46:16,469 h5bench - DEBUG - DYLD_LIBRARY_PATH: 
2026-10-06 03:46:16,469 h5bench - DEBUG - LD_PRELOAD: 
2026-10-06 03:46:16,469 h5bench - INFO - JOBID: 25696087.pbs101
2026-10-06 03:46:16,469 h5bench - INFO - h5bench [write] - Starting
2026-10-06 03:46:16,470 h5bench - INFO - h5bench [write] - DIR: payload/container/dyes_myes/a7146efe-25696087.pbs101/
2026-10-06 03:46:16,470 h5bench - INFO - Parallel setup: mpirun -np 256 --map-by ppr:128:node --bind-to core --mca btl vader,tcp,self --mca btl_vader_single_copy_mechanism none --mca btl_tcp_if_include hsn0 --mca oob_tcp_if_include hsn0 --mca orte_base_help_aggregate 0 --mca opal_common_ucx_opal_mem_hooks 1 -x UCX_LOG_LEVEL=ERROR apptainer exec --bind /scratch /home/users/ntu/haiyen00/scratch/fyp/container/h5bench/h5bench_benchmarks.sif
2026-10-06 03:46:16,471 h5bench - INFO - mpirun -np 256 --map-by ppr:128:node --bind-to core --mca btl vader,tcp,self --mca btl_vader_single_copy_mechanism none --mca btl_tcp_if_include hsn0 --mca oob_tcp_if_include hsn0 --mca orte_base_help_aggregate 0 --mca opal_common_ucx_opal_mem_hooks 1 -x UCX_LOG_LEVEL=ERROR apptainer exec --bind /scratch /home/users/ntu/haiyen00/scratch/fyp/container/h5bench/h5bench_benchmarks.sif /opt/h5bench/install/bin/h5bench_write payload/container/dyes_myes/a7146efe-25696087.pbs101/h5bench.cfg payload/container/dyes_myes/h5bench_collective_container_dyes_myes.h5
2026-10-06 03:46:43,894 h5bench - INFO - SUCCESS (all output files are located at payload/container/dyes_myes/a7146efe-25696087.pbs101)
2026-10-06 03:46:43,894 h5bench - INFO - Runtime: 27.4239111 seconds (elapsed time, includes allocation wait time)
2026-10-06 03:46:43,894 h5bench - INFO - h5bench [write] - Complete
2026-10-06 03:46:43,894 h5bench - INFO - JOBID: 25696087.pbs101
2026-10-06 03:46:43,895 h5bench - INFO - h5bench [read] - Starting
2026-10-06 03:46:43,895 h5bench - INFO - h5bench [read] - DIR: payload/container/dyes_myes/becd9357-25696087.pbs101/
2026-10-06 03:46:43,895 h5bench - INFO - Parallel setup: mpirun -np 256 --map-by ppr:128:node --bind-to core --mca btl vader,tcp,self --mca btl_vader_single_copy_mechanism none --mca btl_tcp_if_include hsn0 --mca oob_tcp_if_include hsn0 --mca orte_base_help_aggregate 0 --mca opal_common_ucx_opal_mem_hooks 1 -x UCX_LOG_LEVEL=ERROR apptainer exec --bind /scratch /home/users/ntu/haiyen00/scratch/fyp/container/h5bench/h5bench_benchmarks.sif
2026-10-06 03:46:43,896 h5bench - INFO - mpirun -np 256 --map-by ppr:128:node --bind-to core --mca btl vader,tcp,self --mca btl_vader_single_copy_mechanism none --mca btl_tcp_if_include hsn0 --mca oob_tcp_if_include hsn0 --mca orte_base_help_aggregate 0 --mca opal_common_ucx_opal_mem_hooks 1 -x UCX_LOG_LEVEL=ERROR apptainer exec --bind /scratch /home/users/ntu/haiyen00/scratch/fyp/container/h5bench/h5bench_benchmarks.sif /opt/h5bench/install/bin/h5bench_read payload/container/dyes_myes/becd9357-25696087.pbs101/h5bench.cfg payload/container/dyes_myes/h5bench_collective_container_dyes_myes.h5
2026-10-06 03:47:02,860 h5bench - INFO - SUCCESS (all output files are located at payload/container/dyes_myes/becd9357-25696087.pbs101)
2026-10-06 03:47:02,860 h5bench - INFO - Runtime: 18.9650650 seconds (elapsed time, includes allocation wait time)
2026-10-06 03:47:02,861 h5bench - INFO - h5bench [read] - Complete
2026-10-06 03:47:02,861 h5bench - INFO - Finishing h5bench Suite
