2026-10-06 03:43:20,790 h5bench - INFO - Starting h5bench Suite
2026-10-06 03:43:20,792 h5bench - WARNING - Base directory already exists: payload/container/dyes_myes
2026-10-06 03:43:20,797 h5bench - INFO - Lustre support detected
2026-10-06 03:43:20,798 h5bench - DEBUG - Lustre stripping configuration: lfs setstripe -S 1M -c 4 payload/container/dyes_myes
2026-10-06 03:43:20,802 h5bench - DEBUG - LD_LIBRARY_PATH: /app/apps/singularity/sup/squashfuse/0.6.1/lib:/app/apps/openmpi/4.1.2-hpe/lib:/opt/cray/libfabric/1.11.0.4.125/lib64
2026-10-06 03:43:20,803 h5bench - DEBUG - DYLD_LIBRARY_PATH: 
2026-10-06 03:43:20,803 h5bench - DEBUG - LD_PRELOAD: 
2026-10-06 03:43:20,803 h5bench - INFO - JOBID: 25696087.pbs101
2026-10-06 03:43:20,803 h5bench - INFO - h5bench [write] - Starting
2026-10-06 03:43:20,804 h5bench - INFO - h5bench [write] - DIR: payload/container/dyes_myes/efab8a73-25696087.pbs101/
2026-10-06 03:43:20,804 h5bench - INFO - Parallel setup: mpirun -np 256 --map-by ppr:128:node --bind-to core --mca btl vader,tcp,self --mca btl_vader_single_copy_mechanism none --mca btl_tcp_if_include hsn0 --mca oob_tcp_if_include hsn0 --mca orte_base_help_aggregate 0 --mca opal_common_ucx_opal_mem_hooks 1 -x UCX_LOG_LEVEL=ERROR apptainer exec --bind /scratch /home/users/ntu/haiyen00/scratch/fyp/container/h5bench/h5bench_benchmarks.sif
2026-10-06 03:43:20,805 h5bench - INFO - mpirun -np 256 --map-by ppr:128:node --bind-to core --mca btl vader,tcp,self --mca btl_vader_single_copy_mechanism none --mca btl_tcp_if_include hsn0 --mca oob_tcp_if_include hsn0 --mca orte_base_help_aggregate 0 --mca opal_common_ucx_opal_mem_hooks 1 -x UCX_LOG_LEVEL=ERROR apptainer exec --bind /scratch /home/users/ntu/haiyen00/scratch/fyp/container/h5bench/h5bench_benchmarks.sif /opt/h5bench/install/bin/h5bench_write payload/container/dyes_myes/efab8a73-25696087.pbs101/h5bench.cfg payload/container/dyes_myes/h5bench_collective_container_dyes_myes.h5
2026-10-06 03:43:47,143 h5bench - INFO - SUCCESS (all output files are located at payload/container/dyes_myes/efab8a73-25696087.pbs101)
2026-10-06 03:43:47,143 h5bench - INFO - Runtime: 26.3391416 seconds (elapsed time, includes allocation wait time)
2026-10-06 03:43:47,143 h5bench - INFO - h5bench [write] - Complete
2026-10-06 03:43:47,144 h5bench - INFO - JOBID: 25696087.pbs101
2026-10-06 03:43:47,144 h5bench - INFO - h5bench [read] - Starting
2026-10-06 03:43:47,144 h5bench - INFO - h5bench [read] - DIR: payload/container/dyes_myes/b96c1fed-25696087.pbs101/
2026-10-06 03:43:47,144 h5bench - INFO - Parallel setup: mpirun -np 256 --map-by ppr:128:node --bind-to core --mca btl vader,tcp,self --mca btl_vader_single_copy_mechanism none --mca btl_tcp_if_include hsn0 --mca oob_tcp_if_include hsn0 --mca orte_base_help_aggregate 0 --mca opal_common_ucx_opal_mem_hooks 1 -x UCX_LOG_LEVEL=ERROR apptainer exec --bind /scratch /home/users/ntu/haiyen00/scratch/fyp/container/h5bench/h5bench_benchmarks.sif
2026-10-06 03:43:47,146 h5bench - INFO - mpirun -np 256 --map-by ppr:128:node --bind-to core --mca btl vader,tcp,self --mca btl_vader_single_copy_mechanism none --mca btl_tcp_if_include hsn0 --mca oob_tcp_if_include hsn0 --mca orte_base_help_aggregate 0 --mca opal_common_ucx_opal_mem_hooks 1 -x UCX_LOG_LEVEL=ERROR apptainer exec --bind /scratch /home/users/ntu/haiyen00/scratch/fyp/container/h5bench/h5bench_benchmarks.sif /opt/h5bench/install/bin/h5bench_read payload/container/dyes_myes/b96c1fed-25696087.pbs101/h5bench.cfg payload/container/dyes_myes/h5bench_collective_container_dyes_myes.h5
2026-10-06 03:44:12,167 h5bench - INFO - SUCCESS (all output files are located at payload/container/dyes_myes/b96c1fed-25696087.pbs101)
2026-10-06 03:44:12,168 h5bench - INFO - Runtime: 25.0229368 seconds (elapsed time, includes allocation wait time)
2026-10-06 03:44:12,168 h5bench - INFO - h5bench [read] - Complete
2026-10-06 03:44:12,168 h5bench - INFO - Finishing h5bench Suite
