2026-10-06 03:49:02,566 h5bench - INFO - Starting h5bench Suite
2026-10-06 03:49:02,568 h5bench - WARNING - Base directory already exists: payload/container/dyes_myes
2026-10-06 03:49:02,577 h5bench - INFO - Lustre support detected
2026-10-06 03:49:02,578 h5bench - DEBUG - Lustre stripping configuration: lfs setstripe -S 1M -c 4 payload/container/dyes_myes
2026-10-06 03:49:02,582 h5bench - DEBUG - LD_LIBRARY_PATH: /app/apps/singularity/sup/squashfuse/0.6.1/lib:/app/apps/openmpi/4.1.2-hpe/lib:/opt/cray/libfabric/1.11.0.4.125/lib64
2026-10-06 03:49:02,583 h5bench - DEBUG - DYLD_LIBRARY_PATH: 
2026-10-06 03:49:02,583 h5bench - DEBUG - LD_PRELOAD: 
2026-10-06 03:49:02,583 h5bench - INFO - JOBID: 25696087.pbs101
2026-10-06 03:49:02,583 h5bench - INFO - h5bench [write] - Starting
2026-10-06 03:49:02,583 h5bench - INFO - h5bench [write] - DIR: payload/container/dyes_myes/9fb96e8e-25696087.pbs101/
2026-10-06 03:49:02,584 h5bench - INFO - Parallel setup: mpirun -np 256 --map-by ppr:128:node --bind-to core --mca btl vader,tcp,self --mca btl_vader_single_copy_mechanism none --mca btl_tcp_if_include hsn0 --mca oob_tcp_if_include hsn0 --mca orte_base_help_aggregate 0 --mca opal_common_ucx_opal_mem_hooks 1 -x UCX_LOG_LEVEL=ERROR apptainer exec --bind /scratch /home/users/ntu/haiyen00/scratch/fyp/container/h5bench/h5bench_benchmarks.sif
2026-10-06 03:49:02,585 h5bench - INFO - mpirun -np 256 --map-by ppr:128:node --bind-to core --mca btl vader,tcp,self --mca btl_vader_single_copy_mechanism none --mca btl_tcp_if_include hsn0 --mca oob_tcp_if_include hsn0 --mca orte_base_help_aggregate 0 --mca opal_common_ucx_opal_mem_hooks 1 -x UCX_LOG_LEVEL=ERROR apptainer exec --bind /scratch /home/users/ntu/haiyen00/scratch/fyp/container/h5bench/h5bench_benchmarks.sif /opt/h5bench/install/bin/h5bench_write payload/container/dyes_myes/9fb96e8e-25696087.pbs101/h5bench.cfg payload/container/dyes_myes/h5bench_collective_container_dyes_myes.h5
2026-10-06 03:49:31,852 h5bench - INFO - SUCCESS (all output files are located at payload/container/dyes_myes/9fb96e8e-25696087.pbs101)
2026-10-06 03:49:31,853 h5bench - INFO - Runtime: 29.2691324 seconds (elapsed time, includes allocation wait time)
2026-10-06 03:49:31,853 h5bench - INFO - h5bench [write] - Complete
2026-10-06 03:49:31,853 h5bench - INFO - JOBID: 25696087.pbs101
2026-10-06 03:49:31,854 h5bench - INFO - h5bench [read] - Starting
2026-10-06 03:49:31,854 h5bench - INFO - h5bench [read] - DIR: payload/container/dyes_myes/572d9c72-25696087.pbs101/
2026-10-06 03:49:31,854 h5bench - INFO - Parallel setup: mpirun -np 256 --map-by ppr:128:node --bind-to core --mca btl vader,tcp,self --mca btl_vader_single_copy_mechanism none --mca btl_tcp_if_include hsn0 --mca oob_tcp_if_include hsn0 --mca orte_base_help_aggregate 0 --mca opal_common_ucx_opal_mem_hooks 1 -x UCX_LOG_LEVEL=ERROR apptainer exec --bind /scratch /home/users/ntu/haiyen00/scratch/fyp/container/h5bench/h5bench_benchmarks.sif
2026-10-06 03:49:31,855 h5bench - INFO - mpirun -np 256 --map-by ppr:128:node --bind-to core --mca btl vader,tcp,self --mca btl_vader_single_copy_mechanism none --mca btl_tcp_if_include hsn0 --mca oob_tcp_if_include hsn0 --mca orte_base_help_aggregate 0 --mca opal_common_ucx_opal_mem_hooks 1 -x UCX_LOG_LEVEL=ERROR apptainer exec --bind /scratch /home/users/ntu/haiyen00/scratch/fyp/container/h5bench/h5bench_benchmarks.sif /opt/h5bench/install/bin/h5bench_read payload/container/dyes_myes/572d9c72-25696087.pbs101/h5bench.cfg payload/container/dyes_myes/h5bench_collective_container_dyes_myes.h5
2026-10-06 03:49:52,980 h5bench - INFO - SUCCESS (all output files are located at payload/container/dyes_myes/572d9c72-25696087.pbs101)
2026-10-06 03:49:52,980 h5bench - INFO - Runtime: 21.1261244 seconds (elapsed time, includes allocation wait time)
2026-10-06 03:49:52,981 h5bench - INFO - h5bench [read] - Complete
2026-10-06 03:49:52,981 h5bench - INFO - Finishing h5bench Suite
