Currently Loaded Modulefiles:
  1) libfabric/1.11.0.4.125             3) openmpi/4.1.2-hpe
  2) intel/2022.0.2                     4) hdf5/1.12.1-parallel-icc22-ompi4
mpirun (Open MPI) 4.1.2

Report bugs to http://www.open-mpi.org/community/help/
=== Verifying Lustre striping layout for payload/native/interleaved_interleaved ===
payload/native/interleaved_interleaved
stripe_count:  4 stripe_size:   1048576 pattern:       raid0 stripe_offset: -1 pool:          disk

=================================================================
 Native Intra-Node Pattern Sweep: MEM=INTERLEAVED FILE=INTERLEAVED NP=128 REPS=10 
=================================================================
--- Repetition 1/10 ---
+ /home/users/ntu/haiyen00/scratch/fyp/native/h5bench/h5bench/build/install/bin/h5bench -a -d native/interleaved_interleaved/config_rep1.json
2026-10-05 21:32:32,252 h5bench - INFO - Starting h5bench Suite
2026-10-05 21:32:32,253 h5bench - WARNING - Base directory already exists: payload/native/interleaved_interleaved
2026-10-05 21:32:32,257 h5bench - INFO - Lustre support detected
2026-10-05 21:32:32,258 h5bench - DEBUG - Lustre stripping configuration: lfs setstripe -S 1M -c 4 payload/native/interleaved_interleaved
2026-10-05 21:32:32,263 h5bench - DEBUG - LD_LIBRARY_PATH: /app/libs/hdf5/1.12.1-parallel-icc22-ompi4/lib:/app/apps/openmpi/4.1.2-hpe/lib:/app/apps/oneapi/2022.1.2/mkl/2022.0.2/lib/intel64:/app/apps/oneapi/2022.1.2/compiler/2022.0.2/linux/lib:/app/apps/oneapi/2022.1.2/compiler/2022.0.2/linux/lib/x64:/app/apps/oneapi/2022.1.2/compiler/2022.0.2/linux/lib/oclfpga/host/linux64/lib:/app/apps/oneapi/2022.1.2/compiler/2022.0.2/linux/compiler/lib/intel64_lin:/opt/cray/libfabric/1.11.0.4.125/lib64
2026-10-05 21:32:32,263 h5bench - DEBUG - DYLD_LIBRARY_PATH: 
2026-10-05 21:32:32,263 h5bench - DEBUG - LD_PRELOAD: 
2026-10-05 21:32:32,264 h5bench - INFO - JOBID: 25693491.pbs101
2026-10-05 21:32:32,264 h5bench - INFO - h5bench [write] - Starting
2026-10-05 21:32:32,264 h5bench - INFO - h5bench [write] - DIR: payload/native/interleaved_interleaved/21a58d28-25693491.pbs101/
2026-10-05 21:32:32,264 h5bench - INFO - Parallel setup: mpirun -np 128 --map-by ppr:128:node --bind-to core --mca btl ^openib --mca pml ucx --mca orte_base_help_aggregate 0 --mca opal_common_ucx_opal_mem_hooks 1 -x UCX_LOG_LEVEL=ERROR
2026-10-05 21:32:32,266 h5bench - INFO - mpirun -np 128 --map-by ppr:128:node --bind-to core --mca btl ^openib --mca pml ucx --mca orte_base_help_aggregate 0 --mca opal_common_ucx_opal_mem_hooks 1 -x UCX_LOG_LEVEL=ERROR /home/users/ntu/haiyen00/scratch/fyp/native/h5bench/h5bench/build/install/bin//h5bench_write payload/native/interleaved_interleaved/21a58d28-25693491.pbs101/h5bench.cfg payload/native/interleaved_interleaved/h5bench_intra_native_interleaved_interleaved.h5
2026-10-05 21:32:59,155 h5bench - INFO - SUCCESS (all output files are located at payload/native/interleaved_interleaved/21a58d28-25693491.pbs101)
2026-10-05 21:32:59,156 h5bench - INFO - Runtime: 26.8911262 seconds (elapsed time, includes allocation wait time)
2026-10-05 21:32:59,156 h5bench - INFO - h5bench [write] - Complete
2026-10-05 21:32:59,156 h5bench - INFO - Finishing h5bench Suite

real	0m27.612s
user	4m4.694s
sys	24m25.737s
+ H5BENCH_EXIT=0
+ set +x
--- Repetition 2/10 ---
+ /home/users/ntu/haiyen00/scratch/fyp/native/h5bench/h5bench/build/install/bin/h5bench -a -d native/interleaved_interleaved/config_rep2.json
2026-10-05 21:33:03,430 h5bench - INFO - Starting h5bench Suite
2026-10-05 21:33:03,431 h5bench - WARNING - Base directory already exists: payload/native/interleaved_interleaved
2026-10-05 21:33:03,437 h5bench - INFO - Lustre support detected
2026-10-05 21:33:03,437 h5bench - DEBUG - Lustre stripping configuration: lfs setstripe -S 1M -c 4 payload/native/interleaved_interleaved
2026-10-05 21:33:03,442 h5bench - DEBUG - LD_LIBRARY_PATH: /app/libs/hdf5/1.12.1-parallel-icc22-ompi4/lib:/app/apps/openmpi/4.1.2-hpe/lib:/app/apps/oneapi/2022.1.2/mkl/2022.0.2/lib/intel64:/app/apps/oneapi/2022.1.2/compiler/2022.0.2/linux/lib:/app/apps/oneapi/2022.1.2/compiler/2022.0.2/linux/lib/x64:/app/apps/oneapi/2022.1.2/compiler/2022.0.2/linux/lib/oclfpga/host/linux64/lib:/app/apps/oneapi/2022.1.2/compiler/2022.0.2/linux/compiler/lib/intel64_lin:/opt/cray/libfabric/1.11.0.4.125/lib64
2026-10-05 21:33:03,443 h5bench - DEBUG - DYLD_LIBRARY_PATH: 
2026-10-05 21:33:03,443 h5bench - DEBUG - LD_PRELOAD: 
2026-10-05 21:33:03,443 h5bench - INFO - JOBID: 25693491.pbs101
2026-10-05 21:33:03,443 h5bench - INFO - h5bench [write] - Starting
2026-10-05 21:33:03,443 h5bench - INFO - h5bench [write] - DIR: payload/native/interleaved_interleaved/92e02845-25693491.pbs101/
2026-10-05 21:33:03,444 h5bench - INFO - Parallel setup: mpirun -np 128 --map-by ppr:128:node --bind-to core --mca btl ^openib --mca pml ucx --mca orte_base_help_aggregate 0 --mca opal_common_ucx_opal_mem_hooks 1 -x UCX_LOG_LEVEL=ERROR
2026-10-05 21:33:03,445 h5bench - INFO - mpirun -np 128 --map-by ppr:128:node --bind-to core --mca btl ^openib --mca pml ucx --mca orte_base_help_aggregate 0 --mca opal_common_ucx_opal_mem_hooks 1 -x UCX_LOG_LEVEL=ERROR /home/users/ntu/haiyen00/scratch/fyp/native/h5bench/h5bench/build/install/bin//h5bench_write payload/native/interleaved_interleaved/92e02845-25693491.pbs101/h5bench.cfg payload/native/interleaved_interleaved/h5bench_intra_native_interleaved_interleaved.h5
2026-10-05 21:33:30,361 h5bench - INFO - SUCCESS (all output files are located at payload/native/interleaved_interleaved/92e02845-25693491.pbs101)
2026-10-05 21:33:30,362 h5bench - INFO - Runtime: 26.9180543 seconds (elapsed time, includes allocation wait time)
2026-10-05 21:33:30,362 h5bench - INFO - h5bench [write] - Complete
2026-10-05 21:33:30,362 h5bench - INFO - Finishing h5bench Suite

real	0m26.993s
user	6m28.686s
sys	21m20.851s
+ H5BENCH_EXIT=0
+ set +x
--- Repetition 3/10 ---
+ /home/users/ntu/haiyen00/scratch/fyp/native/h5bench/h5bench/build/install/bin/h5bench -a -d native/interleaved_interleaved/config_rep3.json
2026-10-05 21:33:34,532 h5bench - INFO - Starting h5bench Suite
2026-10-05 21:33:34,533 h5bench - WARNING - Base directory already exists: payload/native/interleaved_interleaved
2026-10-05 21:33:34,539 h5bench - INFO - Lustre support detected
2026-10-05 21:33:34,540 h5bench - DEBUG - Lustre stripping configuration: lfs setstripe -S 1M -c 4 payload/native/interleaved_interleaved
2026-10-05 21:33:34,546 h5bench - DEBUG - LD_LIBRARY_PATH: /app/libs/hdf5/1.12.1-parallel-icc22-ompi4/lib:/app/apps/openmpi/4.1.2-hpe/lib:/app/apps/oneapi/2022.1.2/mkl/2022.0.2/lib/intel64:/app/apps/oneapi/2022.1.2/compiler/2022.0.2/linux/lib:/app/apps/oneapi/2022.1.2/compiler/2022.0.2/linux/lib/x64:/app/apps/oneapi/2022.1.2/compiler/2022.0.2/linux/lib/oclfpga/host/linux64/lib:/app/apps/oneapi/2022.1.2/compiler/2022.0.2/linux/compiler/lib/intel64_lin:/opt/cray/libfabric/1.11.0.4.125/lib64
2026-10-05 21:33:34,546 h5bench - DEBUG - DYLD_LIBRARY_PATH: 
2026-10-05 21:33:34,546 h5bench - DEBUG - LD_PRELOAD: 
2026-10-05 21:33:34,547 h5bench - INFO - JOBID: 25693491.pbs101
2026-10-05 21:33:34,547 h5bench - INFO - h5bench [write] - Starting
2026-10-05 21:33:34,547 h5bench - INFO - h5bench [write] - DIR: payload/native/interleaved_interleaved/6a347ffa-25693491.pbs101/
2026-10-05 21:33:34,547 h5bench - INFO - Parallel setup: mpirun -np 128 --map-by ppr:128:node --bind-to core --mca btl ^openib --mca pml ucx --mca orte_base_help_aggregate 0 --mca opal_common_ucx_opal_mem_hooks 1 -x UCX_LOG_LEVEL=ERROR
2026-10-05 21:33:34,549 h5bench - INFO - mpirun -np 128 --map-by ppr:128:node --bind-to core --mca btl ^openib --mca pml ucx --mca orte_base_help_aggregate 0 --mca opal_common_ucx_opal_mem_hooks 1 -x UCX_LOG_LEVEL=ERROR /home/users/ntu/haiyen00/scratch/fyp/native/h5bench/h5bench/build/install/bin//h5bench_write payload/native/interleaved_interleaved/6a347ffa-25693491.pbs101/h5bench.cfg payload/native/interleaved_interleaved/h5bench_intra_native_interleaved_interleaved.h5
2026-10-05 21:34:00,723 h5bench - INFO - SUCCESS (all output files are located at payload/native/interleaved_interleaved/6a347ffa-25693491.pbs101)
2026-10-05 21:34:00,723 h5bench - INFO - Runtime: 26.1757529 seconds (elapsed time, includes allocation wait time)
2026-10-05 21:34:00,723 h5bench - INFO - h5bench [write] - Complete
2026-10-05 21:34:00,724 h5bench - INFO - Finishing h5bench Suite

real	0m26.261s
user	5m8.474s
sys	21m47.229s
+ H5BENCH_EXIT=0
+ set +x
--- Repetition 4/10 ---
+ /home/users/ntu/haiyen00/scratch/fyp/native/h5bench/h5bench/build/install/bin/h5bench -a -d native/interleaved_interleaved/config_rep4.json
2026-10-05 21:34:04,821 h5bench - INFO - Starting h5bench Suite
2026-10-05 21:34:04,822 h5bench - WARNING - Base directory already exists: payload/native/interleaved_interleaved
2026-10-05 21:34:04,828 h5bench - INFO - Lustre support detected
2026-10-05 21:34:04,829 h5bench - DEBUG - Lustre stripping configuration: lfs setstripe -S 1M -c 4 payload/native/interleaved_interleaved
2026-10-05 21:34:04,835 h5bench - DEBUG - LD_LIBRARY_PATH: /app/libs/hdf5/1.12.1-parallel-icc22-ompi4/lib:/app/apps/openmpi/4.1.2-hpe/lib:/app/apps/oneapi/2022.1.2/mkl/2022.0.2/lib/intel64:/app/apps/oneapi/2022.1.2/compiler/2022.0.2/linux/lib:/app/apps/oneapi/2022.1.2/compiler/2022.0.2/linux/lib/x64:/app/apps/oneapi/2022.1.2/compiler/2022.0.2/linux/lib/oclfpga/host/linux64/lib:/app/apps/oneapi/2022.1.2/compiler/2022.0.2/linux/compiler/lib/intel64_lin:/opt/cray/libfabric/1.11.0.4.125/lib64
2026-10-05 21:34:04,835 h5bench - DEBUG - DYLD_LIBRARY_PATH: 
2026-10-05 21:34:04,835 h5bench - DEBUG - LD_PRELOAD: 
2026-10-05 21:34:04,835 h5bench - INFO - JOBID: 25693491.pbs101
2026-10-05 21:34:04,836 h5bench - INFO - h5bench [write] - Starting
2026-10-05 21:34:04,836 h5bench - INFO - h5bench [write] - DIR: payload/native/interleaved_interleaved/85098e3a-25693491.pbs101/
2026-10-05 21:34:04,836 h5bench - INFO - Parallel setup: mpirun -np 128 --map-by ppr:128:node --bind-to core --mca btl ^openib --mca pml ucx --mca orte_base_help_aggregate 0 --mca opal_common_ucx_opal_mem_hooks 1 -x UCX_LOG_LEVEL=ERROR
2026-10-05 21:34:04,838 h5bench - INFO - mpirun -np 128 --map-by ppr:128:node --bind-to core --mca btl ^openib --mca pml ucx --mca orte_base_help_aggregate 0 --mca opal_common_ucx_opal_mem_hooks 1 -x UCX_LOG_LEVEL=ERROR /home/users/ntu/haiyen00/scratch/fyp/native/h5bench/h5bench/build/install/bin//h5bench_write payload/native/interleaved_interleaved/85098e3a-25693491.pbs101/h5bench.cfg payload/native/interleaved_interleaved/h5bench_intra_native_interleaved_interleaved.h5
2026-10-05 21:34:33,045 h5bench - INFO - SUCCESS (all output files are located at payload/native/interleaved_interleaved/85098e3a-25693491.pbs101)
2026-10-05 21:34:33,045 h5bench - INFO - Runtime: 28.2090061 seconds (elapsed time, includes allocation wait time)
2026-10-05 21:34:33,045 h5bench - INFO - h5bench [write] - Complete
2026-10-05 21:34:33,046 h5bench - INFO - Finishing h5bench Suite

real	0m28.285s
user	4m36.647s
sys	24m45.357s
+ H5BENCH_EXIT=0
+ set +x
--- Repetition 5/10 ---
+ /home/users/ntu/haiyen00/scratch/fyp/native/h5bench/h5bench/build/install/bin/h5bench -a -d native/interleaved_interleaved/config_rep5.json
2026-10-05 21:34:37,114 h5bench - INFO - Starting h5bench Suite
2026-10-05 21:34:37,115 h5bench - WARNING - Base directory already exists: payload/native/interleaved_interleaved
2026-10-05 21:34:37,122 h5bench - INFO - Lustre support detected
2026-10-05 21:34:37,122 h5bench - DEBUG - Lustre stripping configuration: lfs setstripe -S 1M -c 4 payload/native/interleaved_interleaved
2026-10-05 21:34:37,128 h5bench - DEBUG - LD_LIBRARY_PATH: /app/libs/hdf5/1.12.1-parallel-icc22-ompi4/lib:/app/apps/openmpi/4.1.2-hpe/lib:/app/apps/oneapi/2022.1.2/mkl/2022.0.2/lib/intel64:/app/apps/oneapi/2022.1.2/compiler/2022.0.2/linux/lib:/app/apps/oneapi/2022.1.2/compiler/2022.0.2/linux/lib/x64:/app/apps/oneapi/2022.1.2/compiler/2022.0.2/linux/lib/oclfpga/host/linux64/lib:/app/apps/oneapi/2022.1.2/compiler/2022.0.2/linux/compiler/lib/intel64_lin:/opt/cray/libfabric/1.11.0.4.125/lib64
2026-10-05 21:34:37,128 h5bench - DEBUG - DYLD_LIBRARY_PATH: 
2026-10-05 21:34:37,128 h5bench - DEBUG - LD_PRELOAD: 
2026-10-05 21:34:37,128 h5bench - INFO - JOBID: 25693491.pbs101
2026-10-05 21:34:37,128 h5bench - INFO - h5bench [write] - Starting
2026-10-05 21:34:37,129 h5bench - INFO - h5bench [write] - DIR: payload/native/interleaved_interleaved/f7ab18a9-25693491.pbs101/
2026-10-05 21:34:37,129 h5bench - INFO - Parallel setup: mpirun -np 128 --map-by ppr:128:node --bind-to core --mca btl ^openib --mca pml ucx --mca orte_base_help_aggregate 0 --mca opal_common_ucx_opal_mem_hooks 1 -x UCX_LOG_LEVEL=ERROR
2026-10-05 21:34:37,130 h5bench - INFO - mpirun -np 128 --map-by ppr:128:node --bind-to core --mca btl ^openib --mca pml ucx --mca orte_base_help_aggregate 0 --mca opal_common_ucx_opal_mem_hooks 1 -x UCX_LOG_LEVEL=ERROR /home/users/ntu/haiyen00/scratch/fyp/native/h5bench/h5bench/build/install/bin//h5bench_write payload/native/interleaved_interleaved/f7ab18a9-25693491.pbs101/h5bench.cfg payload/native/interleaved_interleaved/h5bench_intra_native_interleaved_interleaved.h5
2026-10-05 21:35:03,654 h5bench - INFO - SUCCESS (all output files are located at payload/native/interleaved_interleaved/f7ab18a9-25693491.pbs101)
2026-10-05 21:35:03,655 h5bench - INFO - Runtime: 26.5253921 seconds (elapsed time, includes allocation wait time)
2026-10-05 21:35:03,655 h5bench - INFO - h5bench [write] - Complete
2026-10-05 21:35:03,655 h5bench - INFO - Finishing h5bench Suite

real	0m26.600s
user	5m56.830s
sys	22m8.452s
+ H5BENCH_EXIT=0
+ set +x
--- Repetition 6/10 ---
+ /home/users/ntu/haiyen00/scratch/fyp/native/h5bench/h5bench/build/install/bin/h5bench -a -d native/interleaved_interleaved/config_rep6.json
2026-10-05 21:35:07,851 h5bench - INFO - Starting h5bench Suite
2026-10-05 21:35:07,852 h5bench - WARNING - Base directory already exists: payload/native/interleaved_interleaved
2026-10-05 21:35:07,859 h5bench - INFO - Lustre support detected
2026-10-05 21:35:07,859 h5bench - DEBUG - Lustre stripping configuration: lfs setstripe -S 1M -c 4 payload/native/interleaved_interleaved
2026-10-05 21:35:07,865 h5bench - DEBUG - LD_LIBRARY_PATH: /app/libs/hdf5/1.12.1-parallel-icc22-ompi4/lib:/app/apps/openmpi/4.1.2-hpe/lib:/app/apps/oneapi/2022.1.2/mkl/2022.0.2/lib/intel64:/app/apps/oneapi/2022.1.2/compiler/2022.0.2/linux/lib:/app/apps/oneapi/2022.1.2/compiler/2022.0.2/linux/lib/x64:/app/apps/oneapi/2022.1.2/compiler/2022.0.2/linux/lib/oclfpga/host/linux64/lib:/app/apps/oneapi/2022.1.2/compiler/2022.0.2/linux/compiler/lib/intel64_lin:/opt/cray/libfabric/1.11.0.4.125/lib64
2026-10-05 21:35:07,865 h5bench - DEBUG - DYLD_LIBRARY_PATH: 
2026-10-05 21:35:07,865 h5bench - DEBUG - LD_PRELOAD: 
2026-10-05 21:35:07,866 h5bench - INFO - JOBID: 25693491.pbs101
2026-10-05 21:35:07,866 h5bench - INFO - h5bench [write] - Starting
2026-10-05 21:35:07,866 h5bench - INFO - h5bench [write] - DIR: payload/native/interleaved_interleaved/41098072-25693491.pbs101/
2026-10-05 21:35:07,866 h5bench - INFO - Parallel setup: mpirun -np 128 --map-by ppr:128:node --bind-to core --mca btl ^openib --mca pml ucx --mca orte_base_help_aggregate 0 --mca opal_common_ucx_opal_mem_hooks 1 -x UCX_LOG_LEVEL=ERROR
2026-10-05 21:35:07,868 h5bench - INFO - mpirun -np 128 --map-by ppr:128:node --bind-to core --mca btl ^openib --mca pml ucx --mca orte_base_help_aggregate 0 --mca opal_common_ucx_opal_mem_hooks 1 -x UCX_LOG_LEVEL=ERROR /home/users/ntu/haiyen00/scratch/fyp/native/h5bench/h5bench/build/install/bin//h5bench_write payload/native/interleaved_interleaved/41098072-25693491.pbs101/h5bench.cfg payload/native/interleaved_interleaved/h5bench_intra_native_interleaved_interleaved.h5
2026-10-05 21:35:37,899 h5bench - INFO - SUCCESS (all output files are located at payload/native/interleaved_interleaved/41098072-25693491.pbs101)
2026-10-05 21:35:37,899 h5bench - INFO - Runtime: 30.0325978 seconds (elapsed time, includes allocation wait time)
2026-10-05 21:35:37,899 h5bench - INFO - h5bench [write] - Complete
2026-10-05 21:35:37,899 h5bench - INFO - Finishing h5bench Suite

real	0m30.107s
user	5m17.215s
sys	22m52.495s
+ H5BENCH_EXIT=0
+ set +x
--- Repetition 7/10 ---
+ /home/users/ntu/haiyen00/scratch/fyp/native/h5bench/h5bench/build/install/bin/h5bench -a -d native/interleaved_interleaved/config_rep7.json
2026-10-05 21:35:42,135 h5bench - INFO - Starting h5bench Suite
2026-10-05 21:35:42,136 h5bench - WARNING - Base directory already exists: payload/native/interleaved_interleaved
2026-10-05 21:35:42,143 h5bench - INFO - Lustre support detected
2026-10-05 21:35:42,143 h5bench - DEBUG - Lustre stripping configuration: lfs setstripe -S 1M -c 4 payload/native/interleaved_interleaved
2026-10-05 21:35:42,149 h5bench - DEBUG - LD_LIBRARY_PATH: /app/libs/hdf5/1.12.1-parallel-icc22-ompi4/lib:/app/apps/openmpi/4.1.2-hpe/lib:/app/apps/oneapi/2022.1.2/mkl/2022.0.2/lib/intel64:/app/apps/oneapi/2022.1.2/compiler/2022.0.2/linux/lib:/app/apps/oneapi/2022.1.2/compiler/2022.0.2/linux/lib/x64:/app/apps/oneapi/2022.1.2/compiler/2022.0.2/linux/lib/oclfpga/host/linux64/lib:/app/apps/oneapi/2022.1.2/compiler/2022.0.2/linux/compiler/lib/intel64_lin:/opt/cray/libfabric/1.11.0.4.125/lib64
2026-10-05 21:35:42,149 h5bench - DEBUG - DYLD_LIBRARY_PATH: 
2026-10-05 21:35:42,149 h5bench - DEBUG - LD_PRELOAD: 
2026-10-05 21:35:42,149 h5bench - INFO - JOBID: 25693491.pbs101
2026-10-05 21:35:42,149 h5bench - INFO - h5bench [write] - Starting
2026-10-05 21:35:42,150 h5bench - INFO - h5bench [write] - DIR: payload/native/interleaved_interleaved/d75978fd-25693491.pbs101/
2026-10-05 21:35:42,150 h5bench - INFO - Parallel setup: mpirun -np 128 --map-by ppr:128:node --bind-to core --mca btl ^openib --mca pml ucx --mca orte_base_help_aggregate 0 --mca opal_common_ucx_opal_mem_hooks 1 -x UCX_LOG_LEVEL=ERROR
2026-10-05 21:35:42,152 h5bench - INFO - mpirun -np 128 --map-by ppr:128:node --bind-to core --mca btl ^openib --mca pml ucx --mca orte_base_help_aggregate 0 --mca opal_common_ucx_opal_mem_hooks 1 -x UCX_LOG_LEVEL=ERROR /home/users/ntu/haiyen00/scratch/fyp/native/h5bench/h5bench/build/install/bin//h5bench_write payload/native/interleaved_interleaved/d75978fd-25693491.pbs101/h5bench.cfg payload/native/interleaved_interleaved/h5bench_intra_native_interleaved_interleaved.h5
2026-10-05 21:36:13,733 h5bench - INFO - SUCCESS (all output files are located at payload/native/interleaved_interleaved/d75978fd-25693491.pbs101)
2026-10-05 21:36:13,734 h5bench - INFO - Runtime: 31.5836167 seconds (elapsed time, includes allocation wait time)
2026-10-05 21:36:13,734 h5bench - INFO - h5bench [write] - Complete
2026-10-05 21:36:13,734 h5bench - INFO - Finishing h5bench Suite

real	0m31.658s
user	4m37.606s
sys	25m29.261s
+ H5BENCH_EXIT=0
+ set +x
--- Repetition 8/10 ---
+ /home/users/ntu/haiyen00/scratch/fyp/native/h5bench/h5bench/build/install/bin/h5bench -a -d native/interleaved_interleaved/config_rep8.json
2026-10-05 21:36:17,786 h5bench - INFO - Starting h5bench Suite
2026-10-05 21:36:17,787 h5bench - WARNING - Base directory already exists: payload/native/interleaved_interleaved
2026-10-05 21:36:17,795 h5bench - INFO - Lustre support detected
2026-10-05 21:36:17,795 h5bench - DEBUG - Lustre stripping configuration: lfs setstripe -S 1M -c 4 payload/native/interleaved_interleaved
2026-10-05 21:36:17,801 h5bench - DEBUG - LD_LIBRARY_PATH: /app/libs/hdf5/1.12.1-parallel-icc22-ompi4/lib:/app/apps/openmpi/4.1.2-hpe/lib:/app/apps/oneapi/2022.1.2/mkl/2022.0.2/lib/intel64:/app/apps/oneapi/2022.1.2/compiler/2022.0.2/linux/lib:/app/apps/oneapi/2022.1.2/compiler/2022.0.2/linux/lib/x64:/app/apps/oneapi/2022.1.2/compiler/2022.0.2/linux/lib/oclfpga/host/linux64/lib:/app/apps/oneapi/2022.1.2/compiler/2022.0.2/linux/compiler/lib/intel64_lin:/opt/cray/libfabric/1.11.0.4.125/lib64
2026-10-05 21:36:17,802 h5bench - DEBUG - DYLD_LIBRARY_PATH: 
2026-10-05 21:36:17,802 h5bench - DEBUG - LD_PRELOAD: 
2026-10-05 21:36:17,802 h5bench - INFO - JOBID: 25693491.pbs101
2026-10-05 21:36:17,802 h5bench - INFO - h5bench [write] - Starting
2026-10-05 21:36:17,802 h5bench - INFO - h5bench [write] - DIR: payload/native/interleaved_interleaved/d21344c7-25693491.pbs101/
2026-10-05 21:36:17,803 h5bench - INFO - Parallel setup: mpirun -np 128 --map-by ppr:128:node --bind-to core --mca btl ^openib --mca pml ucx --mca orte_base_help_aggregate 0 --mca opal_common_ucx_opal_mem_hooks 1 -x UCX_LOG_LEVEL=ERROR
2026-10-05 21:36:17,804 h5bench - INFO - mpirun -np 128 --map-by ppr:128:node --bind-to core --mca btl ^openib --mca pml ucx --mca orte_base_help_aggregate 0 --mca opal_common_ucx_opal_mem_hooks 1 -x UCX_LOG_LEVEL=ERROR /home/users/ntu/haiyen00/scratch/fyp/native/h5bench/h5bench/build/install/bin//h5bench_write payload/native/interleaved_interleaved/d21344c7-25693491.pbs101/h5bench.cfg payload/native/interleaved_interleaved/h5bench_intra_native_interleaved_interleaved.h5
2026-10-05 21:36:41,435 h5bench - INFO - SUCCESS (all output files are located at payload/native/interleaved_interleaved/d21344c7-25693491.pbs101)
2026-10-05 21:36:41,435 h5bench - INFO - Runtime: 23.6322453 seconds (elapsed time, includes allocation wait time)
2026-10-05 21:36:41,435 h5bench - INFO - h5bench [write] - Complete
2026-10-05 21:36:41,436 h5bench - INFO - Finishing h5bench Suite

real	0m23.715s
user	7m4.066s
sys	20m42.066s
+ H5BENCH_EXIT=0
+ set +x
--- Repetition 9/10 ---
+ /home/users/ntu/haiyen00/scratch/fyp/native/h5bench/h5bench/build/install/bin/h5bench -a -d native/interleaved_interleaved/config_rep9.json
2026-10-05 21:36:45,316 h5bench - INFO - Starting h5bench Suite
2026-10-05 21:36:45,317 h5bench - WARNING - Base directory already exists: payload/native/interleaved_interleaved
2026-10-05 21:36:45,325 h5bench - INFO - Lustre support detected
2026-10-05 21:36:45,325 h5bench - DEBUG - Lustre stripping configuration: lfs setstripe -S 1M -c 4 payload/native/interleaved_interleaved
2026-10-05 21:36:45,331 h5bench - DEBUG - LD_LIBRARY_PATH: /app/libs/hdf5/1.12.1-parallel-icc22-ompi4/lib:/app/apps/openmpi/4.1.2-hpe/lib:/app/apps/oneapi/2022.1.2/mkl/2022.0.2/lib/intel64:/app/apps/oneapi/2022.1.2/compiler/2022.0.2/linux/lib:/app/apps/oneapi/2022.1.2/compiler/2022.0.2/linux/lib/x64:/app/apps/oneapi/2022.1.2/compiler/2022.0.2/linux/lib/oclfpga/host/linux64/lib:/app/apps/oneapi/2022.1.2/compiler/2022.0.2/linux/compiler/lib/intel64_lin:/opt/cray/libfabric/1.11.0.4.125/lib64
2026-10-05 21:36:45,331 h5bench - DEBUG - DYLD_LIBRARY_PATH: 
2026-10-05 21:36:45,331 h5bench - DEBUG - LD_PRELOAD: 
2026-10-05 21:36:45,331 h5bench - INFO - JOBID: 25693491.pbs101
2026-10-05 21:36:45,331 h5bench - INFO - h5bench [write] - Starting
2026-10-05 21:36:45,331 h5bench - INFO - h5bench [write] - DIR: payload/native/interleaved_interleaved/ac036617-25693491.pbs101/
2026-10-05 21:36:45,332 h5bench - INFO - Parallel setup: mpirun -np 128 --map-by ppr:128:node --bind-to core --mca btl ^openib --mca pml ucx --mca orte_base_help_aggregate 0 --mca opal_common_ucx_opal_mem_hooks 1 -x UCX_LOG_LEVEL=ERROR
2026-10-05 21:36:45,333 h5bench - INFO - mpirun -np 128 --map-by ppr:128:node --bind-to core --mca btl ^openib --mca pml ucx --mca orte_base_help_aggregate 0 --mca opal_common_ucx_opal_mem_hooks 1 -x UCX_LOG_LEVEL=ERROR /home/users/ntu/haiyen00/scratch/fyp/native/h5bench/h5bench/build/install/bin//h5bench_write payload/native/interleaved_interleaved/ac036617-25693491.pbs101/h5bench.cfg payload/native/interleaved_interleaved/h5bench_intra_native_interleaved_interleaved.h5
2026-10-05 21:37:19,025 h5bench - INFO - SUCCESS (all output files are located at payload/native/interleaved_interleaved/ac036617-25693491.pbs101)
2026-10-05 21:37:19,026 h5bench - INFO - Runtime: 33.6938717 seconds (elapsed time, includes allocation wait time)
2026-10-05 21:37:19,026 h5bench - INFO - h5bench [write] - Complete
2026-10-05 21:37:19,026 h5bench - INFO - Finishing h5bench Suite

real	0m33.770s
user	5m6.579s
sys	22m31.790s
+ H5BENCH_EXIT=0
+ set +x
--- Repetition 10/10 ---
+ /home/users/ntu/haiyen00/scratch/fyp/native/h5bench/h5bench/build/install/bin/h5bench -a -d native/interleaved_interleaved/config_rep10.json
2026-10-05 21:37:23,194 h5bench - INFO - Starting h5bench Suite
2026-10-05 21:37:23,195 h5bench - WARNING - Base directory already exists: payload/native/interleaved_interleaved
2026-10-05 21:37:23,203 h5bench - INFO - Lustre support detected
2026-10-05 21:37:23,204 h5bench - DEBUG - Lustre stripping configuration: lfs setstripe -S 1M -c 4 payload/native/interleaved_interleaved
2026-10-05 21:37:23,210 h5bench - DEBUG - LD_LIBRARY_PATH: /app/libs/hdf5/1.12.1-parallel-icc22-ompi4/lib:/app/apps/openmpi/4.1.2-hpe/lib:/app/apps/oneapi/2022.1.2/mkl/2022.0.2/lib/intel64:/app/apps/oneapi/2022.1.2/compiler/2022.0.2/linux/lib:/app/apps/oneapi/2022.1.2/compiler/2022.0.2/linux/lib/x64:/app/apps/oneapi/2022.1.2/compiler/2022.0.2/linux/lib/oclfpga/host/linux64/lib:/app/apps/oneapi/2022.1.2/compiler/2022.0.2/linux/compiler/lib/intel64_lin:/opt/cray/libfabric/1.11.0.4.125/lib64
2026-10-05 21:37:23,210 h5bench - DEBUG - DYLD_LIBRARY_PATH: 
2026-10-05 21:37:23,210 h5bench - DEBUG - LD_PRELOAD: 
2026-10-05 21:37:23,210 h5bench - INFO - JOBID: 25693491.pbs101
2026-10-05 21:37:23,211 h5bench - INFO - h5bench [write] - Starting
2026-10-05 21:37:23,211 h5bench - INFO - h5bench [write] - DIR: payload/native/interleaved_interleaved/65cf0a1d-25693491.pbs101/
2026-10-05 21:37:23,211 h5bench - INFO - Parallel setup: mpirun -np 128 --map-by ppr:128:node --bind-to core --mca btl ^openib --mca pml ucx --mca orte_base_help_aggregate 0 --mca opal_common_ucx_opal_mem_hooks 1 -x UCX_LOG_LEVEL=ERROR
2026-10-05 21:37:23,212 h5bench - INFO - mpirun -np 128 --map-by ppr:128:node --bind-to core --mca btl ^openib --mca pml ucx --mca orte_base_help_aggregate 0 --mca opal_common_ucx_opal_mem_hooks 1 -x UCX_LOG_LEVEL=ERROR /home/users/ntu/haiyen00/scratch/fyp/native/h5bench/h5bench/build/install/bin//h5bench_write payload/native/interleaved_interleaved/65cf0a1d-25693491.pbs101/h5bench.cfg payload/native/interleaved_interleaved/h5bench_intra_native_interleaved_interleaved.h5
2026-10-05 21:37:50,264 h5bench - INFO - SUCCESS (all output files are located at payload/native/interleaved_interleaved/65cf0a1d-25693491.pbs101)
2026-10-05 21:37:50,264 h5bench - INFO - Runtime: 27.0531974 seconds (elapsed time, includes allocation wait time)
2026-10-05 21:37:50,265 h5bench - INFO - h5bench [write] - Complete
2026-10-05 21:37:50,265 h5bench - INFO - Finishing h5bench Suite

real	0m27.130s
user	4m45.708s
sys	19m15.407s
+ H5BENCH_EXIT=0
+ set +x
=== Lustre striping actually applied to payload/native/interleaved_interleaved ===
payload/native/interleaved_interleaved
stripe_count:  4 stripe_size:   1048576 pattern:       raid0 stripe_offset: -1 pool:          disk

payload/native/interleaved_interleaved/f7ab18a9-25693491.pbs101
stripe_count:  4 stripe_size:   1048576 pattern:       raid0 stripe_offset: -1 pool:          disk

payload/native/interleaved_interleaved/41098072-25693491.pbs101
stripe_count:  4 stripe_size:   1048576 pattern:       raid0 stripe_offset: -1 pool:          disk

payload/native/interleaved_interleaved/21a58d28-25693491.pbs101
stripe_count:  4 stripe_size:   1048576 pattern:       raid0 stripe_offset: -1 pool:          disk

payload/native/interleaved_interleaved/ac036617-25693491.pbs101
stripe_count:  4 stripe_size:   1048576 pattern:       raid0 stripe_offset: -1 pool:          disk

payload/native/interleaved_interleaved/65cf0a1d-25693491.pbs101
stripe_count:  4 stripe_size:   1048576 pattern:       raid0 stripe_offset: -1 pool:          disk

payload/native/interleaved_interleaved/92e02845-25693491.pbs101
stripe_count:  4 stripe_size:   1048576 pattern:       raid0 stripe_offset: -1 pool:          disk

payload/native/interleaved_interleaved/h5bench_intra_native_interleaved_interleaved.h5
lmm_stripe_count:  4
lmm_stripe_size:   1048576
lmm_pattern:       raid0
lmm_layout_gen:    0
lmm_stripe_offset: 35
lmm_pool:          disk
	obdidx		 objid		 objid		 group
	    35	    1331253656	   0x4f595198	   0xb40000400
	    37	    1336125187	   0x4fa3a703	   0xc00000400
	    38	    1330710203	   0x4f5106bb	   0xbc0000400
	    17	    1331207597	   0x4f589dad	   0x700000400

payload/native/interleaved_interleaved/d75978fd-25693491.pbs101
stripe_count:  4 stripe_size:   1048576 pattern:       raid0 stripe_offset: -1 pool:          disk

payload/native/interleaved_interleaved/d21344c7-25693491.pbs101
stripe_count:  4 stripe_size:   1048576 pattern:       raid0 stripe_offset: -1 pool:          disk

payload/native/interleaved_interleaved/6a347ffa-25693491.pbs101
stripe_count:  4 stripe_size:   1048576 pattern:       raid0 stripe_offset: -1 pool:          disk

payload/native/interleaved_interleaved/85098e3a-25693491.pbs101
stripe_count:  4 stripe_size:   1048576 pattern:       raid0 stripe_offset: -1 pool:          disk

Completed Successfully! 
