Currently Loaded Modulefiles:
  1) libfabric/1.11.0.4.125             3) openmpi/4.1.2-hpe
  2) intel/2022.0.2                     4) hdf5/1.12.1-parallel-icc22-ompi4
mpirun (Open MPI) 4.1.2

Report bugs to http://www.open-mpi.org/community/help/
=== Verifying Lustre striping layout for payload/native/contig_interleaved ===
payload/native/contig_interleaved
stripe_count:  4 stripe_size:   1048576 pattern:       raid0 stripe_offset: -1 pool:          disk

=================================================================
 Native Intra-Node Pattern Sweep: MEM=CONTIG FILE=INTERLEAVED NP=128 REPS=10 
=================================================================
--- Repetition 1/10 ---
+ /home/users/ntu/haiyen00/scratch/fyp/native/h5bench/h5bench/build/install/bin/h5bench -a -d native/contig_interleaved/config_rep1.json
2026-10-05 21:27:40,061 h5bench - INFO - Starting h5bench Suite
2026-10-05 21:27:40,062 h5bench - WARNING - Base directory already exists: payload/native/contig_interleaved
2026-10-05 21:27:40,067 h5bench - INFO - Lustre support detected
2026-10-05 21:27:40,067 h5bench - DEBUG - Lustre stripping configuration: lfs setstripe -S 1M -c 4 payload/native/contig_interleaved
2026-10-05 21:27:40,073 h5bench - DEBUG - LD_LIBRARY_PATH: /app/libs/hdf5/1.12.1-parallel-icc22-ompi4/lib:/app/apps/openmpi/4.1.2-hpe/lib:/app/apps/oneapi/2022.1.2/mkl/2022.0.2/lib/intel64:/app/apps/oneapi/2022.1.2/compiler/2022.0.2/linux/lib:/app/apps/oneapi/2022.1.2/compiler/2022.0.2/linux/lib/x64:/app/apps/oneapi/2022.1.2/compiler/2022.0.2/linux/lib/oclfpga/host/linux64/lib:/app/apps/oneapi/2022.1.2/compiler/2022.0.2/linux/compiler/lib/intel64_lin:/opt/cray/libfabric/1.11.0.4.125/lib64
2026-10-05 21:27:40,074 h5bench - DEBUG - DYLD_LIBRARY_PATH: 
2026-10-05 21:27:40,074 h5bench - DEBUG - LD_PRELOAD: 
2026-10-05 21:27:40,074 h5bench - INFO - JOBID: 25693489.pbs101
2026-10-05 21:27:40,074 h5bench - INFO - h5bench [write] - Starting
2026-10-05 21:27:40,074 h5bench - INFO - h5bench [write] - DIR: payload/native/contig_interleaved/b8d3bc56-25693489.pbs101/
2026-10-05 21:27:40,075 h5bench - INFO - Parallel setup: mpirun -np 128 --map-by ppr:128:node --bind-to core --mca btl ^openib --mca pml ucx --mca orte_base_help_aggregate 0 --mca opal_common_ucx_opal_mem_hooks 1 -x UCX_LOG_LEVEL=ERROR
2026-10-05 21:27:40,076 h5bench - INFO - mpirun -np 128 --map-by ppr:128:node --bind-to core --mca btl ^openib --mca pml ucx --mca orte_base_help_aggregate 0 --mca opal_common_ucx_opal_mem_hooks 1 -x UCX_LOG_LEVEL=ERROR /home/users/ntu/haiyen00/scratch/fyp/native/h5bench/h5bench/build/install/bin//h5bench_write payload/native/contig_interleaved/b8d3bc56-25693489.pbs101/h5bench.cfg payload/native/contig_interleaved/h5bench_intra_native_contig_interleaved.h5
2026-10-05 21:29:42,805 h5bench - INFO - SUCCESS (all output files are located at payload/native/contig_interleaved/b8d3bc56-25693489.pbs101)
2026-10-05 21:29:42,806 h5bench - INFO - Runtime: 122.7311771 seconds (elapsed time, includes allocation wait time)
2026-10-05 21:29:42,806 h5bench - INFO - h5bench [write] - Complete
2026-10-05 21:29:42,806 h5bench - INFO - Finishing h5bench Suite

real	2m2.963s
user	9m22.179s
sys	168m46.483s
+ H5BENCH_EXIT=0
+ set +x
--- Repetition 2/10 ---
+ /home/users/ntu/haiyen00/scratch/fyp/native/h5bench/h5bench/build/install/bin/h5bench -a -d native/contig_interleaved/config_rep2.json
2026-10-05 21:29:48,006 h5bench - INFO - Starting h5bench Suite
2026-10-05 21:29:48,007 h5bench - WARNING - Base directory already exists: payload/native/contig_interleaved
2026-10-05 21:29:48,013 h5bench - INFO - Lustre support detected
2026-10-05 21:29:48,013 h5bench - DEBUG - Lustre stripping configuration: lfs setstripe -S 1M -c 4 payload/native/contig_interleaved
2026-10-05 21:29:48,019 h5bench - DEBUG - LD_LIBRARY_PATH: /app/libs/hdf5/1.12.1-parallel-icc22-ompi4/lib:/app/apps/openmpi/4.1.2-hpe/lib:/app/apps/oneapi/2022.1.2/mkl/2022.0.2/lib/intel64:/app/apps/oneapi/2022.1.2/compiler/2022.0.2/linux/lib:/app/apps/oneapi/2022.1.2/compiler/2022.0.2/linux/lib/x64:/app/apps/oneapi/2022.1.2/compiler/2022.0.2/linux/lib/oclfpga/host/linux64/lib:/app/apps/oneapi/2022.1.2/compiler/2022.0.2/linux/compiler/lib/intel64_lin:/opt/cray/libfabric/1.11.0.4.125/lib64
2026-10-05 21:29:48,020 h5bench - DEBUG - DYLD_LIBRARY_PATH: 
2026-10-05 21:29:48,020 h5bench - DEBUG - LD_PRELOAD: 
2026-10-05 21:29:48,020 h5bench - INFO - JOBID: 25693489.pbs101
2026-10-05 21:29:48,020 h5bench - INFO - h5bench [write] - Starting
2026-10-05 21:29:48,021 h5bench - INFO - h5bench [write] - DIR: payload/native/contig_interleaved/218e921f-25693489.pbs101/
2026-10-05 21:29:48,021 h5bench - INFO - Parallel setup: mpirun -np 128 --map-by ppr:128:node --bind-to core --mca btl ^openib --mca pml ucx --mca orte_base_help_aggregate 0 --mca opal_common_ucx_opal_mem_hooks 1 -x UCX_LOG_LEVEL=ERROR
2026-10-05 21:29:48,022 h5bench - INFO - mpirun -np 128 --map-by ppr:128:node --bind-to core --mca btl ^openib --mca pml ucx --mca orte_base_help_aggregate 0 --mca opal_common_ucx_opal_mem_hooks 1 -x UCX_LOG_LEVEL=ERROR /home/users/ntu/haiyen00/scratch/fyp/native/h5bench/h5bench/build/install/bin//h5bench_write payload/native/contig_interleaved/218e921f-25693489.pbs101/h5bench.cfg payload/native/contig_interleaved/h5bench_intra_native_contig_interleaved.h5
2026-10-05 21:31:49,797 h5bench - INFO - SUCCESS (all output files are located at payload/native/contig_interleaved/218e921f-25693489.pbs101)
2026-10-05 21:31:49,798 h5bench - INFO - Runtime: 121.7766323 seconds (elapsed time, includes allocation wait time)
2026-10-05 21:31:49,798 h5bench - INFO - h5bench [write] - Complete
2026-10-05 21:31:49,798 h5bench - INFO - Finishing h5bench Suite

real	2m1.853s
user	12m32.452s
sys	192m35.400s
+ H5BENCH_EXIT=0
+ set +x
--- Repetition 3/10 ---
+ /home/users/ntu/haiyen00/scratch/fyp/native/h5bench/h5bench/build/install/bin/h5bench -a -d native/contig_interleaved/config_rep3.json
2026-10-05 21:31:53,502 h5bench - INFO - Starting h5bench Suite
2026-10-05 21:31:53,503 h5bench - WARNING - Base directory already exists: payload/native/contig_interleaved
2026-10-05 21:31:53,509 h5bench - INFO - Lustre support detected
2026-10-05 21:31:53,510 h5bench - DEBUG - Lustre stripping configuration: lfs setstripe -S 1M -c 4 payload/native/contig_interleaved
2026-10-05 21:31:53,516 h5bench - DEBUG - LD_LIBRARY_PATH: /app/libs/hdf5/1.12.1-parallel-icc22-ompi4/lib:/app/apps/openmpi/4.1.2-hpe/lib:/app/apps/oneapi/2022.1.2/mkl/2022.0.2/lib/intel64:/app/apps/oneapi/2022.1.2/compiler/2022.0.2/linux/lib:/app/apps/oneapi/2022.1.2/compiler/2022.0.2/linux/lib/x64:/app/apps/oneapi/2022.1.2/compiler/2022.0.2/linux/lib/oclfpga/host/linux64/lib:/app/apps/oneapi/2022.1.2/compiler/2022.0.2/linux/compiler/lib/intel64_lin:/opt/cray/libfabric/1.11.0.4.125/lib64
2026-10-05 21:31:53,516 h5bench - DEBUG - DYLD_LIBRARY_PATH: 
2026-10-05 21:31:53,516 h5bench - DEBUG - LD_PRELOAD: 
2026-10-05 21:31:53,517 h5bench - INFO - JOBID: 25693489.pbs101
2026-10-05 21:31:53,517 h5bench - INFO - h5bench [write] - Starting
2026-10-05 21:31:53,517 h5bench - INFO - h5bench [write] - DIR: payload/native/contig_interleaved/4e6a22ba-25693489.pbs101/
2026-10-05 21:31:53,517 h5bench - INFO - Parallel setup: mpirun -np 128 --map-by ppr:128:node --bind-to core --mca btl ^openib --mca pml ucx --mca orte_base_help_aggregate 0 --mca opal_common_ucx_opal_mem_hooks 1 -x UCX_LOG_LEVEL=ERROR
2026-10-05 21:31:53,519 h5bench - INFO - mpirun -np 128 --map-by ppr:128:node --bind-to core --mca btl ^openib --mca pml ucx --mca orte_base_help_aggregate 0 --mca opal_common_ucx_opal_mem_hooks 1 -x UCX_LOG_LEVEL=ERROR /home/users/ntu/haiyen00/scratch/fyp/native/h5bench/h5bench/build/install/bin//h5bench_write payload/native/contig_interleaved/4e6a22ba-25693489.pbs101/h5bench.cfg payload/native/contig_interleaved/h5bench_intra_native_contig_interleaved.h5
2026-10-05 21:33:53,317 h5bench - INFO - SUCCESS (all output files are located at payload/native/contig_interleaved/4e6a22ba-25693489.pbs101)
2026-10-05 21:33:53,318 h5bench - INFO - Runtime: 119.8006935 seconds (elapsed time, includes allocation wait time)
2026-10-05 21:33:53,318 h5bench - INFO - h5bench [write] - Complete
2026-10-05 21:33:53,318 h5bench - INFO - Finishing h5bench Suite

real	1m59.914s
user	10m11.072s
sys	178m51.442s
+ H5BENCH_EXIT=0
+ set +x
--- Repetition 4/10 ---
+ /home/users/ntu/haiyen00/scratch/fyp/native/h5bench/h5bench/build/install/bin/h5bench -a -d native/contig_interleaved/config_rep4.json
2026-10-05 21:33:57,903 h5bench - INFO - Starting h5bench Suite
2026-10-05 21:33:57,905 h5bench - WARNING - Base directory already exists: payload/native/contig_interleaved
2026-10-05 21:33:57,911 h5bench - INFO - Lustre support detected
2026-10-05 21:33:57,911 h5bench - DEBUG - Lustre stripping configuration: lfs setstripe -S 1M -c 4 payload/native/contig_interleaved
2026-10-05 21:33:57,917 h5bench - DEBUG - LD_LIBRARY_PATH: /app/libs/hdf5/1.12.1-parallel-icc22-ompi4/lib:/app/apps/openmpi/4.1.2-hpe/lib:/app/apps/oneapi/2022.1.2/mkl/2022.0.2/lib/intel64:/app/apps/oneapi/2022.1.2/compiler/2022.0.2/linux/lib:/app/apps/oneapi/2022.1.2/compiler/2022.0.2/linux/lib/x64:/app/apps/oneapi/2022.1.2/compiler/2022.0.2/linux/lib/oclfpga/host/linux64/lib:/app/apps/oneapi/2022.1.2/compiler/2022.0.2/linux/compiler/lib/intel64_lin:/opt/cray/libfabric/1.11.0.4.125/lib64
2026-10-05 21:33:57,918 h5bench - DEBUG - DYLD_LIBRARY_PATH: 
2026-10-05 21:33:57,918 h5bench - DEBUG - LD_PRELOAD: 
2026-10-05 21:33:57,918 h5bench - INFO - JOBID: 25693489.pbs101
2026-10-05 21:33:57,918 h5bench - INFO - h5bench [write] - Starting
2026-10-05 21:33:57,918 h5bench - INFO - h5bench [write] - DIR: payload/native/contig_interleaved/cd6f529d-25693489.pbs101/
2026-10-05 21:33:57,919 h5bench - INFO - Parallel setup: mpirun -np 128 --map-by ppr:128:node --bind-to core --mca btl ^openib --mca pml ucx --mca orte_base_help_aggregate 0 --mca opal_common_ucx_opal_mem_hooks 1 -x UCX_LOG_LEVEL=ERROR
2026-10-05 21:33:57,920 h5bench - INFO - mpirun -np 128 --map-by ppr:128:node --bind-to core --mca btl ^openib --mca pml ucx --mca orte_base_help_aggregate 0 --mca opal_common_ucx_opal_mem_hooks 1 -x UCX_LOG_LEVEL=ERROR /home/users/ntu/haiyen00/scratch/fyp/native/h5bench/h5bench/build/install/bin//h5bench_write payload/native/contig_interleaved/cd6f529d-25693489.pbs101/h5bench.cfg payload/native/contig_interleaved/h5bench_intra_native_contig_interleaved.h5
2026-10-05 21:35:56,851 h5bench - INFO - SUCCESS (all output files are located at payload/native/contig_interleaved/cd6f529d-25693489.pbs101)
2026-10-05 21:35:56,851 h5bench - INFO - Runtime: 118.9323261 seconds (elapsed time, includes allocation wait time)
2026-10-05 21:35:56,851 h5bench - INFO - h5bench [write] - Complete
2026-10-05 21:35:56,852 h5bench - INFO - Finishing h5bench Suite

real	1m59.009s
user	7m43.905s
sys	180m13.970s
+ H5BENCH_EXIT=0
+ set +x
--- Repetition 5/10 ---
+ /home/users/ntu/haiyen00/scratch/fyp/native/h5bench/h5bench/build/install/bin/h5bench -a -d native/contig_interleaved/config_rep5.json
2026-10-05 21:36:00,941 h5bench - INFO - Starting h5bench Suite
2026-10-05 21:36:00,942 h5bench - WARNING - Base directory already exists: payload/native/contig_interleaved
2026-10-05 21:36:00,949 h5bench - INFO - Lustre support detected
2026-10-05 21:36:00,950 h5bench - DEBUG - Lustre stripping configuration: lfs setstripe -S 1M -c 4 payload/native/contig_interleaved
2026-10-05 21:36:00,956 h5bench - DEBUG - LD_LIBRARY_PATH: /app/libs/hdf5/1.12.1-parallel-icc22-ompi4/lib:/app/apps/openmpi/4.1.2-hpe/lib:/app/apps/oneapi/2022.1.2/mkl/2022.0.2/lib/intel64:/app/apps/oneapi/2022.1.2/compiler/2022.0.2/linux/lib:/app/apps/oneapi/2022.1.2/compiler/2022.0.2/linux/lib/x64:/app/apps/oneapi/2022.1.2/compiler/2022.0.2/linux/lib/oclfpga/host/linux64/lib:/app/apps/oneapi/2022.1.2/compiler/2022.0.2/linux/compiler/lib/intel64_lin:/opt/cray/libfabric/1.11.0.4.125/lib64
2026-10-05 21:36:00,956 h5bench - DEBUG - DYLD_LIBRARY_PATH: 
2026-10-05 21:36:00,956 h5bench - DEBUG - LD_PRELOAD: 
2026-10-05 21:36:00,956 h5bench - INFO - JOBID: 25693489.pbs101
2026-10-05 21:36:00,956 h5bench - INFO - h5bench [write] - Starting
2026-10-05 21:36:00,957 h5bench - INFO - h5bench [write] - DIR: payload/native/contig_interleaved/4211bb29-25693489.pbs101/
2026-10-05 21:36:00,957 h5bench - INFO - Parallel setup: mpirun -np 128 --map-by ppr:128:node --bind-to core --mca btl ^openib --mca pml ucx --mca orte_base_help_aggregate 0 --mca opal_common_ucx_opal_mem_hooks 1 -x UCX_LOG_LEVEL=ERROR
2026-10-05 21:36:00,958 h5bench - INFO - mpirun -np 128 --map-by ppr:128:node --bind-to core --mca btl ^openib --mca pml ucx --mca orte_base_help_aggregate 0 --mca opal_common_ucx_opal_mem_hooks 1 -x UCX_LOG_LEVEL=ERROR /home/users/ntu/haiyen00/scratch/fyp/native/h5bench/h5bench/build/install/bin//h5bench_write payload/native/contig_interleaved/4211bb29-25693489.pbs101/h5bench.cfg payload/native/contig_interleaved/h5bench_intra_native_contig_interleaved.h5
2026-10-05 21:38:03,302 h5bench - INFO - SUCCESS (all output files are located at payload/native/contig_interleaved/4211bb29-25693489.pbs101)
2026-10-05 21:38:03,302 h5bench - INFO - Runtime: 122.3450420 seconds (elapsed time, includes allocation wait time)
2026-10-05 21:38:03,302 h5bench - INFO - h5bench [write] - Complete
2026-10-05 21:38:03,302 h5bench - INFO - Finishing h5bench Suite

real	2m2.427s
user	15m54.755s
sys	188m44.175s
+ H5BENCH_EXIT=0
+ set +x
--- Repetition 6/10 ---
+ /home/users/ntu/haiyen00/scratch/fyp/native/h5bench/h5bench/build/install/bin/h5bench -a -d native/contig_interleaved/config_rep6.json
2026-10-05 21:38:07,530 h5bench - INFO - Starting h5bench Suite
2026-10-05 21:38:07,531 h5bench - WARNING - Base directory already exists: payload/native/contig_interleaved
2026-10-05 21:38:07,538 h5bench - INFO - Lustre support detected
2026-10-05 21:38:07,538 h5bench - DEBUG - Lustre stripping configuration: lfs setstripe -S 1M -c 4 payload/native/contig_interleaved
2026-10-05 21:38:07,544 h5bench - DEBUG - LD_LIBRARY_PATH: /app/libs/hdf5/1.12.1-parallel-icc22-ompi4/lib:/app/apps/openmpi/4.1.2-hpe/lib:/app/apps/oneapi/2022.1.2/mkl/2022.0.2/lib/intel64:/app/apps/oneapi/2022.1.2/compiler/2022.0.2/linux/lib:/app/apps/oneapi/2022.1.2/compiler/2022.0.2/linux/lib/x64:/app/apps/oneapi/2022.1.2/compiler/2022.0.2/linux/lib/oclfpga/host/linux64/lib:/app/apps/oneapi/2022.1.2/compiler/2022.0.2/linux/compiler/lib/intel64_lin:/opt/cray/libfabric/1.11.0.4.125/lib64
2026-10-05 21:38:07,545 h5bench - DEBUG - DYLD_LIBRARY_PATH: 
2026-10-05 21:38:07,545 h5bench - DEBUG - LD_PRELOAD: 
2026-10-05 21:38:07,545 h5bench - INFO - JOBID: 25693489.pbs101
2026-10-05 21:38:07,545 h5bench - INFO - h5bench [write] - Starting
2026-10-05 21:38:07,545 h5bench - INFO - h5bench [write] - DIR: payload/native/contig_interleaved/aafa4157-25693489.pbs101/
2026-10-05 21:38:07,546 h5bench - INFO - Parallel setup: mpirun -np 128 --map-by ppr:128:node --bind-to core --mca btl ^openib --mca pml ucx --mca orte_base_help_aggregate 0 --mca opal_common_ucx_opal_mem_hooks 1 -x UCX_LOG_LEVEL=ERROR
2026-10-05 21:38:07,548 h5bench - INFO - mpirun -np 128 --map-by ppr:128:node --bind-to core --mca btl ^openib --mca pml ucx --mca orte_base_help_aggregate 0 --mca opal_common_ucx_opal_mem_hooks 1 -x UCX_LOG_LEVEL=ERROR /home/users/ntu/haiyen00/scratch/fyp/native/h5bench/h5bench/build/install/bin//h5bench_write payload/native/contig_interleaved/aafa4157-25693489.pbs101/h5bench.cfg payload/native/contig_interleaved/h5bench_intra_native_contig_interleaved.h5
2026-10-05 21:40:08,998 h5bench - INFO - SUCCESS (all output files are located at payload/native/contig_interleaved/aafa4157-25693489.pbs101)
2026-10-05 21:40:08,998 h5bench - INFO - Runtime: 121.4521203 seconds (elapsed time, includes allocation wait time)
2026-10-05 21:40:08,998 h5bench - INFO - h5bench [write] - Complete
2026-10-05 21:40:08,998 h5bench - INFO - Finishing h5bench Suite

real	2m1.528s
user	11m7.360s
sys	183m36.631s
+ H5BENCH_EXIT=0
+ set +x
--- Repetition 7/10 ---
+ /home/users/ntu/haiyen00/scratch/fyp/native/h5bench/h5bench/build/install/bin/h5bench -a -d native/contig_interleaved/config_rep7.json
2026-10-05 21:40:12,792 h5bench - INFO - Starting h5bench Suite
2026-10-05 21:40:12,793 h5bench - WARNING - Base directory already exists: payload/native/contig_interleaved
2026-10-05 21:40:12,801 h5bench - INFO - Lustre support detected
2026-10-05 21:40:12,801 h5bench - DEBUG - Lustre stripping configuration: lfs setstripe -S 1M -c 4 payload/native/contig_interleaved
2026-10-05 21:40:12,808 h5bench - DEBUG - LD_LIBRARY_PATH: /app/libs/hdf5/1.12.1-parallel-icc22-ompi4/lib:/app/apps/openmpi/4.1.2-hpe/lib:/app/apps/oneapi/2022.1.2/mkl/2022.0.2/lib/intel64:/app/apps/oneapi/2022.1.2/compiler/2022.0.2/linux/lib:/app/apps/oneapi/2022.1.2/compiler/2022.0.2/linux/lib/x64:/app/apps/oneapi/2022.1.2/compiler/2022.0.2/linux/lib/oclfpga/host/linux64/lib:/app/apps/oneapi/2022.1.2/compiler/2022.0.2/linux/compiler/lib/intel64_lin:/opt/cray/libfabric/1.11.0.4.125/lib64
2026-10-05 21:40:12,808 h5bench - DEBUG - DYLD_LIBRARY_PATH: 
2026-10-05 21:40:12,809 h5bench - DEBUG - LD_PRELOAD: 
2026-10-05 21:40:12,809 h5bench - INFO - JOBID: 25693489.pbs101
2026-10-05 21:40:12,809 h5bench - INFO - h5bench [write] - Starting
2026-10-05 21:40:12,809 h5bench - INFO - h5bench [write] - DIR: payload/native/contig_interleaved/93b278a1-25693489.pbs101/
2026-10-05 21:40:12,810 h5bench - INFO - Parallel setup: mpirun -np 128 --map-by ppr:128:node --bind-to core --mca btl ^openib --mca pml ucx --mca orte_base_help_aggregate 0 --mca opal_common_ucx_opal_mem_hooks 1 -x UCX_LOG_LEVEL=ERROR
2026-10-05 21:40:12,811 h5bench - INFO - mpirun -np 128 --map-by ppr:128:node --bind-to core --mca btl ^openib --mca pml ucx --mca orte_base_help_aggregate 0 --mca opal_common_ucx_opal_mem_hooks 1 -x UCX_LOG_LEVEL=ERROR /home/users/ntu/haiyen00/scratch/fyp/native/h5bench/h5bench/build/install/bin//h5bench_write payload/native/contig_interleaved/93b278a1-25693489.pbs101/h5bench.cfg payload/native/contig_interleaved/h5bench_intra_native_contig_interleaved.h5
2026-10-05 21:42:08,109 h5bench - INFO - SUCCESS (all output files are located at payload/native/contig_interleaved/93b278a1-25693489.pbs101)
2026-10-05 21:42:08,110 h5bench - INFO - Runtime: 115.3001053 seconds (elapsed time, includes allocation wait time)
2026-10-05 21:42:08,110 h5bench - INFO - h5bench [write] - Complete
2026-10-05 21:42:08,110 h5bench - INFO - Finishing h5bench Suite

real	1m55.384s
user	8m20.020s
sys	192m33.252s
+ H5BENCH_EXIT=0
+ set +x
--- Repetition 8/10 ---
+ /home/users/ntu/haiyen00/scratch/fyp/native/h5bench/h5bench/build/install/bin/h5bench -a -d native/contig_interleaved/config_rep8.json
2026-10-05 21:42:12,166 h5bench - INFO - Starting h5bench Suite
2026-10-05 21:42:12,167 h5bench - WARNING - Base directory already exists: payload/native/contig_interleaved
2026-10-05 21:42:12,175 h5bench - INFO - Lustre support detected
2026-10-05 21:42:12,175 h5bench - DEBUG - Lustre stripping configuration: lfs setstripe -S 1M -c 4 payload/native/contig_interleaved
2026-10-05 21:42:12,181 h5bench - DEBUG - LD_LIBRARY_PATH: /app/libs/hdf5/1.12.1-parallel-icc22-ompi4/lib:/app/apps/openmpi/4.1.2-hpe/lib:/app/apps/oneapi/2022.1.2/mkl/2022.0.2/lib/intel64:/app/apps/oneapi/2022.1.2/compiler/2022.0.2/linux/lib:/app/apps/oneapi/2022.1.2/compiler/2022.0.2/linux/lib/x64:/app/apps/oneapi/2022.1.2/compiler/2022.0.2/linux/lib/oclfpga/host/linux64/lib:/app/apps/oneapi/2022.1.2/compiler/2022.0.2/linux/compiler/lib/intel64_lin:/opt/cray/libfabric/1.11.0.4.125/lib64
2026-10-05 21:42:12,181 h5bench - DEBUG - DYLD_LIBRARY_PATH: 
2026-10-05 21:42:12,182 h5bench - DEBUG - LD_PRELOAD: 
2026-10-05 21:42:12,182 h5bench - INFO - JOBID: 25693489.pbs101
2026-10-05 21:42:12,182 h5bench - INFO - h5bench [write] - Starting
2026-10-05 21:42:12,182 h5bench - INFO - h5bench [write] - DIR: payload/native/contig_interleaved/9062e940-25693489.pbs101/
2026-10-05 21:42:12,182 h5bench - INFO - Parallel setup: mpirun -np 128 --map-by ppr:128:node --bind-to core --mca btl ^openib --mca pml ucx --mca orte_base_help_aggregate 0 --mca opal_common_ucx_opal_mem_hooks 1 -x UCX_LOG_LEVEL=ERROR
2026-10-05 21:42:12,184 h5bench - INFO - mpirun -np 128 --map-by ppr:128:node --bind-to core --mca btl ^openib --mca pml ucx --mca orte_base_help_aggregate 0 --mca opal_common_ucx_opal_mem_hooks 1 -x UCX_LOG_LEVEL=ERROR /home/users/ntu/haiyen00/scratch/fyp/native/h5bench/h5bench/build/install/bin//h5bench_write payload/native/contig_interleaved/9062e940-25693489.pbs101/h5bench.cfg payload/native/contig_interleaved/h5bench_intra_native_contig_interleaved.h5
2026-10-05 21:44:14,032 h5bench - INFO - SUCCESS (all output files are located at payload/native/contig_interleaved/9062e940-25693489.pbs101)
2026-10-05 21:44:14,033 h5bench - INFO - Runtime: 121.8500550 seconds (elapsed time, includes allocation wait time)
2026-10-05 21:44:14,033 h5bench - INFO - h5bench [write] - Complete
2026-10-05 21:44:14,033 h5bench - INFO - Finishing h5bench Suite

real	2m1.929s
user	17m49.945s
sys	188m11.708s
+ H5BENCH_EXIT=0
+ set +x
--- Repetition 9/10 ---
+ /home/users/ntu/haiyen00/scratch/fyp/native/h5bench/h5bench/build/install/bin/h5bench -a -d native/contig_interleaved/config_rep9.json
2026-10-05 21:44:18,892 h5bench - INFO - Starting h5bench Suite
2026-10-05 21:44:18,892 h5bench - WARNING - Base directory already exists: payload/native/contig_interleaved
2026-10-05 21:44:18,900 h5bench - INFO - Lustre support detected
2026-10-05 21:44:18,900 h5bench - DEBUG - Lustre stripping configuration: lfs setstripe -S 1M -c 4 payload/native/contig_interleaved
2026-10-05 21:44:18,906 h5bench - DEBUG - LD_LIBRARY_PATH: /app/libs/hdf5/1.12.1-parallel-icc22-ompi4/lib:/app/apps/openmpi/4.1.2-hpe/lib:/app/apps/oneapi/2022.1.2/mkl/2022.0.2/lib/intel64:/app/apps/oneapi/2022.1.2/compiler/2022.0.2/linux/lib:/app/apps/oneapi/2022.1.2/compiler/2022.0.2/linux/lib/x64:/app/apps/oneapi/2022.1.2/compiler/2022.0.2/linux/lib/oclfpga/host/linux64/lib:/app/apps/oneapi/2022.1.2/compiler/2022.0.2/linux/compiler/lib/intel64_lin:/opt/cray/libfabric/1.11.0.4.125/lib64
2026-10-05 21:44:18,906 h5bench - DEBUG - DYLD_LIBRARY_PATH: 
2026-10-05 21:44:18,907 h5bench - DEBUG - LD_PRELOAD: 
2026-10-05 21:44:18,907 h5bench - INFO - JOBID: 25693489.pbs101
2026-10-05 21:44:18,907 h5bench - INFO - h5bench [write] - Starting
2026-10-05 21:44:18,907 h5bench - INFO - h5bench [write] - DIR: payload/native/contig_interleaved/28b320bf-25693489.pbs101/
2026-10-05 21:44:18,907 h5bench - INFO - Parallel setup: mpirun -np 128 --map-by ppr:128:node --bind-to core --mca btl ^openib --mca pml ucx --mca orte_base_help_aggregate 0 --mca opal_common_ucx_opal_mem_hooks 1 -x UCX_LOG_LEVEL=ERROR
2026-10-05 21:44:18,909 h5bench - INFO - mpirun -np 128 --map-by ppr:128:node --bind-to core --mca btl ^openib --mca pml ucx --mca orte_base_help_aggregate 0 --mca opal_common_ucx_opal_mem_hooks 1 -x UCX_LOG_LEVEL=ERROR /home/users/ntu/haiyen00/scratch/fyp/native/h5bench/h5bench/build/install/bin//h5bench_write payload/native/contig_interleaved/28b320bf-25693489.pbs101/h5bench.cfg payload/native/contig_interleaved/h5bench_intra_native_contig_interleaved.h5
2026-10-05 21:46:17,011 h5bench - INFO - SUCCESS (all output files are located at payload/native/contig_interleaved/28b320bf-25693489.pbs101)
2026-10-05 21:46:17,011 h5bench - INFO - Runtime: 118.1036413 seconds (elapsed time, includes allocation wait time)
2026-10-05 21:46:17,011 h5bench - INFO - h5bench [write] - Complete
2026-10-05 21:46:17,012 h5bench - INFO - Finishing h5bench Suite

real	1m58.181s
user	6m42.012s
sys	210m56.683s
+ H5BENCH_EXIT=0
+ set +x
--- Repetition 10/10 ---
+ /home/users/ntu/haiyen00/scratch/fyp/native/h5bench/h5bench/build/install/bin/h5bench -a -d native/contig_interleaved/config_rep10.json
2026-10-05 21:46:20,786 h5bench - INFO - Starting h5bench Suite
2026-10-05 21:46:20,787 h5bench - WARNING - Base directory already exists: payload/native/contig_interleaved
2026-10-05 21:46:20,796 h5bench - INFO - Lustre support detected
2026-10-05 21:46:20,796 h5bench - DEBUG - Lustre stripping configuration: lfs setstripe -S 1M -c 4 payload/native/contig_interleaved
2026-10-05 21:46:20,802 h5bench - DEBUG - LD_LIBRARY_PATH: /app/libs/hdf5/1.12.1-parallel-icc22-ompi4/lib:/app/apps/openmpi/4.1.2-hpe/lib:/app/apps/oneapi/2022.1.2/mkl/2022.0.2/lib/intel64:/app/apps/oneapi/2022.1.2/compiler/2022.0.2/linux/lib:/app/apps/oneapi/2022.1.2/compiler/2022.0.2/linux/lib/x64:/app/apps/oneapi/2022.1.2/compiler/2022.0.2/linux/lib/oclfpga/host/linux64/lib:/app/apps/oneapi/2022.1.2/compiler/2022.0.2/linux/compiler/lib/intel64_lin:/opt/cray/libfabric/1.11.0.4.125/lib64
2026-10-05 21:46:20,802 h5bench - DEBUG - DYLD_LIBRARY_PATH: 
2026-10-05 21:46:20,802 h5bench - DEBUG - LD_PRELOAD: 
2026-10-05 21:46:20,803 h5bench - INFO - JOBID: 25693489.pbs101
2026-10-05 21:46:20,803 h5bench - INFO - h5bench [write] - Starting
2026-10-05 21:46:20,803 h5bench - INFO - h5bench [write] - DIR: payload/native/contig_interleaved/3a0f4f8f-25693489.pbs101/
2026-10-05 21:46:20,803 h5bench - INFO - Parallel setup: mpirun -np 128 --map-by ppr:128:node --bind-to core --mca btl ^openib --mca pml ucx --mca orte_base_help_aggregate 0 --mca opal_common_ucx_opal_mem_hooks 1 -x UCX_LOG_LEVEL=ERROR
2026-10-05 21:46:20,805 h5bench - INFO - mpirun -np 128 --map-by ppr:128:node --bind-to core --mca btl ^openib --mca pml ucx --mca orte_base_help_aggregate 0 --mca opal_common_ucx_opal_mem_hooks 1 -x UCX_LOG_LEVEL=ERROR /home/users/ntu/haiyen00/scratch/fyp/native/h5bench/h5bench/build/install/bin//h5bench_write payload/native/contig_interleaved/3a0f4f8f-25693489.pbs101/h5bench.cfg payload/native/contig_interleaved/h5bench_intra_native_contig_interleaved.h5
2026-10-05 21:48:17,524 h5bench - INFO - SUCCESS (all output files are located at payload/native/contig_interleaved/3a0f4f8f-25693489.pbs101)
2026-10-05 21:48:17,543 h5bench - INFO - Runtime: 116.7391269 seconds (elapsed time, includes allocation wait time)
2026-10-05 21:48:17,543 h5bench - INFO - h5bench [write] - Complete
2026-10-05 21:48:17,543 h5bench - INFO - Finishing h5bench Suite

real	1m56.823s
user	6m22.853s
sys	196m25.540s
+ H5BENCH_EXIT=0
+ set +x
=== Lustre striping actually applied to payload/native/contig_interleaved ===
payload/native/contig_interleaved
stripe_count:  4 stripe_size:   1048576 pattern:       raid0 stripe_offset: -1 pool:          disk

payload/native/contig_interleaved/aafa4157-25693489.pbs101
stripe_count:  4 stripe_size:   1048576 pattern:       raid0 stripe_offset: -1 pool:          disk

payload/native/contig_interleaved/b8d3bc56-25693489.pbs101
stripe_count:  4 stripe_size:   1048576 pattern:       raid0 stripe_offset: -1 pool:          disk

payload/native/contig_interleaved/cd6f529d-25693489.pbs101
stripe_count:  4 stripe_size:   1048576 pattern:       raid0 stripe_offset: -1 pool:          disk

payload/native/contig_interleaved/218e921f-25693489.pbs101
stripe_count:  4 stripe_size:   1048576 pattern:       raid0 stripe_offset: -1 pool:          disk

payload/native/contig_interleaved/93b278a1-25693489.pbs101
stripe_count:  4 stripe_size:   1048576 pattern:       raid0 stripe_offset: -1 pool:          disk

payload/native/contig_interleaved/4e6a22ba-25693489.pbs101
stripe_count:  4 stripe_size:   1048576 pattern:       raid0 stripe_offset: -1 pool:          disk

payload/native/contig_interleaved/9062e940-25693489.pbs101
stripe_count:  4 stripe_size:   1048576 pattern:       raid0 stripe_offset: -1 pool:          disk

payload/native/contig_interleaved/h5bench_intra_native_contig_interleaved.h5
lmm_stripe_count:  4
lmm_stripe_size:   1048576
lmm_pattern:       raid0
lmm_layout_gen:    0
lmm_stripe_offset: 38
lmm_pool:          disk
	obdidx		 objid		 objid		 group
	    38	    1330717514	   0x4f51234a	   0xbc0000400
	    17	    1331214913	   0x4f58ba41	   0x700000400
	    19	    1330685420	   0x4f50a5ec	   0x740000400
	    21	    1330948728	   0x4f54aa78	   0x800000400

payload/native/contig_interleaved/4211bb29-25693489.pbs101
stripe_count:  4 stripe_size:   1048576 pattern:       raid0 stripe_offset: -1 pool:          disk

payload/native/contig_interleaved/28b320bf-25693489.pbs101
stripe_count:  4 stripe_size:   1048576 pattern:       raid0 stripe_offset: -1 pool:          disk

payload/native/contig_interleaved/3a0f4f8f-25693489.pbs101
stripe_count:  4 stripe_size:   1048576 pattern:       raid0 stripe_offset: -1 pool:          disk

Completed Successfully! 
