Currently Loaded Modulefiles:
  1) libfabric/1.11.0.4.125   3) apptainer/1.5.0
  2) openmpi/4.1.2-hpe
mpirun (Open MPI) 4.1.2

Report bugs to http://www.open-mpi.org/community/help/
apptainer version 1.5.0
=== Verifying Lustre striping layout for payload/container/interleaved_contig ===
payload/container/interleaved_contig
stripe_count:  4 stripe_size:   1048576 pattern:       raid0 stripe_offset: -1 pool:          disk

=================================================================
 Container Intra-Node Pattern Sweep: MEM=INTERLEAVED FILE=CONTIG NP=128 REPS=10 
=================================================================
--- Repetition 1/10 ---
+ /home/users/ntu/haiyen00/scratch/fyp/native/h5bench/h5bench/build/install/bin/h5bench -a -d -p /opt/h5bench/install/bin container/interleaved_contig/config_rep1.json

real	0m27.274s
user	8m30.677s
sys	33m55.086s
+ H5BENCH_EXIT=0
+ set +x
2026-10-05 21:33:26,039 h5bench - INFO - Starting h5bench Suite
2026-10-05 21:33:26,041 h5bench - WARNING - Base directory already exists: payload/container/interleaved_contig
2026-10-05 21:33:26,045 h5bench - INFO - Lustre support detected
2026-10-05 21:33:26,045 h5bench - DEBUG - Lustre stripping configuration: lfs setstripe -S 1M -c 4 payload/container/interleaved_contig
2026-10-05 21:33:26,050 h5bench - DEBUG - LD_LIBRARY_PATH: /app/apps/singularity/sup/squashfuse/0.6.1/lib:/app/apps/openmpi/4.1.2-hpe/lib:/opt/cray/libfabric/1.11.0.4.125/lib64
2026-10-05 21:33:26,051 h5bench - DEBUG - DYLD_LIBRARY_PATH: 
2026-10-05 21:33:26,051 h5bench - DEBUG - LD_PRELOAD: 
2026-10-05 21:33:26,051 h5bench - INFO - JOBID: 25693494.pbs101
2026-10-05 21:33:26,051 h5bench - INFO - h5bench [write] - Starting
2026-10-05 21:33:26,051 h5bench - INFO - h5bench [write] - DIR: payload/container/interleaved_contig/34d015a9-25693494.pbs101/
2026-10-05 21:33:26,052 h5bench - INFO - Parallel setup: mpirun -np 128 --map-by ppr:128:node --bind-to core --mca btl vader,self --mca btl_vader_single_copy_mechanism none --mca orte_base_help_aggregate 0 --mca opal_common_ucx_opal_mem_hooks 1 -x UCX_LOG_LEVEL=ERROR apptainer exec --bind /scratch /home/users/ntu/haiyen00/scratch/fyp/container/h5bench/h5bench_benchmarks.sif
2026-10-05 21:33:26,054 h5bench - INFO - mpirun -np 128 --map-by ppr:128:node --bind-to core --mca btl vader,self --mca btl_vader_single_copy_mechanism none --mca orte_base_help_aggregate 0 --mca opal_common_ucx_opal_mem_hooks 1 -x UCX_LOG_LEVEL=ERROR apptainer exec --bind /scratch /home/users/ntu/haiyen00/scratch/fyp/container/h5bench/h5bench_benchmarks.sif /opt/h5bench/install/bin/h5bench_write payload/container/interleaved_contig/34d015a9-25693494.pbs101/h5bench.cfg payload/container/interleaved_contig/h5bench_intra_container_interleaved_contig.h5
2026-10-05 21:33:53,244 h5bench - INFO - SUCCESS (all output files are located at payload/container/interleaved_contig/34d015a9-25693494.pbs101)
2026-10-05 21:33:53,245 h5bench - INFO - Runtime: 27.1931942 seconds (elapsed time, includes allocation wait time)
2026-10-05 21:33:53,245 h5bench - INFO - h5bench [write] - Complete
2026-10-05 21:33:53,245 h5bench - INFO - Finishing h5bench Suite
--- Repetition 2/10 ---
+ /home/users/ntu/haiyen00/scratch/fyp/native/h5bench/h5bench/build/install/bin/h5bench -a -d -p /opt/h5bench/install/bin container/interleaved_contig/config_rep2.json

real	0m44.682s
user	17m49.651s
sys	16m38.435s
+ H5BENCH_EXIT=0
+ set +x
2026-10-05 21:33:57,551 h5bench - INFO - Starting h5bench Suite
2026-10-05 21:33:57,553 h5bench - WARNING - Base directory already exists: payload/container/interleaved_contig
2026-10-05 21:33:57,557 h5bench - INFO - Lustre support detected
2026-10-05 21:33:57,557 h5bench - DEBUG - Lustre stripping configuration: lfs setstripe -S 1M -c 4 payload/container/interleaved_contig
2026-10-05 21:33:57,561 h5bench - DEBUG - LD_LIBRARY_PATH: /app/apps/singularity/sup/squashfuse/0.6.1/lib:/app/apps/openmpi/4.1.2-hpe/lib:/opt/cray/libfabric/1.11.0.4.125/lib64
2026-10-05 21:33:57,561 h5bench - DEBUG - DYLD_LIBRARY_PATH: 
2026-10-05 21:33:57,562 h5bench - DEBUG - LD_PRELOAD: 
2026-10-05 21:33:57,562 h5bench - INFO - JOBID: 25693494.pbs101
2026-10-05 21:33:57,562 h5bench - INFO - h5bench [write] - Starting
2026-10-05 21:33:57,562 h5bench - INFO - h5bench [write] - DIR: payload/container/interleaved_contig/3beca7d7-25693494.pbs101/
2026-10-05 21:33:57,562 h5bench - INFO - Parallel setup: mpirun -np 128 --map-by ppr:128:node --bind-to core --mca btl vader,self --mca btl_vader_single_copy_mechanism none --mca orte_base_help_aggregate 0 --mca opal_common_ucx_opal_mem_hooks 1 -x UCX_LOG_LEVEL=ERROR apptainer exec --bind /scratch /home/users/ntu/haiyen00/scratch/fyp/container/h5bench/h5bench_benchmarks.sif
2026-10-05 21:33:57,564 h5bench - INFO - mpirun -np 128 --map-by ppr:128:node --bind-to core --mca btl vader,self --mca btl_vader_single_copy_mechanism none --mca orte_base_help_aggregate 0 --mca opal_common_ucx_opal_mem_hooks 1 -x UCX_LOG_LEVEL=ERROR apptainer exec --bind /scratch /home/users/ntu/haiyen00/scratch/fyp/container/h5bench/h5bench_benchmarks.sif /opt/h5bench/install/bin/h5bench_write payload/container/interleaved_contig/3beca7d7-25693494.pbs101/h5bench.cfg payload/container/interleaved_contig/h5bench_intra_container_interleaved_contig.h5
2026-10-05 21:34:42,174 h5bench - INFO - SUCCESS (all output files are located at payload/container/interleaved_contig/3beca7d7-25693494.pbs101)
2026-10-05 21:34:42,175 h5bench - INFO - Runtime: 44.6121559 seconds (elapsed time, includes allocation wait time)
2026-10-05 21:34:42,175 h5bench - INFO - h5bench [write] - Complete
2026-10-05 21:34:42,175 h5bench - INFO - Finishing h5bench Suite
--- Repetition 3/10 ---
+ /home/users/ntu/haiyen00/scratch/fyp/native/h5bench/h5bench/build/install/bin/h5bench -a -d -p /opt/h5bench/install/bin container/interleaved_contig/config_rep3.json

real	0m40.411s
user	5m44.477s
sys	24m41.090s
+ H5BENCH_EXIT=0
+ set +x
2026-10-05 21:34:46,212 h5bench - INFO - Starting h5bench Suite
2026-10-05 21:34:46,214 h5bench - WARNING - Base directory already exists: payload/container/interleaved_contig
2026-10-05 21:34:46,219 h5bench - INFO - Lustre support detected
2026-10-05 21:34:46,219 h5bench - DEBUG - Lustre stripping configuration: lfs setstripe -S 1M -c 4 payload/container/interleaved_contig
2026-10-05 21:34:46,223 h5bench - DEBUG - LD_LIBRARY_PATH: /app/apps/singularity/sup/squashfuse/0.6.1/lib:/app/apps/openmpi/4.1.2-hpe/lib:/opt/cray/libfabric/1.11.0.4.125/lib64
2026-10-05 21:34:46,224 h5bench - DEBUG - DYLD_LIBRARY_PATH: 
2026-10-05 21:34:46,224 h5bench - DEBUG - LD_PRELOAD: 
2026-10-05 21:34:46,224 h5bench - INFO - JOBID: 25693494.pbs101
2026-10-05 21:34:46,224 h5bench - INFO - h5bench [write] - Starting
2026-10-05 21:34:46,224 h5bench - INFO - h5bench [write] - DIR: payload/container/interleaved_contig/fed236a6-25693494.pbs101/
2026-10-05 21:34:46,225 h5bench - INFO - Parallel setup: mpirun -np 128 --map-by ppr:128:node --bind-to core --mca btl vader,self --mca btl_vader_single_copy_mechanism none --mca orte_base_help_aggregate 0 --mca opal_common_ucx_opal_mem_hooks 1 -x UCX_LOG_LEVEL=ERROR apptainer exec --bind /scratch /home/users/ntu/haiyen00/scratch/fyp/container/h5bench/h5bench_benchmarks.sif
2026-10-05 21:34:46,226 h5bench - INFO - mpirun -np 128 --map-by ppr:128:node --bind-to core --mca btl vader,self --mca btl_vader_single_copy_mechanism none --mca orte_base_help_aggregate 0 --mca opal_common_ucx_opal_mem_hooks 1 -x UCX_LOG_LEVEL=ERROR apptainer exec --bind /scratch /home/users/ntu/haiyen00/scratch/fyp/container/h5bench/h5bench_benchmarks.sif /opt/h5bench/install/bin/h5bench_write payload/container/interleaved_contig/fed236a6-25693494.pbs101/h5bench.cfg payload/container/interleaved_contig/h5bench_intra_container_interleaved_contig.h5
2026-10-05 21:35:26,564 h5bench - INFO - SUCCESS (all output files are located at payload/container/interleaved_contig/fed236a6-25693494.pbs101)
2026-10-05 21:35:26,565 h5bench - INFO - Runtime: 40.3398471 seconds (elapsed time, includes allocation wait time)
2026-10-05 21:35:26,565 h5bench - INFO - h5bench [write] - Complete
2026-10-05 21:35:26,565 h5bench - INFO - Finishing h5bench Suite
--- Repetition 4/10 ---
+ /home/users/ntu/haiyen00/scratch/fyp/native/h5bench/h5bench/build/install/bin/h5bench -a -d -p /opt/h5bench/install/bin container/interleaved_contig/config_rep4.json

real	0m41.600s
user	8m43.877s
sys	18m21.181s
+ H5BENCH_EXIT=0
+ set +x
2026-10-05 21:35:30,864 h5bench - INFO - Starting h5bench Suite
2026-10-05 21:35:30,865 h5bench - WARNING - Base directory already exists: payload/container/interleaved_contig
2026-10-05 21:35:30,870 h5bench - INFO - Lustre support detected
2026-10-05 21:35:30,871 h5bench - DEBUG - Lustre stripping configuration: lfs setstripe -S 1M -c 4 payload/container/interleaved_contig
2026-10-05 21:35:30,875 h5bench - DEBUG - LD_LIBRARY_PATH: /app/apps/singularity/sup/squashfuse/0.6.1/lib:/app/apps/openmpi/4.1.2-hpe/lib:/opt/cray/libfabric/1.11.0.4.125/lib64
2026-10-05 21:35:30,875 h5bench - DEBUG - DYLD_LIBRARY_PATH: 
2026-10-05 21:35:30,875 h5bench - DEBUG - LD_PRELOAD: 
2026-10-05 21:35:30,875 h5bench - INFO - JOBID: 25693494.pbs101
2026-10-05 21:35:30,876 h5bench - INFO - h5bench [write] - Starting
2026-10-05 21:35:30,876 h5bench - INFO - h5bench [write] - DIR: payload/container/interleaved_contig/9228db7b-25693494.pbs101/
2026-10-05 21:35:30,876 h5bench - INFO - Parallel setup: mpirun -np 128 --map-by ppr:128:node --bind-to core --mca btl vader,self --mca btl_vader_single_copy_mechanism none --mca orte_base_help_aggregate 0 --mca opal_common_ucx_opal_mem_hooks 1 -x UCX_LOG_LEVEL=ERROR apptainer exec --bind /scratch /home/users/ntu/haiyen00/scratch/fyp/container/h5bench/h5bench_benchmarks.sif
2026-10-05 21:35:30,878 h5bench - INFO - mpirun -np 128 --map-by ppr:128:node --bind-to core --mca btl vader,self --mca btl_vader_single_copy_mechanism none --mca orte_base_help_aggregate 0 --mca opal_common_ucx_opal_mem_hooks 1 -x UCX_LOG_LEVEL=ERROR apptainer exec --bind /scratch /home/users/ntu/haiyen00/scratch/fyp/container/h5bench/h5bench_benchmarks.sif /opt/h5bench/install/bin/h5bench_write payload/container/interleaved_contig/9228db7b-25693494.pbs101/h5bench.cfg payload/container/interleaved_contig/h5bench_intra_container_interleaved_contig.h5
2026-10-05 21:36:12,406 h5bench - INFO - SUCCESS (all output files are located at payload/container/interleaved_contig/9228db7b-25693494.pbs101)
2026-10-05 21:36:12,406 h5bench - INFO - Runtime: 41.5301938 seconds (elapsed time, includes allocation wait time)
2026-10-05 21:36:12,407 h5bench - INFO - h5bench [write] - Complete
2026-10-05 21:36:12,407 h5bench - INFO - Finishing h5bench Suite
--- Repetition 5/10 ---
+ /home/users/ntu/haiyen00/scratch/fyp/native/h5bench/h5bench/build/install/bin/h5bench -a -d -p /opt/h5bench/install/bin container/interleaved_contig/config_rep5.json

real	0m34.630s
user	9m9.272s
sys	20m49.183s
+ H5BENCH_EXIT=0
+ set +x
2026-10-05 21:36:16,598 h5bench - INFO - Starting h5bench Suite
2026-10-05 21:36:16,599 h5bench - WARNING - Base directory already exists: payload/container/interleaved_contig
2026-10-05 21:36:16,604 h5bench - INFO - Lustre support detected
2026-10-05 21:36:16,604 h5bench - DEBUG - Lustre stripping configuration: lfs setstripe -S 1M -c 4 payload/container/interleaved_contig
2026-10-05 21:36:16,608 h5bench - DEBUG - LD_LIBRARY_PATH: /app/apps/singularity/sup/squashfuse/0.6.1/lib:/app/apps/openmpi/4.1.2-hpe/lib:/opt/cray/libfabric/1.11.0.4.125/lib64
2026-10-05 21:36:16,608 h5bench - DEBUG - DYLD_LIBRARY_PATH: 
2026-10-05 21:36:16,608 h5bench - DEBUG - LD_PRELOAD: 
2026-10-05 21:36:16,608 h5bench - INFO - JOBID: 25693494.pbs101
2026-10-05 21:36:16,609 h5bench - INFO - h5bench [write] - Starting
2026-10-05 21:36:16,609 h5bench - INFO - h5bench [write] - DIR: payload/container/interleaved_contig/dd552fbb-25693494.pbs101/
2026-10-05 21:36:16,609 h5bench - INFO - Parallel setup: mpirun -np 128 --map-by ppr:128:node --bind-to core --mca btl vader,self --mca btl_vader_single_copy_mechanism none --mca orte_base_help_aggregate 0 --mca opal_common_ucx_opal_mem_hooks 1 -x UCX_LOG_LEVEL=ERROR apptainer exec --bind /scratch /home/users/ntu/haiyen00/scratch/fyp/container/h5bench/h5bench_benchmarks.sif
2026-10-05 21:36:16,611 h5bench - INFO - mpirun -np 128 --map-by ppr:128:node --bind-to core --mca btl vader,self --mca btl_vader_single_copy_mechanism none --mca orte_base_help_aggregate 0 --mca opal_common_ucx_opal_mem_hooks 1 -x UCX_LOG_LEVEL=ERROR apptainer exec --bind /scratch /home/users/ntu/haiyen00/scratch/fyp/container/h5bench/h5bench_benchmarks.sif /opt/h5bench/install/bin/h5bench_write payload/container/interleaved_contig/dd552fbb-25693494.pbs101/h5bench.cfg payload/container/interleaved_contig/h5bench_intra_container_interleaved_contig.h5
2026-10-05 21:36:51,169 h5bench - INFO - SUCCESS (all output files are located at payload/container/interleaved_contig/dd552fbb-25693494.pbs101)
2026-10-05 21:36:51,170 h5bench - INFO - Runtime: 34.5607550 seconds (elapsed time, includes allocation wait time)
2026-10-05 21:36:51,170 h5bench - INFO - h5bench [write] - Complete
2026-10-05 21:36:51,170 h5bench - INFO - Finishing h5bench Suite
--- Repetition 6/10 ---
+ /home/users/ntu/haiyen00/scratch/fyp/native/h5bench/h5bench/build/install/bin/h5bench -a -d -p /opt/h5bench/install/bin container/interleaved_contig/config_rep6.json

real	0m27.176s
user	8m17.696s
sys	35m58.015s
+ H5BENCH_EXIT=0
+ set +x
2026-10-05 21:36:55,240 h5bench - INFO - Starting h5bench Suite
2026-10-05 21:36:55,242 h5bench - WARNING - Base directory already exists: payload/container/interleaved_contig
2026-10-05 21:36:55,248 h5bench - INFO - Lustre support detected
2026-10-05 21:36:55,248 h5bench - DEBUG - Lustre stripping configuration: lfs setstripe -S 1M -c 4 payload/container/interleaved_contig
2026-10-05 21:36:55,252 h5bench - DEBUG - LD_LIBRARY_PATH: /app/apps/singularity/sup/squashfuse/0.6.1/lib:/app/apps/openmpi/4.1.2-hpe/lib:/opt/cray/libfabric/1.11.0.4.125/lib64
2026-10-05 21:36:55,253 h5bench - DEBUG - DYLD_LIBRARY_PATH: 
2026-10-05 21:36:55,253 h5bench - DEBUG - LD_PRELOAD: 
2026-10-05 21:36:55,253 h5bench - INFO - JOBID: 25693494.pbs101
2026-10-05 21:36:55,253 h5bench - INFO - h5bench [write] - Starting
2026-10-05 21:36:55,253 h5bench - INFO - h5bench [write] - DIR: payload/container/interleaved_contig/ff635342-25693494.pbs101/
2026-10-05 21:36:55,254 h5bench - INFO - Parallel setup: mpirun -np 128 --map-by ppr:128:node --bind-to core --mca btl vader,self --mca btl_vader_single_copy_mechanism none --mca orte_base_help_aggregate 0 --mca opal_common_ucx_opal_mem_hooks 1 -x UCX_LOG_LEVEL=ERROR apptainer exec --bind /scratch /home/users/ntu/haiyen00/scratch/fyp/container/h5bench/h5bench_benchmarks.sif
2026-10-05 21:36:55,255 h5bench - INFO - mpirun -np 128 --map-by ppr:128:node --bind-to core --mca btl vader,self --mca btl_vader_single_copy_mechanism none --mca orte_base_help_aggregate 0 --mca opal_common_ucx_opal_mem_hooks 1 -x UCX_LOG_LEVEL=ERROR apptainer exec --bind /scratch /home/users/ntu/haiyen00/scratch/fyp/container/h5bench/h5bench_benchmarks.sif /opt/h5bench/install/bin/h5bench_write payload/container/interleaved_contig/ff635342-25693494.pbs101/h5bench.cfg payload/container/interleaved_contig/h5bench_intra_container_interleaved_contig.h5
2026-10-05 21:37:22,359 h5bench - INFO - SUCCESS (all output files are located at payload/container/interleaved_contig/ff635342-25693494.pbs101)
2026-10-05 21:37:22,359 h5bench - INFO - Runtime: 27.1054654 seconds (elapsed time, includes allocation wait time)
2026-10-05 21:37:22,360 h5bench - INFO - h5bench [write] - Complete
2026-10-05 21:37:22,360 h5bench - INFO - Finishing h5bench Suite
--- Repetition 7/10 ---
+ /home/users/ntu/haiyen00/scratch/fyp/native/h5bench/h5bench/build/install/bin/h5bench -a -d -p /opt/h5bench/install/bin container/interleaved_contig/config_rep7.json

real	0m49.274s
user	12m27.983s
sys	12m33.382s
+ H5BENCH_EXIT=0
+ set +x
2026-10-05 21:37:26,460 h5bench - INFO - Starting h5bench Suite
2026-10-05 21:37:26,461 h5bench - WARNING - Base directory already exists: payload/container/interleaved_contig
2026-10-05 21:37:26,468 h5bench - INFO - Lustre support detected
2026-10-05 21:37:26,468 h5bench - DEBUG - Lustre stripping configuration: lfs setstripe -S 1M -c 4 payload/container/interleaved_contig
2026-10-05 21:37:26,473 h5bench - DEBUG - LD_LIBRARY_PATH: /app/apps/singularity/sup/squashfuse/0.6.1/lib:/app/apps/openmpi/4.1.2-hpe/lib:/opt/cray/libfabric/1.11.0.4.125/lib64
2026-10-05 21:37:26,473 h5bench - DEBUG - DYLD_LIBRARY_PATH: 
2026-10-05 21:37:26,473 h5bench - DEBUG - LD_PRELOAD: 
2026-10-05 21:37:26,473 h5bench - INFO - JOBID: 25693494.pbs101
2026-10-05 21:37:26,473 h5bench - INFO - h5bench [write] - Starting
2026-10-05 21:37:26,474 h5bench - INFO - h5bench [write] - DIR: payload/container/interleaved_contig/f72f3d2e-25693494.pbs101/
2026-10-05 21:37:26,474 h5bench - INFO - Parallel setup: mpirun -np 128 --map-by ppr:128:node --bind-to core --mca btl vader,self --mca btl_vader_single_copy_mechanism none --mca orte_base_help_aggregate 0 --mca opal_common_ucx_opal_mem_hooks 1 -x UCX_LOG_LEVEL=ERROR apptainer exec --bind /scratch /home/users/ntu/haiyen00/scratch/fyp/container/h5bench/h5bench_benchmarks.sif
2026-10-05 21:37:26,475 h5bench - INFO - mpirun -np 128 --map-by ppr:128:node --bind-to core --mca btl vader,self --mca btl_vader_single_copy_mechanism none --mca orte_base_help_aggregate 0 --mca opal_common_ucx_opal_mem_hooks 1 -x UCX_LOG_LEVEL=ERROR apptainer exec --bind /scratch /home/users/ntu/haiyen00/scratch/fyp/container/h5bench/h5bench_benchmarks.sif /opt/h5bench/install/bin/h5bench_write payload/container/interleaved_contig/f72f3d2e-25693494.pbs101/h5bench.cfg payload/container/interleaved_contig/h5bench_intra_container_interleaved_contig.h5
2026-10-05 21:38:15,674 h5bench - INFO - SUCCESS (all output files are located at payload/container/interleaved_contig/f72f3d2e-25693494.pbs101)
2026-10-05 21:38:15,675 h5bench - INFO - Runtime: 49.2005906 seconds (elapsed time, includes allocation wait time)
2026-10-05 21:38:15,675 h5bench - INFO - h5bench [write] - Complete
2026-10-05 21:38:15,675 h5bench - INFO - Finishing h5bench Suite
--- Repetition 8/10 ---
+ /home/users/ntu/haiyen00/scratch/fyp/native/h5bench/h5bench/build/install/bin/h5bench -a -d -p /opt/h5bench/install/bin container/interleaved_contig/config_rep8.json

real	0m35.331s
user	10m17.031s
sys	20m48.055s
+ H5BENCH_EXIT=0
+ set +x
2026-10-05 21:38:19,714 h5bench - INFO - Starting h5bench Suite
2026-10-05 21:38:19,715 h5bench - WARNING - Base directory already exists: payload/container/interleaved_contig
2026-10-05 21:38:19,721 h5bench - INFO - Lustre support detected
2026-10-05 21:38:19,721 h5bench - DEBUG - Lustre stripping configuration: lfs setstripe -S 1M -c 4 payload/container/interleaved_contig
2026-10-05 21:38:19,726 h5bench - DEBUG - LD_LIBRARY_PATH: /app/apps/singularity/sup/squashfuse/0.6.1/lib:/app/apps/openmpi/4.1.2-hpe/lib:/opt/cray/libfabric/1.11.0.4.125/lib64
2026-10-05 21:38:19,726 h5bench - DEBUG - DYLD_LIBRARY_PATH: 
2026-10-05 21:38:19,726 h5bench - DEBUG - LD_PRELOAD: 
2026-10-05 21:38:19,727 h5bench - INFO - JOBID: 25693494.pbs101
2026-10-05 21:38:19,727 h5bench - INFO - h5bench [write] - Starting
2026-10-05 21:38:19,727 h5bench - INFO - h5bench [write] - DIR: payload/container/interleaved_contig/3c4c2edf-25693494.pbs101/
2026-10-05 21:38:19,727 h5bench - INFO - Parallel setup: mpirun -np 128 --map-by ppr:128:node --bind-to core --mca btl vader,self --mca btl_vader_single_copy_mechanism none --mca orte_base_help_aggregate 0 --mca opal_common_ucx_opal_mem_hooks 1 -x UCX_LOG_LEVEL=ERROR apptainer exec --bind /scratch /home/users/ntu/haiyen00/scratch/fyp/container/h5bench/h5bench_benchmarks.sif
2026-10-05 21:38:19,729 h5bench - INFO - mpirun -np 128 --map-by ppr:128:node --bind-to core --mca btl vader,self --mca btl_vader_single_copy_mechanism none --mca orte_base_help_aggregate 0 --mca opal_common_ucx_opal_mem_hooks 1 -x UCX_LOG_LEVEL=ERROR apptainer exec --bind /scratch /home/users/ntu/haiyen00/scratch/fyp/container/h5bench/h5bench_benchmarks.sif /opt/h5bench/install/bin/h5bench_write payload/container/interleaved_contig/3c4c2edf-25693494.pbs101/h5bench.cfg payload/container/interleaved_contig/h5bench_intra_container_interleaved_contig.h5
2026-10-05 21:38:54,986 h5bench - INFO - SUCCESS (all output files are located at payload/container/interleaved_contig/3c4c2edf-25693494.pbs101)
2026-10-05 21:38:54,987 h5bench - INFO - Runtime: 35.2596326 seconds (elapsed time, includes allocation wait time)
2026-10-05 21:38:54,987 h5bench - INFO - h5bench [write] - Complete
2026-10-05 21:38:54,987 h5bench - INFO - Finishing h5bench Suite
--- Repetition 9/10 ---
+ /home/users/ntu/haiyen00/scratch/fyp/native/h5bench/h5bench/build/install/bin/h5bench -a -d -p /opt/h5bench/install/bin container/interleaved_contig/config_rep9.json

real	0m25.418s
user	5m47.886s
sys	34m21.795s
+ H5BENCH_EXIT=0
+ set +x
2026-10-05 21:38:58,833 h5bench - INFO - Starting h5bench Suite
2026-10-05 21:38:58,835 h5bench - WARNING - Base directory already exists: payload/container/interleaved_contig
2026-10-05 21:38:58,842 h5bench - INFO - Lustre support detected
2026-10-05 21:38:58,842 h5bench - DEBUG - Lustre stripping configuration: lfs setstripe -S 1M -c 4 payload/container/interleaved_contig
2026-10-05 21:38:58,847 h5bench - DEBUG - LD_LIBRARY_PATH: /app/apps/singularity/sup/squashfuse/0.6.1/lib:/app/apps/openmpi/4.1.2-hpe/lib:/opt/cray/libfabric/1.11.0.4.125/lib64
2026-10-05 21:38:58,847 h5bench - DEBUG - DYLD_LIBRARY_PATH: 
2026-10-05 21:38:58,847 h5bench - DEBUG - LD_PRELOAD: 
2026-10-05 21:38:58,847 h5bench - INFO - JOBID: 25693494.pbs101
2026-10-05 21:38:58,847 h5bench - INFO - h5bench [write] - Starting
2026-10-05 21:38:58,848 h5bench - INFO - h5bench [write] - DIR: payload/container/interleaved_contig/df25da43-25693494.pbs101/
2026-10-05 21:38:58,848 h5bench - INFO - Parallel setup: mpirun -np 128 --map-by ppr:128:node --bind-to core --mca btl vader,self --mca btl_vader_single_copy_mechanism none --mca orte_base_help_aggregate 0 --mca opal_common_ucx_opal_mem_hooks 1 -x UCX_LOG_LEVEL=ERROR apptainer exec --bind /scratch /home/users/ntu/haiyen00/scratch/fyp/container/h5bench/h5bench_benchmarks.sif
2026-10-05 21:38:58,849 h5bench - INFO - mpirun -np 128 --map-by ppr:128:node --bind-to core --mca btl vader,self --mca btl_vader_single_copy_mechanism none --mca orte_base_help_aggregate 0 --mca opal_common_ucx_opal_mem_hooks 1 -x UCX_LOG_LEVEL=ERROR apptainer exec --bind /scratch /home/users/ntu/haiyen00/scratch/fyp/container/h5bench/h5bench_benchmarks.sif /opt/h5bench/install/bin/h5bench_write payload/container/interleaved_contig/df25da43-25693494.pbs101/h5bench.cfg payload/container/interleaved_contig/h5bench_intra_container_interleaved_contig.h5
2026-10-05 21:39:24,191 h5bench - INFO - SUCCESS (all output files are located at payload/container/interleaved_contig/df25da43-25693494.pbs101)
2026-10-05 21:39:24,192 h5bench - INFO - Runtime: 25.3433948 seconds (elapsed time, includes allocation wait time)
2026-10-05 21:39:24,192 h5bench - INFO - h5bench [write] - Complete
2026-10-05 21:39:24,192 h5bench - INFO - Finishing h5bench Suite
--- Repetition 10/10 ---
+ /home/users/ntu/haiyen00/scratch/fyp/native/h5bench/h5bench/build/install/bin/h5bench -a -d -p /opt/h5bench/install/bin container/interleaved_contig/config_rep10.json

real	0m36.036s
user	9m18.067s
sys	21m23.809s
+ H5BENCH_EXIT=0
+ set +x
2026-10-05 21:39:28,580 h5bench - INFO - Starting h5bench Suite
2026-10-05 21:39:28,582 h5bench - WARNING - Base directory already exists: payload/container/interleaved_contig
2026-10-05 21:39:28,589 h5bench - INFO - Lustre support detected
2026-10-05 21:39:28,589 h5bench - DEBUG - Lustre stripping configuration: lfs setstripe -S 1M -c 4 payload/container/interleaved_contig
2026-10-05 21:39:28,593 h5bench - DEBUG - LD_LIBRARY_PATH: /app/apps/singularity/sup/squashfuse/0.6.1/lib:/app/apps/openmpi/4.1.2-hpe/lib:/opt/cray/libfabric/1.11.0.4.125/lib64
2026-10-05 21:39:28,593 h5bench - DEBUG - DYLD_LIBRARY_PATH: 
2026-10-05 21:39:28,593 h5bench - DEBUG - LD_PRELOAD: 
2026-10-05 21:39:28,593 h5bench - INFO - JOBID: 25693494.pbs101
2026-10-05 21:39:28,594 h5bench - INFO - h5bench [write] - Starting
2026-10-05 21:39:28,594 h5bench - INFO - h5bench [write] - DIR: payload/container/interleaved_contig/5fef2c48-25693494.pbs101/
2026-10-05 21:39:28,594 h5bench - INFO - Parallel setup: mpirun -np 128 --map-by ppr:128:node --bind-to core --mca btl vader,self --mca btl_vader_single_copy_mechanism none --mca orte_base_help_aggregate 0 --mca opal_common_ucx_opal_mem_hooks 1 -x UCX_LOG_LEVEL=ERROR apptainer exec --bind /scratch /home/users/ntu/haiyen00/scratch/fyp/container/h5bench/h5bench_benchmarks.sif
2026-10-05 21:39:28,595 h5bench - INFO - mpirun -np 128 --map-by ppr:128:node --bind-to core --mca btl vader,self --mca btl_vader_single_copy_mechanism none --mca orte_base_help_aggregate 0 --mca opal_common_ucx_opal_mem_hooks 1 -x UCX_LOG_LEVEL=ERROR apptainer exec --bind /scratch /home/users/ntu/haiyen00/scratch/fyp/container/h5bench/h5bench_benchmarks.sif /opt/h5bench/install/bin/h5bench_write payload/container/interleaved_contig/5fef2c48-25693494.pbs101/h5bench.cfg payload/container/interleaved_contig/h5bench_intra_container_interleaved_contig.h5
2026-10-05 21:40:04,558 h5bench - INFO - SUCCESS (all output files are located at payload/container/interleaved_contig/5fef2c48-25693494.pbs101)
2026-10-05 21:40:04,559 h5bench - INFO - Runtime: 35.9646850 seconds (elapsed time, includes allocation wait time)
2026-10-05 21:40:04,559 h5bench - INFO - h5bench [write] - Complete
2026-10-05 21:40:04,559 h5bench - INFO - Finishing h5bench Suite
=== Lustre striping actually applied to payload/container/interleaved_contig ===
payload/container/interleaved_contig
stripe_count:  4 stripe_size:   1048576 pattern:       raid0 stripe_offset: -1 pool:          disk

payload/container/interleaved_contig/df25da43-25693494.pbs101
stripe_count:  4 stripe_size:   1048576 pattern:       raid0 stripe_offset: -1 pool:          disk

payload/container/interleaved_contig/5fef2c48-25693494.pbs101
stripe_count:  4 stripe_size:   1048576 pattern:       raid0 stripe_offset: -1 pool:          disk

payload/container/interleaved_contig/3beca7d7-25693494.pbs101
stripe_count:  4 stripe_size:   1048576 pattern:       raid0 stripe_offset: -1 pool:          disk

payload/container/interleaved_contig/dd552fbb-25693494.pbs101
stripe_count:  4 stripe_size:   1048576 pattern:       raid0 stripe_offset: -1 pool:          disk

payload/container/interleaved_contig/9228db7b-25693494.pbs101
stripe_count:  4 stripe_size:   1048576 pattern:       raid0 stripe_offset: -1 pool:          disk

payload/container/interleaved_contig/fed236a6-25693494.pbs101
stripe_count:  4 stripe_size:   1048576 pattern:       raid0 stripe_offset: -1 pool:          disk

payload/container/interleaved_contig/34d015a9-25693494.pbs101
stripe_count:  4 stripe_size:   1048576 pattern:       raid0 stripe_offset: -1 pool:          disk

payload/container/interleaved_contig/ff635342-25693494.pbs101
stripe_count:  4 stripe_size:   1048576 pattern:       raid0 stripe_offset: -1 pool:          disk

payload/container/interleaved_contig/3c4c2edf-25693494.pbs101
stripe_count:  4 stripe_size:   1048576 pattern:       raid0 stripe_offset: -1 pool:          disk

payload/container/interleaved_contig/h5bench_intra_container_interleaved_contig.h5
lmm_stripe_count:  4
lmm_stripe_size:   1048576
lmm_pattern:       raid0
lmm_layout_gen:    0
lmm_stripe_offset: 16
lmm_pool:          disk
	obdidx		 objid		 objid		 group
	    16	    1330983334	   0x4f5531a6	   0x680000400
	    18	    1330731995	   0x4f515bdb	   0x6c0000400
	    20	    1331089177	   0x4f56cf19	   0x780000400
	    22	    1331135190	   0x4f5782d6	   0x7c0000400

payload/container/interleaved_contig/f72f3d2e-25693494.pbs101
stripe_count:  4 stripe_size:   1048576 pattern:       raid0 stripe_offset: -1 pool:          disk

Completed Successfully! 
