Currently Loaded Modulefiles:
  1) libfabric/1.11.0.4.125   3) apptainer/1.5.0
  2) openmpi/4.1.2-hpe
mpirun (Open MPI) 4.1.2

Report bugs to http://www.open-mpi.org/community/help/
apptainer version 1.5.0
=== Verifying Lustre striping layout for payload/container/interleaved_interleaved ===
payload/container/interleaved_interleaved
stripe_count:  4 stripe_size:   1048576 pattern:       raid0 stripe_offset: -1 pool:          disk

=================================================================
 Container Intra-Node Pattern Sweep: MEM=INTERLEAVED FILE=INTERLEAVED NP=128 REPS=10 
=================================================================
--- Repetition 1/10 ---
+ /home/users/ntu/haiyen00/scratch/fyp/native/h5bench/h5bench/build/install/bin/h5bench -a -d -p /opt/h5bench/install/bin container/interleaved_interleaved/config_rep1.json

real	0m18.951s
user	4m26.775s
sys	24m30.674s
+ H5BENCH_EXIT=0
+ set +x
2026-10-04 22:58:58,640 h5bench - INFO - Starting h5bench Suite
2026-10-04 22:58:58,642 h5bench - WARNING - Base directory already exists: payload/container/interleaved_interleaved
2026-10-04 22:58:58,645 h5bench - INFO - Lustre support detected
2026-10-04 22:58:58,646 h5bench - DEBUG - Lustre stripping configuration: lfs setstripe -S 1M -c 4 payload/container/interleaved_interleaved
2026-10-04 22:58:58,651 h5bench - DEBUG - LD_LIBRARY_PATH: /app/apps/singularity/sup/squashfuse/0.6.1/lib:/app/apps/openmpi/4.1.2-hpe/lib:/opt/cray/libfabric/1.11.0.4.125/lib64
2026-10-04 22:58:58,651 h5bench - DEBUG - DYLD_LIBRARY_PATH: 
2026-10-04 22:58:58,651 h5bench - DEBUG - LD_PRELOAD: 
2026-10-04 22:58:58,651 h5bench - INFO - JOBID: 25682150.pbs101
2026-10-04 22:58:58,652 h5bench - INFO - h5bench [write] - Starting
2026-10-04 22:58:58,652 h5bench - INFO - h5bench [write] - DIR: payload/container/interleaved_interleaved/2dc66ad3-25682150.pbs101/
2026-10-04 22:58:58,652 h5bench - INFO - Parallel setup: mpirun -np 128 --map-by ppr:128:node --bind-to core --mca btl vader,self --mca btl_vader_single_copy_mechanism none --mca orte_base_help_aggregate 0 --mca opal_common_ucx_opal_mem_hooks 1 -x UCX_LOG_LEVEL=ERROR apptainer exec --bind /scratch /home/users/ntu/haiyen00/scratch/fyp/container/h5bench/h5bench_benchmarks.sif
2026-10-04 22:58:58,653 h5bench - INFO - mpirun -np 128 --map-by ppr:128:node --bind-to core --mca btl vader,self --mca btl_vader_single_copy_mechanism none --mca orte_base_help_aggregate 0 --mca opal_common_ucx_opal_mem_hooks 1 -x UCX_LOG_LEVEL=ERROR apptainer exec --bind /scratch /home/users/ntu/haiyen00/scratch/fyp/container/h5bench/h5bench_benchmarks.sif /opt/h5bench/install/bin/h5bench_write payload/container/interleaved_interleaved/2dc66ad3-25682150.pbs101/h5bench.cfg payload/container/interleaved_interleaved/h5bench_intra_container_interleaved_interleaved.h5
2026-10-04 22:59:17,489 h5bench - INFO - SUCCESS (all output files are located at payload/container/interleaved_interleaved/2dc66ad3-25682150.pbs101)
2026-10-04 22:59:17,489 h5bench - INFO - Runtime: 18.8368201 seconds (elapsed time, includes allocation wait time)
2026-10-04 22:59:17,489 h5bench - INFO - h5bench [write] - Complete
2026-10-04 22:59:17,489 h5bench - INFO - Finishing h5bench Suite
--- Repetition 2/10 ---
+ /home/users/ntu/haiyen00/scratch/fyp/native/h5bench/h5bench/build/install/bin/h5bench -a -d -p /opt/h5bench/install/bin container/interleaved_interleaved/config_rep2.json

real	0m19.776s
user	6m13.142s
sys	20m25.522s
+ H5BENCH_EXIT=0
+ set +x
2026-10-04 22:59:21,946 h5bench - INFO - Starting h5bench Suite
2026-10-04 22:59:21,948 h5bench - WARNING - Base directory already exists: payload/container/interleaved_interleaved
2026-10-04 22:59:21,952 h5bench - INFO - Lustre support detected
2026-10-04 22:59:21,953 h5bench - DEBUG - Lustre stripping configuration: lfs setstripe -S 1M -c 4 payload/container/interleaved_interleaved
2026-10-04 22:59:21,957 h5bench - DEBUG - LD_LIBRARY_PATH: /app/apps/singularity/sup/squashfuse/0.6.1/lib:/app/apps/openmpi/4.1.2-hpe/lib:/opt/cray/libfabric/1.11.0.4.125/lib64
2026-10-04 22:59:21,958 h5bench - DEBUG - DYLD_LIBRARY_PATH: 
2026-10-04 22:59:21,958 h5bench - DEBUG - LD_PRELOAD: 
2026-10-04 22:59:21,958 h5bench - INFO - JOBID: 25682150.pbs101
2026-10-04 22:59:21,958 h5bench - INFO - h5bench [write] - Starting
2026-10-04 22:59:21,958 h5bench - INFO - h5bench [write] - DIR: payload/container/interleaved_interleaved/6af76742-25682150.pbs101/
2026-10-04 22:59:21,959 h5bench - INFO - Parallel setup: mpirun -np 128 --map-by ppr:128:node --bind-to core --mca btl vader,self --mca btl_vader_single_copy_mechanism none --mca orte_base_help_aggregate 0 --mca opal_common_ucx_opal_mem_hooks 1 -x UCX_LOG_LEVEL=ERROR apptainer exec --bind /scratch /home/users/ntu/haiyen00/scratch/fyp/container/h5bench/h5bench_benchmarks.sif
2026-10-04 22:59:21,960 h5bench - INFO - mpirun -np 128 --map-by ppr:128:node --bind-to core --mca btl vader,self --mca btl_vader_single_copy_mechanism none --mca orte_base_help_aggregate 0 --mca opal_common_ucx_opal_mem_hooks 1 -x UCX_LOG_LEVEL=ERROR apptainer exec --bind /scratch /home/users/ntu/haiyen00/scratch/fyp/container/h5bench/h5bench_benchmarks.sif /opt/h5bench/install/bin/h5bench_write payload/container/interleaved_interleaved/6af76742-25682150.pbs101/h5bench.cfg payload/container/interleaved_interleaved/h5bench_intra_container_interleaved_interleaved.h5
2026-10-04 22:59:41,660 h5bench - INFO - SUCCESS (all output files are located at payload/container/interleaved_interleaved/6af76742-25682150.pbs101)
2026-10-04 22:59:41,661 h5bench - INFO - Runtime: 19.7020900 seconds (elapsed time, includes allocation wait time)
2026-10-04 22:59:41,661 h5bench - INFO - h5bench [write] - Complete
2026-10-04 22:59:41,661 h5bench - INFO - Finishing h5bench Suite
--- Repetition 3/10 ---
+ /home/users/ntu/haiyen00/scratch/fyp/native/h5bench/h5bench/build/install/bin/h5bench -a -d -p /opt/h5bench/install/bin container/interleaved_interleaved/config_rep3.json

real	0m18.308s
user	5m3.344s
sys	24m21.557s
+ H5BENCH_EXIT=0
+ set +x
2026-10-04 22:59:45,680 h5bench - INFO - Starting h5bench Suite
2026-10-04 22:59:45,681 h5bench - WARNING - Base directory already exists: payload/container/interleaved_interleaved
2026-10-04 22:59:45,686 h5bench - INFO - Lustre support detected
2026-10-04 22:59:45,686 h5bench - DEBUG - Lustre stripping configuration: lfs setstripe -S 1M -c 4 payload/container/interleaved_interleaved
2026-10-04 22:59:45,690 h5bench - DEBUG - LD_LIBRARY_PATH: /app/apps/singularity/sup/squashfuse/0.6.1/lib:/app/apps/openmpi/4.1.2-hpe/lib:/opt/cray/libfabric/1.11.0.4.125/lib64
2026-10-04 22:59:45,691 h5bench - DEBUG - DYLD_LIBRARY_PATH: 
2026-10-04 22:59:45,691 h5bench - DEBUG - LD_PRELOAD: 
2026-10-04 22:59:45,691 h5bench - INFO - JOBID: 25682150.pbs101
2026-10-04 22:59:45,691 h5bench - INFO - h5bench [write] - Starting
2026-10-04 22:59:45,691 h5bench - INFO - h5bench [write] - DIR: payload/container/interleaved_interleaved/99ae418f-25682150.pbs101/
2026-10-04 22:59:45,692 h5bench - INFO - Parallel setup: mpirun -np 128 --map-by ppr:128:node --bind-to core --mca btl vader,self --mca btl_vader_single_copy_mechanism none --mca orte_base_help_aggregate 0 --mca opal_common_ucx_opal_mem_hooks 1 -x UCX_LOG_LEVEL=ERROR apptainer exec --bind /scratch /home/users/ntu/haiyen00/scratch/fyp/container/h5bench/h5bench_benchmarks.sif
2026-10-04 22:59:45,693 h5bench - INFO - mpirun -np 128 --map-by ppr:128:node --bind-to core --mca btl vader,self --mca btl_vader_single_copy_mechanism none --mca orte_base_help_aggregate 0 --mca opal_common_ucx_opal_mem_hooks 1 -x UCX_LOG_LEVEL=ERROR apptainer exec --bind /scratch /home/users/ntu/haiyen00/scratch/fyp/container/h5bench/h5bench_benchmarks.sif /opt/h5bench/install/bin/h5bench_write payload/container/interleaved_interleaved/99ae418f-25682150.pbs101/h5bench.cfg payload/container/interleaved_interleaved/h5bench_intra_container_interleaved_interleaved.h5
2026-10-04 23:00:03,925 h5bench - INFO - SUCCESS (all output files are located at payload/container/interleaved_interleaved/99ae418f-25682150.pbs101)
2026-10-04 23:00:03,925 h5bench - INFO - Runtime: 18.2332580 seconds (elapsed time, includes allocation wait time)
2026-10-04 23:00:03,925 h5bench - INFO - h5bench [write] - Complete
2026-10-04 23:00:03,926 h5bench - INFO - Finishing h5bench Suite
--- Repetition 4/10 ---
+ /home/users/ntu/haiyen00/scratch/fyp/native/h5bench/h5bench/build/install/bin/h5bench -a -d -p /opt/h5bench/install/bin container/interleaved_interleaved/config_rep4.json

real	0m18.623s
user	7m47.163s
sys	14m54.738s
+ H5BENCH_EXIT=0
+ set +x
2026-10-04 23:00:08,073 h5bench - INFO - Starting h5bench Suite
2026-10-04 23:00:08,074 h5bench - WARNING - Base directory already exists: payload/container/interleaved_interleaved
2026-10-04 23:00:08,079 h5bench - INFO - Lustre support detected
2026-10-04 23:00:08,079 h5bench - DEBUG - Lustre stripping configuration: lfs setstripe -S 1M -c 4 payload/container/interleaved_interleaved
2026-10-04 23:00:08,084 h5bench - DEBUG - LD_LIBRARY_PATH: /app/apps/singularity/sup/squashfuse/0.6.1/lib:/app/apps/openmpi/4.1.2-hpe/lib:/opt/cray/libfabric/1.11.0.4.125/lib64
2026-10-04 23:00:08,084 h5bench - DEBUG - DYLD_LIBRARY_PATH: 
2026-10-04 23:00:08,084 h5bench - DEBUG - LD_PRELOAD: 
2026-10-04 23:00:08,085 h5bench - INFO - JOBID: 25682150.pbs101
2026-10-04 23:00:08,085 h5bench - INFO - h5bench [write] - Starting
2026-10-04 23:00:08,085 h5bench - INFO - h5bench [write] - DIR: payload/container/interleaved_interleaved/ad81882c-25682150.pbs101/
2026-10-04 23:00:08,085 h5bench - INFO - Parallel setup: mpirun -np 128 --map-by ppr:128:node --bind-to core --mca btl vader,self --mca btl_vader_single_copy_mechanism none --mca orte_base_help_aggregate 0 --mca opal_common_ucx_opal_mem_hooks 1 -x UCX_LOG_LEVEL=ERROR apptainer exec --bind /scratch /home/users/ntu/haiyen00/scratch/fyp/container/h5bench/h5bench_benchmarks.sif
2026-10-04 23:00:08,086 h5bench - INFO - mpirun -np 128 --map-by ppr:128:node --bind-to core --mca btl vader,self --mca btl_vader_single_copy_mechanism none --mca orte_base_help_aggregate 0 --mca opal_common_ucx_opal_mem_hooks 1 -x UCX_LOG_LEVEL=ERROR apptainer exec --bind /scratch /home/users/ntu/haiyen00/scratch/fyp/container/h5bench/h5bench_benchmarks.sif /opt/h5bench/install/bin/h5bench_write payload/container/interleaved_interleaved/ad81882c-25682150.pbs101/h5bench.cfg payload/container/interleaved_interleaved/h5bench_intra_container_interleaved_interleaved.h5
2026-10-04 23:00:26,628 h5bench - INFO - SUCCESS (all output files are located at payload/container/interleaved_interleaved/ad81882c-25682150.pbs101)
2026-10-04 23:00:26,629 h5bench - INFO - Runtime: 18.5434663 seconds (elapsed time, includes allocation wait time)
2026-10-04 23:00:26,629 h5bench - INFO - h5bench [write] - Complete
2026-10-04 23:00:26,629 h5bench - INFO - Finishing h5bench Suite
--- Repetition 5/10 ---
+ /home/users/ntu/haiyen00/scratch/fyp/native/h5bench/h5bench/build/install/bin/h5bench -a -d -p /opt/h5bench/install/bin container/interleaved_interleaved/config_rep5.json

real	0m18.286s
user	5m25.952s
sys	23m14.353s
+ H5BENCH_EXIT=0
+ set +x
2026-10-04 23:00:31,270 h5bench - INFO - Starting h5bench Suite
2026-10-04 23:00:31,271 h5bench - WARNING - Base directory already exists: payload/container/interleaved_interleaved
2026-10-04 23:00:31,276 h5bench - INFO - Lustre support detected
2026-10-04 23:00:31,277 h5bench - DEBUG - Lustre stripping configuration: lfs setstripe -S 1M -c 4 payload/container/interleaved_interleaved
2026-10-04 23:00:31,281 h5bench - DEBUG - LD_LIBRARY_PATH: /app/apps/singularity/sup/squashfuse/0.6.1/lib:/app/apps/openmpi/4.1.2-hpe/lib:/opt/cray/libfabric/1.11.0.4.125/lib64
2026-10-04 23:00:31,282 h5bench - DEBUG - DYLD_LIBRARY_PATH: 
2026-10-04 23:00:31,282 h5bench - DEBUG - LD_PRELOAD: 
2026-10-04 23:00:31,282 h5bench - INFO - JOBID: 25682150.pbs101
2026-10-04 23:00:31,282 h5bench - INFO - h5bench [write] - Starting
2026-10-04 23:00:31,282 h5bench - INFO - h5bench [write] - DIR: payload/container/interleaved_interleaved/7c8af14a-25682150.pbs101/
2026-10-04 23:00:31,283 h5bench - INFO - Parallel setup: mpirun -np 128 --map-by ppr:128:node --bind-to core --mca btl vader,self --mca btl_vader_single_copy_mechanism none --mca orte_base_help_aggregate 0 --mca opal_common_ucx_opal_mem_hooks 1 -x UCX_LOG_LEVEL=ERROR apptainer exec --bind /scratch /home/users/ntu/haiyen00/scratch/fyp/container/h5bench/h5bench_benchmarks.sif
2026-10-04 23:00:31,284 h5bench - INFO - mpirun -np 128 --map-by ppr:128:node --bind-to core --mca btl vader,self --mca btl_vader_single_copy_mechanism none --mca orte_base_help_aggregate 0 --mca opal_common_ucx_opal_mem_hooks 1 -x UCX_LOG_LEVEL=ERROR apptainer exec --bind /scratch /home/users/ntu/haiyen00/scratch/fyp/container/h5bench/h5bench_benchmarks.sif /opt/h5bench/install/bin/h5bench_write payload/container/interleaved_interleaved/7c8af14a-25682150.pbs101/h5bench.cfg payload/container/interleaved_interleaved/h5bench_intra_container_interleaved_interleaved.h5
2026-10-04 23:00:49,490 h5bench - INFO - SUCCESS (all output files are located at payload/container/interleaved_interleaved/7c8af14a-25682150.pbs101)
2026-10-04 23:00:49,491 h5bench - INFO - Runtime: 18.2078784 seconds (elapsed time, includes allocation wait time)
2026-10-04 23:00:49,491 h5bench - INFO - h5bench [write] - Complete
2026-10-04 23:00:49,491 h5bench - INFO - Finishing h5bench Suite
--- Repetition 6/10 ---
+ /home/users/ntu/haiyen00/scratch/fyp/native/h5bench/h5bench/build/install/bin/h5bench -a -d -p /opt/h5bench/install/bin container/interleaved_interleaved/config_rep6.json

real	0m18.700s
user	4m57.353s
sys	24m49.809s
+ H5BENCH_EXIT=0
+ set +x
2026-10-04 23:00:54,032 h5bench - INFO - Starting h5bench Suite
2026-10-04 23:00:54,034 h5bench - WARNING - Base directory already exists: payload/container/interleaved_interleaved
2026-10-04 23:00:54,039 h5bench - INFO - Lustre support detected
2026-10-04 23:00:54,040 h5bench - DEBUG - Lustre stripping configuration: lfs setstripe -S 1M -c 4 payload/container/interleaved_interleaved
2026-10-04 23:00:54,044 h5bench - DEBUG - LD_LIBRARY_PATH: /app/apps/singularity/sup/squashfuse/0.6.1/lib:/app/apps/openmpi/4.1.2-hpe/lib:/opt/cray/libfabric/1.11.0.4.125/lib64
2026-10-04 23:00:54,045 h5bench - DEBUG - DYLD_LIBRARY_PATH: 
2026-10-04 23:00:54,045 h5bench - DEBUG - LD_PRELOAD: 
2026-10-04 23:00:54,045 h5bench - INFO - JOBID: 25682150.pbs101
2026-10-04 23:00:54,045 h5bench - INFO - h5bench [write] - Starting
2026-10-04 23:00:54,045 h5bench - INFO - h5bench [write] - DIR: payload/container/interleaved_interleaved/848adfa5-25682150.pbs101/
2026-10-04 23:00:54,046 h5bench - INFO - Parallel setup: mpirun -np 128 --map-by ppr:128:node --bind-to core --mca btl vader,self --mca btl_vader_single_copy_mechanism none --mca orte_base_help_aggregate 0 --mca opal_common_ucx_opal_mem_hooks 1 -x UCX_LOG_LEVEL=ERROR apptainer exec --bind /scratch /home/users/ntu/haiyen00/scratch/fyp/container/h5bench/h5bench_benchmarks.sif
2026-10-04 23:00:54,047 h5bench - INFO - mpirun -np 128 --map-by ppr:128:node --bind-to core --mca btl vader,self --mca btl_vader_single_copy_mechanism none --mca orte_base_help_aggregate 0 --mca opal_common_ucx_opal_mem_hooks 1 -x UCX_LOG_LEVEL=ERROR apptainer exec --bind /scratch /home/users/ntu/haiyen00/scratch/fyp/container/h5bench/h5bench_benchmarks.sif /opt/h5bench/install/bin/h5bench_write payload/container/interleaved_interleaved/848adfa5-25682150.pbs101/h5bench.cfg payload/container/interleaved_interleaved/h5bench_intra_container_interleaved_interleaved.h5
2026-10-04 23:01:12,672 h5bench - INFO - SUCCESS (all output files are located at payload/container/interleaved_interleaved/848adfa5-25682150.pbs101)
2026-10-04 23:01:12,673 h5bench - INFO - Runtime: 18.6271403 seconds (elapsed time, includes allocation wait time)
2026-10-04 23:01:12,673 h5bench - INFO - h5bench [write] - Complete
2026-10-04 23:01:12,673 h5bench - INFO - Finishing h5bench Suite
--- Repetition 7/10 ---
+ /home/users/ntu/haiyen00/scratch/fyp/native/h5bench/h5bench/build/install/bin/h5bench -a -d -p /opt/h5bench/install/bin container/interleaved_interleaved/config_rep7.json

real	0m20.450s
user	7m11.681s
sys	17m43.239s
+ H5BENCH_EXIT=0
+ set +x
2026-10-04 23:01:18,078 h5bench - INFO - Starting h5bench Suite
2026-10-04 23:01:18,079 h5bench - WARNING - Base directory already exists: payload/container/interleaved_interleaved
2026-10-04 23:01:18,085 h5bench - INFO - Lustre support detected
2026-10-04 23:01:18,086 h5bench - DEBUG - Lustre stripping configuration: lfs setstripe -S 1M -c 4 payload/container/interleaved_interleaved
2026-10-04 23:01:18,090 h5bench - DEBUG - LD_LIBRARY_PATH: /app/apps/singularity/sup/squashfuse/0.6.1/lib:/app/apps/openmpi/4.1.2-hpe/lib:/opt/cray/libfabric/1.11.0.4.125/lib64
2026-10-04 23:01:18,090 h5bench - DEBUG - DYLD_LIBRARY_PATH: 
2026-10-04 23:01:18,091 h5bench - DEBUG - LD_PRELOAD: 
2026-10-04 23:01:18,091 h5bench - INFO - JOBID: 25682150.pbs101
2026-10-04 23:01:18,091 h5bench - INFO - h5bench [write] - Starting
2026-10-04 23:01:18,091 h5bench - INFO - h5bench [write] - DIR: payload/container/interleaved_interleaved/6657709d-25682150.pbs101/
2026-10-04 23:01:18,091 h5bench - INFO - Parallel setup: mpirun -np 128 --map-by ppr:128:node --bind-to core --mca btl vader,self --mca btl_vader_single_copy_mechanism none --mca orte_base_help_aggregate 0 --mca opal_common_ucx_opal_mem_hooks 1 -x UCX_LOG_LEVEL=ERROR apptainer exec --bind /scratch /home/users/ntu/haiyen00/scratch/fyp/container/h5bench/h5bench_benchmarks.sif
2026-10-04 23:01:18,093 h5bench - INFO - mpirun -np 128 --map-by ppr:128:node --bind-to core --mca btl vader,self --mca btl_vader_single_copy_mechanism none --mca orte_base_help_aggregate 0 --mca opal_common_ucx_opal_mem_hooks 1 -x UCX_LOG_LEVEL=ERROR apptainer exec --bind /scratch /home/users/ntu/haiyen00/scratch/fyp/container/h5bench/h5bench_benchmarks.sif /opt/h5bench/install/bin/h5bench_write payload/container/interleaved_interleaved/6657709d-25682150.pbs101/h5bench.cfg payload/container/interleaved_interleaved/h5bench_intra_container_interleaved_interleaved.h5
2026-10-04 23:01:38,468 h5bench - INFO - SUCCESS (all output files are located at payload/container/interleaved_interleaved/6657709d-25682150.pbs101)
2026-10-04 23:01:38,469 h5bench - INFO - Runtime: 20.3772917 seconds (elapsed time, includes allocation wait time)
2026-10-04 23:01:38,469 h5bench - INFO - h5bench [write] - Complete
2026-10-04 23:01:38,469 h5bench - INFO - Finishing h5bench Suite
--- Repetition 8/10 ---
+ /home/users/ntu/haiyen00/scratch/fyp/native/h5bench/h5bench/build/install/bin/h5bench -a -d -p /opt/h5bench/install/bin container/interleaved_interleaved/config_rep8.json

real	0m18.122s
user	4m12.102s
sys	25m50.606s
+ H5BENCH_EXIT=0
+ set +x
2026-10-04 23:01:42,871 h5bench - INFO - Starting h5bench Suite
2026-10-04 23:01:42,872 h5bench - WARNING - Base directory already exists: payload/container/interleaved_interleaved
2026-10-04 23:01:42,878 h5bench - INFO - Lustre support detected
2026-10-04 23:01:42,878 h5bench - DEBUG - Lustre stripping configuration: lfs setstripe -S 1M -c 4 payload/container/interleaved_interleaved
2026-10-04 23:01:42,882 h5bench - DEBUG - LD_LIBRARY_PATH: /app/apps/singularity/sup/squashfuse/0.6.1/lib:/app/apps/openmpi/4.1.2-hpe/lib:/opt/cray/libfabric/1.11.0.4.125/lib64
2026-10-04 23:01:42,883 h5bench - DEBUG - DYLD_LIBRARY_PATH: 
2026-10-04 23:01:42,883 h5bench - DEBUG - LD_PRELOAD: 
2026-10-04 23:01:42,883 h5bench - INFO - JOBID: 25682150.pbs101
2026-10-04 23:01:42,883 h5bench - INFO - h5bench [write] - Starting
2026-10-04 23:01:42,883 h5bench - INFO - h5bench [write] - DIR: payload/container/interleaved_interleaved/1e3dbb49-25682150.pbs101/
2026-10-04 23:01:42,884 h5bench - INFO - Parallel setup: mpirun -np 128 --map-by ppr:128:node --bind-to core --mca btl vader,self --mca btl_vader_single_copy_mechanism none --mca orte_base_help_aggregate 0 --mca opal_common_ucx_opal_mem_hooks 1 -x UCX_LOG_LEVEL=ERROR apptainer exec --bind /scratch /home/users/ntu/haiyen00/scratch/fyp/container/h5bench/h5bench_benchmarks.sif
2026-10-04 23:01:42,885 h5bench - INFO - mpirun -np 128 --map-by ppr:128:node --bind-to core --mca btl vader,self --mca btl_vader_single_copy_mechanism none --mca orte_base_help_aggregate 0 --mca opal_common_ucx_opal_mem_hooks 1 -x UCX_LOG_LEVEL=ERROR apptainer exec --bind /scratch /home/users/ntu/haiyen00/scratch/fyp/container/h5bench/h5bench_benchmarks.sif /opt/h5bench/install/bin/h5bench_write payload/container/interleaved_interleaved/1e3dbb49-25682150.pbs101/h5bench.cfg payload/container/interleaved_interleaved/h5bench_intra_container_interleaved_interleaved.h5
2026-10-04 23:02:00,934 h5bench - INFO - SUCCESS (all output files are located at payload/container/interleaved_interleaved/1e3dbb49-25682150.pbs101)
2026-10-04 23:02:00,934 h5bench - INFO - Runtime: 18.0503666 seconds (elapsed time, includes allocation wait time)
2026-10-04 23:02:00,934 h5bench - INFO - h5bench [write] - Complete
2026-10-04 23:02:00,934 h5bench - INFO - Finishing h5bench Suite
--- Repetition 9/10 ---
+ /home/users/ntu/haiyen00/scratch/fyp/native/h5bench/h5bench/build/install/bin/h5bench -a -d -p /opt/h5bench/install/bin container/interleaved_interleaved/config_rep9.json

real	0m19.436s
user	5m57.698s
sys	22m12.123s
+ H5BENCH_EXIT=0
+ set +x
2026-10-04 23:02:05,280 h5bench - INFO - Starting h5bench Suite
2026-10-04 23:02:05,281 h5bench - WARNING - Base directory already exists: payload/container/interleaved_interleaved
2026-10-04 23:02:05,288 h5bench - INFO - Lustre support detected
2026-10-04 23:02:05,288 h5bench - DEBUG - Lustre stripping configuration: lfs setstripe -S 1M -c 4 payload/container/interleaved_interleaved
2026-10-04 23:02:05,293 h5bench - DEBUG - LD_LIBRARY_PATH: /app/apps/singularity/sup/squashfuse/0.6.1/lib:/app/apps/openmpi/4.1.2-hpe/lib:/opt/cray/libfabric/1.11.0.4.125/lib64
2026-10-04 23:02:05,294 h5bench - DEBUG - DYLD_LIBRARY_PATH: 
2026-10-04 23:02:05,294 h5bench - DEBUG - LD_PRELOAD: 
2026-10-04 23:02:05,294 h5bench - INFO - JOBID: 25682150.pbs101
2026-10-04 23:02:05,294 h5bench - INFO - h5bench [write] - Starting
2026-10-04 23:02:05,294 h5bench - INFO - h5bench [write] - DIR: payload/container/interleaved_interleaved/9f58637b-25682150.pbs101/
2026-10-04 23:02:05,295 h5bench - INFO - Parallel setup: mpirun -np 128 --map-by ppr:128:node --bind-to core --mca btl vader,self --mca btl_vader_single_copy_mechanism none --mca orte_base_help_aggregate 0 --mca opal_common_ucx_opal_mem_hooks 1 -x UCX_LOG_LEVEL=ERROR apptainer exec --bind /scratch /home/users/ntu/haiyen00/scratch/fyp/container/h5bench/h5bench_benchmarks.sif
2026-10-04 23:02:05,296 h5bench - INFO - mpirun -np 128 --map-by ppr:128:node --bind-to core --mca btl vader,self --mca btl_vader_single_copy_mechanism none --mca orte_base_help_aggregate 0 --mca opal_common_ucx_opal_mem_hooks 1 -x UCX_LOG_LEVEL=ERROR apptainer exec --bind /scratch /home/users/ntu/haiyen00/scratch/fyp/container/h5bench/h5bench_benchmarks.sif /opt/h5bench/install/bin/h5bench_write payload/container/interleaved_interleaved/9f58637b-25682150.pbs101/h5bench.cfg payload/container/interleaved_interleaved/h5bench_intra_container_interleaved_interleaved.h5
2026-10-04 23:02:24,651 h5bench - INFO - SUCCESS (all output files are located at payload/container/interleaved_interleaved/9f58637b-25682150.pbs101)
2026-10-04 23:02:24,651 h5bench - INFO - Runtime: 19.3563826 seconds (elapsed time, includes allocation wait time)
2026-10-04 23:02:24,651 h5bench - INFO - h5bench [write] - Complete
2026-10-04 23:02:24,651 h5bench - INFO - Finishing h5bench Suite
--- Repetition 10/10 ---
+ /home/users/ntu/haiyen00/scratch/fyp/native/h5bench/h5bench/build/install/bin/h5bench -a -d -p /opt/h5bench/install/bin container/interleaved_interleaved/config_rep10.json

real	0m17.893s
user	5m44.108s
sys	17m0.008s
+ H5BENCH_EXIT=0
+ set +x
2026-10-04 23:02:28,893 h5bench - INFO - Starting h5bench Suite
2026-10-04 23:02:28,895 h5bench - WARNING - Base directory already exists: payload/container/interleaved_interleaved
2026-10-04 23:02:28,902 h5bench - INFO - Lustre support detected
2026-10-04 23:02:28,902 h5bench - DEBUG - Lustre stripping configuration: lfs setstripe -S 1M -c 4 payload/container/interleaved_interleaved
2026-10-04 23:02:28,906 h5bench - DEBUG - LD_LIBRARY_PATH: /app/apps/singularity/sup/squashfuse/0.6.1/lib:/app/apps/openmpi/4.1.2-hpe/lib:/opt/cray/libfabric/1.11.0.4.125/lib64
2026-10-04 23:02:28,907 h5bench - DEBUG - DYLD_LIBRARY_PATH: 
2026-10-04 23:02:28,907 h5bench - DEBUG - LD_PRELOAD: 
2026-10-04 23:02:28,907 h5bench - INFO - JOBID: 25682150.pbs101
2026-10-04 23:02:28,907 h5bench - INFO - h5bench [write] - Starting
2026-10-04 23:02:28,907 h5bench - INFO - h5bench [write] - DIR: payload/container/interleaved_interleaved/e8e56328-25682150.pbs101/
2026-10-04 23:02:28,908 h5bench - INFO - Parallel setup: mpirun -np 128 --map-by ppr:128:node --bind-to core --mca btl vader,self --mca btl_vader_single_copy_mechanism none --mca orte_base_help_aggregate 0 --mca opal_common_ucx_opal_mem_hooks 1 -x UCX_LOG_LEVEL=ERROR apptainer exec --bind /scratch /home/users/ntu/haiyen00/scratch/fyp/container/h5bench/h5bench_benchmarks.sif
2026-10-04 23:02:28,909 h5bench - INFO - mpirun -np 128 --map-by ppr:128:node --bind-to core --mca btl vader,self --mca btl_vader_single_copy_mechanism none --mca orte_base_help_aggregate 0 --mca opal_common_ucx_opal_mem_hooks 1 -x UCX_LOG_LEVEL=ERROR apptainer exec --bind /scratch /home/users/ntu/haiyen00/scratch/fyp/container/h5bench/h5bench_benchmarks.sif /opt/h5bench/install/bin/h5bench_write payload/container/interleaved_interleaved/e8e56328-25682150.pbs101/h5bench.cfg payload/container/interleaved_interleaved/h5bench_intra_container_interleaved_interleaved.h5
2026-10-04 23:02:46,722 h5bench - INFO - SUCCESS (all output files are located at payload/container/interleaved_interleaved/e8e56328-25682150.pbs101)
2026-10-04 23:02:46,723 h5bench - INFO - Runtime: 17.8147707 seconds (elapsed time, includes allocation wait time)
2026-10-04 23:02:46,723 h5bench - INFO - h5bench [write] - Complete
2026-10-04 23:02:46,723 h5bench - INFO - Finishing h5bench Suite
=== Lustre striping actually applied to payload/container/interleaved_interleaved ===
payload/container/interleaved_interleaved
stripe_count:  4 stripe_size:   1048576 pattern:       raid0 stripe_offset: -1 pool:          disk

payload/container/interleaved_interleaved/6657709d-25682150.pbs101
stripe_count:  4 stripe_size:   1048576 pattern:       raid0 stripe_offset: -1 pool:          disk

payload/container/interleaved_interleaved/ad81882c-25682150.pbs101
stripe_count:  4 stripe_size:   1048576 pattern:       raid0 stripe_offset: -1 pool:          disk

payload/container/interleaved_interleaved/99ae418f-25682150.pbs101
stripe_count:  4 stripe_size:   1048576 pattern:       raid0 stripe_offset: -1 pool:          disk

payload/container/interleaved_interleaved/1e3dbb49-25682150.pbs101
stripe_count:  4 stripe_size:   1048576 pattern:       raid0 stripe_offset: -1 pool:          disk

payload/container/interleaved_interleaved/9f58637b-25682150.pbs101
stripe_count:  4 stripe_size:   1048576 pattern:       raid0 stripe_offset: -1 pool:          disk

payload/container/interleaved_interleaved/h5bench_intra_container_interleaved_interleaved.h5
lmm_stripe_count:  4
lmm_stripe_size:   1048576
lmm_pattern:       raid0
lmm_layout_gen:    0
lmm_stripe_offset: 25
lmm_pool:          disk
	obdidx		 objid		 objid		 group
	    25	    1329218114	   0x4f3a4242	   0x900000400
	    26	    1333147919	   0x4f76390f	   0x8c0000400
	    28	    1334312013	   0x4f87fc4d	   0x980000400
	    30	    1329179533	   0x4f39ab8d	   0x9c0000400

payload/container/interleaved_interleaved/6af76742-25682150.pbs101
stripe_count:  4 stripe_size:   1048576 pattern:       raid0 stripe_offset: -1 pool:          disk

payload/container/interleaved_interleaved/848adfa5-25682150.pbs101
stripe_count:  4 stripe_size:   1048576 pattern:       raid0 stripe_offset: -1 pool:          disk

payload/container/interleaved_interleaved/2dc66ad3-25682150.pbs101
stripe_count:  4 stripe_size:   1048576 pattern:       raid0 stripe_offset: -1 pool:          disk

payload/container/interleaved_interleaved/7c8af14a-25682150.pbs101
stripe_count:  4 stripe_size:   1048576 pattern:       raid0 stripe_offset: -1 pool:          disk

payload/container/interleaved_interleaved/e8e56328-25682150.pbs101
stripe_count:  4 stripe_size:   1048576 pattern:       raid0 stripe_offset: -1 pool:          disk

Completed Successfully! 
