Currently Loaded Modulefiles:
  1) libfabric/1.11.0.4.125   3) apptainer/1.5.0
  2) openmpi/4.1.2-hpe
mpirun (Open MPI) 4.1.2

Report bugs to http://www.open-mpi.org/community/help/
apptainer version 1.5.0
=== Verifying Lustre striping layout for payload/container/contig_interleaved ===
payload/container/contig_interleaved
stripe_count:  4 stripe_size:   1048576 pattern:       raid0 stripe_offset: -1 pool:          disk

=================================================================
 Container Intra-Node Pattern Sweep: MEM=CONTIG FILE=INTERLEAVED NP=128 REPS=10 
=================================================================
--- Repetition 1/10 ---
+ /home/users/ntu/haiyen00/scratch/fyp/native/h5bench/h5bench/build/install/bin/h5bench -a -d -p /opt/h5bench/install/bin container/contig_interleaved/config_rep1.json

real	1m58.234s
user	17m44.613s
sys	177m47.416s
+ H5BENCH_EXIT=0
+ set +x
2026-10-05 21:33:25,728 h5bench - INFO - Starting h5bench Suite
2026-10-05 21:33:25,729 h5bench - WARNING - Base directory already exists: payload/container/contig_interleaved
2026-10-05 21:33:25,733 h5bench - INFO - Lustre support detected
2026-10-05 21:33:25,733 h5bench - DEBUG - Lustre stripping configuration: lfs setstripe -S 1M -c 4 payload/container/contig_interleaved
2026-10-05 21:33:25,737 h5bench - DEBUG - LD_LIBRARY_PATH: /app/apps/singularity/sup/squashfuse/0.6.1/lib:/app/apps/openmpi/4.1.2-hpe/lib:/opt/cray/libfabric/1.11.0.4.125/lib64
2026-10-05 21:33:25,737 h5bench - DEBUG - DYLD_LIBRARY_PATH: 
2026-10-05 21:33:25,737 h5bench - DEBUG - LD_PRELOAD: 
2026-10-05 21:33:25,737 h5bench - INFO - JOBID: 25693493.pbs101
2026-10-05 21:33:25,737 h5bench - INFO - h5bench [write] - Starting
2026-10-05 21:33:25,738 h5bench - INFO - h5bench [write] - DIR: payload/container/contig_interleaved/72950ca3-25693493.pbs101/
2026-10-05 21:33:25,738 h5bench - INFO - Parallel setup: mpirun -np 128 --map-by ppr:128:node --bind-to core --mca btl vader,self --mca btl_vader_single_copy_mechanism none --mca orte_base_help_aggregate 0 --mca opal_common_ucx_opal_mem_hooks 1 -x UCX_LOG_LEVEL=ERROR apptainer exec --bind /scratch /home/users/ntu/haiyen00/scratch/fyp/container/h5bench/h5bench_benchmarks.sif
2026-10-05 21:33:25,740 h5bench - INFO - mpirun -np 128 --map-by ppr:128:node --bind-to core --mca btl vader,self --mca btl_vader_single_copy_mechanism none --mca orte_base_help_aggregate 0 --mca opal_common_ucx_opal_mem_hooks 1 -x UCX_LOG_LEVEL=ERROR apptainer exec --bind /scratch /home/users/ntu/haiyen00/scratch/fyp/container/h5bench/h5bench_benchmarks.sif /opt/h5bench/install/bin/h5bench_write payload/container/contig_interleaved/72950ca3-25693493.pbs101/h5bench.cfg payload/container/contig_interleaved/h5bench_intra_container_contig_interleaved.h5
2026-10-05 21:35:23,823 h5bench - INFO - SUCCESS (all output files are located at payload/container/contig_interleaved/72950ca3-25693493.pbs101)
2026-10-05 21:35:23,824 h5bench - INFO - Runtime: 118.0854697 seconds (elapsed time, includes allocation wait time)
2026-10-05 21:35:23,824 h5bench - INFO - h5bench [write] - Complete
2026-10-05 21:35:23,824 h5bench - INFO - Finishing h5bench Suite
--- Repetition 2/10 ---
+ /home/users/ntu/haiyen00/scratch/fyp/native/h5bench/h5bench/build/install/bin/h5bench -a -d -p /opt/h5bench/install/bin container/contig_interleaved/config_rep2.json

real	1m55.839s
user	14m45.616s
sys	177m58.599s
+ H5BENCH_EXIT=0
+ set +x
2026-10-05 21:35:28,691 h5bench - INFO - Starting h5bench Suite
2026-10-05 21:35:28,693 h5bench - WARNING - Base directory already exists: payload/container/contig_interleaved
2026-10-05 21:35:28,697 h5bench - INFO - Lustre support detected
2026-10-05 21:35:28,697 h5bench - DEBUG - Lustre stripping configuration: lfs setstripe -S 1M -c 4 payload/container/contig_interleaved
2026-10-05 21:35:28,701 h5bench - DEBUG - LD_LIBRARY_PATH: /app/apps/singularity/sup/squashfuse/0.6.1/lib:/app/apps/openmpi/4.1.2-hpe/lib:/opt/cray/libfabric/1.11.0.4.125/lib64
2026-10-05 21:35:28,702 h5bench - DEBUG - DYLD_LIBRARY_PATH: 
2026-10-05 21:35:28,702 h5bench - DEBUG - LD_PRELOAD: 
2026-10-05 21:35:28,702 h5bench - INFO - JOBID: 25693493.pbs101
2026-10-05 21:35:28,703 h5bench - INFO - h5bench [write] - Starting
2026-10-05 21:35:28,703 h5bench - INFO - h5bench [write] - DIR: payload/container/contig_interleaved/e80e3401-25693493.pbs101/
2026-10-05 21:35:28,703 h5bench - INFO - Parallel setup: mpirun -np 128 --map-by ppr:128:node --bind-to core --mca btl vader,self --mca btl_vader_single_copy_mechanism none --mca orte_base_help_aggregate 0 --mca opal_common_ucx_opal_mem_hooks 1 -x UCX_LOG_LEVEL=ERROR apptainer exec --bind /scratch /home/users/ntu/haiyen00/scratch/fyp/container/h5bench/h5bench_benchmarks.sif
2026-10-05 21:35:28,704 h5bench - INFO - mpirun -np 128 --map-by ppr:128:node --bind-to core --mca btl vader,self --mca btl_vader_single_copy_mechanism none --mca orte_base_help_aggregate 0 --mca opal_common_ucx_opal_mem_hooks 1 -x UCX_LOG_LEVEL=ERROR apptainer exec --bind /scratch /home/users/ntu/haiyen00/scratch/fyp/container/h5bench/h5bench_benchmarks.sif /opt/h5bench/install/bin/h5bench_write payload/container/contig_interleaved/e80e3401-25693493.pbs101/h5bench.cfg payload/container/contig_interleaved/h5bench_intra_container_contig_interleaved.h5
2026-10-05 21:37:24,464 h5bench - INFO - SUCCESS (all output files are located at payload/container/contig_interleaved/e80e3401-25693493.pbs101)
2026-10-05 21:37:24,465 h5bench - INFO - Runtime: 115.7617290 seconds (elapsed time, includes allocation wait time)
2026-10-05 21:37:24,465 h5bench - INFO - h5bench [write] - Complete
2026-10-05 21:37:24,465 h5bench - INFO - Finishing h5bench Suite
--- Repetition 3/10 ---
+ /home/users/ntu/haiyen00/scratch/fyp/native/h5bench/h5bench/build/install/bin/h5bench -a -d -p /opt/h5bench/install/bin container/contig_interleaved/config_rep3.json

real	1m50.627s
user	12m28.359s
sys	171m56.518s
+ H5BENCH_EXIT=0
+ set +x
2026-10-05 21:37:29,413 h5bench - INFO - Starting h5bench Suite
2026-10-05 21:37:29,414 h5bench - WARNING - Base directory already exists: payload/container/contig_interleaved
2026-10-05 21:37:29,419 h5bench - INFO - Lustre support detected
2026-10-05 21:37:29,419 h5bench - DEBUG - Lustre stripping configuration: lfs setstripe -S 1M -c 4 payload/container/contig_interleaved
2026-10-05 21:37:29,424 h5bench - DEBUG - LD_LIBRARY_PATH: /app/apps/singularity/sup/squashfuse/0.6.1/lib:/app/apps/openmpi/4.1.2-hpe/lib:/opt/cray/libfabric/1.11.0.4.125/lib64
2026-10-05 21:37:29,425 h5bench - DEBUG - DYLD_LIBRARY_PATH: 
2026-10-05 21:37:29,425 h5bench - DEBUG - LD_PRELOAD: 
2026-10-05 21:37:29,425 h5bench - INFO - JOBID: 25693493.pbs101
2026-10-05 21:37:29,425 h5bench - INFO - h5bench [write] - Starting
2026-10-05 21:37:29,425 h5bench - INFO - h5bench [write] - DIR: payload/container/contig_interleaved/6fb4f299-25693493.pbs101/
2026-10-05 21:37:29,426 h5bench - INFO - Parallel setup: mpirun -np 128 --map-by ppr:128:node --bind-to core --mca btl vader,self --mca btl_vader_single_copy_mechanism none --mca orte_base_help_aggregate 0 --mca opal_common_ucx_opal_mem_hooks 1 -x UCX_LOG_LEVEL=ERROR apptainer exec --bind /scratch /home/users/ntu/haiyen00/scratch/fyp/container/h5bench/h5bench_benchmarks.sif
2026-10-05 21:37:29,427 h5bench - INFO - mpirun -np 128 --map-by ppr:128:node --bind-to core --mca btl vader,self --mca btl_vader_single_copy_mechanism none --mca orte_base_help_aggregate 0 --mca opal_common_ucx_opal_mem_hooks 1 -x UCX_LOG_LEVEL=ERROR apptainer exec --bind /scratch /home/users/ntu/haiyen00/scratch/fyp/container/h5bench/h5bench_benchmarks.sif /opt/h5bench/install/bin/h5bench_write payload/container/contig_interleaved/6fb4f299-25693493.pbs101/h5bench.cfg payload/container/contig_interleaved/h5bench_intra_container_contig_interleaved.h5
2026-10-05 21:39:19,981 h5bench - INFO - SUCCESS (all output files are located at payload/container/contig_interleaved/6fb4f299-25693493.pbs101)
2026-10-05 21:39:19,981 h5bench - INFO - Runtime: 110.5557692 seconds (elapsed time, includes allocation wait time)
2026-10-05 21:39:19,982 h5bench - INFO - h5bench [write] - Complete
2026-10-05 21:39:19,982 h5bench - INFO - Finishing h5bench Suite
--- Repetition 4/10 ---
+ /home/users/ntu/haiyen00/scratch/fyp/native/h5bench/h5bench/build/install/bin/h5bench -a -d -p /opt/h5bench/install/bin container/contig_interleaved/config_rep4.json

real	2m4.855s
user	14m3.448s
sys	195m35.490s
+ H5BENCH_EXIT=0
+ set +x
2026-10-05 21:39:25,304 h5bench - INFO - Starting h5bench Suite
2026-10-05 21:39:25,305 h5bench - WARNING - Base directory already exists: payload/container/contig_interleaved
2026-10-05 21:39:25,310 h5bench - INFO - Lustre support detected
2026-10-05 21:39:25,311 h5bench - DEBUG - Lustre stripping configuration: lfs setstripe -S 1M -c 4 payload/container/contig_interleaved
2026-10-05 21:39:25,315 h5bench - DEBUG - LD_LIBRARY_PATH: /app/apps/singularity/sup/squashfuse/0.6.1/lib:/app/apps/openmpi/4.1.2-hpe/lib:/opt/cray/libfabric/1.11.0.4.125/lib64
2026-10-05 21:39:25,315 h5bench - DEBUG - DYLD_LIBRARY_PATH: 
2026-10-05 21:39:25,316 h5bench - DEBUG - LD_PRELOAD: 
2026-10-05 21:39:25,316 h5bench - INFO - JOBID: 25693493.pbs101
2026-10-05 21:39:25,316 h5bench - INFO - h5bench [write] - Starting
2026-10-05 21:39:25,316 h5bench - INFO - h5bench [write] - DIR: payload/container/contig_interleaved/1783b235-25693493.pbs101/
2026-10-05 21:39:25,316 h5bench - INFO - Parallel setup: mpirun -np 128 --map-by ppr:128:node --bind-to core --mca btl vader,self --mca btl_vader_single_copy_mechanism none --mca orte_base_help_aggregate 0 --mca opal_common_ucx_opal_mem_hooks 1 -x UCX_LOG_LEVEL=ERROR apptainer exec --bind /scratch /home/users/ntu/haiyen00/scratch/fyp/container/h5bench/h5bench_benchmarks.sif
2026-10-05 21:39:25,318 h5bench - INFO - mpirun -np 128 --map-by ppr:128:node --bind-to core --mca btl vader,self --mca btl_vader_single_copy_mechanism none --mca orte_base_help_aggregate 0 --mca opal_common_ucx_opal_mem_hooks 1 -x UCX_LOG_LEVEL=ERROR apptainer exec --bind /scratch /home/users/ntu/haiyen00/scratch/fyp/container/h5bench/h5bench_benchmarks.sif /opt/h5bench/install/bin/h5bench_write payload/container/contig_interleaved/1783b235-25693493.pbs101/h5bench.cfg payload/container/contig_interleaved/h5bench_intra_container_contig_interleaved.h5
2026-10-05 21:41:30,099 h5bench - INFO - SUCCESS (all output files are located at payload/container/contig_interleaved/1783b235-25693493.pbs101)
2026-10-05 21:41:30,099 h5bench - INFO - Runtime: 124.7827876 seconds (elapsed time, includes allocation wait time)
2026-10-05 21:41:30,100 h5bench - INFO - h5bench [write] - Complete
2026-10-05 21:41:30,100 h5bench - INFO - Finishing h5bench Suite
--- Repetition 5/10 ---
+ /home/users/ntu/haiyen00/scratch/fyp/native/h5bench/h5bench/build/install/bin/h5bench -a -d -p /opt/h5bench/install/bin container/contig_interleaved/config_rep5.json

real	1m56.115s
user	12m24.604s
sys	175m50.593s
+ H5BENCH_EXIT=0
+ set +x
2026-10-05 21:41:34,265 h5bench - INFO - Starting h5bench Suite
2026-10-05 21:41:34,267 h5bench - WARNING - Base directory already exists: payload/container/contig_interleaved
2026-10-05 21:41:34,272 h5bench - INFO - Lustre support detected
2026-10-05 21:41:34,273 h5bench - DEBUG - Lustre stripping configuration: lfs setstripe -S 1M -c 4 payload/container/contig_interleaved
2026-10-05 21:41:34,277 h5bench - DEBUG - LD_LIBRARY_PATH: /app/apps/singularity/sup/squashfuse/0.6.1/lib:/app/apps/openmpi/4.1.2-hpe/lib:/opt/cray/libfabric/1.11.0.4.125/lib64
2026-10-05 21:41:34,278 h5bench - DEBUG - DYLD_LIBRARY_PATH: 
2026-10-05 21:41:34,278 h5bench - DEBUG - LD_PRELOAD: 
2026-10-05 21:41:34,278 h5bench - INFO - JOBID: 25693493.pbs101
2026-10-05 21:41:34,278 h5bench - INFO - h5bench [write] - Starting
2026-10-05 21:41:34,278 h5bench - INFO - h5bench [write] - DIR: payload/container/contig_interleaved/8c3059e5-25693493.pbs101/
2026-10-05 21:41:34,279 h5bench - INFO - Parallel setup: mpirun -np 128 --map-by ppr:128:node --bind-to core --mca btl vader,self --mca btl_vader_single_copy_mechanism none --mca orte_base_help_aggregate 0 --mca opal_common_ucx_opal_mem_hooks 1 -x UCX_LOG_LEVEL=ERROR apptainer exec --bind /scratch /home/users/ntu/haiyen00/scratch/fyp/container/h5bench/h5bench_benchmarks.sif
2026-10-05 21:41:34,280 h5bench - INFO - mpirun -np 128 --map-by ppr:128:node --bind-to core --mca btl vader,self --mca btl_vader_single_copy_mechanism none --mca orte_base_help_aggregate 0 --mca opal_common_ucx_opal_mem_hooks 1 -x UCX_LOG_LEVEL=ERROR apptainer exec --bind /scratch /home/users/ntu/haiyen00/scratch/fyp/container/h5bench/h5bench_benchmarks.sif /opt/h5bench/install/bin/h5bench_write payload/container/contig_interleaved/8c3059e5-25693493.pbs101/h5bench.cfg payload/container/contig_interleaved/h5bench_intra_container_contig_interleaved.h5
2026-10-05 21:43:30,319 h5bench - INFO - SUCCESS (all output files are located at payload/container/contig_interleaved/8c3059e5-25693493.pbs101)
2026-10-05 21:43:30,319 h5bench - INFO - Runtime: 116.0403728 seconds (elapsed time, includes allocation wait time)
2026-10-05 21:43:30,320 h5bench - INFO - h5bench [write] - Complete
2026-10-05 21:43:30,320 h5bench - INFO - Finishing h5bench Suite
--- Repetition 6/10 ---
+ /home/users/ntu/haiyen00/scratch/fyp/native/h5bench/h5bench/build/install/bin/h5bench -a -d -p /opt/h5bench/install/bin container/contig_interleaved/config_rep6.json

real	1m49.246s
user	9m17.818s
sys	188m7.071s
+ H5BENCH_EXIT=0
+ set +x
2026-10-05 21:43:35,562 h5bench - INFO - Starting h5bench Suite
2026-10-05 21:43:35,563 h5bench - WARNING - Base directory already exists: payload/container/contig_interleaved
2026-10-05 21:43:35,569 h5bench - INFO - Lustre support detected
2026-10-05 21:43:35,569 h5bench - DEBUG - Lustre stripping configuration: lfs setstripe -S 1M -c 4 payload/container/contig_interleaved
2026-10-05 21:43:35,574 h5bench - DEBUG - LD_LIBRARY_PATH: /app/apps/singularity/sup/squashfuse/0.6.1/lib:/app/apps/openmpi/4.1.2-hpe/lib:/opt/cray/libfabric/1.11.0.4.125/lib64
2026-10-05 21:43:35,574 h5bench - DEBUG - DYLD_LIBRARY_PATH: 
2026-10-05 21:43:35,574 h5bench - DEBUG - LD_PRELOAD: 
2026-10-05 21:43:35,574 h5bench - INFO - JOBID: 25693493.pbs101
2026-10-05 21:43:35,574 h5bench - INFO - h5bench [write] - Starting
2026-10-05 21:43:35,575 h5bench - INFO - h5bench [write] - DIR: payload/container/contig_interleaved/68368112-25693493.pbs101/
2026-10-05 21:43:35,575 h5bench - INFO - Parallel setup: mpirun -np 128 --map-by ppr:128:node --bind-to core --mca btl vader,self --mca btl_vader_single_copy_mechanism none --mca orte_base_help_aggregate 0 --mca opal_common_ucx_opal_mem_hooks 1 -x UCX_LOG_LEVEL=ERROR apptainer exec --bind /scratch /home/users/ntu/haiyen00/scratch/fyp/container/h5bench/h5bench_benchmarks.sif
2026-10-05 21:43:35,576 h5bench - INFO - mpirun -np 128 --map-by ppr:128:node --bind-to core --mca btl vader,self --mca btl_vader_single_copy_mechanism none --mca orte_base_help_aggregate 0 --mca opal_common_ucx_opal_mem_hooks 1 -x UCX_LOG_LEVEL=ERROR apptainer exec --bind /scratch /home/users/ntu/haiyen00/scratch/fyp/container/h5bench/h5bench_benchmarks.sif /opt/h5bench/install/bin/h5bench_write payload/container/contig_interleaved/68368112-25693493.pbs101/h5bench.cfg payload/container/contig_interleaved/h5bench_intra_container_contig_interleaved.h5
2026-10-05 21:45:24,747 h5bench - INFO - SUCCESS (all output files are located at payload/container/contig_interleaved/68368112-25693493.pbs101)
2026-10-05 21:45:24,747 h5bench - INFO - Runtime: 109.1723173 seconds (elapsed time, includes allocation wait time)
2026-10-05 21:45:24,748 h5bench - INFO - h5bench [write] - Complete
2026-10-05 21:45:24,748 h5bench - INFO - Finishing h5bench Suite
--- Repetition 7/10 ---
+ /home/users/ntu/haiyen00/scratch/fyp/native/h5bench/h5bench/build/install/bin/h5bench -a -d -p /opt/h5bench/install/bin container/contig_interleaved/config_rep7.json

real	1m54.091s
user	16m14.592s
sys	175m5.124s
+ H5BENCH_EXIT=0
+ set +x
2026-10-05 21:45:29,599 h5bench - INFO - Starting h5bench Suite
2026-10-05 21:45:29,600 h5bench - WARNING - Base directory already exists: payload/container/contig_interleaved
2026-10-05 21:45:29,606 h5bench - INFO - Lustre support detected
2026-10-05 21:45:29,607 h5bench - DEBUG - Lustre stripping configuration: lfs setstripe -S 1M -c 4 payload/container/contig_interleaved
2026-10-05 21:45:29,611 h5bench - DEBUG - LD_LIBRARY_PATH: /app/apps/singularity/sup/squashfuse/0.6.1/lib:/app/apps/openmpi/4.1.2-hpe/lib:/opt/cray/libfabric/1.11.0.4.125/lib64
2026-10-05 21:45:29,612 h5bench - DEBUG - DYLD_LIBRARY_PATH: 
2026-10-05 21:45:29,612 h5bench - DEBUG - LD_PRELOAD: 
2026-10-05 21:45:29,612 h5bench - INFO - JOBID: 25693493.pbs101
2026-10-05 21:45:29,612 h5bench - INFO - h5bench [write] - Starting
2026-10-05 21:45:29,612 h5bench - INFO - h5bench [write] - DIR: payload/container/contig_interleaved/ecddaa18-25693493.pbs101/
2026-10-05 21:45:29,613 h5bench - INFO - Parallel setup: mpirun -np 128 --map-by ppr:128:node --bind-to core --mca btl vader,self --mca btl_vader_single_copy_mechanism none --mca orte_base_help_aggregate 0 --mca opal_common_ucx_opal_mem_hooks 1 -x UCX_LOG_LEVEL=ERROR apptainer exec --bind /scratch /home/users/ntu/haiyen00/scratch/fyp/container/h5bench/h5bench_benchmarks.sif
2026-10-05 21:45:29,614 h5bench - INFO - mpirun -np 128 --map-by ppr:128:node --bind-to core --mca btl vader,self --mca btl_vader_single_copy_mechanism none --mca orte_base_help_aggregate 0 --mca opal_common_ucx_opal_mem_hooks 1 -x UCX_LOG_LEVEL=ERROR apptainer exec --bind /scratch /home/users/ntu/haiyen00/scratch/fyp/container/h5bench/h5bench_benchmarks.sif /opt/h5bench/install/bin/h5bench_write payload/container/contig_interleaved/ecddaa18-25693493.pbs101/h5bench.cfg payload/container/contig_interleaved/h5bench_intra_container_contig_interleaved.h5
2026-10-05 21:47:23,628 h5bench - INFO - SUCCESS (all output files are located at payload/container/contig_interleaved/ecddaa18-25693493.pbs101)
2026-10-05 21:47:23,628 h5bench - INFO - Runtime: 114.0155210 seconds (elapsed time, includes allocation wait time)
2026-10-05 21:47:23,629 h5bench - INFO - h5bench [write] - Complete
2026-10-05 21:47:23,629 h5bench - INFO - Finishing h5bench Suite
--- Repetition 8/10 ---
+ /home/users/ntu/haiyen00/scratch/fyp/native/h5bench/h5bench/build/install/bin/h5bench -a -d -p /opt/h5bench/install/bin container/contig_interleaved/config_rep8.json

real	1m52.535s
user	10m43.891s
sys	182m7.062s
+ H5BENCH_EXIT=0
+ set +x
2026-10-05 21:47:28,297 h5bench - INFO - Starting h5bench Suite
2026-10-05 21:47:28,298 h5bench - WARNING - Base directory already exists: payload/container/contig_interleaved
2026-10-05 21:47:28,305 h5bench - INFO - Lustre support detected
2026-10-05 21:47:28,305 h5bench - DEBUG - Lustre stripping configuration: lfs setstripe -S 1M -c 4 payload/container/contig_interleaved
2026-10-05 21:47:28,310 h5bench - DEBUG - LD_LIBRARY_PATH: /app/apps/singularity/sup/squashfuse/0.6.1/lib:/app/apps/openmpi/4.1.2-hpe/lib:/opt/cray/libfabric/1.11.0.4.125/lib64
2026-10-05 21:47:28,310 h5bench - DEBUG - DYLD_LIBRARY_PATH: 
2026-10-05 21:47:28,310 h5bench - DEBUG - LD_PRELOAD: 
2026-10-05 21:47:28,311 h5bench - INFO - JOBID: 25693493.pbs101
2026-10-05 21:47:28,311 h5bench - INFO - h5bench [write] - Starting
2026-10-05 21:47:28,311 h5bench - INFO - h5bench [write] - DIR: payload/container/contig_interleaved/697791a5-25693493.pbs101/
2026-10-05 21:47:28,311 h5bench - INFO - Parallel setup: mpirun -np 128 --map-by ppr:128:node --bind-to core --mca btl vader,self --mca btl_vader_single_copy_mechanism none --mca orte_base_help_aggregate 0 --mca opal_common_ucx_opal_mem_hooks 1 -x UCX_LOG_LEVEL=ERROR apptainer exec --bind /scratch /home/users/ntu/haiyen00/scratch/fyp/container/h5bench/h5bench_benchmarks.sif
2026-10-05 21:47:28,313 h5bench - INFO - mpirun -np 128 --map-by ppr:128:node --bind-to core --mca btl vader,self --mca btl_vader_single_copy_mechanism none --mca orte_base_help_aggregate 0 --mca opal_common_ucx_opal_mem_hooks 1 -x UCX_LOG_LEVEL=ERROR apptainer exec --bind /scratch /home/users/ntu/haiyen00/scratch/fyp/container/h5bench/h5bench_benchmarks.sif /opt/h5bench/install/bin/h5bench_write payload/container/contig_interleaved/697791a5-25693493.pbs101/h5bench.cfg payload/container/contig_interleaved/h5bench_intra_container_contig_interleaved.h5
2026-10-05 21:49:20,739 h5bench - INFO - SUCCESS (all output files are located at payload/container/contig_interleaved/697791a5-25693493.pbs101)
2026-10-05 21:49:20,765 h5bench - INFO - Runtime: 112.4536707 seconds (elapsed time, includes allocation wait time)
2026-10-05 21:49:20,765 h5bench - INFO - h5bench [write] - Complete
2026-10-05 21:49:20,765 h5bench - INFO - Finishing h5bench Suite
--- Repetition 9/10 ---
+ /home/users/ntu/haiyen00/scratch/fyp/native/h5bench/h5bench/build/install/bin/h5bench -a -d -p /opt/h5bench/install/bin container/contig_interleaved/config_rep9.json

real	1m54.866s
user	17m16.853s
sys	178m0.572s
+ H5BENCH_EXIT=0
+ set +x
2026-10-05 21:49:25,315 h5bench - INFO - Starting h5bench Suite
2026-10-05 21:49:25,317 h5bench - WARNING - Base directory already exists: payload/container/contig_interleaved
2026-10-05 21:49:25,323 h5bench - INFO - Lustre support detected
2026-10-05 21:49:25,324 h5bench - DEBUG - Lustre stripping configuration: lfs setstripe -S 1M -c 4 payload/container/contig_interleaved
2026-10-05 21:49:25,328 h5bench - DEBUG - LD_LIBRARY_PATH: /app/apps/singularity/sup/squashfuse/0.6.1/lib:/app/apps/openmpi/4.1.2-hpe/lib:/opt/cray/libfabric/1.11.0.4.125/lib64
2026-10-05 21:49:25,329 h5bench - DEBUG - DYLD_LIBRARY_PATH: 
2026-10-05 21:49:25,329 h5bench - DEBUG - LD_PRELOAD: 
2026-10-05 21:49:25,329 h5bench - INFO - JOBID: 25693493.pbs101
2026-10-05 21:49:25,329 h5bench - INFO - h5bench [write] - Starting
2026-10-05 21:49:25,329 h5bench - INFO - h5bench [write] - DIR: payload/container/contig_interleaved/28e78c0b-25693493.pbs101/
2026-10-05 21:49:25,330 h5bench - INFO - Parallel setup: mpirun -np 128 --map-by ppr:128:node --bind-to core --mca btl vader,self --mca btl_vader_single_copy_mechanism none --mca orte_base_help_aggregate 0 --mca opal_common_ucx_opal_mem_hooks 1 -x UCX_LOG_LEVEL=ERROR apptainer exec --bind /scratch /home/users/ntu/haiyen00/scratch/fyp/container/h5bench/h5bench_benchmarks.sif
2026-10-05 21:49:25,331 h5bench - INFO - mpirun -np 128 --map-by ppr:128:node --bind-to core --mca btl vader,self --mca btl_vader_single_copy_mechanism none --mca orte_base_help_aggregate 0 --mca opal_common_ucx_opal_mem_hooks 1 -x UCX_LOG_LEVEL=ERROR apptainer exec --bind /scratch /home/users/ntu/haiyen00/scratch/fyp/container/h5bench/h5bench_benchmarks.sif /opt/h5bench/install/bin/h5bench_write payload/container/contig_interleaved/28e78c0b-25693493.pbs101/h5bench.cfg payload/container/contig_interleaved/h5bench_intra_container_contig_interleaved.h5
2026-10-05 21:51:20,122 h5bench - INFO - SUCCESS (all output files are located at payload/container/contig_interleaved/28e78c0b-25693493.pbs101)
2026-10-05 21:51:20,123 h5bench - INFO - Runtime: 114.7924619 seconds (elapsed time, includes allocation wait time)
2026-10-05 21:51:20,123 h5bench - INFO - h5bench [write] - Complete
2026-10-05 21:51:20,123 h5bench - INFO - Finishing h5bench Suite
--- Repetition 10/10 ---
+ /home/users/ntu/haiyen00/scratch/fyp/native/h5bench/h5bench/build/install/bin/h5bench -a -d -p /opt/h5bench/install/bin container/contig_interleaved/config_rep10.json

real	1m53.046s
user	10m18.607s
sys	179m14.132s
+ H5BENCH_EXIT=0
+ set +x
2026-10-05 21:51:26,197 h5bench - INFO - Starting h5bench Suite
2026-10-05 21:51:26,199 h5bench - WARNING - Base directory already exists: payload/container/contig_interleaved
2026-10-05 21:51:26,206 h5bench - INFO - Lustre support detected
2026-10-05 21:51:26,206 h5bench - DEBUG - Lustre stripping configuration: lfs setstripe -S 1M -c 4 payload/container/contig_interleaved
2026-10-05 21:51:26,210 h5bench - DEBUG - LD_LIBRARY_PATH: /app/apps/singularity/sup/squashfuse/0.6.1/lib:/app/apps/openmpi/4.1.2-hpe/lib:/opt/cray/libfabric/1.11.0.4.125/lib64
2026-10-05 21:51:26,211 h5bench - DEBUG - DYLD_LIBRARY_PATH: 
2026-10-05 21:51:26,211 h5bench - DEBUG - LD_PRELOAD: 
2026-10-05 21:51:26,211 h5bench - INFO - JOBID: 25693493.pbs101
2026-10-05 21:51:26,211 h5bench - INFO - h5bench [write] - Starting
2026-10-05 21:51:26,211 h5bench - INFO - h5bench [write] - DIR: payload/container/contig_interleaved/8209456d-25693493.pbs101/
2026-10-05 21:51:26,212 h5bench - INFO - Parallel setup: mpirun -np 128 --map-by ppr:128:node --bind-to core --mca btl vader,self --mca btl_vader_single_copy_mechanism none --mca orte_base_help_aggregate 0 --mca opal_common_ucx_opal_mem_hooks 1 -x UCX_LOG_LEVEL=ERROR apptainer exec --bind /scratch /home/users/ntu/haiyen00/scratch/fyp/container/h5bench/h5bench_benchmarks.sif
2026-10-05 21:51:26,213 h5bench - INFO - mpirun -np 128 --map-by ppr:128:node --bind-to core --mca btl vader,self --mca btl_vader_single_copy_mechanism none --mca orte_base_help_aggregate 0 --mca opal_common_ucx_opal_mem_hooks 1 -x UCX_LOG_LEVEL=ERROR apptainer exec --bind /scratch /home/users/ntu/haiyen00/scratch/fyp/container/h5bench/h5bench_benchmarks.sif /opt/h5bench/install/bin/h5bench_write payload/container/contig_interleaved/8209456d-25693493.pbs101/h5bench.cfg payload/container/contig_interleaved/h5bench_intra_container_contig_interleaved.h5
2026-10-05 21:53:19,183 h5bench - INFO - SUCCESS (all output files are located at payload/container/contig_interleaved/8209456d-25693493.pbs101)
2026-10-05 21:53:19,184 h5bench - INFO - Runtime: 112.9717515 seconds (elapsed time, includes allocation wait time)
2026-10-05 21:53:19,184 h5bench - INFO - h5bench [write] - Complete
2026-10-05 21:53:19,184 h5bench - INFO - Finishing h5bench Suite
=== Lustre striping actually applied to payload/container/contig_interleaved ===
payload/container/contig_interleaved
stripe_count:  4 stripe_size:   1048576 pattern:       raid0 stripe_offset: -1 pool:          disk

payload/container/contig_interleaved/8c3059e5-25693493.pbs101
stripe_count:  4 stripe_size:   1048576 pattern:       raid0 stripe_offset: -1 pool:          disk

payload/container/contig_interleaved/697791a5-25693493.pbs101
stripe_count:  4 stripe_size:   1048576 pattern:       raid0 stripe_offset: -1 pool:          disk

payload/container/contig_interleaved/6fb4f299-25693493.pbs101
stripe_count:  4 stripe_size:   1048576 pattern:       raid0 stripe_offset: -1 pool:          disk

payload/container/contig_interleaved/h5bench_intra_container_contig_interleaved.h5
lmm_stripe_count:  4
lmm_stripe_size:   1048576
lmm_pattern:       raid0
lmm_layout_gen:    0
lmm_stripe_offset: 18
lmm_pool:          disk
	obdidx		 objid		 objid		 group
	    18	    1330744439	   0x4f518c77	   0x6c0000400
	    20	    1331101620	   0x4f56ffb4	   0x780000400
	    22	    1331147630	   0x4f57b36e	   0x7c0000400
	    24	    1330949261	   0x4f54ac8d	   0x880000400

payload/container/contig_interleaved/28e78c0b-25693493.pbs101
stripe_count:  4 stripe_size:   1048576 pattern:       raid0 stripe_offset: -1 pool:          disk

payload/container/contig_interleaved/e80e3401-25693493.pbs101
stripe_count:  4 stripe_size:   1048576 pattern:       raid0 stripe_offset: -1 pool:          disk

payload/container/contig_interleaved/1783b235-25693493.pbs101
stripe_count:  4 stripe_size:   1048576 pattern:       raid0 stripe_offset: -1 pool:          disk

payload/container/contig_interleaved/ecddaa18-25693493.pbs101
stripe_count:  4 stripe_size:   1048576 pattern:       raid0 stripe_offset: -1 pool:          disk

payload/container/contig_interleaved/68368112-25693493.pbs101
stripe_count:  4 stripe_size:   1048576 pattern:       raid0 stripe_offset: -1 pool:          disk

payload/container/contig_interleaved/8209456d-25693493.pbs101
stripe_count:  4 stripe_size:   1048576 pattern:       raid0 stripe_offset: -1 pool:          disk

payload/container/contig_interleaved/72950ca3-25693493.pbs101
stripe_count:  4 stripe_size:   1048576 pattern:       raid0 stripe_offset: -1 pool:          disk

Completed Successfully! 
