2026-10-06 03:46:44,759 h5bench - INFO - Starting h5bench Suite
2026-10-06 03:46:44,760 h5bench - WARNING - Base directory already exists: payload/container/dyes_mno
2026-10-06 03:46:44,769 h5bench - INFO - Lustre support detected
2026-10-06 03:46:44,770 h5bench - DEBUG - Lustre stripping configuration: lfs setstripe -S 1M -c 4 payload/container/dyes_mno
2026-10-06 03:46:44,774 h5bench - DEBUG - LD_LIBRARY_PATH: /app/apps/singularity/sup/squashfuse/0.6.1/lib:/app/apps/openmpi/4.1.2-hpe/lib:/opt/cray/libfabric/1.11.0.4.125/lib64
2026-10-06 03:46:44,774 h5bench - DEBUG - DYLD_LIBRARY_PATH: 
2026-10-06 03:46:44,775 h5bench - DEBUG - LD_PRELOAD: 
2026-10-06 03:46:44,775 h5bench - INFO - JOBID: 25696086.pbs101
2026-10-06 03:46:44,775 h5bench - INFO - h5bench [write] - Starting
2026-10-06 03:46:44,775 h5bench - INFO - h5bench [write] - DIR: payload/container/dyes_mno/a1b46f47-25696086.pbs101/
2026-10-06 03:46:44,776 h5bench - INFO - Parallel setup: mpirun -np 256 --map-by ppr:128:node --bind-to core --mca btl vader,tcp,self --mca btl_vader_single_copy_mechanism none --mca btl_tcp_if_include hsn0 --mca oob_tcp_if_include hsn0 --mca orte_base_help_aggregate 0 --mca opal_common_ucx_opal_mem_hooks 1 -x UCX_LOG_LEVEL=ERROR apptainer exec --bind /scratch /home/users/ntu/haiyen00/scratch/fyp/container/h5bench/h5bench_benchmarks.sif
2026-10-06 03:46:44,777 h5bench - INFO - mpirun -np 256 --map-by ppr:128:node --bind-to core --mca btl vader,tcp,self --mca btl_vader_single_copy_mechanism none --mca btl_tcp_if_include hsn0 --mca oob_tcp_if_include hsn0 --mca orte_base_help_aggregate 0 --mca opal_common_ucx_opal_mem_hooks 1 -x UCX_LOG_LEVEL=ERROR apptainer exec --bind /scratch /home/users/ntu/haiyen00/scratch/fyp/container/h5bench/h5bench_benchmarks.sif /opt/h5bench/install/bin/h5bench_write payload/container/dyes_mno/a1b46f47-25696086.pbs101/h5bench.cfg payload/container/dyes_mno/h5bench_collective_container_dyes_mno.h5
2026-10-06 03:47:11,225 h5bench - INFO - SUCCESS (all output files are located at payload/container/dyes_mno/a1b46f47-25696086.pbs101)
2026-10-06 03:47:11,226 h5bench - INFO - Runtime: 26.4500957 seconds (elapsed time, includes allocation wait time)
2026-10-06 03:47:11,226 h5bench - INFO - h5bench [write] - Complete
2026-10-06 03:47:11,226 h5bench - INFO - JOBID: 25696086.pbs101
2026-10-06 03:47:11,226 h5bench - INFO - h5bench [read] - Starting
2026-10-06 03:47:11,226 h5bench - INFO - h5bench [read] - DIR: payload/container/dyes_mno/92ec32af-25696086.pbs101/
2026-10-06 03:47:11,227 h5bench - INFO - Parallel setup: mpirun -np 256 --map-by ppr:128:node --bind-to core --mca btl vader,tcp,self --mca btl_vader_single_copy_mechanism none --mca btl_tcp_if_include hsn0 --mca oob_tcp_if_include hsn0 --mca orte_base_help_aggregate 0 --mca opal_common_ucx_opal_mem_hooks 1 -x UCX_LOG_LEVEL=ERROR apptainer exec --bind /scratch /home/users/ntu/haiyen00/scratch/fyp/container/h5bench/h5bench_benchmarks.sif
2026-10-06 03:47:11,228 h5bench - INFO - mpirun -np 256 --map-by ppr:128:node --bind-to core --mca btl vader,tcp,self --mca btl_vader_single_copy_mechanism none --mca btl_tcp_if_include hsn0 --mca oob_tcp_if_include hsn0 --mca orte_base_help_aggregate 0 --mca opal_common_ucx_opal_mem_hooks 1 -x UCX_LOG_LEVEL=ERROR apptainer exec --bind /scratch /home/users/ntu/haiyen00/scratch/fyp/container/h5bench/h5bench_benchmarks.sif /opt/h5bench/install/bin/h5bench_read payload/container/dyes_mno/92ec32af-25696086.pbs101/h5bench.cfg payload/container/dyes_mno/h5bench_collective_container_dyes_mno.h5
2026-10-06 03:47:31,139 h5bench - INFO - SUCCESS (all output files are located at payload/container/dyes_mno/92ec32af-25696086.pbs101)
2026-10-06 03:47:31,140 h5bench - INFO - Runtime: 19.9124911 seconds (elapsed time, includes allocation wait time)
2026-10-06 03:47:31,140 h5bench - INFO - h5bench [read] - Complete
2026-10-06 03:47:31,140 h5bench - INFO - Finishing h5bench Suite
