2026-10-04 23:17:53,256 h5bench - INFO - Starting h5bench Suite
2026-10-04 23:17:53,257 h5bench - WARNING - Base directory already exists: payload/container/dyes_mno
2026-10-04 23:17:53,262 h5bench - INFO - Lustre support detected
2026-10-04 23:17:53,263 h5bench - DEBUG - Lustre stripping configuration: lfs setstripe -S 1M -c 4 payload/container/dyes_mno
2026-10-04 23:17:53,268 h5bench - DEBUG - LD_LIBRARY_PATH: /app/apps/singularity/sup/squashfuse/0.6.1/lib:/app/apps/openmpi/4.1.2-hpe/lib:/opt/cray/libfabric/1.11.0.4.125/lib64
2026-10-04 23:17:53,268 h5bench - DEBUG - DYLD_LIBRARY_PATH: 
2026-10-04 23:17:53,269 h5bench - DEBUG - LD_PRELOAD: 
2026-10-04 23:17:53,269 h5bench - INFO - JOBID: 25682615.pbs101
2026-10-04 23:17:53,269 h5bench - INFO - h5bench [write] - Starting
2026-10-04 23:17:53,269 h5bench - INFO - h5bench [write] - DIR: payload/container/dyes_mno/fb7d5732-25682615.pbs101/
2026-10-04 23:17:53,269 h5bench - INFO - Parallel setup: mpirun -np 256 --map-by ppr:128:node --bind-to core --mca btl vader,tcp,self --mca btl_vader_single_copy_mechanism none --mca btl_tcp_if_include hsn0 --mca oob_tcp_if_include hsn0 --mca orte_base_help_aggregate 0 --mca opal_common_ucx_opal_mem_hooks 1 -x UCX_LOG_LEVEL=ERROR apptainer exec --bind /scratch /home/users/ntu/haiyen00/scratch/fyp/container/h5bench/h5bench_benchmarks.sif
2026-10-04 23:17:53,271 h5bench - INFO - mpirun -np 256 --map-by ppr:128:node --bind-to core --mca btl vader,tcp,self --mca btl_vader_single_copy_mechanism none --mca btl_tcp_if_include hsn0 --mca oob_tcp_if_include hsn0 --mca orte_base_help_aggregate 0 --mca opal_common_ucx_opal_mem_hooks 1 -x UCX_LOG_LEVEL=ERROR apptainer exec --bind /scratch /home/users/ntu/haiyen00/scratch/fyp/container/h5bench/h5bench_benchmarks.sif /opt/h5bench/install/bin/h5bench_write payload/container/dyes_mno/fb7d5732-25682615.pbs101/h5bench.cfg payload/container/dyes_mno/h5bench_collective_container_dyes_mno.h5
2026-10-04 23:18:19,482 h5bench - INFO - SUCCESS (all output files are located at payload/container/dyes_mno/fb7d5732-25682615.pbs101)
2026-10-04 23:18:19,482 h5bench - INFO - Runtime: 26.2128558 seconds (elapsed time, includes allocation wait time)
2026-10-04 23:18:19,483 h5bench - INFO - h5bench [write] - Complete
2026-10-04 23:18:19,483 h5bench - INFO - JOBID: 25682615.pbs101
2026-10-04 23:18:19,483 h5bench - INFO - h5bench [read] - Starting
2026-10-04 23:18:19,483 h5bench - INFO - h5bench [read] - DIR: payload/container/dyes_mno/ecf25f26-25682615.pbs101/
2026-10-04 23:18:19,484 h5bench - INFO - Parallel setup: mpirun -np 256 --map-by ppr:128:node --bind-to core --mca btl vader,tcp,self --mca btl_vader_single_copy_mechanism none --mca btl_tcp_if_include hsn0 --mca oob_tcp_if_include hsn0 --mca orte_base_help_aggregate 0 --mca opal_common_ucx_opal_mem_hooks 1 -x UCX_LOG_LEVEL=ERROR apptainer exec --bind /scratch /home/users/ntu/haiyen00/scratch/fyp/container/h5bench/h5bench_benchmarks.sif
2026-10-04 23:18:19,485 h5bench - INFO - mpirun -np 256 --map-by ppr:128:node --bind-to core --mca btl vader,tcp,self --mca btl_vader_single_copy_mechanism none --mca btl_tcp_if_include hsn0 --mca oob_tcp_if_include hsn0 --mca orte_base_help_aggregate 0 --mca opal_common_ucx_opal_mem_hooks 1 -x UCX_LOG_LEVEL=ERROR apptainer exec --bind /scratch /home/users/ntu/haiyen00/scratch/fyp/container/h5bench/h5bench_benchmarks.sif /opt/h5bench/install/bin/h5bench_read payload/container/dyes_mno/ecf25f26-25682615.pbs101/h5bench.cfg payload/container/dyes_mno/h5bench_collective_container_dyes_mno.h5
2026-10-04 23:18:40,693 h5bench - INFO - SUCCESS (all output files are located at payload/container/dyes_mno/ecf25f26-25682615.pbs101)
2026-10-04 23:18:40,693 h5bench - INFO - Runtime: 21.2095568 seconds (elapsed time, includes allocation wait time)
2026-10-04 23:18:40,693 h5bench - INFO - h5bench [read] - Complete
2026-10-04 23:18:40,694 h5bench - INFO - Finishing h5bench Suite
