2026-10-06 01:11:19,231 h5bench - INFO - Starting h5bench Suite
2026-10-06 01:11:19,232 h5bench - WARNING - Base directory already exists: payload/native/n8
2026-10-06 01:11:19,242 h5bench - INFO - Lustre support detected
2026-10-06 01:11:19,242 h5bench - DEBUG - Lustre stripping configuration: lfs setstripe -S 1M -c 4 payload/native/n8
2026-10-06 01:11:19,248 h5bench - DEBUG - LD_LIBRARY_PATH: /app/libs/hdf5/1.12.1-parallel-icc22-ompi4/lib:/app/apps/openmpi/4.1.2-hpe/lib:/app/apps/oneapi/2022.1.2/mkl/2022.0.2/lib/intel64:/app/apps/oneapi/2022.1.2/compiler/2022.0.2/linux/lib:/app/apps/oneapi/2022.1.2/compiler/2022.0.2/linux/lib/x64:/app/apps/oneapi/2022.1.2/compiler/2022.0.2/linux/lib/oclfpga/host/linux64/lib:/app/apps/oneapi/2022.1.2/compiler/2022.0.2/linux/compiler/lib/intel64_lin:/opt/cray/libfabric/1.11.0.4.125/lib64
2026-10-06 01:11:19,249 h5bench - DEBUG - DYLD_LIBRARY_PATH: 
2026-10-06 01:11:19,249 h5bench - DEBUG - LD_PRELOAD: 
2026-10-06 01:11:19,249 h5bench - INFO - JOBID: 25694908.pbs101
2026-10-06 01:11:19,249 h5bench - INFO - h5bench [write] - Starting
2026-10-06 01:11:19,249 h5bench - INFO - h5bench [write] - DIR: payload/native/n8/2c20aa99-25694908.pbs101/
2026-10-06 01:11:19,250 h5bench - INFO - Parallel setup: mpirun -np 1024 --map-by ppr:128:node --bind-to core --mca btl ^openib --mca pml ucx --mca orte_base_help_aggregate 0 --mca opal_common_ucx_opal_mem_hooks 1 -x UCX_LOG_LEVEL=ERROR
2026-10-06 01:11:19,251 h5bench - INFO - mpirun -np 1024 --map-by ppr:128:node --bind-to core --mca btl ^openib --mca pml ucx --mca orte_base_help_aggregate 0 --mca opal_common_ucx_opal_mem_hooks 1 -x UCX_LOG_LEVEL=ERROR /home/users/ntu/haiyen00/scratch/fyp/native/h5bench/h5bench/build/install/bin//h5bench_write payload/native/n8/2c20aa99-25694908.pbs101/h5bench.cfg payload/native/n8/h5bench_strong_native_n8.h5
2026-10-06 01:11:49,327 h5bench - INFO - SUCCESS (all output files are located at payload/native/n8/2c20aa99-25694908.pbs101)
2026-10-06 01:11:49,327 h5bench - INFO - Runtime: 30.0774565 seconds (elapsed time, includes allocation wait time)
2026-10-06 01:11:49,327 h5bench - INFO - h5bench [write] - Complete
2026-10-06 01:11:49,328 h5bench - INFO - JOBID: 25694908.pbs101
2026-10-06 01:11:49,328 h5bench - INFO - h5bench [read] - Starting
2026-10-06 01:11:49,328 h5bench - INFO - h5bench [read] - DIR: payload/native/n8/b9edcf96-25694908.pbs101/
2026-10-06 01:11:49,328 h5bench - INFO - Parallel setup: mpirun -np 1024 --map-by ppr:128:node --bind-to core --mca btl ^openib --mca pml ucx --mca orte_base_help_aggregate 0 --mca opal_common_ucx_opal_mem_hooks 1 -x UCX_LOG_LEVEL=ERROR
2026-10-06 01:11:49,330 h5bench - INFO - mpirun -np 1024 --map-by ppr:128:node --bind-to core --mca btl ^openib --mca pml ucx --mca orte_base_help_aggregate 0 --mca opal_common_ucx_opal_mem_hooks 1 -x UCX_LOG_LEVEL=ERROR /home/users/ntu/haiyen00/scratch/fyp/native/h5bench/h5bench/build/install/bin//h5bench_read payload/native/n8/b9edcf96-25694908.pbs101/h5bench.cfg payload/native/n8/h5bench_strong_native_n8.h5
2026-10-06 01:12:05,139 h5bench - INFO - SUCCESS (all output files are located at payload/native/n8/b9edcf96-25694908.pbs101)
2026-10-06 01:12:05,139 h5bench - INFO - Runtime: 15.8109140 seconds (elapsed time, includes allocation wait time)
2026-10-06 01:12:05,140 h5bench - INFO - h5bench [read] - Complete
2026-10-06 01:12:05,140 h5bench - INFO - Finishing h5bench Suite
