Currently Loaded Modulefiles:
  1) libfabric/1.11.0.4.125             3) openmpi/4.1.2-hpe
  2) intel/2022.0.2                     4) hdf5/1.12.1-parallel-icc22-ompi4
mpirun (Open MPI) 4.1.2

Report bugs to http://www.open-mpi.org/community/help/
=== Verifying Lustre striping layout for payload/native/n4 ===
payload/native/n4
stripe_count:  4 stripe_size:   1048576 pattern:       raid0 stripe_offset: -1 pool:          disk

=================================================================
 Native Inter-Node Weak Scaling: NODES=4 NP=512 REPS=10 
=================================================================
--- Repetition 1/10 ---
+ /home/users/ntu/haiyen00/scratch/fyp/native/h5bench/h5bench/build/install/bin/h5bench -a -d native/n4/config_rep1.json

real	1m24.689s
user	47m21.316s
sys	19m35.608s
+ H5BENCH_EXIT=0
+ set +x
2026-10-06 01:05:13,395 h5bench - INFO - Starting h5bench Suite
2026-10-06 01:05:13,396 h5bench - WARNING - Base directory already exists: payload/native/n4
2026-10-06 01:05:13,401 h5bench - INFO - Lustre support detected
2026-10-06 01:05:13,401 h5bench - DEBUG - Lustre stripping configuration: lfs setstripe -S 1M -c 4 payload/native/n4
2026-10-06 01:05:13,406 h5bench - DEBUG - LD_LIBRARY_PATH: /app/libs/hdf5/1.12.1-parallel-icc22-ompi4/lib:/app/apps/openmpi/4.1.2-hpe/lib:/app/apps/oneapi/2022.1.2/mkl/2022.0.2/lib/intel64:/app/apps/oneapi/2022.1.2/compiler/2022.0.2/linux/lib:/app/apps/oneapi/2022.1.2/compiler/2022.0.2/linux/lib/x64:/app/apps/oneapi/2022.1.2/compiler/2022.0.2/linux/lib/oclfpga/host/linux64/lib:/app/apps/oneapi/2022.1.2/compiler/2022.0.2/linux/compiler/lib/intel64_lin:/opt/cray/libfabric/1.11.0.4.125/lib64
2026-10-06 01:05:13,407 h5bench - DEBUG - DYLD_LIBRARY_PATH: 
2026-10-06 01:05:13,407 h5bench - DEBUG - LD_PRELOAD: 
2026-10-06 01:05:13,407 h5bench - INFO - JOBID: 25694138.pbs101
2026-10-06 01:05:13,407 h5bench - INFO - h5bench [write] - Starting
2026-10-06 01:05:13,407 h5bench - INFO - h5bench [write] - DIR: payload/native/n4/89c85dc9-25694138.pbs101/
2026-10-06 01:05:13,408 h5bench - INFO - Parallel setup: mpirun -np 512 --map-by ppr:128:node --bind-to core --mca btl ^openib --mca pml ucx --mca orte_base_help_aggregate 0 --mca opal_common_ucx_opal_mem_hooks 1 -x UCX_LOG_LEVEL=ERROR
2026-10-06 01:05:13,410 h5bench - INFO - mpirun -np 512 --map-by ppr:128:node --bind-to core --mca btl ^openib --mca pml ucx --mca orte_base_help_aggregate 0 --mca opal_common_ucx_opal_mem_hooks 1 -x UCX_LOG_LEVEL=ERROR /home/users/ntu/haiyen00/scratch/fyp/native/h5bench/h5bench/build/install/bin//h5bench_write payload/native/n4/89c85dc9-25694138.pbs101/h5bench.cfg payload/native/n4/h5bench_weak_native_n4.h5
2026-10-06 01:06:09,380 h5bench - INFO - SUCCESS (all output files are located at payload/native/n4/89c85dc9-25694138.pbs101)
2026-10-06 01:06:09,380 h5bench - INFO - Runtime: 55.9724970 seconds (elapsed time, includes allocation wait time)
2026-10-06 01:06:09,380 h5bench - INFO - h5bench [write] - Complete
2026-10-06 01:06:09,381 h5bench - INFO - JOBID: 25694138.pbs101
2026-10-06 01:06:09,381 h5bench - INFO - h5bench [read] - Starting
2026-10-06 01:06:09,381 h5bench - INFO - h5bench [read] - DIR: payload/native/n4/2457c8ee-25694138.pbs101/
2026-10-06 01:06:09,381 h5bench - INFO - Parallel setup: mpirun -np 512 --map-by ppr:128:node --bind-to core --mca btl ^openib --mca pml ucx --mca orte_base_help_aggregate 0 --mca opal_common_ucx_opal_mem_hooks 1 -x UCX_LOG_LEVEL=ERROR
2026-10-06 01:06:09,383 h5bench - INFO - mpirun -np 512 --map-by ppr:128:node --bind-to core --mca btl ^openib --mca pml ucx --mca orte_base_help_aggregate 0 --mca opal_common_ucx_opal_mem_hooks 1 -x UCX_LOG_LEVEL=ERROR /home/users/ntu/haiyen00/scratch/fyp/native/h5bench/h5bench/build/install/bin//h5bench_read payload/native/n4/2457c8ee-25694138.pbs101/h5bench.cfg payload/native/n4/h5bench_weak_native_n4.h5
2026-10-06 01:06:37,948 h5bench - INFO - SUCCESS (all output files are located at payload/native/n4/2457c8ee-25694138.pbs101)
2026-10-06 01:06:37,949 h5bench - INFO - Runtime: 28.5673423 seconds (elapsed time, includes allocation wait time)
2026-10-06 01:06:37,949 h5bench - INFO - h5bench [read] - Complete
2026-10-06 01:06:37,949 h5bench - INFO - Finishing h5bench Suite
--- Repetition 2/10 ---
+ /home/users/ntu/haiyen00/scratch/fyp/native/h5bench/h5bench/build/install/bin/h5bench -a -d native/n4/config_rep2.json

real	1m10.640s
user	49m31.280s
sys	18m17.211s
+ H5BENCH_EXIT=0
+ set +x
2026-10-06 01:06:43,256 h5bench - INFO - Starting h5bench Suite
2026-10-06 01:06:43,257 h5bench - WARNING - Base directory already exists: payload/native/n4
2026-10-06 01:06:43,263 h5bench - INFO - Lustre support detected
2026-10-06 01:06:43,263 h5bench - DEBUG - Lustre stripping configuration: lfs setstripe -S 1M -c 4 payload/native/n4
2026-10-06 01:06:43,270 h5bench - DEBUG - LD_LIBRARY_PATH: /app/libs/hdf5/1.12.1-parallel-icc22-ompi4/lib:/app/apps/openmpi/4.1.2-hpe/lib:/app/apps/oneapi/2022.1.2/mkl/2022.0.2/lib/intel64:/app/apps/oneapi/2022.1.2/compiler/2022.0.2/linux/lib:/app/apps/oneapi/2022.1.2/compiler/2022.0.2/linux/lib/x64:/app/apps/oneapi/2022.1.2/compiler/2022.0.2/linux/lib/oclfpga/host/linux64/lib:/app/apps/oneapi/2022.1.2/compiler/2022.0.2/linux/compiler/lib/intel64_lin:/opt/cray/libfabric/1.11.0.4.125/lib64
2026-10-06 01:06:43,270 h5bench - DEBUG - DYLD_LIBRARY_PATH: 
2026-10-06 01:06:43,270 h5bench - DEBUG - LD_PRELOAD: 
2026-10-06 01:06:43,270 h5bench - INFO - JOBID: 25694138.pbs101
2026-10-06 01:06:43,270 h5bench - INFO - h5bench [write] - Starting
2026-10-06 01:06:43,271 h5bench - INFO - h5bench [write] - DIR: payload/native/n4/e3e6b778-25694138.pbs101/
2026-10-06 01:06:43,271 h5bench - INFO - Parallel setup: mpirun -np 512 --map-by ppr:128:node --bind-to core --mca btl ^openib --mca pml ucx --mca orte_base_help_aggregate 0 --mca opal_common_ucx_opal_mem_hooks 1 -x UCX_LOG_LEVEL=ERROR
2026-10-06 01:06:43,272 h5bench - INFO - mpirun -np 512 --map-by ppr:128:node --bind-to core --mca btl ^openib --mca pml ucx --mca orte_base_help_aggregate 0 --mca opal_common_ucx_opal_mem_hooks 1 -x UCX_LOG_LEVEL=ERROR /home/users/ntu/haiyen00/scratch/fyp/native/h5bench/h5bench/build/install/bin//h5bench_write payload/native/n4/e3e6b778-25694138.pbs101/h5bench.cfg payload/native/n4/h5bench_weak_native_n4.h5
2026-10-06 01:07:29,481 h5bench - INFO - SUCCESS (all output files are located at payload/native/n4/e3e6b778-25694138.pbs101)
2026-10-06 01:07:29,481 h5bench - INFO - Runtime: 46.2101285 seconds (elapsed time, includes allocation wait time)
2026-10-06 01:07:29,481 h5bench - INFO - h5bench [write] - Complete
2026-10-06 01:07:29,482 h5bench - INFO - JOBID: 25694138.pbs101
2026-10-06 01:07:29,482 h5bench - INFO - h5bench [read] - Starting
2026-10-06 01:07:29,482 h5bench - INFO - h5bench [read] - DIR: payload/native/n4/40aa3a3e-25694138.pbs101/
2026-10-06 01:07:29,482 h5bench - INFO - Parallel setup: mpirun -np 512 --map-by ppr:128:node --bind-to core --mca btl ^openib --mca pml ucx --mca orte_base_help_aggregate 0 --mca opal_common_ucx_opal_mem_hooks 1 -x UCX_LOG_LEVEL=ERROR
2026-10-06 01:07:29,484 h5bench - INFO - mpirun -np 512 --map-by ppr:128:node --bind-to core --mca btl ^openib --mca pml ucx --mca orte_base_help_aggregate 0 --mca opal_common_ucx_opal_mem_hooks 1 -x UCX_LOG_LEVEL=ERROR /home/users/ntu/haiyen00/scratch/fyp/native/h5bench/h5bench/build/install/bin//h5bench_read payload/native/n4/40aa3a3e-25694138.pbs101/h5bench.cfg payload/native/n4/h5bench_weak_native_n4.h5
2026-10-06 01:07:53,823 h5bench - INFO - SUCCESS (all output files are located at payload/native/n4/40aa3a3e-25694138.pbs101)
2026-10-06 01:07:53,824 h5bench - INFO - Runtime: 24.3412158 seconds (elapsed time, includes allocation wait time)
2026-10-06 01:07:53,824 h5bench - INFO - h5bench [read] - Complete
2026-10-06 01:07:53,824 h5bench - INFO - Finishing h5bench Suite
--- Repetition 3/10 ---
+ /home/users/ntu/haiyen00/scratch/fyp/native/h5bench/h5bench/build/install/bin/h5bench -a -d native/n4/config_rep3.json

real	1m21.078s
user	66m31.225s
sys	17m10.360s
+ H5BENCH_EXIT=0
+ set +x
2026-10-06 01:07:59,160 h5bench - INFO - Starting h5bench Suite
2026-10-06 01:07:59,161 h5bench - WARNING - Base directory already exists: payload/native/n4
2026-10-06 01:07:59,168 h5bench - INFO - Lustre support detected
2026-10-06 01:07:59,169 h5bench - DEBUG - Lustre stripping configuration: lfs setstripe -S 1M -c 4 payload/native/n4
2026-10-06 01:07:59,175 h5bench - DEBUG - LD_LIBRARY_PATH: /app/libs/hdf5/1.12.1-parallel-icc22-ompi4/lib:/app/apps/openmpi/4.1.2-hpe/lib:/app/apps/oneapi/2022.1.2/mkl/2022.0.2/lib/intel64:/app/apps/oneapi/2022.1.2/compiler/2022.0.2/linux/lib:/app/apps/oneapi/2022.1.2/compiler/2022.0.2/linux/lib/x64:/app/apps/oneapi/2022.1.2/compiler/2022.0.2/linux/lib/oclfpga/host/linux64/lib:/app/apps/oneapi/2022.1.2/compiler/2022.0.2/linux/compiler/lib/intel64_lin:/opt/cray/libfabric/1.11.0.4.125/lib64
2026-10-06 01:07:59,175 h5bench - DEBUG - DYLD_LIBRARY_PATH: 
2026-10-06 01:07:59,175 h5bench - DEBUG - LD_PRELOAD: 
2026-10-06 01:07:59,176 h5bench - INFO - JOBID: 25694138.pbs101
2026-10-06 01:07:59,176 h5bench - INFO - h5bench [write] - Starting
2026-10-06 01:07:59,176 h5bench - INFO - h5bench [write] - DIR: payload/native/n4/305e739a-25694138.pbs101/
2026-10-06 01:07:59,176 h5bench - INFO - Parallel setup: mpirun -np 512 --map-by ppr:128:node --bind-to core --mca btl ^openib --mca pml ucx --mca orte_base_help_aggregate 0 --mca opal_common_ucx_opal_mem_hooks 1 -x UCX_LOG_LEVEL=ERROR
2026-10-06 01:07:59,177 h5bench - INFO - mpirun -np 512 --map-by ppr:128:node --bind-to core --mca btl ^openib --mca pml ucx --mca orte_base_help_aggregate 0 --mca opal_common_ucx_opal_mem_hooks 1 -x UCX_LOG_LEVEL=ERROR /home/users/ntu/haiyen00/scratch/fyp/native/h5bench/h5bench/build/install/bin//h5bench_write payload/native/n4/305e739a-25694138.pbs101/h5bench.cfg payload/native/n4/h5bench_weak_native_n4.h5
2026-10-06 01:08:52,706 h5bench - INFO - SUCCESS (all output files are located at payload/native/n4/305e739a-25694138.pbs101)
2026-10-06 01:08:52,707 h5bench - INFO - Runtime: 53.5305116 seconds (elapsed time, includes allocation wait time)
2026-10-06 01:08:52,707 h5bench - INFO - h5bench [write] - Complete
2026-10-06 01:08:52,707 h5bench - INFO - JOBID: 25694138.pbs101
2026-10-06 01:08:52,707 h5bench - INFO - h5bench [read] - Starting
2026-10-06 01:08:52,708 h5bench - INFO - h5bench [read] - DIR: payload/native/n4/7f73ad28-25694138.pbs101/
2026-10-06 01:08:52,708 h5bench - INFO - Parallel setup: mpirun -np 512 --map-by ppr:128:node --bind-to core --mca btl ^openib --mca pml ucx --mca orte_base_help_aggregate 0 --mca opal_common_ucx_opal_mem_hooks 1 -x UCX_LOG_LEVEL=ERROR
2026-10-06 01:08:52,709 h5bench - INFO - mpirun -np 512 --map-by ppr:128:node --bind-to core --mca btl ^openib --mca pml ucx --mca orte_base_help_aggregate 0 --mca opal_common_ucx_opal_mem_hooks 1 -x UCX_LOG_LEVEL=ERROR /home/users/ntu/haiyen00/scratch/fyp/native/h5bench/h5bench/build/install/bin//h5bench_read payload/native/n4/7f73ad28-25694138.pbs101/h5bench.cfg payload/native/n4/h5bench_weak_native_n4.h5
2026-10-06 01:09:20,167 h5bench - INFO - SUCCESS (all output files are located at payload/native/n4/7f73ad28-25694138.pbs101)
2026-10-06 01:09:20,168 h5bench - INFO - Runtime: 27.4593661 seconds (elapsed time, includes allocation wait time)
2026-10-06 01:09:20,168 h5bench - INFO - h5bench [read] - Complete
2026-10-06 01:09:20,168 h5bench - INFO - Finishing h5bench Suite
--- Repetition 4/10 ---
+ /home/users/ntu/haiyen00/scratch/fyp/native/h5bench/h5bench/build/install/bin/h5bench -a -d native/n4/config_rep4.json

real	1m16.244s
user	50m46.102s
sys	20m4.507s
+ H5BENCH_EXIT=0
+ set +x
2026-10-06 01:09:25,657 h5bench - INFO - Starting h5bench Suite
2026-10-06 01:09:25,658 h5bench - WARNING - Base directory already exists: payload/native/n4
2026-10-06 01:09:25,666 h5bench - INFO - Lustre support detected
2026-10-06 01:09:25,666 h5bench - DEBUG - Lustre stripping configuration: lfs setstripe -S 1M -c 4 payload/native/n4
2026-10-06 01:09:25,672 h5bench - DEBUG - LD_LIBRARY_PATH: /app/libs/hdf5/1.12.1-parallel-icc22-ompi4/lib:/app/apps/openmpi/4.1.2-hpe/lib:/app/apps/oneapi/2022.1.2/mkl/2022.0.2/lib/intel64:/app/apps/oneapi/2022.1.2/compiler/2022.0.2/linux/lib:/app/apps/oneapi/2022.1.2/compiler/2022.0.2/linux/lib/x64:/app/apps/oneapi/2022.1.2/compiler/2022.0.2/linux/lib/oclfpga/host/linux64/lib:/app/apps/oneapi/2022.1.2/compiler/2022.0.2/linux/compiler/lib/intel64_lin:/opt/cray/libfabric/1.11.0.4.125/lib64
2026-10-06 01:09:25,673 h5bench - DEBUG - DYLD_LIBRARY_PATH: 
2026-10-06 01:09:25,673 h5bench - DEBUG - LD_PRELOAD: 
2026-10-06 01:09:25,673 h5bench - INFO - JOBID: 25694138.pbs101
2026-10-06 01:09:25,673 h5bench - INFO - h5bench [write] - Starting
2026-10-06 01:09:25,673 h5bench - INFO - h5bench [write] - DIR: payload/native/n4/7f56e9c9-25694138.pbs101/
2026-10-06 01:09:25,674 h5bench - INFO - Parallel setup: mpirun -np 512 --map-by ppr:128:node --bind-to core --mca btl ^openib --mca pml ucx --mca orte_base_help_aggregate 0 --mca opal_common_ucx_opal_mem_hooks 1 -x UCX_LOG_LEVEL=ERROR
2026-10-06 01:09:25,675 h5bench - INFO - mpirun -np 512 --map-by ppr:128:node --bind-to core --mca btl ^openib --mca pml ucx --mca orte_base_help_aggregate 0 --mca opal_common_ucx_opal_mem_hooks 1 -x UCX_LOG_LEVEL=ERROR /home/users/ntu/haiyen00/scratch/fyp/native/h5bench/h5bench/build/install/bin//h5bench_write payload/native/n4/7f56e9c9-25694138.pbs101/h5bench.cfg payload/native/n4/h5bench_weak_native_n4.h5
2026-10-06 01:10:13,327 h5bench - INFO - SUCCESS (all output files are located at payload/native/n4/7f56e9c9-25694138.pbs101)
2026-10-06 01:10:13,328 h5bench - INFO - Runtime: 47.6538277 seconds (elapsed time, includes allocation wait time)
2026-10-06 01:10:13,328 h5bench - INFO - h5bench [write] - Complete
2026-10-06 01:10:13,328 h5bench - INFO - JOBID: 25694138.pbs101
2026-10-06 01:10:13,328 h5bench - INFO - h5bench [read] - Starting
2026-10-06 01:10:13,328 h5bench - INFO - h5bench [read] - DIR: payload/native/n4/376b1139-25694138.pbs101/
2026-10-06 01:10:13,329 h5bench - INFO - Parallel setup: mpirun -np 512 --map-by ppr:128:node --bind-to core --mca btl ^openib --mca pml ucx --mca orte_base_help_aggregate 0 --mca opal_common_ucx_opal_mem_hooks 1 -x UCX_LOG_LEVEL=ERROR
2026-10-06 01:10:13,330 h5bench - INFO - mpirun -np 512 --map-by ppr:128:node --bind-to core --mca btl ^openib --mca pml ucx --mca orte_base_help_aggregate 0 --mca opal_common_ucx_opal_mem_hooks 1 -x UCX_LOG_LEVEL=ERROR /home/users/ntu/haiyen00/scratch/fyp/native/h5bench/h5bench/build/install/bin//h5bench_read payload/native/n4/376b1139-25694138.pbs101/h5bench.cfg payload/native/n4/h5bench_weak_native_n4.h5
2026-10-06 01:10:41,830 h5bench - INFO - SUCCESS (all output files are located at payload/native/n4/376b1139-25694138.pbs101)
2026-10-06 01:10:41,830 h5bench - INFO - Runtime: 28.5014174 seconds (elapsed time, includes allocation wait time)
2026-10-06 01:10:41,831 h5bench - INFO - h5bench [read] - Complete
2026-10-06 01:10:41,831 h5bench - INFO - Finishing h5bench Suite
--- Repetition 5/10 ---
+ /home/users/ntu/haiyen00/scratch/fyp/native/h5bench/h5bench/build/install/bin/h5bench -a -d native/n4/config_rep5.json

real	1m13.249s
user	52m50.651s
sys	19m41.418s
+ H5BENCH_EXIT=0
+ set +x
2026-10-06 01:10:47,125 h5bench - INFO - Starting h5bench Suite
2026-10-06 01:10:47,126 h5bench - WARNING - Base directory already exists: payload/native/n4
2026-10-06 01:10:47,134 h5bench - INFO - Lustre support detected
2026-10-06 01:10:47,134 h5bench - DEBUG - Lustre stripping configuration: lfs setstripe -S 1M -c 4 payload/native/n4
2026-10-06 01:10:47,140 h5bench - DEBUG - LD_LIBRARY_PATH: /app/libs/hdf5/1.12.1-parallel-icc22-ompi4/lib:/app/apps/openmpi/4.1.2-hpe/lib:/app/apps/oneapi/2022.1.2/mkl/2022.0.2/lib/intel64:/app/apps/oneapi/2022.1.2/compiler/2022.0.2/linux/lib:/app/apps/oneapi/2022.1.2/compiler/2022.0.2/linux/lib/x64:/app/apps/oneapi/2022.1.2/compiler/2022.0.2/linux/lib/oclfpga/host/linux64/lib:/app/apps/oneapi/2022.1.2/compiler/2022.0.2/linux/compiler/lib/intel64_lin:/opt/cray/libfabric/1.11.0.4.125/lib64
2026-10-06 01:10:47,140 h5bench - DEBUG - DYLD_LIBRARY_PATH: 
2026-10-06 01:10:47,141 h5bench - DEBUG - LD_PRELOAD: 
2026-10-06 01:10:47,141 h5bench - INFO - JOBID: 25694138.pbs101
2026-10-06 01:10:47,141 h5bench - INFO - h5bench [write] - Starting
2026-10-06 01:10:47,141 h5bench - INFO - h5bench [write] - DIR: payload/native/n4/d505865b-25694138.pbs101/
2026-10-06 01:10:47,141 h5bench - INFO - Parallel setup: mpirun -np 512 --map-by ppr:128:node --bind-to core --mca btl ^openib --mca pml ucx --mca orte_base_help_aggregate 0 --mca opal_common_ucx_opal_mem_hooks 1 -x UCX_LOG_LEVEL=ERROR
2026-10-06 01:10:47,143 h5bench - INFO - mpirun -np 512 --map-by ppr:128:node --bind-to core --mca btl ^openib --mca pml ucx --mca orte_base_help_aggregate 0 --mca opal_common_ucx_opal_mem_hooks 1 -x UCX_LOG_LEVEL=ERROR /home/users/ntu/haiyen00/scratch/fyp/native/h5bench/h5bench/build/install/bin//h5bench_write payload/native/n4/d505865b-25694138.pbs101/h5bench.cfg payload/native/n4/h5bench_weak_native_n4.h5
2026-10-06 01:11:32,815 h5bench - INFO - SUCCESS (all output files are located at payload/native/n4/d505865b-25694138.pbs101)
2026-10-06 01:11:32,815 h5bench - INFO - Runtime: 45.6736245 seconds (elapsed time, includes allocation wait time)
2026-10-06 01:11:32,815 h5bench - INFO - h5bench [write] - Complete
2026-10-06 01:11:32,816 h5bench - INFO - JOBID: 25694138.pbs101
2026-10-06 01:11:32,816 h5bench - INFO - h5bench [read] - Starting
2026-10-06 01:11:32,816 h5bench - INFO - h5bench [read] - DIR: payload/native/n4/335910eb-25694138.pbs101/
2026-10-06 01:11:32,816 h5bench - INFO - Parallel setup: mpirun -np 512 --map-by ppr:128:node --bind-to core --mca btl ^openib --mca pml ucx --mca orte_base_help_aggregate 0 --mca opal_common_ucx_opal_mem_hooks 1 -x UCX_LOG_LEVEL=ERROR
2026-10-06 01:11:32,818 h5bench - INFO - mpirun -np 512 --map-by ppr:128:node --bind-to core --mca btl ^openib --mca pml ucx --mca orte_base_help_aggregate 0 --mca opal_common_ucx_opal_mem_hooks 1 -x UCX_LOG_LEVEL=ERROR /home/users/ntu/haiyen00/scratch/fyp/native/h5bench/h5bench/build/install/bin//h5bench_read payload/native/n4/335910eb-25694138.pbs101/h5bench.cfg payload/native/n4/h5bench_weak_native_n4.h5
2026-10-06 01:12:00,291 h5bench - INFO - SUCCESS (all output files are located at payload/native/n4/335910eb-25694138.pbs101)
2026-10-06 01:12:00,292 h5bench - INFO - Runtime: 27.4752998 seconds (elapsed time, includes allocation wait time)
2026-10-06 01:12:00,292 h5bench - INFO - h5bench [read] - Complete
2026-10-06 01:12:00,292 h5bench - INFO - Finishing h5bench Suite
--- Repetition 6/10 ---
+ /home/users/ntu/haiyen00/scratch/fyp/native/h5bench/h5bench/build/install/bin/h5bench -a -d native/n4/config_rep6.json

real	1m9.149s
user	37m57.821s
sys	20m41.986s
+ H5BENCH_EXIT=0
+ set +x
2026-10-06 01:12:05,568 h5bench - INFO - Starting h5bench Suite
2026-10-06 01:12:05,569 h5bench - WARNING - Base directory already exists: payload/native/n4
2026-10-06 01:12:05,578 h5bench - INFO - Lustre support detected
2026-10-06 01:12:05,578 h5bench - DEBUG - Lustre stripping configuration: lfs setstripe -S 1M -c 4 payload/native/n4
2026-10-06 01:12:05,584 h5bench - DEBUG - LD_LIBRARY_PATH: /app/libs/hdf5/1.12.1-parallel-icc22-ompi4/lib:/app/apps/openmpi/4.1.2-hpe/lib:/app/apps/oneapi/2022.1.2/mkl/2022.0.2/lib/intel64:/app/apps/oneapi/2022.1.2/compiler/2022.0.2/linux/lib:/app/apps/oneapi/2022.1.2/compiler/2022.0.2/linux/lib/x64:/app/apps/oneapi/2022.1.2/compiler/2022.0.2/linux/lib/oclfpga/host/linux64/lib:/app/apps/oneapi/2022.1.2/compiler/2022.0.2/linux/compiler/lib/intel64_lin:/opt/cray/libfabric/1.11.0.4.125/lib64
2026-10-06 01:12:05,585 h5bench - DEBUG - DYLD_LIBRARY_PATH: 
2026-10-06 01:12:05,585 h5bench - DEBUG - LD_PRELOAD: 
2026-10-06 01:12:05,585 h5bench - INFO - JOBID: 25694138.pbs101
2026-10-06 01:12:05,585 h5bench - INFO - h5bench [write] - Starting
2026-10-06 01:12:05,585 h5bench - INFO - h5bench [write] - DIR: payload/native/n4/75d1e871-25694138.pbs101/
2026-10-06 01:12:05,586 h5bench - INFO - Parallel setup: mpirun -np 512 --map-by ppr:128:node --bind-to core --mca btl ^openib --mca pml ucx --mca orte_base_help_aggregate 0 --mca opal_common_ucx_opal_mem_hooks 1 -x UCX_LOG_LEVEL=ERROR
2026-10-06 01:12:05,587 h5bench - INFO - mpirun -np 512 --map-by ppr:128:node --bind-to core --mca btl ^openib --mca pml ucx --mca orte_base_help_aggregate 0 --mca opal_common_ucx_opal_mem_hooks 1 -x UCX_LOG_LEVEL=ERROR /home/users/ntu/haiyen00/scratch/fyp/native/h5bench/h5bench/build/install/bin//h5bench_write payload/native/n4/75d1e871-25694138.pbs101/h5bench.cfg payload/native/n4/h5bench_weak_native_n4.h5
2026-10-06 01:12:48,049 h5bench - INFO - SUCCESS (all output files are located at payload/native/n4/75d1e871-25694138.pbs101)
2026-10-06 01:12:48,049 h5bench - INFO - Runtime: 42.4633236 seconds (elapsed time, includes allocation wait time)
2026-10-06 01:12:48,049 h5bench - INFO - h5bench [write] - Complete
2026-10-06 01:12:48,050 h5bench - INFO - JOBID: 25694138.pbs101
2026-10-06 01:12:48,050 h5bench - INFO - h5bench [read] - Starting
2026-10-06 01:12:48,050 h5bench - INFO - h5bench [read] - DIR: payload/native/n4/38550127-25694138.pbs101/
2026-10-06 01:12:48,050 h5bench - INFO - Parallel setup: mpirun -np 512 --map-by ppr:128:node --bind-to core --mca btl ^openib --mca pml ucx --mca orte_base_help_aggregate 0 --mca opal_common_ucx_opal_mem_hooks 1 -x UCX_LOG_LEVEL=ERROR
2026-10-06 01:12:48,052 h5bench - INFO - mpirun -np 512 --map-by ppr:128:node --bind-to core --mca btl ^openib --mca pml ucx --mca orte_base_help_aggregate 0 --mca opal_common_ucx_opal_mem_hooks 1 -x UCX_LOG_LEVEL=ERROR /home/users/ntu/haiyen00/scratch/fyp/native/h5bench/h5bench/build/install/bin//h5bench_read payload/native/n4/38550127-25694138.pbs101/h5bench.cfg payload/native/n4/h5bench_weak_native_n4.h5
2026-10-06 01:13:14,648 h5bench - INFO - SUCCESS (all output files are located at payload/native/n4/38550127-25694138.pbs101)
2026-10-06 01:13:14,649 h5bench - INFO - Runtime: 26.5983906 seconds (elapsed time, includes allocation wait time)
2026-10-06 01:13:14,649 h5bench - INFO - h5bench [read] - Complete
2026-10-06 01:13:14,649 h5bench - INFO - Finishing h5bench Suite
--- Repetition 7/10 ---
+ /home/users/ntu/haiyen00/scratch/fyp/native/h5bench/h5bench/build/install/bin/h5bench -a -d native/n4/config_rep7.json

real	1m15.391s
user	53m13.562s
sys	21m1.622s
+ H5BENCH_EXIT=0
+ set +x
2026-10-06 01:13:19,680 h5bench - INFO - Starting h5bench Suite
2026-10-06 01:13:19,681 h5bench - WARNING - Base directory already exists: payload/native/n4
2026-10-06 01:13:19,690 h5bench - INFO - Lustre support detected
2026-10-06 01:13:19,691 h5bench - DEBUG - Lustre stripping configuration: lfs setstripe -S 1M -c 4 payload/native/n4
2026-10-06 01:13:19,696 h5bench - DEBUG - LD_LIBRARY_PATH: /app/libs/hdf5/1.12.1-parallel-icc22-ompi4/lib:/app/apps/openmpi/4.1.2-hpe/lib:/app/apps/oneapi/2022.1.2/mkl/2022.0.2/lib/intel64:/app/apps/oneapi/2022.1.2/compiler/2022.0.2/linux/lib:/app/apps/oneapi/2022.1.2/compiler/2022.0.2/linux/lib/x64:/app/apps/oneapi/2022.1.2/compiler/2022.0.2/linux/lib/oclfpga/host/linux64/lib:/app/apps/oneapi/2022.1.2/compiler/2022.0.2/linux/compiler/lib/intel64_lin:/opt/cray/libfabric/1.11.0.4.125/lib64
2026-10-06 01:13:19,697 h5bench - DEBUG - DYLD_LIBRARY_PATH: 
2026-10-06 01:13:19,697 h5bench - DEBUG - LD_PRELOAD: 
2026-10-06 01:13:19,697 h5bench - INFO - JOBID: 25694138.pbs101
2026-10-06 01:13:19,697 h5bench - INFO - h5bench [write] - Starting
2026-10-06 01:13:19,697 h5bench - INFO - h5bench [write] - DIR: payload/native/n4/3ab26cdc-25694138.pbs101/
2026-10-06 01:13:19,698 h5bench - INFO - Parallel setup: mpirun -np 512 --map-by ppr:128:node --bind-to core --mca btl ^openib --mca pml ucx --mca orte_base_help_aggregate 0 --mca opal_common_ucx_opal_mem_hooks 1 -x UCX_LOG_LEVEL=ERROR
2026-10-06 01:13:19,699 h5bench - INFO - mpirun -np 512 --map-by ppr:128:node --bind-to core --mca btl ^openib --mca pml ucx --mca orte_base_help_aggregate 0 --mca opal_common_ucx_opal_mem_hooks 1 -x UCX_LOG_LEVEL=ERROR /home/users/ntu/haiyen00/scratch/fyp/native/h5bench/h5bench/build/install/bin//h5bench_write payload/native/n4/3ab26cdc-25694138.pbs101/h5bench.cfg payload/native/n4/h5bench_weak_native_n4.h5
2026-10-06 01:14:07,116 h5bench - INFO - SUCCESS (all output files are located at payload/native/n4/3ab26cdc-25694138.pbs101)
2026-10-06 01:14:07,117 h5bench - INFO - Runtime: 47.4187973 seconds (elapsed time, includes allocation wait time)
2026-10-06 01:14:07,117 h5bench - INFO - h5bench [write] - Complete
2026-10-06 01:14:07,117 h5bench - INFO - JOBID: 25694138.pbs101
2026-10-06 01:14:07,117 h5bench - INFO - h5bench [read] - Starting
2026-10-06 01:14:07,117 h5bench - INFO - h5bench [read] - DIR: payload/native/n4/345768fe-25694138.pbs101/
2026-10-06 01:14:07,118 h5bench - INFO - Parallel setup: mpirun -np 512 --map-by ppr:128:node --bind-to core --mca btl ^openib --mca pml ucx --mca orte_base_help_aggregate 0 --mca opal_common_ucx_opal_mem_hooks 1 -x UCX_LOG_LEVEL=ERROR
2026-10-06 01:14:07,119 h5bench - INFO - mpirun -np 512 --map-by ppr:128:node --bind-to core --mca btl ^openib --mca pml ucx --mca orte_base_help_aggregate 0 --mca opal_common_ucx_opal_mem_hooks 1 -x UCX_LOG_LEVEL=ERROR /home/users/ntu/haiyen00/scratch/fyp/native/h5bench/h5bench/build/install/bin//h5bench_read payload/native/n4/345768fe-25694138.pbs101/h5bench.cfg payload/native/n4/h5bench_weak_native_n4.h5
2026-10-06 01:14:35,002 h5bench - INFO - SUCCESS (all output files are located at payload/native/n4/345768fe-25694138.pbs101)
2026-10-06 01:14:35,002 h5bench - INFO - Runtime: 27.8842928 seconds (elapsed time, includes allocation wait time)
2026-10-06 01:14:35,003 h5bench - INFO - h5bench [read] - Complete
2026-10-06 01:14:35,003 h5bench - INFO - Finishing h5bench Suite
--- Repetition 8/10 ---
+ /home/users/ntu/haiyen00/scratch/fyp/native/h5bench/h5bench/build/install/bin/h5bench -a -d native/n4/config_rep8.json

real	1m12.831s
user	54m31.709s
sys	20m18.087s
+ H5BENCH_EXIT=0
+ set +x
2026-10-06 01:14:40,573 h5bench - INFO - Starting h5bench Suite
2026-10-06 01:14:40,574 h5bench - WARNING - Base directory already exists: payload/native/n4
2026-10-06 01:14:40,584 h5bench - INFO - Lustre support detected
2026-10-06 01:14:40,584 h5bench - DEBUG - Lustre stripping configuration: lfs setstripe -S 1M -c 4 payload/native/n4
2026-10-06 01:14:40,590 h5bench - DEBUG - LD_LIBRARY_PATH: /app/libs/hdf5/1.12.1-parallel-icc22-ompi4/lib:/app/apps/openmpi/4.1.2-hpe/lib:/app/apps/oneapi/2022.1.2/mkl/2022.0.2/lib/intel64:/app/apps/oneapi/2022.1.2/compiler/2022.0.2/linux/lib:/app/apps/oneapi/2022.1.2/compiler/2022.0.2/linux/lib/x64:/app/apps/oneapi/2022.1.2/compiler/2022.0.2/linux/lib/oclfpga/host/linux64/lib:/app/apps/oneapi/2022.1.2/compiler/2022.0.2/linux/compiler/lib/intel64_lin:/opt/cray/libfabric/1.11.0.4.125/lib64
2026-10-06 01:14:40,591 h5bench - DEBUG - DYLD_LIBRARY_PATH: 
2026-10-06 01:14:40,591 h5bench - DEBUG - LD_PRELOAD: 
2026-10-06 01:14:40,591 h5bench - INFO - JOBID: 25694138.pbs101
2026-10-06 01:14:40,591 h5bench - INFO - h5bench [write] - Starting
2026-10-06 01:14:40,591 h5bench - INFO - h5bench [write] - DIR: payload/native/n4/d7cfc069-25694138.pbs101/
2026-10-06 01:14:40,592 h5bench - INFO - Parallel setup: mpirun -np 512 --map-by ppr:128:node --bind-to core --mca btl ^openib --mca pml ucx --mca orte_base_help_aggregate 0 --mca opal_common_ucx_opal_mem_hooks 1 -x UCX_LOG_LEVEL=ERROR
2026-10-06 01:14:40,593 h5bench - INFO - mpirun -np 512 --map-by ppr:128:node --bind-to core --mca btl ^openib --mca pml ucx --mca orte_base_help_aggregate 0 --mca opal_common_ucx_opal_mem_hooks 1 -x UCX_LOG_LEVEL=ERROR /home/users/ntu/haiyen00/scratch/fyp/native/h5bench/h5bench/build/install/bin//h5bench_write payload/native/n4/d7cfc069-25694138.pbs101/h5bench.cfg payload/native/n4/h5bench_weak_native_n4.h5
2026-10-06 01:15:28,963 h5bench - INFO - SUCCESS (all output files are located at payload/native/n4/d7cfc069-25694138.pbs101)
2026-10-06 01:15:28,963 h5bench - INFO - Runtime: 48.3713908 seconds (elapsed time, includes allocation wait time)
2026-10-06 01:15:28,964 h5bench - INFO - h5bench [write] - Complete
2026-10-06 01:15:28,964 h5bench - INFO - JOBID: 25694138.pbs101
2026-10-06 01:15:28,964 h5bench - INFO - h5bench [read] - Starting
2026-10-06 01:15:28,964 h5bench - INFO - h5bench [read] - DIR: payload/native/n4/f48bc9b8-25694138.pbs101/
2026-10-06 01:15:28,965 h5bench - INFO - Parallel setup: mpirun -np 512 --map-by ppr:128:node --bind-to core --mca btl ^openib --mca pml ucx --mca orte_base_help_aggregate 0 --mca opal_common_ucx_opal_mem_hooks 1 -x UCX_LOG_LEVEL=ERROR
2026-10-06 01:15:28,966 h5bench - INFO - mpirun -np 512 --map-by ppr:128:node --bind-to core --mca btl ^openib --mca pml ucx --mca orte_base_help_aggregate 0 --mca opal_common_ucx_opal_mem_hooks 1 -x UCX_LOG_LEVEL=ERROR /home/users/ntu/haiyen00/scratch/fyp/native/h5bench/h5bench/build/install/bin//h5bench_read payload/native/n4/f48bc9b8-25694138.pbs101/h5bench.cfg payload/native/n4/h5bench_weak_native_n4.h5
2026-10-06 01:15:53,332 h5bench - INFO - SUCCESS (all output files are located at payload/native/n4/f48bc9b8-25694138.pbs101)
2026-10-06 01:15:53,332 h5bench - INFO - Runtime: 24.3675766 seconds (elapsed time, includes allocation wait time)
2026-10-06 01:15:53,333 h5bench - INFO - h5bench [read] - Complete
2026-10-06 01:15:53,333 h5bench - INFO - Finishing h5bench Suite
--- Repetition 9/10 ---
+ /home/users/ntu/haiyen00/scratch/fyp/native/h5bench/h5bench/build/install/bin/h5bench -a -d native/n4/config_rep9.json

real	1m16.130s
user	59m0.061s
sys	20m15.981s
+ H5BENCH_EXIT=0
+ set +x
2026-10-06 01:15:58,707 h5bench - INFO - Starting h5bench Suite
2026-10-06 01:15:58,709 h5bench - WARNING - Base directory already exists: payload/native/n4
2026-10-06 01:15:58,719 h5bench - INFO - Lustre support detected
2026-10-06 01:15:58,719 h5bench - DEBUG - Lustre stripping configuration: lfs setstripe -S 1M -c 4 payload/native/n4
2026-10-06 01:15:58,725 h5bench - DEBUG - LD_LIBRARY_PATH: /app/libs/hdf5/1.12.1-parallel-icc22-ompi4/lib:/app/apps/openmpi/4.1.2-hpe/lib:/app/apps/oneapi/2022.1.2/mkl/2022.0.2/lib/intel64:/app/apps/oneapi/2022.1.2/compiler/2022.0.2/linux/lib:/app/apps/oneapi/2022.1.2/compiler/2022.0.2/linux/lib/x64:/app/apps/oneapi/2022.1.2/compiler/2022.0.2/linux/lib/oclfpga/host/linux64/lib:/app/apps/oneapi/2022.1.2/compiler/2022.0.2/linux/compiler/lib/intel64_lin:/opt/cray/libfabric/1.11.0.4.125/lib64
2026-10-06 01:15:58,726 h5bench - DEBUG - DYLD_LIBRARY_PATH: 
2026-10-06 01:15:58,726 h5bench - DEBUG - LD_PRELOAD: 
2026-10-06 01:15:58,726 h5bench - INFO - JOBID: 25694138.pbs101
2026-10-06 01:15:58,726 h5bench - INFO - h5bench [write] - Starting
2026-10-06 01:15:58,726 h5bench - INFO - h5bench [write] - DIR: payload/native/n4/4226797e-25694138.pbs101/
2026-10-06 01:15:58,727 h5bench - INFO - Parallel setup: mpirun -np 512 --map-by ppr:128:node --bind-to core --mca btl ^openib --mca pml ucx --mca orte_base_help_aggregate 0 --mca opal_common_ucx_opal_mem_hooks 1 -x UCX_LOG_LEVEL=ERROR
2026-10-06 01:15:58,728 h5bench - INFO - mpirun -np 512 --map-by ppr:128:node --bind-to core --mca btl ^openib --mca pml ucx --mca orte_base_help_aggregate 0 --mca opal_common_ucx_opal_mem_hooks 1 -x UCX_LOG_LEVEL=ERROR /home/users/ntu/haiyen00/scratch/fyp/native/h5bench/h5bench/build/install/bin//h5bench_write payload/native/n4/4226797e-25694138.pbs101/h5bench.cfg payload/native/n4/h5bench_weak_native_n4.h5
2026-10-06 01:16:45,591 h5bench - INFO - SUCCESS (all output files are located at payload/native/n4/4226797e-25694138.pbs101)
2026-10-06 01:16:45,591 h5bench - INFO - Runtime: 46.8644869 seconds (elapsed time, includes allocation wait time)
2026-10-06 01:16:45,592 h5bench - INFO - h5bench [write] - Complete
2026-10-06 01:16:45,592 h5bench - INFO - JOBID: 25694138.pbs101
2026-10-06 01:16:45,592 h5bench - INFO - h5bench [read] - Starting
2026-10-06 01:16:45,592 h5bench - INFO - h5bench [read] - DIR: payload/native/n4/a93d4a1e-25694138.pbs101/
2026-10-06 01:16:45,593 h5bench - INFO - Parallel setup: mpirun -np 512 --map-by ppr:128:node --bind-to core --mca btl ^openib --mca pml ucx --mca orte_base_help_aggregate 0 --mca opal_common_ucx_opal_mem_hooks 1 -x UCX_LOG_LEVEL=ERROR
2026-10-06 01:16:45,594 h5bench - INFO - mpirun -np 512 --map-by ppr:128:node --bind-to core --mca btl ^openib --mca pml ucx --mca orte_base_help_aggregate 0 --mca opal_common_ucx_opal_mem_hooks 1 -x UCX_LOG_LEVEL=ERROR /home/users/ntu/haiyen00/scratch/fyp/native/h5bench/h5bench/build/install/bin//h5bench_read payload/native/n4/a93d4a1e-25694138.pbs101/h5bench.cfg payload/native/n4/h5bench_weak_native_n4.h5
2026-10-06 01:17:14,766 h5bench - INFO - SUCCESS (all output files are located at payload/native/n4/a93d4a1e-25694138.pbs101)
2026-10-06 01:17:14,767 h5bench - INFO - Runtime: 29.1739607 seconds (elapsed time, includes allocation wait time)
2026-10-06 01:17:14,767 h5bench - INFO - h5bench [read] - Complete
2026-10-06 01:17:14,767 h5bench - INFO - Finishing h5bench Suite
--- Repetition 10/10 ---
+ /home/users/ntu/haiyen00/scratch/fyp/native/h5bench/h5bench/build/install/bin/h5bench -a -d native/n4/config_rep10.json

real	1m23.983s
user	59m50.279s
sys	14m41.995s
+ H5BENCH_EXIT=0
+ set +x
2026-10-06 01:17:19,760 h5bench - INFO - Starting h5bench Suite
2026-10-06 01:17:19,762 h5bench - WARNING - Base directory already exists: payload/native/n4
2026-10-06 01:17:19,773 h5bench - INFO - Lustre support detected
2026-10-06 01:17:19,773 h5bench - DEBUG - Lustre stripping configuration: lfs setstripe -S 1M -c 4 payload/native/n4
2026-10-06 01:17:19,779 h5bench - DEBUG - LD_LIBRARY_PATH: /app/libs/hdf5/1.12.1-parallel-icc22-ompi4/lib:/app/apps/openmpi/4.1.2-hpe/lib:/app/apps/oneapi/2022.1.2/mkl/2022.0.2/lib/intel64:/app/apps/oneapi/2022.1.2/compiler/2022.0.2/linux/lib:/app/apps/oneapi/2022.1.2/compiler/2022.0.2/linux/lib/x64:/app/apps/oneapi/2022.1.2/compiler/2022.0.2/linux/lib/oclfpga/host/linux64/lib:/app/apps/oneapi/2022.1.2/compiler/2022.0.2/linux/compiler/lib/intel64_lin:/opt/cray/libfabric/1.11.0.4.125/lib64
2026-10-06 01:17:19,779 h5bench - DEBUG - DYLD_LIBRARY_PATH: 
2026-10-06 01:17:19,779 h5bench - DEBUG - LD_PRELOAD: 
2026-10-06 01:17:19,780 h5bench - INFO - JOBID: 25694138.pbs101
2026-10-06 01:17:19,780 h5bench - INFO - h5bench [write] - Starting
2026-10-06 01:17:19,780 h5bench - INFO - h5bench [write] - DIR: payload/native/n4/86dd9f13-25694138.pbs101/
2026-10-06 01:17:19,780 h5bench - INFO - Parallel setup: mpirun -np 512 --map-by ppr:128:node --bind-to core --mca btl ^openib --mca pml ucx --mca orte_base_help_aggregate 0 --mca opal_common_ucx_opal_mem_hooks 1 -x UCX_LOG_LEVEL=ERROR
2026-10-06 01:17:19,781 h5bench - INFO - mpirun -np 512 --map-by ppr:128:node --bind-to core --mca btl ^openib --mca pml ucx --mca orte_base_help_aggregate 0 --mca opal_common_ucx_opal_mem_hooks 1 -x UCX_LOG_LEVEL=ERROR /home/users/ntu/haiyen00/scratch/fyp/native/h5bench/h5bench/build/install/bin//h5bench_write payload/native/n4/86dd9f13-25694138.pbs101/h5bench.cfg payload/native/n4/h5bench_weak_native_n4.h5
2026-10-06 01:18:13,015 h5bench - INFO - SUCCESS (all output files are located at payload/native/n4/86dd9f13-25694138.pbs101)
2026-10-06 01:18:13,016 h5bench - INFO - Runtime: 53.2350743 seconds (elapsed time, includes allocation wait time)
2026-10-06 01:18:13,016 h5bench - INFO - h5bench [write] - Complete
2026-10-06 01:18:13,016 h5bench - INFO - JOBID: 25694138.pbs101
2026-10-06 01:18:13,016 h5bench - INFO - h5bench [read] - Starting
2026-10-06 01:18:13,016 h5bench - INFO - h5bench [read] - DIR: payload/native/n4/45b70976-25694138.pbs101/
2026-10-06 01:18:13,017 h5bench - INFO - Parallel setup: mpirun -np 512 --map-by ppr:128:node --bind-to core --mca btl ^openib --mca pml ucx --mca orte_base_help_aggregate 0 --mca opal_common_ucx_opal_mem_hooks 1 -x UCX_LOG_LEVEL=ERROR
2026-10-06 01:18:13,018 h5bench - INFO - mpirun -np 512 --map-by ppr:128:node --bind-to core --mca btl ^openib --mca pml ucx --mca orte_base_help_aggregate 0 --mca opal_common_ucx_opal_mem_hooks 1 -x UCX_LOG_LEVEL=ERROR /home/users/ntu/haiyen00/scratch/fyp/native/h5bench/h5bench/build/install/bin//h5bench_read payload/native/n4/45b70976-25694138.pbs101/h5bench.cfg payload/native/n4/h5bench_weak_native_n4.h5
2026-10-06 01:18:43,672 h5bench - INFO - SUCCESS (all output files are located at payload/native/n4/45b70976-25694138.pbs101)
2026-10-06 01:18:43,673 h5bench - INFO - Runtime: 30.6560178 seconds (elapsed time, includes allocation wait time)
2026-10-06 01:18:43,673 h5bench - INFO - h5bench [read] - Complete
2026-10-06 01:18:43,673 h5bench - INFO - Finishing h5bench Suite
=== Lustre striping actually applied to payload/native/n4 ===
payload/native/n4
stripe_count:  4 stripe_size:   1048576 pattern:       raid0 stripe_offset: -1 pool:          disk

payload/native/n4/3ab26cdc-25694138.pbs101
stripe_count:  4 stripe_size:   1048576 pattern:       raid0 stripe_offset: -1 pool:          disk

payload/native/n4/86dd9f13-25694138.pbs101
stripe_count:  4 stripe_size:   1048576 pattern:       raid0 stripe_offset: -1 pool:          disk

payload/native/n4/45b70976-25694138.pbs101
stripe_count:  4 stripe_size:   1048576 pattern:       raid0 stripe_offset: -1 pool:          disk

payload/native/n4/f48bc9b8-25694138.pbs101
stripe_count:  4 stripe_size:   1048576 pattern:       raid0 stripe_offset: -1 pool:          disk

payload/native/n4/2457c8ee-25694138.pbs101
stripe_count:  4 stripe_size:   1048576 pattern:       raid0 stripe_offset: -1 pool:          disk

payload/native/n4/376b1139-25694138.pbs101
stripe_count:  4 stripe_size:   1048576 pattern:       raid0 stripe_offset: -1 pool:          disk

payload/native/n4/7f73ad28-25694138.pbs101
stripe_count:  4 stripe_size:   1048576 pattern:       raid0 stripe_offset: -1 pool:          disk

payload/native/n4/345768fe-25694138.pbs101
stripe_count:  4 stripe_size:   1048576 pattern:       raid0 stripe_offset: -1 pool:          disk

payload/native/n4/40aa3a3e-25694138.pbs101
stripe_count:  4 stripe_size:   1048576 pattern:       raid0 stripe_offset: -1 pool:          disk

payload/native/n4/335910eb-25694138.pbs101
stripe_count:  4 stripe_size:   1048576 pattern:       raid0 stripe_offset: -1 pool:          disk

payload/native/n4/75d1e871-25694138.pbs101
stripe_count:  4 stripe_size:   1048576 pattern:       raid0 stripe_offset: -1 pool:          disk

payload/native/n4/e3e6b778-25694138.pbs101
stripe_count:  4 stripe_size:   1048576 pattern:       raid0 stripe_offset: -1 pool:          disk

payload/native/n4/d505865b-25694138.pbs101
stripe_count:  4 stripe_size:   1048576 pattern:       raid0 stripe_offset: -1 pool:          disk

payload/native/n4/4226797e-25694138.pbs101
stripe_count:  4 stripe_size:   1048576 pattern:       raid0 stripe_offset: -1 pool:          disk

payload/native/n4/7f56e9c9-25694138.pbs101
stripe_count:  4 stripe_size:   1048576 pattern:       raid0 stripe_offset: -1 pool:          disk

payload/native/n4/305e739a-25694138.pbs101
stripe_count:  4 stripe_size:   1048576 pattern:       raid0 stripe_offset: -1 pool:          disk

payload/native/n4/a93d4a1e-25694138.pbs101
stripe_count:  4 stripe_size:   1048576 pattern:       raid0 stripe_offset: -1 pool:          disk

payload/native/n4/h5bench_weak_native_n4.h5
lmm_stripe_count:  4
lmm_stripe_size:   1048576
lmm_pattern:       raid0
lmm_layout_gen:    0
lmm_stripe_offset: 33
lmm_pool:          disk
	obdidx		 objid		 objid		 group
	    33	    1331502533	   0x4f5d1dc5	   0xb00000400
	    34	    1332075707	   0x4f65dcbb	   0xac0000400
	    36	    1336712369	   0x4fac9cb1	   0xb80000400
	    39	    1331125370	   0x4f575c7a	   0xc40000400

payload/native/n4/d7cfc069-25694138.pbs101
stripe_count:  4 stripe_size:   1048576 pattern:       raid0 stripe_offset: -1 pool:          disk

payload/native/n4/38550127-25694138.pbs101
stripe_count:  4 stripe_size:   1048576 pattern:       raid0 stripe_offset: -1 pool:          disk

payload/native/n4/89c85dc9-25694138.pbs101
stripe_count:  4 stripe_size:   1048576 pattern:       raid0 stripe_offset: -1 pool:          disk

Completed Successfully! 
