Currently Loaded Modulefiles:
  1) libfabric/1.11.0.4.125   3) apptainer/1.5.0
  2) openmpi/4.1.2-hpe
mpirun (Open MPI) 4.1.2

Report bugs to http://www.open-mpi.org/community/help/
apptainer version 1.5.0
=== Verifying Lustre striping layout for payload/container/n8 ===
payload/container/n8
stripe_count:  4 stripe_size:   1048576 pattern:       raid0 stripe_offset: -1 pool:          disk

=================================================================
 Container Inter-Node Weak Scaling: NODES=8 NP=1024 REPS=10 
=================================================================
--- Repetition 1/10 ---
+ /home/users/ntu/haiyen00/scratch/fyp/native/h5bench/h5bench/build/install/bin/h5bench -a -d -p /opt/h5bench/install/bin container/n8/config_rep1.json

real	1m47.216s
user	23m17.353s
sys	90m52.429s
+ H5BENCH_EXIT=0
+ set +x
2026-10-06 00:46:20,597 h5bench - INFO - Starting h5bench Suite
2026-10-06 00:46:20,599 h5bench - WARNING - Base directory already exists: payload/container/n8
2026-10-06 00:46:20,603 h5bench - INFO - Lustre support detected
2026-10-06 00:46:20,603 h5bench - DEBUG - Lustre stripping configuration: lfs setstripe -S 1M -c 4 payload/container/n8
2026-10-06 00:46:20,607 h5bench - DEBUG - LD_LIBRARY_PATH: /app/apps/singularity/sup/squashfuse/0.6.1/lib:/app/apps/openmpi/4.1.2-hpe/lib:/opt/cray/libfabric/1.11.0.4.125/lib64
2026-10-06 00:46:20,608 h5bench - DEBUG - DYLD_LIBRARY_PATH: 
2026-10-06 00:46:20,608 h5bench - DEBUG - LD_PRELOAD: 
2026-10-06 00:46:20,608 h5bench - INFO - JOBID: 25694143.pbs101
2026-10-06 00:46:20,608 h5bench - INFO - h5bench [write] - Starting
2026-10-06 00:46:20,609 h5bench - INFO - h5bench [write] - DIR: payload/container/n8/4933e72f-25694143.pbs101/
2026-10-06 00:46:20,609 h5bench - INFO - Parallel setup: mpirun -np 1024 --map-by ppr:128:node --bind-to core --mca btl vader,tcp,self --mca btl_vader_single_copy_mechanism none --mca btl_tcp_if_include hsn0 --mca oob_tcp_if_include hsn0 --mca orte_base_help_aggregate 0 --mca opal_common_ucx_opal_mem_hooks 1 -x UCX_LOG_LEVEL=ERROR apptainer exec --bind /scratch /home/users/ntu/haiyen00/scratch/fyp/container/h5bench/h5bench_benchmarks.sif
2026-10-06 00:46:20,610 h5bench - INFO - mpirun -np 1024 --map-by ppr:128:node --bind-to core --mca btl vader,tcp,self --mca btl_vader_single_copy_mechanism none --mca btl_tcp_if_include hsn0 --mca oob_tcp_if_include hsn0 --mca orte_base_help_aggregate 0 --mca opal_common_ucx_opal_mem_hooks 1 -x UCX_LOG_LEVEL=ERROR apptainer exec --bind /scratch /home/users/ntu/haiyen00/scratch/fyp/container/h5bench/h5bench_benchmarks.sif /opt/h5bench/install/bin/h5bench_write payload/container/n8/4933e72f-25694143.pbs101/h5bench.cfg payload/container/n8/h5bench_weak_container_n8.h5
2026-10-06 00:47:31,010 h5bench - INFO - SUCCESS (all output files are located at payload/container/n8/4933e72f-25694143.pbs101)
2026-10-06 00:47:31,010 h5bench - INFO - Runtime: 70.4010308 seconds (elapsed time, includes allocation wait time)
2026-10-06 00:47:31,010 h5bench - INFO - h5bench [write] - Complete
2026-10-06 00:47:31,011 h5bench - INFO - JOBID: 25694143.pbs101
2026-10-06 00:47:31,011 h5bench - INFO - h5bench [read] - Starting
2026-10-06 00:47:31,011 h5bench - INFO - h5bench [read] - DIR: payload/container/n8/c4659367-25694143.pbs101/
2026-10-06 00:47:31,011 h5bench - INFO - Parallel setup: mpirun -np 1024 --map-by ppr:128:node --bind-to core --mca btl vader,tcp,self --mca btl_vader_single_copy_mechanism none --mca btl_tcp_if_include hsn0 --mca oob_tcp_if_include hsn0 --mca orte_base_help_aggregate 0 --mca opal_common_ucx_opal_mem_hooks 1 -x UCX_LOG_LEVEL=ERROR apptainer exec --bind /scratch /home/users/ntu/haiyen00/scratch/fyp/container/h5bench/h5bench_benchmarks.sif
2026-10-06 00:47:31,013 h5bench - INFO - mpirun -np 1024 --map-by ppr:128:node --bind-to core --mca btl vader,tcp,self --mca btl_vader_single_copy_mechanism none --mca btl_tcp_if_include hsn0 --mca oob_tcp_if_include hsn0 --mca orte_base_help_aggregate 0 --mca opal_common_ucx_opal_mem_hooks 1 -x UCX_LOG_LEVEL=ERROR apptainer exec --bind /scratch /home/users/ntu/haiyen00/scratch/fyp/container/h5bench/h5bench_benchmarks.sif /opt/h5bench/install/bin/h5bench_read payload/container/n8/c4659367-25694143.pbs101/h5bench.cfg payload/container/n8/h5bench_weak_container_n8.h5
2026-10-06 00:48:07,752 h5bench - INFO - SUCCESS (all output files are located at payload/container/n8/c4659367-25694143.pbs101)
2026-10-06 00:48:07,752 h5bench - INFO - Runtime: 36.7408385 seconds (elapsed time, includes allocation wait time)
2026-10-06 00:48:07,752 h5bench - INFO - h5bench [read] - Complete
2026-10-06 00:48:07,753 h5bench - INFO - Finishing h5bench Suite
--- Repetition 2/10 ---
+ /home/users/ntu/haiyen00/scratch/fyp/native/h5bench/h5bench/build/install/bin/h5bench -a -d -p /opt/h5bench/install/bin container/n8/config_rep2.json

real	2m3.561s
user	25m21.929s
sys	103m56.999s
+ H5BENCH_EXIT=0
+ set +x
2026-10-06 00:48:13,157 h5bench - INFO - Starting h5bench Suite
2026-10-06 00:48:13,158 h5bench - WARNING - Base directory already exists: payload/container/n8
2026-10-06 00:48:13,163 h5bench - INFO - Lustre support detected
2026-10-06 00:48:13,163 h5bench - DEBUG - Lustre stripping configuration: lfs setstripe -S 1M -c 4 payload/container/n8
2026-10-06 00:48:13,168 h5bench - DEBUG - LD_LIBRARY_PATH: /app/apps/singularity/sup/squashfuse/0.6.1/lib:/app/apps/openmpi/4.1.2-hpe/lib:/opt/cray/libfabric/1.11.0.4.125/lib64
2026-10-06 00:48:13,168 h5bench - DEBUG - DYLD_LIBRARY_PATH: 
2026-10-06 00:48:13,168 h5bench - DEBUG - LD_PRELOAD: 
2026-10-06 00:48:13,169 h5bench - INFO - JOBID: 25694143.pbs101
2026-10-06 00:48:13,169 h5bench - INFO - h5bench [write] - Starting
2026-10-06 00:48:13,169 h5bench - INFO - h5bench [write] - DIR: payload/container/n8/e389f675-25694143.pbs101/
2026-10-06 00:48:13,169 h5bench - INFO - Parallel setup: mpirun -np 1024 --map-by ppr:128:node --bind-to core --mca btl vader,tcp,self --mca btl_vader_single_copy_mechanism none --mca btl_tcp_if_include hsn0 --mca oob_tcp_if_include hsn0 --mca orte_base_help_aggregate 0 --mca opal_common_ucx_opal_mem_hooks 1 -x UCX_LOG_LEVEL=ERROR apptainer exec --bind /scratch /home/users/ntu/haiyen00/scratch/fyp/container/h5bench/h5bench_benchmarks.sif
2026-10-06 00:48:13,170 h5bench - INFO - mpirun -np 1024 --map-by ppr:128:node --bind-to core --mca btl vader,tcp,self --mca btl_vader_single_copy_mechanism none --mca btl_tcp_if_include hsn0 --mca oob_tcp_if_include hsn0 --mca orte_base_help_aggregate 0 --mca opal_common_ucx_opal_mem_hooks 1 -x UCX_LOG_LEVEL=ERROR apptainer exec --bind /scratch /home/users/ntu/haiyen00/scratch/fyp/container/h5bench/h5bench_benchmarks.sif /opt/h5bench/install/bin/h5bench_write payload/container/n8/e389f675-25694143.pbs101/h5bench.cfg payload/container/n8/h5bench_weak_container_n8.h5
2026-10-06 00:49:33,432 h5bench - INFO - SUCCESS (all output files are located at payload/container/n8/e389f675-25694143.pbs101)
2026-10-06 00:49:33,433 h5bench - INFO - Runtime: 80.2632060 seconds (elapsed time, includes allocation wait time)
2026-10-06 00:49:33,433 h5bench - INFO - h5bench [write] - Complete
2026-10-06 00:49:33,433 h5bench - INFO - JOBID: 25694143.pbs101
2026-10-06 00:49:33,433 h5bench - INFO - h5bench [read] - Starting
2026-10-06 00:49:33,433 h5bench - INFO - h5bench [read] - DIR: payload/container/n8/7b6b9a5d-25694143.pbs101/
2026-10-06 00:49:33,434 h5bench - INFO - Parallel setup: mpirun -np 1024 --map-by ppr:128:node --bind-to core --mca btl vader,tcp,self --mca btl_vader_single_copy_mechanism none --mca btl_tcp_if_include hsn0 --mca oob_tcp_if_include hsn0 --mca orte_base_help_aggregate 0 --mca opal_common_ucx_opal_mem_hooks 1 -x UCX_LOG_LEVEL=ERROR apptainer exec --bind /scratch /home/users/ntu/haiyen00/scratch/fyp/container/h5bench/h5bench_benchmarks.sif
2026-10-06 00:49:33,435 h5bench - INFO - mpirun -np 1024 --map-by ppr:128:node --bind-to core --mca btl vader,tcp,self --mca btl_vader_single_copy_mechanism none --mca btl_tcp_if_include hsn0 --mca oob_tcp_if_include hsn0 --mca orte_base_help_aggregate 0 --mca opal_common_ucx_opal_mem_hooks 1 -x UCX_LOG_LEVEL=ERROR apptainer exec --bind /scratch /home/users/ntu/haiyen00/scratch/fyp/container/h5bench/h5bench_benchmarks.sif /opt/h5bench/install/bin/h5bench_read payload/container/n8/7b6b9a5d-25694143.pbs101/h5bench.cfg payload/container/n8/h5bench_weak_container_n8.h5
2026-10-06 00:50:16,650 h5bench - INFO - SUCCESS (all output files are located at payload/container/n8/7b6b9a5d-25694143.pbs101)
2026-10-06 00:50:16,650 h5bench - INFO - Runtime: 43.2163641 seconds (elapsed time, includes allocation wait time)
2026-10-06 00:50:16,650 h5bench - INFO - h5bench [read] - Complete
2026-10-06 00:50:16,651 h5bench - INFO - Finishing h5bench Suite
--- Repetition 3/10 ---
+ /home/users/ntu/haiyen00/scratch/fyp/native/h5bench/h5bench/build/install/bin/h5bench -a -d -p /opt/h5bench/install/bin container/n8/config_rep3.json

real	1m47.798s
user	28m23.764s
sys	96m35.101s
+ H5BENCH_EXIT=0
+ set +x
2026-10-06 00:50:21,874 h5bench - INFO - Starting h5bench Suite
2026-10-06 00:50:21,875 h5bench - WARNING - Base directory already exists: payload/container/n8
2026-10-06 00:50:21,880 h5bench - INFO - Lustre support detected
2026-10-06 00:50:21,881 h5bench - DEBUG - Lustre stripping configuration: lfs setstripe -S 1M -c 4 payload/container/n8
2026-10-06 00:50:21,885 h5bench - DEBUG - LD_LIBRARY_PATH: /app/apps/singularity/sup/squashfuse/0.6.1/lib:/app/apps/openmpi/4.1.2-hpe/lib:/opt/cray/libfabric/1.11.0.4.125/lib64
2026-10-06 00:50:21,886 h5bench - DEBUG - DYLD_LIBRARY_PATH: 
2026-10-06 00:50:21,886 h5bench - DEBUG - LD_PRELOAD: 
2026-10-06 00:50:21,886 h5bench - INFO - JOBID: 25694143.pbs101
2026-10-06 00:50:21,886 h5bench - INFO - h5bench [write] - Starting
2026-10-06 00:50:21,886 h5bench - INFO - h5bench [write] - DIR: payload/container/n8/a6f17291-25694143.pbs101/
2026-10-06 00:50:21,887 h5bench - INFO - Parallel setup: mpirun -np 1024 --map-by ppr:128:node --bind-to core --mca btl vader,tcp,self --mca btl_vader_single_copy_mechanism none --mca btl_tcp_if_include hsn0 --mca oob_tcp_if_include hsn0 --mca orte_base_help_aggregate 0 --mca opal_common_ucx_opal_mem_hooks 1 -x UCX_LOG_LEVEL=ERROR apptainer exec --bind /scratch /home/users/ntu/haiyen00/scratch/fyp/container/h5bench/h5bench_benchmarks.sif
2026-10-06 00:50:21,888 h5bench - INFO - mpirun -np 1024 --map-by ppr:128:node --bind-to core --mca btl vader,tcp,self --mca btl_vader_single_copy_mechanism none --mca btl_tcp_if_include hsn0 --mca oob_tcp_if_include hsn0 --mca orte_base_help_aggregate 0 --mca opal_common_ucx_opal_mem_hooks 1 -x UCX_LOG_LEVEL=ERROR apptainer exec --bind /scratch /home/users/ntu/haiyen00/scratch/fyp/container/h5bench/h5bench_benchmarks.sif /opt/h5bench/install/bin/h5bench_write payload/container/n8/a6f17291-25694143.pbs101/h5bench.cfg payload/container/n8/h5bench_weak_container_n8.h5
2026-10-06 00:51:30,453 h5bench - INFO - SUCCESS (all output files are located at payload/container/n8/a6f17291-25694143.pbs101)
2026-10-06 00:51:30,454 h5bench - INFO - Runtime: 68.5672293 seconds (elapsed time, includes allocation wait time)
2026-10-06 00:51:30,454 h5bench - INFO - h5bench [write] - Complete
2026-10-06 00:51:30,454 h5bench - INFO - JOBID: 25694143.pbs101
2026-10-06 00:51:30,455 h5bench - INFO - h5bench [read] - Starting
2026-10-06 00:51:30,455 h5bench - INFO - h5bench [read] - DIR: payload/container/n8/e8542bda-25694143.pbs101/
2026-10-06 00:51:30,455 h5bench - INFO - Parallel setup: mpirun -np 1024 --map-by ppr:128:node --bind-to core --mca btl vader,tcp,self --mca btl_vader_single_copy_mechanism none --mca btl_tcp_if_include hsn0 --mca oob_tcp_if_include hsn0 --mca orte_base_help_aggregate 0 --mca opal_common_ucx_opal_mem_hooks 1 -x UCX_LOG_LEVEL=ERROR apptainer exec --bind /scratch /home/users/ntu/haiyen00/scratch/fyp/container/h5bench/h5bench_benchmarks.sif
2026-10-06 00:51:30,456 h5bench - INFO - mpirun -np 1024 --map-by ppr:128:node --bind-to core --mca btl vader,tcp,self --mca btl_vader_single_copy_mechanism none --mca btl_tcp_if_include hsn0 --mca oob_tcp_if_include hsn0 --mca orte_base_help_aggregate 0 --mca opal_common_ucx_opal_mem_hooks 1 -x UCX_LOG_LEVEL=ERROR apptainer exec --bind /scratch /home/users/ntu/haiyen00/scratch/fyp/container/h5bench/h5bench_benchmarks.sif /opt/h5bench/install/bin/h5bench_read payload/container/n8/e8542bda-25694143.pbs101/h5bench.cfg payload/container/n8/h5bench_weak_container_n8.h5
2026-10-06 00:52:09,604 h5bench - INFO - SUCCESS (all output files are located at payload/container/n8/e8542bda-25694143.pbs101)
2026-10-06 00:52:09,605 h5bench - INFO - Runtime: 39.1494074 seconds (elapsed time, includes allocation wait time)
2026-10-06 00:52:09,605 h5bench - INFO - h5bench [read] - Complete
2026-10-06 00:52:09,605 h5bench - INFO - Finishing h5bench Suite
--- Repetition 4/10 ---
+ /home/users/ntu/haiyen00/scratch/fyp/native/h5bench/h5bench/build/install/bin/h5bench -a -d -p /opt/h5bench/install/bin container/n8/config_rep4.json

real	1m45.858s
user	24m53.425s
sys	92m27.091s
+ H5BENCH_EXIT=0
+ set +x
2026-10-06 00:52:15,046 h5bench - INFO - Starting h5bench Suite
2026-10-06 00:52:15,047 h5bench - WARNING - Base directory already exists: payload/container/n8
2026-10-06 00:52:15,053 h5bench - INFO - Lustre support detected
2026-10-06 00:52:15,053 h5bench - DEBUG - Lustre stripping configuration: lfs setstripe -S 1M -c 4 payload/container/n8
2026-10-06 00:52:15,058 h5bench - DEBUG - LD_LIBRARY_PATH: /app/apps/singularity/sup/squashfuse/0.6.1/lib:/app/apps/openmpi/4.1.2-hpe/lib:/opt/cray/libfabric/1.11.0.4.125/lib64
2026-10-06 00:52:15,058 h5bench - DEBUG - DYLD_LIBRARY_PATH: 
2026-10-06 00:52:15,058 h5bench - DEBUG - LD_PRELOAD: 
2026-10-06 00:52:15,059 h5bench - INFO - JOBID: 25694143.pbs101
2026-10-06 00:52:15,059 h5bench - INFO - h5bench [write] - Starting
2026-10-06 00:52:15,059 h5bench - INFO - h5bench [write] - DIR: payload/container/n8/3790f1f8-25694143.pbs101/
2026-10-06 00:52:15,059 h5bench - INFO - Parallel setup: mpirun -np 1024 --map-by ppr:128:node --bind-to core --mca btl vader,tcp,self --mca btl_vader_single_copy_mechanism none --mca btl_tcp_if_include hsn0 --mca oob_tcp_if_include hsn0 --mca orte_base_help_aggregate 0 --mca opal_common_ucx_opal_mem_hooks 1 -x UCX_LOG_LEVEL=ERROR apptainer exec --bind /scratch /home/users/ntu/haiyen00/scratch/fyp/container/h5bench/h5bench_benchmarks.sif
2026-10-06 00:52:15,060 h5bench - INFO - mpirun -np 1024 --map-by ppr:128:node --bind-to core --mca btl vader,tcp,self --mca btl_vader_single_copy_mechanism none --mca btl_tcp_if_include hsn0 --mca oob_tcp_if_include hsn0 --mca orte_base_help_aggregate 0 --mca opal_common_ucx_opal_mem_hooks 1 -x UCX_LOG_LEVEL=ERROR apptainer exec --bind /scratch /home/users/ntu/haiyen00/scratch/fyp/container/h5bench/h5bench_benchmarks.sif /opt/h5bench/install/bin/h5bench_write payload/container/n8/3790f1f8-25694143.pbs101/h5bench.cfg payload/container/n8/h5bench_weak_container_n8.h5
2026-10-06 00:53:25,882 h5bench - INFO - SUCCESS (all output files are located at payload/container/n8/3790f1f8-25694143.pbs101)
2026-10-06 00:53:25,883 h5bench - INFO - Runtime: 70.8234987 seconds (elapsed time, includes allocation wait time)
2026-10-06 00:53:25,883 h5bench - INFO - h5bench [write] - Complete
2026-10-06 00:53:25,883 h5bench - INFO - JOBID: 25694143.pbs101
2026-10-06 00:53:25,884 h5bench - INFO - h5bench [read] - Starting
2026-10-06 00:53:25,884 h5bench - INFO - h5bench [read] - DIR: payload/container/n8/287e534f-25694143.pbs101/
2026-10-06 00:53:25,884 h5bench - INFO - Parallel setup: mpirun -np 1024 --map-by ppr:128:node --bind-to core --mca btl vader,tcp,self --mca btl_vader_single_copy_mechanism none --mca btl_tcp_if_include hsn0 --mca oob_tcp_if_include hsn0 --mca orte_base_help_aggregate 0 --mca opal_common_ucx_opal_mem_hooks 1 -x UCX_LOG_LEVEL=ERROR apptainer exec --bind /scratch /home/users/ntu/haiyen00/scratch/fyp/container/h5bench/h5bench_benchmarks.sif
2026-10-06 00:53:25,885 h5bench - INFO - mpirun -np 1024 --map-by ppr:128:node --bind-to core --mca btl vader,tcp,self --mca btl_vader_single_copy_mechanism none --mca btl_tcp_if_include hsn0 --mca oob_tcp_if_include hsn0 --mca orte_base_help_aggregate 0 --mca opal_common_ucx_opal_mem_hooks 1 -x UCX_LOG_LEVEL=ERROR apptainer exec --bind /scratch /home/users/ntu/haiyen00/scratch/fyp/container/h5bench/h5bench_benchmarks.sif /opt/h5bench/install/bin/h5bench_read payload/container/n8/287e534f-25694143.pbs101/h5bench.cfg payload/container/n8/h5bench_weak_container_n8.h5
2026-10-06 00:54:00,836 h5bench - INFO - SUCCESS (all output files are located at payload/container/n8/287e534f-25694143.pbs101)
2026-10-06 00:54:00,837 h5bench - INFO - Runtime: 34.9523599 seconds (elapsed time, includes allocation wait time)
2026-10-06 00:54:00,837 h5bench - INFO - h5bench [read] - Complete
2026-10-06 00:54:00,837 h5bench - INFO - Finishing h5bench Suite
--- Repetition 5/10 ---
+ /home/users/ntu/haiyen00/scratch/fyp/native/h5bench/h5bench/build/install/bin/h5bench -a -d -p /opt/h5bench/install/bin container/n8/config_rep5.json

real	1m31.036s
user	20m28.002s
sys	84m9.242s
+ H5BENCH_EXIT=0
+ set +x
2026-10-06 00:54:05,959 h5bench - INFO - Starting h5bench Suite
2026-10-06 00:54:05,960 h5bench - WARNING - Base directory already exists: payload/container/n8
2026-10-06 00:54:05,966 h5bench - INFO - Lustre support detected
2026-10-06 00:54:05,966 h5bench - DEBUG - Lustre stripping configuration: lfs setstripe -S 1M -c 4 payload/container/n8
2026-10-06 00:54:05,971 h5bench - DEBUG - LD_LIBRARY_PATH: /app/apps/singularity/sup/squashfuse/0.6.1/lib:/app/apps/openmpi/4.1.2-hpe/lib:/opt/cray/libfabric/1.11.0.4.125/lib64
2026-10-06 00:54:05,971 h5bench - DEBUG - DYLD_LIBRARY_PATH: 
2026-10-06 00:54:05,971 h5bench - DEBUG - LD_PRELOAD: 
2026-10-06 00:54:05,972 h5bench - INFO - JOBID: 25694143.pbs101
2026-10-06 00:54:05,972 h5bench - INFO - h5bench [write] - Starting
2026-10-06 00:54:05,972 h5bench - INFO - h5bench [write] - DIR: payload/container/n8/c5e945a4-25694143.pbs101/
2026-10-06 00:54:05,972 h5bench - INFO - Parallel setup: mpirun -np 1024 --map-by ppr:128:node --bind-to core --mca btl vader,tcp,self --mca btl_vader_single_copy_mechanism none --mca btl_tcp_if_include hsn0 --mca oob_tcp_if_include hsn0 --mca orte_base_help_aggregate 0 --mca opal_common_ucx_opal_mem_hooks 1 -x UCX_LOG_LEVEL=ERROR apptainer exec --bind /scratch /home/users/ntu/haiyen00/scratch/fyp/container/h5bench/h5bench_benchmarks.sif
2026-10-06 00:54:05,973 h5bench - INFO - mpirun -np 1024 --map-by ppr:128:node --bind-to core --mca btl vader,tcp,self --mca btl_vader_single_copy_mechanism none --mca btl_tcp_if_include hsn0 --mca oob_tcp_if_include hsn0 --mca orte_base_help_aggregate 0 --mca opal_common_ucx_opal_mem_hooks 1 -x UCX_LOG_LEVEL=ERROR apptainer exec --bind /scratch /home/users/ntu/haiyen00/scratch/fyp/container/h5bench/h5bench_benchmarks.sif /opt/h5bench/install/bin/h5bench_write payload/container/n8/c5e945a4-25694143.pbs101/h5bench.cfg payload/container/n8/h5bench_weak_container_n8.h5
2026-10-06 00:55:06,046 h5bench - INFO - SUCCESS (all output files are located at payload/container/n8/c5e945a4-25694143.pbs101)
2026-10-06 00:55:06,046 h5bench - INFO - Runtime: 60.0737789 seconds (elapsed time, includes allocation wait time)
2026-10-06 00:55:06,046 h5bench - INFO - h5bench [write] - Complete
2026-10-06 00:55:06,047 h5bench - INFO - JOBID: 25694143.pbs101
2026-10-06 00:55:06,047 h5bench - INFO - h5bench [read] - Starting
2026-10-06 00:55:06,047 h5bench - INFO - h5bench [read] - DIR: payload/container/n8/f4d99083-25694143.pbs101/
2026-10-06 00:55:06,047 h5bench - INFO - Parallel setup: mpirun -np 1024 --map-by ppr:128:node --bind-to core --mca btl vader,tcp,self --mca btl_vader_single_copy_mechanism none --mca btl_tcp_if_include hsn0 --mca oob_tcp_if_include hsn0 --mca orte_base_help_aggregate 0 --mca opal_common_ucx_opal_mem_hooks 1 -x UCX_LOG_LEVEL=ERROR apptainer exec --bind /scratch /home/users/ntu/haiyen00/scratch/fyp/container/h5bench/h5bench_benchmarks.sif
2026-10-06 00:55:06,049 h5bench - INFO - mpirun -np 1024 --map-by ppr:128:node --bind-to core --mca btl vader,tcp,self --mca btl_vader_single_copy_mechanism none --mca btl_tcp_if_include hsn0 --mca oob_tcp_if_include hsn0 --mca orte_base_help_aggregate 0 --mca opal_common_ucx_opal_mem_hooks 1 -x UCX_LOG_LEVEL=ERROR apptainer exec --bind /scratch /home/users/ntu/haiyen00/scratch/fyp/container/h5bench/h5bench_benchmarks.sif /opt/h5bench/install/bin/h5bench_read payload/container/n8/f4d99083-25694143.pbs101/h5bench.cfg payload/container/n8/h5bench_weak_container_n8.h5
2026-10-06 00:55:36,927 h5bench - INFO - SUCCESS (all output files are located at payload/container/n8/f4d99083-25694143.pbs101)
2026-10-06 00:55:36,927 h5bench - INFO - Runtime: 30.8794596 seconds (elapsed time, includes allocation wait time)
2026-10-06 00:55:36,927 h5bench - INFO - h5bench [read] - Complete
2026-10-06 00:55:36,927 h5bench - INFO - Finishing h5bench Suite
--- Repetition 6/10 ---
+ /home/users/ntu/haiyen00/scratch/fyp/native/h5bench/h5bench/build/install/bin/h5bench -a -d -p /opt/h5bench/install/bin container/n8/config_rep6.json

real	2m20.608s
user	37m51.001s
sys	121m29.947s
+ H5BENCH_EXIT=0
+ set +x
2026-10-06 00:55:42,237 h5bench - INFO - Starting h5bench Suite
2026-10-06 00:55:42,238 h5bench - WARNING - Base directory already exists: payload/container/n8
2026-10-06 00:55:42,247 h5bench - INFO - Lustre support detected
2026-10-06 00:55:42,247 h5bench - DEBUG - Lustre stripping configuration: lfs setstripe -S 1M -c 4 payload/container/n8
2026-10-06 00:55:42,252 h5bench - DEBUG - LD_LIBRARY_PATH: /app/apps/singularity/sup/squashfuse/0.6.1/lib:/app/apps/openmpi/4.1.2-hpe/lib:/opt/cray/libfabric/1.11.0.4.125/lib64
2026-10-06 00:55:42,252 h5bench - DEBUG - DYLD_LIBRARY_PATH: 
2026-10-06 00:55:42,252 h5bench - DEBUG - LD_PRELOAD: 
2026-10-06 00:55:42,252 h5bench - INFO - JOBID: 25694143.pbs101
2026-10-06 00:55:42,252 h5bench - INFO - h5bench [write] - Starting
2026-10-06 00:55:42,253 h5bench - INFO - h5bench [write] - DIR: payload/container/n8/d977bd3b-25694143.pbs101/
2026-10-06 00:55:42,253 h5bench - INFO - Parallel setup: mpirun -np 1024 --map-by ppr:128:node --bind-to core --mca btl vader,tcp,self --mca btl_vader_single_copy_mechanism none --mca btl_tcp_if_include hsn0 --mca oob_tcp_if_include hsn0 --mca orte_base_help_aggregate 0 --mca opal_common_ucx_opal_mem_hooks 1 -x UCX_LOG_LEVEL=ERROR apptainer exec --bind /scratch /home/users/ntu/haiyen00/scratch/fyp/container/h5bench/h5bench_benchmarks.sif
2026-10-06 00:55:42,254 h5bench - INFO - mpirun -np 1024 --map-by ppr:128:node --bind-to core --mca btl vader,tcp,self --mca btl_vader_single_copy_mechanism none --mca btl_tcp_if_include hsn0 --mca oob_tcp_if_include hsn0 --mca orte_base_help_aggregate 0 --mca opal_common_ucx_opal_mem_hooks 1 -x UCX_LOG_LEVEL=ERROR apptainer exec --bind /scratch /home/users/ntu/haiyen00/scratch/fyp/container/h5bench/h5bench_benchmarks.sif /opt/h5bench/install/bin/h5bench_write payload/container/n8/d977bd3b-25694143.pbs101/h5bench.cfg payload/container/n8/h5bench_weak_container_n8.h5
2026-10-06 00:57:21,553 h5bench - INFO - SUCCESS (all output files are located at payload/container/n8/d977bd3b-25694143.pbs101)
2026-10-06 00:57:21,553 h5bench - INFO - Runtime: 99.3002837 seconds (elapsed time, includes allocation wait time)
2026-10-06 00:57:21,554 h5bench - INFO - h5bench [write] - Complete
2026-10-06 00:57:21,554 h5bench - INFO - JOBID: 25694143.pbs101
2026-10-06 00:57:21,554 h5bench - INFO - h5bench [read] - Starting
2026-10-06 00:57:21,554 h5bench - INFO - h5bench [read] - DIR: payload/container/n8/e9801a12-25694143.pbs101/
2026-10-06 00:57:21,555 h5bench - INFO - Parallel setup: mpirun -np 1024 --map-by ppr:128:node --bind-to core --mca btl vader,tcp,self --mca btl_vader_single_copy_mechanism none --mca btl_tcp_if_include hsn0 --mca oob_tcp_if_include hsn0 --mca orte_base_help_aggregate 0 --mca opal_common_ucx_opal_mem_hooks 1 -x UCX_LOG_LEVEL=ERROR apptainer exec --bind /scratch /home/users/ntu/haiyen00/scratch/fyp/container/h5bench/h5bench_benchmarks.sif
2026-10-06 00:57:21,556 h5bench - INFO - mpirun -np 1024 --map-by ppr:128:node --bind-to core --mca btl vader,tcp,self --mca btl_vader_single_copy_mechanism none --mca btl_tcp_if_include hsn0 --mca oob_tcp_if_include hsn0 --mca orte_base_help_aggregate 0 --mca opal_common_ucx_opal_mem_hooks 1 -x UCX_LOG_LEVEL=ERROR apptainer exec --bind /scratch /home/users/ntu/haiyen00/scratch/fyp/container/h5bench/h5bench_benchmarks.sif /opt/h5bench/install/bin/h5bench_read payload/container/n8/e9801a12-25694143.pbs101/h5bench.cfg payload/container/n8/h5bench_weak_container_n8.h5
2026-10-06 00:58:02,778 h5bench - INFO - SUCCESS (all output files are located at payload/container/n8/e9801a12-25694143.pbs101)
2026-10-06 00:58:02,779 h5bench - INFO - Runtime: 41.2240522 seconds (elapsed time, includes allocation wait time)
2026-10-06 00:58:02,779 h5bench - INFO - h5bench [read] - Complete
2026-10-06 00:58:02,779 h5bench - INFO - Finishing h5bench Suite
--- Repetition 7/10 ---
+ /home/users/ntu/haiyen00/scratch/fyp/native/h5bench/h5bench/build/install/bin/h5bench -a -d -p /opt/h5bench/install/bin container/n8/config_rep7.json

real	1m40.528s
user	22m34.953s
sys	85m42.503s
+ H5BENCH_EXIT=0
+ set +x
2026-10-06 00:58:08,043 h5bench - INFO - Starting h5bench Suite
2026-10-06 00:58:08,044 h5bench - WARNING - Base directory already exists: payload/container/n8
2026-10-06 00:58:08,052 h5bench - INFO - Lustre support detected
2026-10-06 00:58:08,052 h5bench - DEBUG - Lustre stripping configuration: lfs setstripe -S 1M -c 4 payload/container/n8
2026-10-06 00:58:08,057 h5bench - DEBUG - LD_LIBRARY_PATH: /app/apps/singularity/sup/squashfuse/0.6.1/lib:/app/apps/openmpi/4.1.2-hpe/lib:/opt/cray/libfabric/1.11.0.4.125/lib64
2026-10-06 00:58:08,057 h5bench - DEBUG - DYLD_LIBRARY_PATH: 
2026-10-06 00:58:08,057 h5bench - DEBUG - LD_PRELOAD: 
2026-10-06 00:58:08,057 h5bench - INFO - JOBID: 25694143.pbs101
2026-10-06 00:58:08,058 h5bench - INFO - h5bench [write] - Starting
2026-10-06 00:58:08,058 h5bench - INFO - h5bench [write] - DIR: payload/container/n8/a198bb70-25694143.pbs101/
2026-10-06 00:58:08,058 h5bench - INFO - Parallel setup: mpirun -np 1024 --map-by ppr:128:node --bind-to core --mca btl vader,tcp,self --mca btl_vader_single_copy_mechanism none --mca btl_tcp_if_include hsn0 --mca oob_tcp_if_include hsn0 --mca orte_base_help_aggregate 0 --mca opal_common_ucx_opal_mem_hooks 1 -x UCX_LOG_LEVEL=ERROR apptainer exec --bind /scratch /home/users/ntu/haiyen00/scratch/fyp/container/h5bench/h5bench_benchmarks.sif
2026-10-06 00:58:08,060 h5bench - INFO - mpirun -np 1024 --map-by ppr:128:node --bind-to core --mca btl vader,tcp,self --mca btl_vader_single_copy_mechanism none --mca btl_tcp_if_include hsn0 --mca oob_tcp_if_include hsn0 --mca orte_base_help_aggregate 0 --mca opal_common_ucx_opal_mem_hooks 1 -x UCX_LOG_LEVEL=ERROR apptainer exec --bind /scratch /home/users/ntu/haiyen00/scratch/fyp/container/h5bench/h5bench_benchmarks.sif /opt/h5bench/install/bin/h5bench_write payload/container/n8/a198bb70-25694143.pbs101/h5bench.cfg payload/container/n8/h5bench_weak_container_n8.h5
2026-10-06 00:59:14,950 h5bench - INFO - SUCCESS (all output files are located at payload/container/n8/a198bb70-25694143.pbs101)
2026-10-06 00:59:14,951 h5bench - INFO - Runtime: 66.8924522 seconds (elapsed time, includes allocation wait time)
2026-10-06 00:59:14,951 h5bench - INFO - h5bench [write] - Complete
2026-10-06 00:59:14,951 h5bench - INFO - JOBID: 25694143.pbs101
2026-10-06 00:59:14,951 h5bench - INFO - h5bench [read] - Starting
2026-10-06 00:59:14,951 h5bench - INFO - h5bench [read] - DIR: payload/container/n8/01a384e7-25694143.pbs101/
2026-10-06 00:59:14,952 h5bench - INFO - Parallel setup: mpirun -np 1024 --map-by ppr:128:node --bind-to core --mca btl vader,tcp,self --mca btl_vader_single_copy_mechanism none --mca btl_tcp_if_include hsn0 --mca oob_tcp_if_include hsn0 --mca orte_base_help_aggregate 0 --mca opal_common_ucx_opal_mem_hooks 1 -x UCX_LOG_LEVEL=ERROR apptainer exec --bind /scratch /home/users/ntu/haiyen00/scratch/fyp/container/h5bench/h5bench_benchmarks.sif
2026-10-06 00:59:14,953 h5bench - INFO - mpirun -np 1024 --map-by ppr:128:node --bind-to core --mca btl vader,tcp,self --mca btl_vader_single_copy_mechanism none --mca btl_tcp_if_include hsn0 --mca oob_tcp_if_include hsn0 --mca orte_base_help_aggregate 0 --mca opal_common_ucx_opal_mem_hooks 1 -x UCX_LOG_LEVEL=ERROR apptainer exec --bind /scratch /home/users/ntu/haiyen00/scratch/fyp/container/h5bench/h5bench_benchmarks.sif /opt/h5bench/install/bin/h5bench_read payload/container/n8/01a384e7-25694143.pbs101/h5bench.cfg payload/container/n8/h5bench_weak_container_n8.h5
2026-10-06 00:59:48,504 h5bench - INFO - SUCCESS (all output files are located at payload/container/n8/01a384e7-25694143.pbs101)
2026-10-06 00:59:48,504 h5bench - INFO - Runtime: 33.5520792 seconds (elapsed time, includes allocation wait time)
2026-10-06 00:59:48,504 h5bench - INFO - h5bench [read] - Complete
2026-10-06 00:59:48,504 h5bench - INFO - Finishing h5bench Suite
--- Repetition 8/10 ---
+ /home/users/ntu/haiyen00/scratch/fyp/native/h5bench/h5bench/build/install/bin/h5bench -a -d -p /opt/h5bench/install/bin container/n8/config_rep8.json

real	1m44.100s
user	25m59.946s
sys	93m16.470s
+ H5BENCH_EXIT=0
+ set +x
2026-10-06 00:59:53,738 h5bench - INFO - Starting h5bench Suite
2026-10-06 00:59:53,739 h5bench - WARNING - Base directory already exists: payload/container/n8
2026-10-06 00:59:53,747 h5bench - INFO - Lustre support detected
2026-10-06 00:59:53,747 h5bench - DEBUG - Lustre stripping configuration: lfs setstripe -S 1M -c 4 payload/container/n8
2026-10-06 00:59:53,752 h5bench - DEBUG - LD_LIBRARY_PATH: /app/apps/singularity/sup/squashfuse/0.6.1/lib:/app/apps/openmpi/4.1.2-hpe/lib:/opt/cray/libfabric/1.11.0.4.125/lib64
2026-10-06 00:59:53,752 h5bench - DEBUG - DYLD_LIBRARY_PATH: 
2026-10-06 00:59:53,753 h5bench - DEBUG - LD_PRELOAD: 
2026-10-06 00:59:53,753 h5bench - INFO - JOBID: 25694143.pbs101
2026-10-06 00:59:53,753 h5bench - INFO - h5bench [write] - Starting
2026-10-06 00:59:53,753 h5bench - INFO - h5bench [write] - DIR: payload/container/n8/d61992fb-25694143.pbs101/
2026-10-06 00:59:53,754 h5bench - INFO - Parallel setup: mpirun -np 1024 --map-by ppr:128:node --bind-to core --mca btl vader,tcp,self --mca btl_vader_single_copy_mechanism none --mca btl_tcp_if_include hsn0 --mca oob_tcp_if_include hsn0 --mca orte_base_help_aggregate 0 --mca opal_common_ucx_opal_mem_hooks 1 -x UCX_LOG_LEVEL=ERROR apptainer exec --bind /scratch /home/users/ntu/haiyen00/scratch/fyp/container/h5bench/h5bench_benchmarks.sif
2026-10-06 00:59:53,755 h5bench - INFO - mpirun -np 1024 --map-by ppr:128:node --bind-to core --mca btl vader,tcp,self --mca btl_vader_single_copy_mechanism none --mca btl_tcp_if_include hsn0 --mca oob_tcp_if_include hsn0 --mca orte_base_help_aggregate 0 --mca opal_common_ucx_opal_mem_hooks 1 -x UCX_LOG_LEVEL=ERROR apptainer exec --bind /scratch /home/users/ntu/haiyen00/scratch/fyp/container/h5bench/h5bench_benchmarks.sif /opt/h5bench/install/bin/h5bench_write payload/container/n8/d61992fb-25694143.pbs101/h5bench.cfg payload/container/n8/h5bench_weak_container_n8.h5
2026-10-06 01:01:01,791 h5bench - INFO - SUCCESS (all output files are located at payload/container/n8/d61992fb-25694143.pbs101)
2026-10-06 01:01:01,792 h5bench - INFO - Runtime: 68.0380280 seconds (elapsed time, includes allocation wait time)
2026-10-06 01:01:01,792 h5bench - INFO - h5bench [write] - Complete
2026-10-06 01:01:01,792 h5bench - INFO - JOBID: 25694143.pbs101
2026-10-06 01:01:01,792 h5bench - INFO - h5bench [read] - Starting
2026-10-06 01:01:01,792 h5bench - INFO - h5bench [read] - DIR: payload/container/n8/4ef31cb0-25694143.pbs101/
2026-10-06 01:01:01,793 h5bench - INFO - Parallel setup: mpirun -np 1024 --map-by ppr:128:node --bind-to core --mca btl vader,tcp,self --mca btl_vader_single_copy_mechanism none --mca btl_tcp_if_include hsn0 --mca oob_tcp_if_include hsn0 --mca orte_base_help_aggregate 0 --mca opal_common_ucx_opal_mem_hooks 1 -x UCX_LOG_LEVEL=ERROR apptainer exec --bind /scratch /home/users/ntu/haiyen00/scratch/fyp/container/h5bench/h5bench_benchmarks.sif
2026-10-06 01:01:01,794 h5bench - INFO - mpirun -np 1024 --map-by ppr:128:node --bind-to core --mca btl vader,tcp,self --mca btl_vader_single_copy_mechanism none --mca btl_tcp_if_include hsn0 --mca oob_tcp_if_include hsn0 --mca orte_base_help_aggregate 0 --mca opal_common_ucx_opal_mem_hooks 1 -x UCX_LOG_LEVEL=ERROR apptainer exec --bind /scratch /home/users/ntu/haiyen00/scratch/fyp/container/h5bench/h5bench_benchmarks.sif /opt/h5bench/install/bin/h5bench_read payload/container/n8/4ef31cb0-25694143.pbs101/h5bench.cfg payload/container/n8/h5bench_weak_container_n8.h5
2026-10-06 01:01:37,769 h5bench - INFO - SUCCESS (all output files are located at payload/container/n8/4ef31cb0-25694143.pbs101)
2026-10-06 01:01:37,769 h5bench - INFO - Runtime: 35.9762070 seconds (elapsed time, includes allocation wait time)
2026-10-06 01:01:37,769 h5bench - INFO - h5bench [read] - Complete
2026-10-06 01:01:37,770 h5bench - INFO - Finishing h5bench Suite
--- Repetition 9/10 ---
+ /home/users/ntu/haiyen00/scratch/fyp/native/h5bench/h5bench/build/install/bin/h5bench -a -d -p /opt/h5bench/install/bin container/n8/config_rep9.json

real	1m30.451s
user	22m32.041s
sys	75m41.995s
+ H5BENCH_EXIT=0
+ set +x
2026-10-06 01:01:42,839 h5bench - INFO - Starting h5bench Suite
2026-10-06 01:01:42,840 h5bench - WARNING - Base directory already exists: payload/container/n8
2026-10-06 01:01:42,849 h5bench - INFO - Lustre support detected
2026-10-06 01:01:42,849 h5bench - DEBUG - Lustre stripping configuration: lfs setstripe -S 1M -c 4 payload/container/n8
2026-10-06 01:01:42,854 h5bench - DEBUG - LD_LIBRARY_PATH: /app/apps/singularity/sup/squashfuse/0.6.1/lib:/app/apps/openmpi/4.1.2-hpe/lib:/opt/cray/libfabric/1.11.0.4.125/lib64
2026-10-06 01:01:42,854 h5bench - DEBUG - DYLD_LIBRARY_PATH: 
2026-10-06 01:01:42,855 h5bench - DEBUG - LD_PRELOAD: 
2026-10-06 01:01:42,855 h5bench - INFO - JOBID: 25694143.pbs101
2026-10-06 01:01:42,855 h5bench - INFO - h5bench [write] - Starting
2026-10-06 01:01:42,855 h5bench - INFO - h5bench [write] - DIR: payload/container/n8/a7525190-25694143.pbs101/
2026-10-06 01:01:42,855 h5bench - INFO - Parallel setup: mpirun -np 1024 --map-by ppr:128:node --bind-to core --mca btl vader,tcp,self --mca btl_vader_single_copy_mechanism none --mca btl_tcp_if_include hsn0 --mca oob_tcp_if_include hsn0 --mca orte_base_help_aggregate 0 --mca opal_common_ucx_opal_mem_hooks 1 -x UCX_LOG_LEVEL=ERROR apptainer exec --bind /scratch /home/users/ntu/haiyen00/scratch/fyp/container/h5bench/h5bench_benchmarks.sif
2026-10-06 01:01:42,857 h5bench - INFO - mpirun -np 1024 --map-by ppr:128:node --bind-to core --mca btl vader,tcp,self --mca btl_vader_single_copy_mechanism none --mca btl_tcp_if_include hsn0 --mca oob_tcp_if_include hsn0 --mca orte_base_help_aggregate 0 --mca opal_common_ucx_opal_mem_hooks 1 -x UCX_LOG_LEVEL=ERROR apptainer exec --bind /scratch /home/users/ntu/haiyen00/scratch/fyp/container/h5bench/h5bench_benchmarks.sif /opt/h5bench/install/bin/h5bench_write payload/container/n8/a7525190-25694143.pbs101/h5bench.cfg payload/container/n8/h5bench_weak_container_n8.h5
2026-10-06 01:02:42,967 h5bench - INFO - SUCCESS (all output files are located at payload/container/n8/a7525190-25694143.pbs101)
2026-10-06 01:02:42,967 h5bench - INFO - Runtime: 60.1114595 seconds (elapsed time, includes allocation wait time)
2026-10-06 01:02:42,967 h5bench - INFO - h5bench [write] - Complete
2026-10-06 01:02:42,967 h5bench - INFO - JOBID: 25694143.pbs101
2026-10-06 01:02:42,968 h5bench - INFO - h5bench [read] - Starting
2026-10-06 01:02:42,968 h5bench - INFO - h5bench [read] - DIR: payload/container/n8/c8ee4294-25694143.pbs101/
2026-10-06 01:02:42,968 h5bench - INFO - Parallel setup: mpirun -np 1024 --map-by ppr:128:node --bind-to core --mca btl vader,tcp,self --mca btl_vader_single_copy_mechanism none --mca btl_tcp_if_include hsn0 --mca oob_tcp_if_include hsn0 --mca orte_base_help_aggregate 0 --mca opal_common_ucx_opal_mem_hooks 1 -x UCX_LOG_LEVEL=ERROR apptainer exec --bind /scratch /home/users/ntu/haiyen00/scratch/fyp/container/h5bench/h5bench_benchmarks.sif
2026-10-06 01:02:42,969 h5bench - INFO - mpirun -np 1024 --map-by ppr:128:node --bind-to core --mca btl vader,tcp,self --mca btl_vader_single_copy_mechanism none --mca btl_tcp_if_include hsn0 --mca oob_tcp_if_include hsn0 --mca orte_base_help_aggregate 0 --mca opal_common_ucx_opal_mem_hooks 1 -x UCX_LOG_LEVEL=ERROR apptainer exec --bind /scratch /home/users/ntu/haiyen00/scratch/fyp/container/h5bench/h5bench_benchmarks.sif /opt/h5bench/install/bin/h5bench_read payload/container/n8/c8ee4294-25694143.pbs101/h5bench.cfg payload/container/n8/h5bench_weak_container_n8.h5
2026-10-06 01:03:13,223 h5bench - INFO - SUCCESS (all output files are located at payload/container/n8/c8ee4294-25694143.pbs101)
2026-10-06 01:03:13,224 h5bench - INFO - Runtime: 30.2553716 seconds (elapsed time, includes allocation wait time)
2026-10-06 01:03:13,224 h5bench - INFO - h5bench [read] - Complete
2026-10-06 01:03:13,224 h5bench - INFO - Finishing h5bench Suite
--- Repetition 10/10 ---
+ /home/users/ntu/haiyen00/scratch/fyp/native/h5bench/h5bench/build/install/bin/h5bench -a -d -p /opt/h5bench/install/bin container/n8/config_rep10.json

real	1m33.353s
user	22m1.004s
sys	83m8.813s
+ H5BENCH_EXIT=0
+ set +x
2026-10-06 01:03:18,117 h5bench - INFO - Starting h5bench Suite
2026-10-06 01:03:18,118 h5bench - WARNING - Base directory already exists: payload/container/n8
2026-10-06 01:03:18,127 h5bench - INFO - Lustre support detected
2026-10-06 01:03:18,127 h5bench - DEBUG - Lustre stripping configuration: lfs setstripe -S 1M -c 4 payload/container/n8
2026-10-06 01:03:18,132 h5bench - DEBUG - LD_LIBRARY_PATH: /app/apps/singularity/sup/squashfuse/0.6.1/lib:/app/apps/openmpi/4.1.2-hpe/lib:/opt/cray/libfabric/1.11.0.4.125/lib64
2026-10-06 01:03:18,132 h5bench - DEBUG - DYLD_LIBRARY_PATH: 
2026-10-06 01:03:18,132 h5bench - DEBUG - LD_PRELOAD: 
2026-10-06 01:03:18,132 h5bench - INFO - JOBID: 25694143.pbs101
2026-10-06 01:03:18,133 h5bench - INFO - h5bench [write] - Starting
2026-10-06 01:03:18,133 h5bench - INFO - h5bench [write] - DIR: payload/container/n8/62906c41-25694143.pbs101/
2026-10-06 01:03:18,133 h5bench - INFO - Parallel setup: mpirun -np 1024 --map-by ppr:128:node --bind-to core --mca btl vader,tcp,self --mca btl_vader_single_copy_mechanism none --mca btl_tcp_if_include hsn0 --mca oob_tcp_if_include hsn0 --mca orte_base_help_aggregate 0 --mca opal_common_ucx_opal_mem_hooks 1 -x UCX_LOG_LEVEL=ERROR apptainer exec --bind /scratch /home/users/ntu/haiyen00/scratch/fyp/container/h5bench/h5bench_benchmarks.sif
2026-10-06 01:03:18,134 h5bench - INFO - mpirun -np 1024 --map-by ppr:128:node --bind-to core --mca btl vader,tcp,self --mca btl_vader_single_copy_mechanism none --mca btl_tcp_if_include hsn0 --mca oob_tcp_if_include hsn0 --mca orte_base_help_aggregate 0 --mca opal_common_ucx_opal_mem_hooks 1 -x UCX_LOG_LEVEL=ERROR apptainer exec --bind /scratch /home/users/ntu/haiyen00/scratch/fyp/container/h5bench/h5bench_benchmarks.sif /opt/h5bench/install/bin/h5bench_write payload/container/n8/62906c41-25694143.pbs101/h5bench.cfg payload/container/n8/h5bench_weak_container_n8.h5
2026-10-06 01:04:16,666 h5bench - INFO - SUCCESS (all output files are located at payload/container/n8/62906c41-25694143.pbs101)
2026-10-06 01:04:16,666 h5bench - INFO - Runtime: 58.5329115 seconds (elapsed time, includes allocation wait time)
2026-10-06 01:04:16,666 h5bench - INFO - h5bench [write] - Complete
2026-10-06 01:04:16,667 h5bench - INFO - JOBID: 25694143.pbs101
2026-10-06 01:04:16,667 h5bench - INFO - h5bench [read] - Starting
2026-10-06 01:04:16,667 h5bench - INFO - h5bench [read] - DIR: payload/container/n8/c9d8fa6f-25694143.pbs101/
2026-10-06 01:04:16,667 h5bench - INFO - Parallel setup: mpirun -np 1024 --map-by ppr:128:node --bind-to core --mca btl vader,tcp,self --mca btl_vader_single_copy_mechanism none --mca btl_tcp_if_include hsn0 --mca oob_tcp_if_include hsn0 --mca orte_base_help_aggregate 0 --mca opal_common_ucx_opal_mem_hooks 1 -x UCX_LOG_LEVEL=ERROR apptainer exec --bind /scratch /home/users/ntu/haiyen00/scratch/fyp/container/h5bench/h5bench_benchmarks.sif
2026-10-06 01:04:16,668 h5bench - INFO - mpirun -np 1024 --map-by ppr:128:node --bind-to core --mca btl vader,tcp,self --mca btl_vader_single_copy_mechanism none --mca btl_tcp_if_include hsn0 --mca oob_tcp_if_include hsn0 --mca orte_base_help_aggregate 0 --mca opal_common_ucx_opal_mem_hooks 1 -x UCX_LOG_LEVEL=ERROR apptainer exec --bind /scratch /home/users/ntu/haiyen00/scratch/fyp/container/h5bench/h5bench_benchmarks.sif /opt/h5bench/install/bin/h5bench_read payload/container/n8/c9d8fa6f-25694143.pbs101/h5bench.cfg payload/container/n8/h5bench_weak_container_n8.h5
2026-10-06 01:04:51,403 h5bench - INFO - SUCCESS (all output files are located at payload/container/n8/c9d8fa6f-25694143.pbs101)
2026-10-06 01:04:51,403 h5bench - INFO - Runtime: 34.7357197 seconds (elapsed time, includes allocation wait time)
2026-10-06 01:04:51,403 h5bench - INFO - h5bench [read] - Complete
2026-10-06 01:04:51,404 h5bench - INFO - Finishing h5bench Suite
=== Lustre striping actually applied to payload/container/n8 ===
payload/container/n8
stripe_count:  4 stripe_size:   1048576 pattern:       raid0 stripe_offset: -1 pool:          disk

payload/container/n8/c9d8fa6f-25694143.pbs101
stripe_count:  4 stripe_size:   1048576 pattern:       raid0 stripe_offset: -1 pool:          disk

payload/container/n8/h5bench_weak_container_n8.h5
lmm_stripe_count:  4
lmm_stripe_size:   1048576
lmm_pattern:       raid0
lmm_layout_gen:    0
lmm_stripe_offset: 22
lmm_pool:          disk
	obdidx		 objid		 objid		 group
	    22	    1331824858	   0x4f6208da	   0x7c0000400
	    24	    1331626488	   0x4f5f01f8	   0x880000400
	    27	    1335999564	   0x4fa1bc4c	   0x940000400
	    29	    1330779021	   0x4f52138d	   0xa00000400

payload/container/n8/a7525190-25694143.pbs101
stripe_count:  4 stripe_size:   1048576 pattern:       raid0 stripe_offset: -1 pool:          disk

payload/container/n8/c8ee4294-25694143.pbs101
stripe_count:  4 stripe_size:   1048576 pattern:       raid0 stripe_offset: -1 pool:          disk

payload/container/n8/4ef31cb0-25694143.pbs101
stripe_count:  4 stripe_size:   1048576 pattern:       raid0 stripe_offset: -1 pool:          disk

payload/container/n8/e389f675-25694143.pbs101
stripe_count:  4 stripe_size:   1048576 pattern:       raid0 stripe_offset: -1 pool:          disk

payload/container/n8/3790f1f8-25694143.pbs101
stripe_count:  4 stripe_size:   1048576 pattern:       raid0 stripe_offset: -1 pool:          disk

payload/container/n8/f4d99083-25694143.pbs101
stripe_count:  4 stripe_size:   1048576 pattern:       raid0 stripe_offset: -1 pool:          disk

payload/container/n8/62906c41-25694143.pbs101
stripe_count:  4 stripe_size:   1048576 pattern:       raid0 stripe_offset: -1 pool:          disk

payload/container/n8/e8542bda-25694143.pbs101
stripe_count:  4 stripe_size:   1048576 pattern:       raid0 stripe_offset: -1 pool:          disk

payload/container/n8/4933e72f-25694143.pbs101
stripe_count:  4 stripe_size:   1048576 pattern:       raid0 stripe_offset: -1 pool:          disk

payload/container/n8/c5e945a4-25694143.pbs101
stripe_count:  4 stripe_size:   1048576 pattern:       raid0 stripe_offset: -1 pool:          disk

payload/container/n8/d61992fb-25694143.pbs101
stripe_count:  4 stripe_size:   1048576 pattern:       raid0 stripe_offset: -1 pool:          disk

payload/container/n8/287e534f-25694143.pbs101
stripe_count:  4 stripe_size:   1048576 pattern:       raid0 stripe_offset: -1 pool:          disk

payload/container/n8/d977bd3b-25694143.pbs101
stripe_count:  4 stripe_size:   1048576 pattern:       raid0 stripe_offset: -1 pool:          disk

payload/container/n8/e9801a12-25694143.pbs101
stripe_count:  4 stripe_size:   1048576 pattern:       raid0 stripe_offset: -1 pool:          disk

payload/container/n8/c4659367-25694143.pbs101
stripe_count:  4 stripe_size:   1048576 pattern:       raid0 stripe_offset: -1 pool:          disk

payload/container/n8/7b6b9a5d-25694143.pbs101
stripe_count:  4 stripe_size:   1048576 pattern:       raid0 stripe_offset: -1 pool:          disk

payload/container/n8/01a384e7-25694143.pbs101
stripe_count:  4 stripe_size:   1048576 pattern:       raid0 stripe_offset: -1 pool:          disk

payload/container/n8/a198bb70-25694143.pbs101
stripe_count:  4 stripe_size:   1048576 pattern:       raid0 stripe_offset: -1 pool:          disk

payload/container/n8/a6f17291-25694143.pbs101
stripe_count:  4 stripe_size:   1048576 pattern:       raid0 stripe_offset: -1 pool:          disk

Completed Successfully! 
