Currently Loaded Modulefiles:
  1) libfabric/1.11.0.4.125   3) apptainer/1.5.0
  2) openmpi/4.1.2-hpe
mpirun (Open MPI) 4.1.2

Report bugs to http://www.open-mpi.org/community/help/
apptainer version 1.5.0
=== Verifying Lustre striping layout for payload/container/n4 ===
payload/container/n4
stripe_count:  4 stripe_size:   1048576 pattern:       raid0 stripe_offset: -1 pool:          disk

=================================================================
 Container Inter-Node Weak Scaling: NODES=4 NP=512 REPS=10 
=================================================================
--- Repetition 1/10 ---
+ /home/users/ntu/haiyen00/scratch/fyp/native/h5bench/h5bench/build/install/bin/h5bench -a -d -p /opt/h5bench/install/bin container/n4/config_rep1.json

real	1m7.327s
user	14m24.086s
sys	51m2.086s
+ H5BENCH_EXIT=0
+ set +x
2026-10-06 03:14:37,736 h5bench - INFO - Starting h5bench Suite
2026-10-06 03:14:37,738 h5bench - WARNING - Base directory already exists: payload/container/n4
2026-10-06 03:14:37,742 h5bench - INFO - Lustre support detected
2026-10-06 03:14:37,742 h5bench - DEBUG - Lustre stripping configuration: lfs setstripe -S 1M -c 4 payload/container/n4
2026-10-06 03:14:37,746 h5bench - DEBUG - LD_LIBRARY_PATH: /app/apps/singularity/sup/squashfuse/0.6.1/lib:/app/apps/openmpi/4.1.2-hpe/lib:/opt/cray/libfabric/1.11.0.4.125/lib64
2026-10-06 03:14:37,746 h5bench - DEBUG - DYLD_LIBRARY_PATH: 
2026-10-06 03:14:37,747 h5bench - DEBUG - LD_PRELOAD: 
2026-10-06 03:14:37,747 h5bench - INFO - JOBID: 25694142.pbs101
2026-10-06 03:14:37,747 h5bench - INFO - h5bench [write] - Starting
2026-10-06 03:14:37,747 h5bench - INFO - h5bench [write] - DIR: payload/container/n4/43bf3cec-25694142.pbs101/
2026-10-06 03:14:37,747 h5bench - INFO - Parallel setup: mpirun -np 512 --map-by ppr:128:node --bind-to core --mca btl vader,tcp,self --mca btl_vader_single_copy_mechanism none --mca btl_tcp_if_include hsn0 --mca oob_tcp_if_include hsn0 --mca orte_base_help_aggregate 0 --mca opal_common_ucx_opal_mem_hooks 1 -x UCX_LOG_LEVEL=ERROR apptainer exec --bind /scratch /home/users/ntu/haiyen00/scratch/fyp/container/h5bench/h5bench_benchmarks.sif
2026-10-06 03:14:37,749 h5bench - INFO - mpirun -np 512 --map-by ppr:128:node --bind-to core --mca btl vader,tcp,self --mca btl_vader_single_copy_mechanism none --mca btl_tcp_if_include hsn0 --mca oob_tcp_if_include hsn0 --mca orte_base_help_aggregate 0 --mca opal_common_ucx_opal_mem_hooks 1 -x UCX_LOG_LEVEL=ERROR apptainer exec --bind /scratch /home/users/ntu/haiyen00/scratch/fyp/container/h5bench/h5bench_benchmarks.sif /opt/h5bench/install/bin/h5bench_write payload/container/n4/43bf3cec-25694142.pbs101/h5bench.cfg payload/container/n4/h5bench_weak_container_n4.h5
2026-10-06 03:15:24,224 h5bench - INFO - SUCCESS (all output files are located at payload/container/n4/43bf3cec-25694142.pbs101)
2026-10-06 03:15:24,224 h5bench - INFO - Runtime: 46.4769716 seconds (elapsed time, includes allocation wait time)
2026-10-06 03:15:24,225 h5bench - INFO - h5bench [write] - Complete
2026-10-06 03:15:24,225 h5bench - INFO - JOBID: 25694142.pbs101
2026-10-06 03:15:24,225 h5bench - INFO - h5bench [read] - Starting
2026-10-06 03:15:24,225 h5bench - INFO - h5bench [read] - DIR: payload/container/n4/4a9f5c44-25694142.pbs101/
2026-10-06 03:15:24,226 h5bench - INFO - Parallel setup: mpirun -np 512 --map-by ppr:128:node --bind-to core --mca btl vader,tcp,self --mca btl_vader_single_copy_mechanism none --mca btl_tcp_if_include hsn0 --mca oob_tcp_if_include hsn0 --mca orte_base_help_aggregate 0 --mca opal_common_ucx_opal_mem_hooks 1 -x UCX_LOG_LEVEL=ERROR apptainer exec --bind /scratch /home/users/ntu/haiyen00/scratch/fyp/container/h5bench/h5bench_benchmarks.sif
2026-10-06 03:15:24,227 h5bench - INFO - mpirun -np 512 --map-by ppr:128:node --bind-to core --mca btl vader,tcp,self --mca btl_vader_single_copy_mechanism none --mca btl_tcp_if_include hsn0 --mca oob_tcp_if_include hsn0 --mca orte_base_help_aggregate 0 --mca opal_common_ucx_opal_mem_hooks 1 -x UCX_LOG_LEVEL=ERROR apptainer exec --bind /scratch /home/users/ntu/haiyen00/scratch/fyp/container/h5bench/h5bench_benchmarks.sif /opt/h5bench/install/bin/h5bench_read payload/container/n4/4a9f5c44-25694142.pbs101/h5bench.cfg payload/container/n4/h5bench_weak_container_n4.h5
2026-10-06 03:15:44,936 h5bench - INFO - SUCCESS (all output files are located at payload/container/n4/4a9f5c44-25694142.pbs101)
2026-10-06 03:15:44,937 h5bench - INFO - Runtime: 20.7111351 seconds (elapsed time, includes allocation wait time)
2026-10-06 03:15:44,937 h5bench - INFO - h5bench [read] - Complete
2026-10-06 03:15:44,937 h5bench - INFO - Finishing h5bench Suite
--- Repetition 2/10 ---
+ /home/users/ntu/haiyen00/scratch/fyp/native/h5bench/h5bench/build/install/bin/h5bench -a -d -p /opt/h5bench/install/bin container/n4/config_rep2.json

real	1m4.624s
user	10m41.641s
sys	60m3.398s
+ H5BENCH_EXIT=0
+ set +x
2026-10-06 03:15:50,347 h5bench - INFO - Starting h5bench Suite
2026-10-06 03:15:50,348 h5bench - WARNING - Base directory already exists: payload/container/n4
2026-10-06 03:15:50,353 h5bench - INFO - Lustre support detected
2026-10-06 03:15:50,353 h5bench - DEBUG - Lustre stripping configuration: lfs setstripe -S 1M -c 4 payload/container/n4
2026-10-06 03:15:50,358 h5bench - DEBUG - LD_LIBRARY_PATH: /app/apps/singularity/sup/squashfuse/0.6.1/lib:/app/apps/openmpi/4.1.2-hpe/lib:/opt/cray/libfabric/1.11.0.4.125/lib64
2026-10-06 03:15:50,358 h5bench - DEBUG - DYLD_LIBRARY_PATH: 
2026-10-06 03:15:50,358 h5bench - DEBUG - LD_PRELOAD: 
2026-10-06 03:15:50,358 h5bench - INFO - JOBID: 25694142.pbs101
2026-10-06 03:15:50,359 h5bench - INFO - h5bench [write] - Starting
2026-10-06 03:15:50,359 h5bench - INFO - h5bench [write] - DIR: payload/container/n4/9e781d8b-25694142.pbs101/
2026-10-06 03:15:50,359 h5bench - INFO - Parallel setup: mpirun -np 512 --map-by ppr:128:node --bind-to core --mca btl vader,tcp,self --mca btl_vader_single_copy_mechanism none --mca btl_tcp_if_include hsn0 --mca oob_tcp_if_include hsn0 --mca orte_base_help_aggregate 0 --mca opal_common_ucx_opal_mem_hooks 1 -x UCX_LOG_LEVEL=ERROR apptainer exec --bind /scratch /home/users/ntu/haiyen00/scratch/fyp/container/h5bench/h5bench_benchmarks.sif
2026-10-06 03:15:50,360 h5bench - INFO - mpirun -np 512 --map-by ppr:128:node --bind-to core --mca btl vader,tcp,self --mca btl_vader_single_copy_mechanism none --mca btl_tcp_if_include hsn0 --mca oob_tcp_if_include hsn0 --mca orte_base_help_aggregate 0 --mca opal_common_ucx_opal_mem_hooks 1 -x UCX_LOG_LEVEL=ERROR apptainer exec --bind /scratch /home/users/ntu/haiyen00/scratch/fyp/container/h5bench/h5bench_benchmarks.sif /opt/h5bench/install/bin/h5bench_write payload/container/n4/9e781d8b-25694142.pbs101/h5bench.cfg payload/container/n4/h5bench_weak_container_n4.h5
2026-10-06 03:16:32,271 h5bench - INFO - SUCCESS (all output files are located at payload/container/n4/9e781d8b-25694142.pbs101)
2026-10-06 03:16:32,271 h5bench - INFO - Runtime: 41.9117901 seconds (elapsed time, includes allocation wait time)
2026-10-06 03:16:32,271 h5bench - INFO - h5bench [write] - Complete
2026-10-06 03:16:32,272 h5bench - INFO - JOBID: 25694142.pbs101
2026-10-06 03:16:32,272 h5bench - INFO - h5bench [read] - Starting
2026-10-06 03:16:32,272 h5bench - INFO - h5bench [read] - DIR: payload/container/n4/d5d87d4a-25694142.pbs101/
2026-10-06 03:16:32,272 h5bench - INFO - Parallel setup: mpirun -np 512 --map-by ppr:128:node --bind-to core --mca btl vader,tcp,self --mca btl_vader_single_copy_mechanism none --mca btl_tcp_if_include hsn0 --mca oob_tcp_if_include hsn0 --mca orte_base_help_aggregate 0 --mca opal_common_ucx_opal_mem_hooks 1 -x UCX_LOG_LEVEL=ERROR apptainer exec --bind /scratch /home/users/ntu/haiyen00/scratch/fyp/container/h5bench/h5bench_benchmarks.sif
2026-10-06 03:16:32,274 h5bench - INFO - mpirun -np 512 --map-by ppr:128:node --bind-to core --mca btl vader,tcp,self --mca btl_vader_single_copy_mechanism none --mca btl_tcp_if_include hsn0 --mca oob_tcp_if_include hsn0 --mca orte_base_help_aggregate 0 --mca opal_common_ucx_opal_mem_hooks 1 -x UCX_LOG_LEVEL=ERROR apptainer exec --bind /scratch /home/users/ntu/haiyen00/scratch/fyp/container/h5bench/h5bench_benchmarks.sif /opt/h5bench/install/bin/h5bench_read payload/container/n4/d5d87d4a-25694142.pbs101/h5bench.cfg payload/container/n4/h5bench_weak_container_n4.h5
2026-10-06 03:16:54,905 h5bench - INFO - SUCCESS (all output files are located at payload/container/n4/d5d87d4a-25694142.pbs101)
2026-10-06 03:16:54,905 h5bench - INFO - Runtime: 22.6329029 seconds (elapsed time, includes allocation wait time)
2026-10-06 03:16:54,906 h5bench - INFO - h5bench [read] - Complete
2026-10-06 03:16:54,906 h5bench - INFO - Finishing h5bench Suite
--- Repetition 3/10 ---
+ /home/users/ntu/haiyen00/scratch/fyp/native/h5bench/h5bench/build/install/bin/h5bench -a -d -p /opt/h5bench/install/bin container/n4/config_rep3.json

real	1m6.627s
user	12m27.987s
sys	74m37.156s
+ H5BENCH_EXIT=0
+ set +x
2026-10-06 03:16:59,924 h5bench - INFO - Starting h5bench Suite
2026-10-06 03:16:59,926 h5bench - WARNING - Base directory already exists: payload/container/n4
2026-10-06 03:16:59,931 h5bench - INFO - Lustre support detected
2026-10-06 03:16:59,931 h5bench - DEBUG - Lustre stripping configuration: lfs setstripe -S 1M -c 4 payload/container/n4
2026-10-06 03:16:59,935 h5bench - DEBUG - LD_LIBRARY_PATH: /app/apps/singularity/sup/squashfuse/0.6.1/lib:/app/apps/openmpi/4.1.2-hpe/lib:/opt/cray/libfabric/1.11.0.4.125/lib64
2026-10-06 03:16:59,936 h5bench - DEBUG - DYLD_LIBRARY_PATH: 
2026-10-06 03:16:59,936 h5bench - DEBUG - LD_PRELOAD: 
2026-10-06 03:16:59,936 h5bench - INFO - JOBID: 25694142.pbs101
2026-10-06 03:16:59,936 h5bench - INFO - h5bench [write] - Starting
2026-10-06 03:16:59,936 h5bench - INFO - h5bench [write] - DIR: payload/container/n4/1c50c8f3-25694142.pbs101/
2026-10-06 03:16:59,937 h5bench - INFO - Parallel setup: mpirun -np 512 --map-by ppr:128:node --bind-to core --mca btl vader,tcp,self --mca btl_vader_single_copy_mechanism none --mca btl_tcp_if_include hsn0 --mca oob_tcp_if_include hsn0 --mca orte_base_help_aggregate 0 --mca opal_common_ucx_opal_mem_hooks 1 -x UCX_LOG_LEVEL=ERROR apptainer exec --bind /scratch /home/users/ntu/haiyen00/scratch/fyp/container/h5bench/h5bench_benchmarks.sif
2026-10-06 03:16:59,938 h5bench - INFO - mpirun -np 512 --map-by ppr:128:node --bind-to core --mca btl vader,tcp,self --mca btl_vader_single_copy_mechanism none --mca btl_tcp_if_include hsn0 --mca oob_tcp_if_include hsn0 --mca orte_base_help_aggregate 0 --mca opal_common_ucx_opal_mem_hooks 1 -x UCX_LOG_LEVEL=ERROR apptainer exec --bind /scratch /home/users/ntu/haiyen00/scratch/fyp/container/h5bench/h5bench_benchmarks.sif /opt/h5bench/install/bin/h5bench_write payload/container/n4/1c50c8f3-25694142.pbs101/h5bench.cfg payload/container/n4/h5bench_weak_container_n4.h5
2026-10-06 03:17:42,342 h5bench - INFO - SUCCESS (all output files are located at payload/container/n4/1c50c8f3-25694142.pbs101)
2026-10-06 03:17:42,343 h5bench - INFO - Runtime: 42.4055936 seconds (elapsed time, includes allocation wait time)
2026-10-06 03:17:42,343 h5bench - INFO - h5bench [write] - Complete
2026-10-06 03:17:42,343 h5bench - INFO - JOBID: 25694142.pbs101
2026-10-06 03:17:42,343 h5bench - INFO - h5bench [read] - Starting
2026-10-06 03:17:42,343 h5bench - INFO - h5bench [read] - DIR: payload/container/n4/f3e71a82-25694142.pbs101/
2026-10-06 03:17:42,344 h5bench - INFO - Parallel setup: mpirun -np 512 --map-by ppr:128:node --bind-to core --mca btl vader,tcp,self --mca btl_vader_single_copy_mechanism none --mca btl_tcp_if_include hsn0 --mca oob_tcp_if_include hsn0 --mca orte_base_help_aggregate 0 --mca opal_common_ucx_opal_mem_hooks 1 -x UCX_LOG_LEVEL=ERROR apptainer exec --bind /scratch /home/users/ntu/haiyen00/scratch/fyp/container/h5bench/h5bench_benchmarks.sif
2026-10-06 03:17:42,345 h5bench - INFO - mpirun -np 512 --map-by ppr:128:node --bind-to core --mca btl vader,tcp,self --mca btl_vader_single_copy_mechanism none --mca btl_tcp_if_include hsn0 --mca oob_tcp_if_include hsn0 --mca orte_base_help_aggregate 0 --mca opal_common_ucx_opal_mem_hooks 1 -x UCX_LOG_LEVEL=ERROR apptainer exec --bind /scratch /home/users/ntu/haiyen00/scratch/fyp/container/h5bench/h5bench_benchmarks.sif /opt/h5bench/install/bin/h5bench_read payload/container/n4/f3e71a82-25694142.pbs101/h5bench.cfg payload/container/n4/h5bench_weak_container_n4.h5
2026-10-06 03:18:06,484 h5bench - INFO - SUCCESS (all output files are located at payload/container/n4/f3e71a82-25694142.pbs101)
2026-10-06 03:18:06,484 h5bench - INFO - Runtime: 24.1401772 seconds (elapsed time, includes allocation wait time)
2026-10-06 03:18:06,484 h5bench - INFO - h5bench [read] - Complete
2026-10-06 03:18:06,484 h5bench - INFO - Finishing h5bench Suite
--- Repetition 4/10 ---
+ /home/users/ntu/haiyen00/scratch/fyp/native/h5bench/h5bench/build/install/bin/h5bench -a -d -p /opt/h5bench/install/bin container/n4/config_rep4.json

real	1m3.941s
user	11m11.153s
sys	58m12.950s
+ H5BENCH_EXIT=0
+ set +x
2026-10-06 03:18:11,503 h5bench - INFO - Starting h5bench Suite
2026-10-06 03:18:11,504 h5bench - WARNING - Base directory already exists: payload/container/n4
2026-10-06 03:18:11,510 h5bench - INFO - Lustre support detected
2026-10-06 03:18:11,510 h5bench - DEBUG - Lustre stripping configuration: lfs setstripe -S 1M -c 4 payload/container/n4
2026-10-06 03:18:11,515 h5bench - DEBUG - LD_LIBRARY_PATH: /app/apps/singularity/sup/squashfuse/0.6.1/lib:/app/apps/openmpi/4.1.2-hpe/lib:/opt/cray/libfabric/1.11.0.4.125/lib64
2026-10-06 03:18:11,516 h5bench - DEBUG - DYLD_LIBRARY_PATH: 
2026-10-06 03:18:11,516 h5bench - DEBUG - LD_PRELOAD: 
2026-10-06 03:18:11,516 h5bench - INFO - JOBID: 25694142.pbs101
2026-10-06 03:18:11,516 h5bench - INFO - h5bench [write] - Starting
2026-10-06 03:18:11,516 h5bench - INFO - h5bench [write] - DIR: payload/container/n4/4b9ccba8-25694142.pbs101/
2026-10-06 03:18:11,517 h5bench - INFO - Parallel setup: mpirun -np 512 --map-by ppr:128:node --bind-to core --mca btl vader,tcp,self --mca btl_vader_single_copy_mechanism none --mca btl_tcp_if_include hsn0 --mca oob_tcp_if_include hsn0 --mca orte_base_help_aggregate 0 --mca opal_common_ucx_opal_mem_hooks 1 -x UCX_LOG_LEVEL=ERROR apptainer exec --bind /scratch /home/users/ntu/haiyen00/scratch/fyp/container/h5bench/h5bench_benchmarks.sif
2026-10-06 03:18:11,518 h5bench - INFO - mpirun -np 512 --map-by ppr:128:node --bind-to core --mca btl vader,tcp,self --mca btl_vader_single_copy_mechanism none --mca btl_tcp_if_include hsn0 --mca oob_tcp_if_include hsn0 --mca orte_base_help_aggregate 0 --mca opal_common_ucx_opal_mem_hooks 1 -x UCX_LOG_LEVEL=ERROR apptainer exec --bind /scratch /home/users/ntu/haiyen00/scratch/fyp/container/h5bench/h5bench_benchmarks.sif /opt/h5bench/install/bin/h5bench_write payload/container/n4/4b9ccba8-25694142.pbs101/h5bench.cfg payload/container/n4/h5bench_weak_container_n4.h5
2026-10-06 03:18:54,644 h5bench - INFO - SUCCESS (all output files are located at payload/container/n4/4b9ccba8-25694142.pbs101)
2026-10-06 03:18:54,645 h5bench - INFO - Runtime: 43.1278341 seconds (elapsed time, includes allocation wait time)
2026-10-06 03:18:54,645 h5bench - INFO - h5bench [write] - Complete
2026-10-06 03:18:54,645 h5bench - INFO - JOBID: 25694142.pbs101
2026-10-06 03:18:54,645 h5bench - INFO - h5bench [read] - Starting
2026-10-06 03:18:54,645 h5bench - INFO - h5bench [read] - DIR: payload/container/n4/0bc1c9a2-25694142.pbs101/
2026-10-06 03:18:54,646 h5bench - INFO - Parallel setup: mpirun -np 512 --map-by ppr:128:node --bind-to core --mca btl vader,tcp,self --mca btl_vader_single_copy_mechanism none --mca btl_tcp_if_include hsn0 --mca oob_tcp_if_include hsn0 --mca orte_base_help_aggregate 0 --mca opal_common_ucx_opal_mem_hooks 1 -x UCX_LOG_LEVEL=ERROR apptainer exec --bind /scratch /home/users/ntu/haiyen00/scratch/fyp/container/h5bench/h5bench_benchmarks.sif
2026-10-06 03:18:54,647 h5bench - INFO - mpirun -np 512 --map-by ppr:128:node --bind-to core --mca btl vader,tcp,self --mca btl_vader_single_copy_mechanism none --mca btl_tcp_if_include hsn0 --mca oob_tcp_if_include hsn0 --mca orte_base_help_aggregate 0 --mca opal_common_ucx_opal_mem_hooks 1 -x UCX_LOG_LEVEL=ERROR apptainer exec --bind /scratch /home/users/ntu/haiyen00/scratch/fyp/container/h5bench/h5bench_benchmarks.sif /opt/h5bench/install/bin/h5bench_read payload/container/n4/0bc1c9a2-25694142.pbs101/h5bench.cfg payload/container/n4/h5bench_weak_container_n4.h5
2026-10-06 03:19:15,371 h5bench - INFO - SUCCESS (all output files are located at payload/container/n4/0bc1c9a2-25694142.pbs101)
2026-10-06 03:19:15,372 h5bench - INFO - Runtime: 20.7256148 seconds (elapsed time, includes allocation wait time)
2026-10-06 03:19:15,372 h5bench - INFO - h5bench [read] - Complete
2026-10-06 03:19:15,372 h5bench - INFO - Finishing h5bench Suite
--- Repetition 5/10 ---
+ /home/users/ntu/haiyen00/scratch/fyp/native/h5bench/h5bench/build/install/bin/h5bench -a -d -p /opt/h5bench/install/bin container/n4/config_rep5.json

real	0m59.289s
user	8m58.085s
sys	46m6.214s
+ H5BENCH_EXIT=0
+ set +x
2026-10-06 03:19:20,576 h5bench - INFO - Starting h5bench Suite
2026-10-06 03:19:20,578 h5bench - WARNING - Base directory already exists: payload/container/n4
2026-10-06 03:19:20,584 h5bench - INFO - Lustre support detected
2026-10-06 03:19:20,584 h5bench - DEBUG - Lustre stripping configuration: lfs setstripe -S 1M -c 4 payload/container/n4
2026-10-06 03:19:20,588 h5bench - DEBUG - LD_LIBRARY_PATH: /app/apps/singularity/sup/squashfuse/0.6.1/lib:/app/apps/openmpi/4.1.2-hpe/lib:/opt/cray/libfabric/1.11.0.4.125/lib64
2026-10-06 03:19:20,589 h5bench - DEBUG - DYLD_LIBRARY_PATH: 
2026-10-06 03:19:20,589 h5bench - DEBUG - LD_PRELOAD: 
2026-10-06 03:19:20,589 h5bench - INFO - JOBID: 25694142.pbs101
2026-10-06 03:19:20,589 h5bench - INFO - h5bench [write] - Starting
2026-10-06 03:19:20,589 h5bench - INFO - h5bench [write] - DIR: payload/container/n4/61426982-25694142.pbs101/
2026-10-06 03:19:20,590 h5bench - INFO - Parallel setup: mpirun -np 512 --map-by ppr:128:node --bind-to core --mca btl vader,tcp,self --mca btl_vader_single_copy_mechanism none --mca btl_tcp_if_include hsn0 --mca oob_tcp_if_include hsn0 --mca orte_base_help_aggregate 0 --mca opal_common_ucx_opal_mem_hooks 1 -x UCX_LOG_LEVEL=ERROR apptainer exec --bind /scratch /home/users/ntu/haiyen00/scratch/fyp/container/h5bench/h5bench_benchmarks.sif
2026-10-06 03:19:20,591 h5bench - INFO - mpirun -np 512 --map-by ppr:128:node --bind-to core --mca btl vader,tcp,self --mca btl_vader_single_copy_mechanism none --mca btl_tcp_if_include hsn0 --mca oob_tcp_if_include hsn0 --mca orte_base_help_aggregate 0 --mca opal_common_ucx_opal_mem_hooks 1 -x UCX_LOG_LEVEL=ERROR apptainer exec --bind /scratch /home/users/ntu/haiyen00/scratch/fyp/container/h5bench/h5bench_benchmarks.sif /opt/h5bench/install/bin/h5bench_write payload/container/n4/61426982-25694142.pbs101/h5bench.cfg payload/container/n4/h5bench_weak_container_n4.h5
2026-10-06 03:19:59,489 h5bench - INFO - SUCCESS (all output files are located at payload/container/n4/61426982-25694142.pbs101)
2026-10-06 03:19:59,490 h5bench - INFO - Runtime: 38.8997459 seconds (elapsed time, includes allocation wait time)
2026-10-06 03:19:59,490 h5bench - INFO - h5bench [write] - Complete
2026-10-06 03:19:59,490 h5bench - INFO - JOBID: 25694142.pbs101
2026-10-06 03:19:59,490 h5bench - INFO - h5bench [read] - Starting
2026-10-06 03:19:59,490 h5bench - INFO - h5bench [read] - DIR: payload/container/n4/b73e1a90-25694142.pbs101/
2026-10-06 03:19:59,491 h5bench - INFO - Parallel setup: mpirun -np 512 --map-by ppr:128:node --bind-to core --mca btl vader,tcp,self --mca btl_vader_single_copy_mechanism none --mca btl_tcp_if_include hsn0 --mca oob_tcp_if_include hsn0 --mca orte_base_help_aggregate 0 --mca opal_common_ucx_opal_mem_hooks 1 -x UCX_LOG_LEVEL=ERROR apptainer exec --bind /scratch /home/users/ntu/haiyen00/scratch/fyp/container/h5bench/h5bench_benchmarks.sif
2026-10-06 03:19:59,492 h5bench - INFO - mpirun -np 512 --map-by ppr:128:node --bind-to core --mca btl vader,tcp,self --mca btl_vader_single_copy_mechanism none --mca btl_tcp_if_include hsn0 --mca oob_tcp_if_include hsn0 --mca orte_base_help_aggregate 0 --mca opal_common_ucx_opal_mem_hooks 1 -x UCX_LOG_LEVEL=ERROR apptainer exec --bind /scratch /home/users/ntu/haiyen00/scratch/fyp/container/h5bench/h5bench_benchmarks.sif /opt/h5bench/install/bin/h5bench_read payload/container/n4/b73e1a90-25694142.pbs101/h5bench.cfg payload/container/n4/h5bench_weak_container_n4.h5
2026-10-06 03:20:19,798 h5bench - INFO - SUCCESS (all output files are located at payload/container/n4/b73e1a90-25694142.pbs101)
2026-10-06 03:20:19,799 h5bench - INFO - Runtime: 20.3076544 seconds (elapsed time, includes allocation wait time)
2026-10-06 03:20:19,799 h5bench - INFO - h5bench [read] - Complete
2026-10-06 03:20:19,799 h5bench - INFO - Finishing h5bench Suite
--- Repetition 6/10 ---
+ /home/users/ntu/haiyen00/scratch/fyp/native/h5bench/h5bench/build/install/bin/h5bench -a -d -p /opt/h5bench/install/bin container/n4/config_rep6.json

real	1m1.505s
user	9m0.313s
sys	51m22.939s
+ H5BENCH_EXIT=0
+ set +x
2026-10-06 03:20:25,097 h5bench - INFO - Starting h5bench Suite
2026-10-06 03:20:25,098 h5bench - WARNING - Base directory already exists: payload/container/n4
2026-10-06 03:20:25,105 h5bench - INFO - Lustre support detected
2026-10-06 03:20:25,105 h5bench - DEBUG - Lustre stripping configuration: lfs setstripe -S 1M -c 4 payload/container/n4
2026-10-06 03:20:25,110 h5bench - DEBUG - LD_LIBRARY_PATH: /app/apps/singularity/sup/squashfuse/0.6.1/lib:/app/apps/openmpi/4.1.2-hpe/lib:/opt/cray/libfabric/1.11.0.4.125/lib64
2026-10-06 03:20:25,110 h5bench - DEBUG - DYLD_LIBRARY_PATH: 
2026-10-06 03:20:25,110 h5bench - DEBUG - LD_PRELOAD: 
2026-10-06 03:20:25,111 h5bench - INFO - JOBID: 25694142.pbs101
2026-10-06 03:20:25,111 h5bench - INFO - h5bench [write] - Starting
2026-10-06 03:20:25,111 h5bench - INFO - h5bench [write] - DIR: payload/container/n4/8a6beadf-25694142.pbs101/
2026-10-06 03:20:25,111 h5bench - INFO - Parallel setup: mpirun -np 512 --map-by ppr:128:node --bind-to core --mca btl vader,tcp,self --mca btl_vader_single_copy_mechanism none --mca btl_tcp_if_include hsn0 --mca oob_tcp_if_include hsn0 --mca orte_base_help_aggregate 0 --mca opal_common_ucx_opal_mem_hooks 1 -x UCX_LOG_LEVEL=ERROR apptainer exec --bind /scratch /home/users/ntu/haiyen00/scratch/fyp/container/h5bench/h5bench_benchmarks.sif
2026-10-06 03:20:25,112 h5bench - INFO - mpirun -np 512 --map-by ppr:128:node --bind-to core --mca btl vader,tcp,self --mca btl_vader_single_copy_mechanism none --mca btl_tcp_if_include hsn0 --mca oob_tcp_if_include hsn0 --mca orte_base_help_aggregate 0 --mca opal_common_ucx_opal_mem_hooks 1 -x UCX_LOG_LEVEL=ERROR apptainer exec --bind /scratch /home/users/ntu/haiyen00/scratch/fyp/container/h5bench/h5bench_benchmarks.sif /opt/h5bench/install/bin/h5bench_write payload/container/n4/8a6beadf-25694142.pbs101/h5bench.cfg payload/container/n4/h5bench_weak_container_n4.h5
2026-10-06 03:21:07,462 h5bench - INFO - SUCCESS (all output files are located at payload/container/n4/8a6beadf-25694142.pbs101)
2026-10-06 03:21:07,462 h5bench - INFO - Runtime: 42.3507643 seconds (elapsed time, includes allocation wait time)
2026-10-06 03:21:07,462 h5bench - INFO - h5bench [write] - Complete
2026-10-06 03:21:07,463 h5bench - INFO - JOBID: 25694142.pbs101
2026-10-06 03:21:07,463 h5bench - INFO - h5bench [read] - Starting
2026-10-06 03:21:07,463 h5bench - INFO - h5bench [read] - DIR: payload/container/n4/3edf21df-25694142.pbs101/
2026-10-06 03:21:07,463 h5bench - INFO - Parallel setup: mpirun -np 512 --map-by ppr:128:node --bind-to core --mca btl vader,tcp,self --mca btl_vader_single_copy_mechanism none --mca btl_tcp_if_include hsn0 --mca oob_tcp_if_include hsn0 --mca orte_base_help_aggregate 0 --mca opal_common_ucx_opal_mem_hooks 1 -x UCX_LOG_LEVEL=ERROR apptainer exec --bind /scratch /home/users/ntu/haiyen00/scratch/fyp/container/h5bench/h5bench_benchmarks.sif
2026-10-06 03:21:07,464 h5bench - INFO - mpirun -np 512 --map-by ppr:128:node --bind-to core --mca btl vader,tcp,self --mca btl_vader_single_copy_mechanism none --mca btl_tcp_if_include hsn0 --mca oob_tcp_if_include hsn0 --mca orte_base_help_aggregate 0 --mca opal_common_ucx_opal_mem_hooks 1 -x UCX_LOG_LEVEL=ERROR apptainer exec --bind /scratch /home/users/ntu/haiyen00/scratch/fyp/container/h5bench/h5bench_benchmarks.sif /opt/h5bench/install/bin/h5bench_read payload/container/n4/3edf21df-25694142.pbs101/h5bench.cfg payload/container/n4/h5bench_weak_container_n4.h5
2026-10-06 03:21:26,535 h5bench - INFO - SUCCESS (all output files are located at payload/container/n4/3edf21df-25694142.pbs101)
2026-10-06 03:21:26,535 h5bench - INFO - Runtime: 19.0716796 seconds (elapsed time, includes allocation wait time)
2026-10-06 03:21:26,535 h5bench - INFO - h5bench [read] - Complete
2026-10-06 03:21:26,536 h5bench - INFO - Finishing h5bench Suite
--- Repetition 7/10 ---
+ /home/users/ntu/haiyen00/scratch/fyp/native/h5bench/h5bench/build/install/bin/h5bench -a -d -p /opt/h5bench/install/bin container/n4/config_rep7.json

real	0m57.111s
user	11m53.082s
sys	47m22.178s
+ H5BENCH_EXIT=0
+ set +x
2026-10-06 03:21:31,613 h5bench - INFO - Starting h5bench Suite
2026-10-06 03:21:31,614 h5bench - WARNING - Base directory already exists: payload/container/n4
2026-10-06 03:21:31,622 h5bench - INFO - Lustre support detected
2026-10-06 03:21:31,622 h5bench - DEBUG - Lustre stripping configuration: lfs setstripe -S 1M -c 4 payload/container/n4
2026-10-06 03:21:31,627 h5bench - DEBUG - LD_LIBRARY_PATH: /app/apps/singularity/sup/squashfuse/0.6.1/lib:/app/apps/openmpi/4.1.2-hpe/lib:/opt/cray/libfabric/1.11.0.4.125/lib64
2026-10-06 03:21:31,627 h5bench - DEBUG - DYLD_LIBRARY_PATH: 
2026-10-06 03:21:31,627 h5bench - DEBUG - LD_PRELOAD: 
2026-10-06 03:21:31,627 h5bench - INFO - JOBID: 25694142.pbs101
2026-10-06 03:21:31,627 h5bench - INFO - h5bench [write] - Starting
2026-10-06 03:21:31,628 h5bench - INFO - h5bench [write] - DIR: payload/container/n4/9f252975-25694142.pbs101/
2026-10-06 03:21:31,628 h5bench - INFO - Parallel setup: mpirun -np 512 --map-by ppr:128:node --bind-to core --mca btl vader,tcp,self --mca btl_vader_single_copy_mechanism none --mca btl_tcp_if_include hsn0 --mca oob_tcp_if_include hsn0 --mca orte_base_help_aggregate 0 --mca opal_common_ucx_opal_mem_hooks 1 -x UCX_LOG_LEVEL=ERROR apptainer exec --bind /scratch /home/users/ntu/haiyen00/scratch/fyp/container/h5bench/h5bench_benchmarks.sif
2026-10-06 03:21:31,629 h5bench - INFO - mpirun -np 512 --map-by ppr:128:node --bind-to core --mca btl vader,tcp,self --mca btl_vader_single_copy_mechanism none --mca btl_tcp_if_include hsn0 --mca oob_tcp_if_include hsn0 --mca orte_base_help_aggregate 0 --mca opal_common_ucx_opal_mem_hooks 1 -x UCX_LOG_LEVEL=ERROR apptainer exec --bind /scratch /home/users/ntu/haiyen00/scratch/fyp/container/h5bench/h5bench_benchmarks.sif /opt/h5bench/install/bin/h5bench_write payload/container/n4/9f252975-25694142.pbs101/h5bench.cfg payload/container/n4/h5bench_weak_container_n4.h5
2026-10-06 03:22:06,337 h5bench - INFO - SUCCESS (all output files are located at payload/container/n4/9f252975-25694142.pbs101)
2026-10-06 03:22:06,338 h5bench - INFO - Runtime: 34.7095416 seconds (elapsed time, includes allocation wait time)
2026-10-06 03:22:06,338 h5bench - INFO - h5bench [write] - Complete
2026-10-06 03:22:06,338 h5bench - INFO - JOBID: 25694142.pbs101
2026-10-06 03:22:06,338 h5bench - INFO - h5bench [read] - Starting
2026-10-06 03:22:06,338 h5bench - INFO - h5bench [read] - DIR: payload/container/n4/6db11f63-25694142.pbs101/
2026-10-06 03:22:06,339 h5bench - INFO - Parallel setup: mpirun -np 512 --map-by ppr:128:node --bind-to core --mca btl vader,tcp,self --mca btl_vader_single_copy_mechanism none --mca btl_tcp_if_include hsn0 --mca oob_tcp_if_include hsn0 --mca orte_base_help_aggregate 0 --mca opal_common_ucx_opal_mem_hooks 1 -x UCX_LOG_LEVEL=ERROR apptainer exec --bind /scratch /home/users/ntu/haiyen00/scratch/fyp/container/h5bench/h5bench_benchmarks.sif
2026-10-06 03:22:06,340 h5bench - INFO - mpirun -np 512 --map-by ppr:128:node --bind-to core --mca btl vader,tcp,self --mca btl_vader_single_copy_mechanism none --mca btl_tcp_if_include hsn0 --mca oob_tcp_if_include hsn0 --mca orte_base_help_aggregate 0 --mca opal_common_ucx_opal_mem_hooks 1 -x UCX_LOG_LEVEL=ERROR apptainer exec --bind /scratch /home/users/ntu/haiyen00/scratch/fyp/container/h5bench/h5bench_benchmarks.sif /opt/h5bench/install/bin/h5bench_read payload/container/n4/6db11f63-25694142.pbs101/h5bench.cfg payload/container/n4/h5bench_weak_container_n4.h5
2026-10-06 03:22:28,657 h5bench - INFO - SUCCESS (all output files are located at payload/container/n4/6db11f63-25694142.pbs101)
2026-10-06 03:22:28,658 h5bench - INFO - Runtime: 22.3190086 seconds (elapsed time, includes allocation wait time)
2026-10-06 03:22:28,658 h5bench - INFO - h5bench [read] - Complete
2026-10-06 03:22:28,658 h5bench - INFO - Finishing h5bench Suite
--- Repetition 8/10 ---
+ /home/users/ntu/haiyen00/scratch/fyp/native/h5bench/h5bench/build/install/bin/h5bench -a -d -p /opt/h5bench/install/bin container/n4/config_rep8.json

real	1m6.476s
user	10m24.809s
sys	61m49.592s
+ H5BENCH_EXIT=0
+ set +x
2026-10-06 03:22:33,562 h5bench - INFO - Starting h5bench Suite
2026-10-06 03:22:33,563 h5bench - WARNING - Base directory already exists: payload/container/n4
2026-10-06 03:22:33,572 h5bench - INFO - Lustre support detected
2026-10-06 03:22:33,572 h5bench - DEBUG - Lustre stripping configuration: lfs setstripe -S 1M -c 4 payload/container/n4
2026-10-06 03:22:33,576 h5bench - DEBUG - LD_LIBRARY_PATH: /app/apps/singularity/sup/squashfuse/0.6.1/lib:/app/apps/openmpi/4.1.2-hpe/lib:/opt/cray/libfabric/1.11.0.4.125/lib64
2026-10-06 03:22:33,577 h5bench - DEBUG - DYLD_LIBRARY_PATH: 
2026-10-06 03:22:33,577 h5bench - DEBUG - LD_PRELOAD: 
2026-10-06 03:22:33,577 h5bench - INFO - JOBID: 25694142.pbs101
2026-10-06 03:22:33,577 h5bench - INFO - h5bench [write] - Starting
2026-10-06 03:22:33,577 h5bench - INFO - h5bench [write] - DIR: payload/container/n4/cd0cea5d-25694142.pbs101/
2026-10-06 03:22:33,578 h5bench - INFO - Parallel setup: mpirun -np 512 --map-by ppr:128:node --bind-to core --mca btl vader,tcp,self --mca btl_vader_single_copy_mechanism none --mca btl_tcp_if_include hsn0 --mca oob_tcp_if_include hsn0 --mca orte_base_help_aggregate 0 --mca opal_common_ucx_opal_mem_hooks 1 -x UCX_LOG_LEVEL=ERROR apptainer exec --bind /scratch /home/users/ntu/haiyen00/scratch/fyp/container/h5bench/h5bench_benchmarks.sif
2026-10-06 03:22:33,579 h5bench - INFO - mpirun -np 512 --map-by ppr:128:node --bind-to core --mca btl vader,tcp,self --mca btl_vader_single_copy_mechanism none --mca btl_tcp_if_include hsn0 --mca oob_tcp_if_include hsn0 --mca orte_base_help_aggregate 0 --mca opal_common_ucx_opal_mem_hooks 1 -x UCX_LOG_LEVEL=ERROR apptainer exec --bind /scratch /home/users/ntu/haiyen00/scratch/fyp/container/h5bench/h5bench_benchmarks.sif /opt/h5bench/install/bin/h5bench_write payload/container/n4/cd0cea5d-25694142.pbs101/h5bench.cfg payload/container/n4/h5bench_weak_container_n4.h5
2026-10-06 03:23:18,060 h5bench - INFO - SUCCESS (all output files are located at payload/container/n4/cd0cea5d-25694142.pbs101)
2026-10-06 03:23:18,061 h5bench - INFO - Runtime: 44.4828012 seconds (elapsed time, includes allocation wait time)
2026-10-06 03:23:18,061 h5bench - INFO - h5bench [write] - Complete
2026-10-06 03:23:18,061 h5bench - INFO - JOBID: 25694142.pbs101
2026-10-06 03:23:18,061 h5bench - INFO - h5bench [read] - Starting
2026-10-06 03:23:18,061 h5bench - INFO - h5bench [read] - DIR: payload/container/n4/ebd9540d-25694142.pbs101/
2026-10-06 03:23:18,062 h5bench - INFO - Parallel setup: mpirun -np 512 --map-by ppr:128:node --bind-to core --mca btl vader,tcp,self --mca btl_vader_single_copy_mechanism none --mca btl_tcp_if_include hsn0 --mca oob_tcp_if_include hsn0 --mca orte_base_help_aggregate 0 --mca opal_common_ucx_opal_mem_hooks 1 -x UCX_LOG_LEVEL=ERROR apptainer exec --bind /scratch /home/users/ntu/haiyen00/scratch/fyp/container/h5bench/h5bench_benchmarks.sif
2026-10-06 03:23:18,063 h5bench - INFO - mpirun -np 512 --map-by ppr:128:node --bind-to core --mca btl vader,tcp,self --mca btl_vader_single_copy_mechanism none --mca btl_tcp_if_include hsn0 --mca oob_tcp_if_include hsn0 --mca orte_base_help_aggregate 0 --mca opal_common_ucx_opal_mem_hooks 1 -x UCX_LOG_LEVEL=ERROR apptainer exec --bind /scratch /home/users/ntu/haiyen00/scratch/fyp/container/h5bench/h5bench_benchmarks.sif /opt/h5bench/install/bin/h5bench_read payload/container/n4/ebd9540d-25694142.pbs101/h5bench.cfg payload/container/n4/h5bench_weak_container_n4.h5
2026-10-06 03:23:39,971 h5bench - INFO - SUCCESS (all output files are located at payload/container/n4/ebd9540d-25694142.pbs101)
2026-10-06 03:23:39,972 h5bench - INFO - Runtime: 21.9098370 seconds (elapsed time, includes allocation wait time)
2026-10-06 03:23:39,972 h5bench - INFO - h5bench [read] - Complete
2026-10-06 03:23:39,972 h5bench - INFO - Finishing h5bench Suite
--- Repetition 9/10 ---
+ /home/users/ntu/haiyen00/scratch/fyp/native/h5bench/h5bench/build/install/bin/h5bench -a -d -p /opt/h5bench/install/bin container/n4/config_rep9.json

real	1m1.952s
user	11m6.153s
sys	56m3.084s
+ H5BENCH_EXIT=0
+ set +x
2026-10-06 03:23:45,171 h5bench - INFO - Starting h5bench Suite
2026-10-06 03:23:45,172 h5bench - WARNING - Base directory already exists: payload/container/n4
2026-10-06 03:23:45,182 h5bench - INFO - Lustre support detected
2026-10-06 03:23:45,182 h5bench - DEBUG - Lustre stripping configuration: lfs setstripe -S 1M -c 4 payload/container/n4
2026-10-06 03:23:45,186 h5bench - DEBUG - LD_LIBRARY_PATH: /app/apps/singularity/sup/squashfuse/0.6.1/lib:/app/apps/openmpi/4.1.2-hpe/lib:/opt/cray/libfabric/1.11.0.4.125/lib64
2026-10-06 03:23:45,187 h5bench - DEBUG - DYLD_LIBRARY_PATH: 
2026-10-06 03:23:45,187 h5bench - DEBUG - LD_PRELOAD: 
2026-10-06 03:23:45,187 h5bench - INFO - JOBID: 25694142.pbs101
2026-10-06 03:23:45,187 h5bench - INFO - h5bench [write] - Starting
2026-10-06 03:23:45,187 h5bench - INFO - h5bench [write] - DIR: payload/container/n4/31c5f927-25694142.pbs101/
2026-10-06 03:23:45,188 h5bench - INFO - Parallel setup: mpirun -np 512 --map-by ppr:128:node --bind-to core --mca btl vader,tcp,self --mca btl_vader_single_copy_mechanism none --mca btl_tcp_if_include hsn0 --mca oob_tcp_if_include hsn0 --mca orte_base_help_aggregate 0 --mca opal_common_ucx_opal_mem_hooks 1 -x UCX_LOG_LEVEL=ERROR apptainer exec --bind /scratch /home/users/ntu/haiyen00/scratch/fyp/container/h5bench/h5bench_benchmarks.sif
2026-10-06 03:23:45,189 h5bench - INFO - mpirun -np 512 --map-by ppr:128:node --bind-to core --mca btl vader,tcp,self --mca btl_vader_single_copy_mechanism none --mca btl_tcp_if_include hsn0 --mca oob_tcp_if_include hsn0 --mca orte_base_help_aggregate 0 --mca opal_common_ucx_opal_mem_hooks 1 -x UCX_LOG_LEVEL=ERROR apptainer exec --bind /scratch /home/users/ntu/haiyen00/scratch/fyp/container/h5bench/h5bench_benchmarks.sif /opt/h5bench/install/bin/h5bench_write payload/container/n4/31c5f927-25694142.pbs101/h5bench.cfg payload/container/n4/h5bench_weak_container_n4.h5
2026-10-06 03:24:26,720 h5bench - INFO - SUCCESS (all output files are located at payload/container/n4/31c5f927-25694142.pbs101)
2026-10-06 03:24:26,720 h5bench - INFO - Runtime: 41.5325160 seconds (elapsed time, includes allocation wait time)
2026-10-06 03:24:26,721 h5bench - INFO - h5bench [write] - Complete
2026-10-06 03:24:26,721 h5bench - INFO - JOBID: 25694142.pbs101
2026-10-06 03:24:26,721 h5bench - INFO - h5bench [read] - Starting
2026-10-06 03:24:26,721 h5bench - INFO - h5bench [read] - DIR: payload/container/n4/b09b15ca-25694142.pbs101/
2026-10-06 03:24:26,722 h5bench - INFO - Parallel setup: mpirun -np 512 --map-by ppr:128:node --bind-to core --mca btl vader,tcp,self --mca btl_vader_single_copy_mechanism none --mca btl_tcp_if_include hsn0 --mca oob_tcp_if_include hsn0 --mca orte_base_help_aggregate 0 --mca opal_common_ucx_opal_mem_hooks 1 -x UCX_LOG_LEVEL=ERROR apptainer exec --bind /scratch /home/users/ntu/haiyen00/scratch/fyp/container/h5bench/h5bench_benchmarks.sif
2026-10-06 03:24:26,723 h5bench - INFO - mpirun -np 512 --map-by ppr:128:node --bind-to core --mca btl vader,tcp,self --mca btl_vader_single_copy_mechanism none --mca btl_tcp_if_include hsn0 --mca oob_tcp_if_include hsn0 --mca orte_base_help_aggregate 0 --mca opal_common_ucx_opal_mem_hooks 1 -x UCX_LOG_LEVEL=ERROR apptainer exec --bind /scratch /home/users/ntu/haiyen00/scratch/fyp/container/h5bench/h5bench_benchmarks.sif /opt/h5bench/install/bin/h5bench_read payload/container/n4/b09b15ca-25694142.pbs101/h5bench.cfg payload/container/n4/h5bench_weak_container_n4.h5
2026-10-06 03:24:47,055 h5bench - INFO - SUCCESS (all output files are located at payload/container/n4/b09b15ca-25694142.pbs101)
2026-10-06 03:24:47,056 h5bench - INFO - Runtime: 20.3338206 seconds (elapsed time, includes allocation wait time)
2026-10-06 03:24:47,056 h5bench - INFO - h5bench [read] - Complete
2026-10-06 03:24:47,056 h5bench - INFO - Finishing h5bench Suite
--- Repetition 10/10 ---
+ /home/users/ntu/haiyen00/scratch/fyp/native/h5bench/h5bench/build/install/bin/h5bench -a -d -p /opt/h5bench/install/bin container/n4/config_rep10.json

real	0m58.992s
user	11m25.105s
sys	56m2.564s
+ H5BENCH_EXIT=0
+ set +x
2026-10-06 03:24:52,048 h5bench - INFO - Starting h5bench Suite
2026-10-06 03:24:52,049 h5bench - WARNING - Base directory already exists: payload/container/n4
2026-10-06 03:24:52,059 h5bench - INFO - Lustre support detected
2026-10-06 03:24:52,059 h5bench - DEBUG - Lustre stripping configuration: lfs setstripe -S 1M -c 4 payload/container/n4
2026-10-06 03:24:52,064 h5bench - DEBUG - LD_LIBRARY_PATH: /app/apps/singularity/sup/squashfuse/0.6.1/lib:/app/apps/openmpi/4.1.2-hpe/lib:/opt/cray/libfabric/1.11.0.4.125/lib64
2026-10-06 03:24:52,064 h5bench - DEBUG - DYLD_LIBRARY_PATH: 
2026-10-06 03:24:52,064 h5bench - DEBUG - LD_PRELOAD: 
2026-10-06 03:24:52,064 h5bench - INFO - JOBID: 25694142.pbs101
2026-10-06 03:24:52,065 h5bench - INFO - h5bench [write] - Starting
2026-10-06 03:24:52,065 h5bench - INFO - h5bench [write] - DIR: payload/container/n4/bf8c5192-25694142.pbs101/
2026-10-06 03:24:52,065 h5bench - INFO - Parallel setup: mpirun -np 512 --map-by ppr:128:node --bind-to core --mca btl vader,tcp,self --mca btl_vader_single_copy_mechanism none --mca btl_tcp_if_include hsn0 --mca oob_tcp_if_include hsn0 --mca orte_base_help_aggregate 0 --mca opal_common_ucx_opal_mem_hooks 1 -x UCX_LOG_LEVEL=ERROR apptainer exec --bind /scratch /home/users/ntu/haiyen00/scratch/fyp/container/h5bench/h5bench_benchmarks.sif
2026-10-06 03:24:52,066 h5bench - INFO - mpirun -np 512 --map-by ppr:128:node --bind-to core --mca btl vader,tcp,self --mca btl_vader_single_copy_mechanism none --mca btl_tcp_if_include hsn0 --mca oob_tcp_if_include hsn0 --mca orte_base_help_aggregate 0 --mca opal_common_ucx_opal_mem_hooks 1 -x UCX_LOG_LEVEL=ERROR apptainer exec --bind /scratch /home/users/ntu/haiyen00/scratch/fyp/container/h5bench/h5bench_benchmarks.sif /opt/h5bench/install/bin/h5bench_write payload/container/n4/bf8c5192-25694142.pbs101/h5bench.cfg payload/container/n4/h5bench_weak_container_n4.h5
2026-10-06 03:25:31,489 h5bench - INFO - SUCCESS (all output files are located at payload/container/n4/bf8c5192-25694142.pbs101)
2026-10-06 03:25:31,490 h5bench - INFO - Runtime: 39.4241912 seconds (elapsed time, includes allocation wait time)
2026-10-06 03:25:31,490 h5bench - INFO - h5bench [write] - Complete
2026-10-06 03:25:31,490 h5bench - INFO - JOBID: 25694142.pbs101
2026-10-06 03:25:31,490 h5bench - INFO - h5bench [read] - Starting
2026-10-06 03:25:31,490 h5bench - INFO - h5bench [read] - DIR: payload/container/n4/06db2cfd-25694142.pbs101/
2026-10-06 03:25:31,491 h5bench - INFO - Parallel setup: mpirun -np 512 --map-by ppr:128:node --bind-to core --mca btl vader,tcp,self --mca btl_vader_single_copy_mechanism none --mca btl_tcp_if_include hsn0 --mca oob_tcp_if_include hsn0 --mca orte_base_help_aggregate 0 --mca opal_common_ucx_opal_mem_hooks 1 -x UCX_LOG_LEVEL=ERROR apptainer exec --bind /scratch /home/users/ntu/haiyen00/scratch/fyp/container/h5bench/h5bench_benchmarks.sif
2026-10-06 03:25:31,492 h5bench - INFO - mpirun -np 512 --map-by ppr:128:node --bind-to core --mca btl vader,tcp,self --mca btl_vader_single_copy_mechanism none --mca btl_tcp_if_include hsn0 --mca oob_tcp_if_include hsn0 --mca orte_base_help_aggregate 0 --mca opal_common_ucx_opal_mem_hooks 1 -x UCX_LOG_LEVEL=ERROR apptainer exec --bind /scratch /home/users/ntu/haiyen00/scratch/fyp/container/h5bench/h5bench_benchmarks.sif /opt/h5bench/install/bin/h5bench_read payload/container/n4/06db2cfd-25694142.pbs101/h5bench.cfg payload/container/n4/h5bench_weak_container_n4.h5
2026-10-06 03:25:50,974 h5bench - INFO - SUCCESS (all output files are located at payload/container/n4/06db2cfd-25694142.pbs101)
2026-10-06 03:25:50,975 h5bench - INFO - Runtime: 19.4837773 seconds (elapsed time, includes allocation wait time)
2026-10-06 03:25:50,975 h5bench - INFO - h5bench [read] - Complete
2026-10-06 03:25:50,975 h5bench - INFO - Finishing h5bench Suite
=== Lustre striping actually applied to payload/container/n4 ===
payload/container/n4
stripe_count:  4 stripe_size:   1048576 pattern:       raid0 stripe_offset: -1 pool:          disk

payload/container/n4/b09b15ca-25694142.pbs101
stripe_count:  4 stripe_size:   1048576 pattern:       raid0 stripe_offset: -1 pool:          disk

payload/container/n4/9f252975-25694142.pbs101
stripe_count:  4 stripe_size:   1048576 pattern:       raid0 stripe_offset: -1 pool:          disk

payload/container/n4/1c50c8f3-25694142.pbs101
stripe_count:  4 stripe_size:   1048576 pattern:       raid0 stripe_offset: -1 pool:          disk

payload/container/n4/4b9ccba8-25694142.pbs101
stripe_count:  4 stripe_size:   1048576 pattern:       raid0 stripe_offset: -1 pool:          disk

payload/container/n4/bf8c5192-25694142.pbs101
stripe_count:  4 stripe_size:   1048576 pattern:       raid0 stripe_offset: -1 pool:          disk

payload/container/n4/d5d87d4a-25694142.pbs101
stripe_count:  4 stripe_size:   1048576 pattern:       raid0 stripe_offset: -1 pool:          disk

payload/container/n4/b73e1a90-25694142.pbs101
stripe_count:  4 stripe_size:   1048576 pattern:       raid0 stripe_offset: -1 pool:          disk

payload/container/n4/f3e71a82-25694142.pbs101
stripe_count:  4 stripe_size:   1048576 pattern:       raid0 stripe_offset: -1 pool:          disk

payload/container/n4/06db2cfd-25694142.pbs101
stripe_count:  4 stripe_size:   1048576 pattern:       raid0 stripe_offset: -1 pool:          disk

payload/container/n4/3edf21df-25694142.pbs101
stripe_count:  4 stripe_size:   1048576 pattern:       raid0 stripe_offset: -1 pool:          disk

payload/container/n4/cd0cea5d-25694142.pbs101
stripe_count:  4 stripe_size:   1048576 pattern:       raid0 stripe_offset: -1 pool:          disk

payload/container/n4/4a9f5c44-25694142.pbs101
stripe_count:  4 stripe_size:   1048576 pattern:       raid0 stripe_offset: -1 pool:          disk

payload/container/n4/31c5f927-25694142.pbs101
stripe_count:  4 stripe_size:   1048576 pattern:       raid0 stripe_offset: -1 pool:          disk

payload/container/n4/0bc1c9a2-25694142.pbs101
stripe_count:  4 stripe_size:   1048576 pattern:       raid0 stripe_offset: -1 pool:          disk

payload/container/n4/9e781d8b-25694142.pbs101
stripe_count:  4 stripe_size:   1048576 pattern:       raid0 stripe_offset: -1 pool:          disk

payload/container/n4/43bf3cec-25694142.pbs101
stripe_count:  4 stripe_size:   1048576 pattern:       raid0 stripe_offset: -1 pool:          disk

payload/container/n4/ebd9540d-25694142.pbs101
stripe_count:  4 stripe_size:   1048576 pattern:       raid0 stripe_offset: -1 pool:          disk

payload/container/n4/h5bench_weak_container_n4.h5
lmm_stripe_count:  4
lmm_stripe_size:   1048576
lmm_pattern:       raid0
lmm_layout_gen:    0
lmm_stripe_offset: 23
lmm_pool:          disk
	obdidx		 objid		 objid		 group
	    23	    1331642305	   0x4f5f3fc1	   0x840000400
	    25	    1332166472	   0x4f673f48	   0x900000400
	    26	    1336096257	   0x4fa33601	   0x8c0000400
	    28	    1337260463	   0x4fb4f9af	   0x980000400

payload/container/n4/6db11f63-25694142.pbs101
stripe_count:  4 stripe_size:   1048576 pattern:       raid0 stripe_offset: -1 pool:          disk

payload/container/n4/8a6beadf-25694142.pbs101
stripe_count:  4 stripe_size:   1048576 pattern:       raid0 stripe_offset: -1 pool:          disk

payload/container/n4/61426982-25694142.pbs101
stripe_count:  4 stripe_size:   1048576 pattern:       raid0 stripe_offset: -1 pool:          disk

Completed Successfully! 
