2026-10-06 00:03:05,028 h5bench - INFO - Starting h5bench Suite
2026-10-06 00:03:05,029 h5bench - WARNING - Base directory already exists: payload/native/n2
2026-10-06 00:03:05,038 h5bench - INFO - Lustre support detected
2026-10-06 00:03:05,039 h5bench - DEBUG - Lustre stripping configuration: lfs setstripe -S 1M -c 4 payload/native/n2
2026-10-06 00:03:05,045 h5bench - DEBUG - LD_LIBRARY_PATH: /app/libs/hdf5/1.12.1-parallel-icc22-ompi4/lib:/app/apps/openmpi/4.1.2-hpe/lib:/app/apps/oneapi/2022.1.2/mkl/2022.0.2/lib/intel64:/app/apps/oneapi/2022.1.2/compiler/2022.0.2/linux/lib:/app/apps/oneapi/2022.1.2/compiler/2022.0.2/linux/lib/x64:/app/apps/oneapi/2022.1.2/compiler/2022.0.2/linux/lib/oclfpga/host/linux64/lib:/app/apps/oneapi/2022.1.2/compiler/2022.0.2/linux/compiler/lib/intel64_lin:/opt/cray/libfabric/1.11.0.4.125/lib64
2026-10-06 00:03:05,045 h5bench - DEBUG - DYLD_LIBRARY_PATH: 
2026-10-06 00:03:05,046 h5bench - DEBUG - LD_PRELOAD: 
2026-10-06 00:03:05,046 h5bench - INFO - JOBID: 25694906.pbs101
2026-10-06 00:03:05,046 h5bench - INFO - h5bench [write] - Starting
2026-10-06 00:03:05,046 h5bench - INFO - h5bench [write] - DIR: payload/native/n2/33e9d187-25694906.pbs101/
2026-10-06 00:03:05,047 h5bench - INFO - Parallel setup: mpirun -np 256 --map-by ppr:128:node --bind-to core --mca btl ^openib --mca pml ucx --mca orte_base_help_aggregate 0 --mca opal_common_ucx_opal_mem_hooks 1 -x UCX_LOG_LEVEL=ERROR
2026-10-06 00:03:05,048 h5bench - INFO - mpirun -np 256 --map-by ppr:128:node --bind-to core --mca btl ^openib --mca pml ucx --mca orte_base_help_aggregate 0 --mca opal_common_ucx_opal_mem_hooks 1 -x UCX_LOG_LEVEL=ERROR /home/users/ntu/haiyen00/scratch/fyp/native/h5bench/h5bench/build/install/bin//h5bench_write payload/native/n2/33e9d187-25694906.pbs101/h5bench.cfg payload/native/n2/h5bench_strong_native_n2.h5
2026-10-06 00:03:28,647 h5bench - INFO - SUCCESS (all output files are located at payload/native/n2/33e9d187-25694906.pbs101)
2026-10-06 00:03:28,647 h5bench - INFO - Runtime: 23.6007254 seconds (elapsed time, includes allocation wait time)
2026-10-06 00:03:28,648 h5bench - INFO - h5bench [write] - Complete
2026-10-06 00:03:28,648 h5bench - INFO - JOBID: 25694906.pbs101
2026-10-06 00:03:28,648 h5bench - INFO - h5bench [read] - Starting
2026-10-06 00:03:28,648 h5bench - INFO - h5bench [read] - DIR: payload/native/n2/1b42de29-25694906.pbs101/
2026-10-06 00:03:28,649 h5bench - INFO - Parallel setup: mpirun -np 256 --map-by ppr:128:node --bind-to core --mca btl ^openib --mca pml ucx --mca orte_base_help_aggregate 0 --mca opal_common_ucx_opal_mem_hooks 1 -x UCX_LOG_LEVEL=ERROR
2026-10-06 00:03:28,650 h5bench - INFO - mpirun -np 256 --map-by ppr:128:node --bind-to core --mca btl ^openib --mca pml ucx --mca orte_base_help_aggregate 0 --mca opal_common_ucx_opal_mem_hooks 1 -x UCX_LOG_LEVEL=ERROR /home/users/ntu/haiyen00/scratch/fyp/native/h5bench/h5bench/build/install/bin//h5bench_read payload/native/n2/1b42de29-25694906.pbs101/h5bench.cfg payload/native/n2/h5bench_strong_native_n2.h5
2026-10-06 00:03:42,934 h5bench - INFO - SUCCESS (all output files are located at payload/native/n2/1b42de29-25694906.pbs101)
2026-10-06 00:03:42,934 h5bench - INFO - Runtime: 14.2855513 seconds (elapsed time, includes allocation wait time)
2026-10-06 00:03:42,934 h5bench - INFO - h5bench [read] - Complete
2026-10-06 00:03:42,935 h5bench - INFO - Finishing h5bench Suite
