2026-10-05 23:57:53,528 h5bench - INFO - Starting h5bench Suite
2026-10-05 23:57:53,529 h5bench - WARNING - Base directory already exists: payload/native/n2
2026-10-05 23:57:53,535 h5bench - INFO - Lustre support detected
2026-10-05 23:57:53,535 h5bench - DEBUG - Lustre stripping configuration: lfs setstripe -S 1M -c 4 payload/native/n2
2026-10-05 23:57:53,541 h5bench - DEBUG - LD_LIBRARY_PATH: /app/libs/hdf5/1.12.1-parallel-icc22-ompi4/lib:/app/apps/openmpi/4.1.2-hpe/lib:/app/apps/oneapi/2022.1.2/mkl/2022.0.2/lib/intel64:/app/apps/oneapi/2022.1.2/compiler/2022.0.2/linux/lib:/app/apps/oneapi/2022.1.2/compiler/2022.0.2/linux/lib/x64:/app/apps/oneapi/2022.1.2/compiler/2022.0.2/linux/lib/oclfpga/host/linux64/lib:/app/apps/oneapi/2022.1.2/compiler/2022.0.2/linux/compiler/lib/intel64_lin:/opt/cray/libfabric/1.11.0.4.125/lib64
2026-10-05 23:57:53,541 h5bench - DEBUG - DYLD_LIBRARY_PATH: 
2026-10-05 23:57:53,542 h5bench - DEBUG - LD_PRELOAD: 
2026-10-05 23:57:53,542 h5bench - INFO - JOBID: 25694906.pbs101
2026-10-05 23:57:53,542 h5bench - INFO - h5bench [write] - Starting
2026-10-05 23:57:53,542 h5bench - INFO - h5bench [write] - DIR: payload/native/n2/33eb2940-25694906.pbs101/
2026-10-05 23:57:53,542 h5bench - INFO - Parallel setup: mpirun -np 256 --map-by ppr:128:node --bind-to core --mca btl ^openib --mca pml ucx --mca orte_base_help_aggregate 0 --mca opal_common_ucx_opal_mem_hooks 1 -x UCX_LOG_LEVEL=ERROR
2026-10-05 23:57:53,544 h5bench - INFO - mpirun -np 256 --map-by ppr:128:node --bind-to core --mca btl ^openib --mca pml ucx --mca orte_base_help_aggregate 0 --mca opal_common_ucx_opal_mem_hooks 1 -x UCX_LOG_LEVEL=ERROR /home/users/ntu/haiyen00/scratch/fyp/native/h5bench/h5bench/build/install/bin//h5bench_write payload/native/n2/33eb2940-25694906.pbs101/h5bench.cfg payload/native/n2/h5bench_strong_native_n2.h5
2026-10-05 23:58:26,977 h5bench - INFO - SUCCESS (all output files are located at payload/native/n2/33eb2940-25694906.pbs101)
2026-10-05 23:58:26,978 h5bench - INFO - Runtime: 33.4352770 seconds (elapsed time, includes allocation wait time)
2026-10-05 23:58:26,978 h5bench - INFO - h5bench [write] - Complete
2026-10-05 23:58:26,978 h5bench - INFO - JOBID: 25694906.pbs101
2026-10-05 23:58:26,978 h5bench - INFO - h5bench [read] - Starting
2026-10-05 23:58:26,979 h5bench - INFO - h5bench [read] - DIR: payload/native/n2/2b613b27-25694906.pbs101/
2026-10-05 23:58:26,979 h5bench - INFO - Parallel setup: mpirun -np 256 --map-by ppr:128:node --bind-to core --mca btl ^openib --mca pml ucx --mca orte_base_help_aggregate 0 --mca opal_common_ucx_opal_mem_hooks 1 -x UCX_LOG_LEVEL=ERROR
2026-10-05 23:58:26,981 h5bench - INFO - mpirun -np 256 --map-by ppr:128:node --bind-to core --mca btl ^openib --mca pml ucx --mca orte_base_help_aggregate 0 --mca opal_common_ucx_opal_mem_hooks 1 -x UCX_LOG_LEVEL=ERROR /home/users/ntu/haiyen00/scratch/fyp/native/h5bench/h5bench/build/install/bin//h5bench_read payload/native/n2/2b613b27-25694906.pbs101/h5bench.cfg payload/native/n2/h5bench_strong_native_n2.h5
2026-10-05 23:58:42,712 h5bench - INFO - SUCCESS (all output files are located at payload/native/n2/2b613b27-25694906.pbs101)
2026-10-05 23:58:42,713 h5bench - INFO - Runtime: 15.7336836 seconds (elapsed time, includes allocation wait time)
2026-10-05 23:58:42,713 h5bench - INFO - h5bench [read] - Complete
2026-10-05 23:58:42,713 h5bench - INFO - Finishing h5bench Suite
