2026-10-06 03:39:49,288 h5bench - INFO - Starting h5bench Suite
2026-10-06 03:39:49,289 h5bench - WARNING - Base directory already exists: payload/container/dno_mno
2026-10-06 03:39:49,297 h5bench - INFO - Lustre support detected
2026-10-06 03:39:49,297 h5bench - DEBUG - Lustre stripping configuration: lfs setstripe -S 1M -c 4 payload/container/dno_mno
2026-10-06 03:39:49,301 h5bench - DEBUG - LD_LIBRARY_PATH: /app/apps/singularity/sup/squashfuse/0.6.1/lib:/app/apps/openmpi/4.1.2-hpe/lib:/opt/cray/libfabric/1.11.0.4.125/lib64
2026-10-06 03:39:49,302 h5bench - DEBUG - DYLD_LIBRARY_PATH: 
2026-10-06 03:39:49,302 h5bench - DEBUG - LD_PRELOAD: 
2026-10-06 03:39:49,302 h5bench - INFO - JOBID: 25696084.pbs101
2026-10-06 03:39:49,302 h5bench - INFO - h5bench [write] - Starting
2026-10-06 03:39:49,303 h5bench - INFO - h5bench [write] - DIR: payload/container/dno_mno/be17e76c-25696084.pbs101/
2026-10-06 03:39:49,303 h5bench - INFO - Parallel setup: mpirun -np 256 --map-by ppr:128:node --bind-to core --mca btl vader,tcp,self --mca btl_vader_single_copy_mechanism none --mca btl_tcp_if_include hsn0 --mca oob_tcp_if_include hsn0 --mca orte_base_help_aggregate 0 --mca opal_common_ucx_opal_mem_hooks 1 -x UCX_LOG_LEVEL=ERROR apptainer exec --bind /scratch /home/users/ntu/haiyen00/scratch/fyp/container/h5bench/h5bench_benchmarks.sif
2026-10-06 03:39:49,304 h5bench - INFO - mpirun -np 256 --map-by ppr:128:node --bind-to core --mca btl vader,tcp,self --mca btl_vader_single_copy_mechanism none --mca btl_tcp_if_include hsn0 --mca oob_tcp_if_include hsn0 --mca orte_base_help_aggregate 0 --mca opal_common_ucx_opal_mem_hooks 1 -x UCX_LOG_LEVEL=ERROR apptainer exec --bind /scratch /home/users/ntu/haiyen00/scratch/fyp/container/h5bench/h5bench_benchmarks.sif /opt/h5bench/install/bin/h5bench_write payload/container/dno_mno/be17e76c-25696084.pbs101/h5bench.cfg payload/container/dno_mno/h5bench_collective_container_dno_mno.h5
2026-10-06 03:40:18,512 h5bench - INFO - SUCCESS (all output files are located at payload/container/dno_mno/be17e76c-25696084.pbs101)
2026-10-06 03:40:18,513 h5bench - INFO - Runtime: 29.2098255 seconds (elapsed time, includes allocation wait time)
2026-10-06 03:40:18,513 h5bench - INFO - h5bench [write] - Complete
2026-10-06 03:40:18,513 h5bench - INFO - JOBID: 25696084.pbs101
2026-10-06 03:40:18,513 h5bench - INFO - h5bench [read] - Starting
2026-10-06 03:40:18,514 h5bench - INFO - h5bench [read] - DIR: payload/container/dno_mno/1e7e57aa-25696084.pbs101/
2026-10-06 03:40:18,514 h5bench - INFO - Parallel setup: mpirun -np 256 --map-by ppr:128:node --bind-to core --mca btl vader,tcp,self --mca btl_vader_single_copy_mechanism none --mca btl_tcp_if_include hsn0 --mca oob_tcp_if_include hsn0 --mca orte_base_help_aggregate 0 --mca opal_common_ucx_opal_mem_hooks 1 -x UCX_LOG_LEVEL=ERROR apptainer exec --bind /scratch /home/users/ntu/haiyen00/scratch/fyp/container/h5bench/h5bench_benchmarks.sif
2026-10-06 03:40:18,515 h5bench - INFO - mpirun -np 256 --map-by ppr:128:node --bind-to core --mca btl vader,tcp,self --mca btl_vader_single_copy_mechanism none --mca btl_tcp_if_include hsn0 --mca oob_tcp_if_include hsn0 --mca orte_base_help_aggregate 0 --mca opal_common_ucx_opal_mem_hooks 1 -x UCX_LOG_LEVEL=ERROR apptainer exec --bind /scratch /home/users/ntu/haiyen00/scratch/fyp/container/h5bench/h5bench_benchmarks.sif /opt/h5bench/install/bin/h5bench_read payload/container/dno_mno/1e7e57aa-25696084.pbs101/h5bench.cfg payload/container/dno_mno/h5bench_collective_container_dno_mno.h5
2026-10-06 03:40:33,633 h5bench - INFO - SUCCESS (all output files are located at payload/container/dno_mno/1e7e57aa-25696084.pbs101)
2026-10-06 03:40:33,633 h5bench - INFO - Runtime: 15.1191554 seconds (elapsed time, includes allocation wait time)
2026-10-06 03:40:33,633 h5bench - INFO - h5bench [read] - Complete
2026-10-06 03:40:33,634 h5bench - INFO - Finishing h5bench Suite
