2026-10-05 22:28:13,830 h5bench - INFO - Starting h5bench Suite
2026-10-05 22:28:13,831 h5bench - WARNING - Base directory already exists: payload/container/n2
2026-10-05 22:28:13,835 h5bench - INFO - Lustre support detected
2026-10-05 22:28:13,836 h5bench - DEBUG - Lustre stripping configuration: lfs setstripe -S 1M -c 4 payload/container/n2
2026-10-05 22:28:13,840 h5bench - DEBUG - LD_LIBRARY_PATH: /app/apps/singularity/sup/squashfuse/0.6.1/lib:/app/apps/openmpi/4.1.2-hpe/lib:/opt/cray/libfabric/1.11.0.4.125/lib64
2026-10-05 22:28:13,841 h5bench - DEBUG - DYLD_LIBRARY_PATH: 
2026-10-05 22:28:13,841 h5bench - DEBUG - LD_PRELOAD: 
2026-10-05 22:28:13,841 h5bench - INFO - JOBID: 25694141.pbs101
2026-10-05 22:28:13,841 h5bench - INFO - h5bench [write] - Starting
2026-10-05 22:28:13,841 h5bench - INFO - h5bench [write] - DIR: payload/container/n2/ef0592e5-25694141.pbs101/
2026-10-05 22:28:13,842 h5bench - INFO - Parallel setup: mpirun -np 256 --map-by ppr:128:node --bind-to core --mca btl vader,tcp,self --mca btl_vader_single_copy_mechanism none --mca btl_tcp_if_include hsn0 --mca oob_tcp_if_include hsn0 --mca orte_base_help_aggregate 0 --mca opal_common_ucx_opal_mem_hooks 1 -x UCX_LOG_LEVEL=ERROR apptainer exec --bind /scratch /home/users/ntu/haiyen00/scratch/fyp/container/h5bench/h5bench_benchmarks.sif
2026-10-05 22:28:13,843 h5bench - INFO - mpirun -np 256 --map-by ppr:128:node --bind-to core --mca btl vader,tcp,self --mca btl_vader_single_copy_mechanism none --mca btl_tcp_if_include hsn0 --mca oob_tcp_if_include hsn0 --mca orte_base_help_aggregate 0 --mca opal_common_ucx_opal_mem_hooks 1 -x UCX_LOG_LEVEL=ERROR apptainer exec --bind /scratch /home/users/ntu/haiyen00/scratch/fyp/container/h5bench/h5bench_benchmarks.sif /opt/h5bench/install/bin/h5bench_write payload/container/n2/ef0592e5-25694141.pbs101/h5bench.cfg payload/container/n2/h5bench_weak_container_n2.h5
2026-10-05 22:29:03,652 h5bench - INFO - SUCCESS (all output files are located at payload/container/n2/ef0592e5-25694141.pbs101)
2026-10-05 22:29:03,652 h5bench - INFO - Runtime: 49.8104277 seconds (elapsed time, includes allocation wait time)
2026-10-05 22:29:03,653 h5bench - INFO - h5bench [write] - Complete
2026-10-05 22:29:03,653 h5bench - INFO - JOBID: 25694141.pbs101
2026-10-05 22:29:03,653 h5bench - INFO - h5bench [read] - Starting
2026-10-05 22:29:03,653 h5bench - INFO - h5bench [read] - DIR: payload/container/n2/9cabf814-25694141.pbs101/
2026-10-05 22:29:03,654 h5bench - INFO - Parallel setup: mpirun -np 256 --map-by ppr:128:node --bind-to core --mca btl vader,tcp,self --mca btl_vader_single_copy_mechanism none --mca btl_tcp_if_include hsn0 --mca oob_tcp_if_include hsn0 --mca orte_base_help_aggregate 0 --mca opal_common_ucx_opal_mem_hooks 1 -x UCX_LOG_LEVEL=ERROR apptainer exec --bind /scratch /home/users/ntu/haiyen00/scratch/fyp/container/h5bench/h5bench_benchmarks.sif
2026-10-05 22:29:03,655 h5bench - INFO - mpirun -np 256 --map-by ppr:128:node --bind-to core --mca btl vader,tcp,self --mca btl_vader_single_copy_mechanism none --mca btl_tcp_if_include hsn0 --mca oob_tcp_if_include hsn0 --mca orte_base_help_aggregate 0 --mca opal_common_ucx_opal_mem_hooks 1 -x UCX_LOG_LEVEL=ERROR apptainer exec --bind /scratch /home/users/ntu/haiyen00/scratch/fyp/container/h5bench/h5bench_benchmarks.sif /opt/h5bench/install/bin/h5bench_read payload/container/n2/9cabf814-25694141.pbs101/h5bench.cfg payload/container/n2/h5bench_weak_container_n2.h5
2026-10-05 22:29:21,413 h5bench - INFO - SUCCESS (all output files are located at payload/container/n2/9cabf814-25694141.pbs101)
2026-10-05 22:29:22,709 h5bench - INFO - Runtime: 19.0555370 seconds (elapsed time, includes allocation wait time)
2026-10-05 22:29:22,710 h5bench - INFO - h5bench [read] - Complete
2026-10-05 22:29:22,710 h5bench - INFO - Finishing h5bench Suite
