2026-10-04 23:16:51,476 h5bench - INFO - Starting h5bench Suite
2026-10-04 23:16:51,481 h5bench - WARNING - Base directory already exists: payload/native/n1
2026-10-04 23:16:51,489 h5bench - INFO - Lustre support detected
2026-10-04 23:16:51,489 h5bench - DEBUG - Lustre stripping configuration: lfs setstripe -S 1M -c 4 payload/native/n1
2026-10-04 23:16:51,495 h5bench - DEBUG - LD_LIBRARY_PATH: /app/libs/hdf5/1.12.1-parallel-icc22-ompi4/lib:/app/apps/openmpi/4.1.2-hpe/lib:/app/apps/oneapi/2022.1.2/mkl/2022.0.2/lib/intel64:/app/apps/oneapi/2022.1.2/compiler/2022.0.2/linux/lib:/app/apps/oneapi/2022.1.2/compiler/2022.0.2/linux/lib/x64:/app/apps/oneapi/2022.1.2/compiler/2022.0.2/linux/lib/oclfpga/host/linux64/lib:/app/apps/oneapi/2022.1.2/compiler/2022.0.2/linux/compiler/lib/intel64_lin:/opt/cray/libfabric/1.11.0.4.125/lib64
2026-10-04 23:16:51,495 h5bench - DEBUG - DYLD_LIBRARY_PATH: 
2026-10-04 23:16:51,496 h5bench - DEBUG - LD_PRELOAD: 
2026-10-04 23:16:51,496 h5bench - INFO - JOBID: 25682512.pbs101
2026-10-04 23:16:51,496 h5bench - INFO - h5bench [write] - Starting
2026-10-04 23:16:51,496 h5bench - INFO - h5bench [write] - DIR: payload/native/n1/437de61b-25682512.pbs101/
2026-10-04 23:16:51,496 h5bench - INFO - Parallel setup: mpirun -np 128 --map-by ppr:128:node --bind-to core --mca btl ^openib --mca pml ucx --mca orte_base_help_aggregate 0 --mca opal_common_ucx_opal_mem_hooks 1 -x UCX_LOG_LEVEL=ERROR
2026-10-04 23:16:51,498 h5bench - INFO - mpirun -np 128 --map-by ppr:128:node --bind-to core --mca btl ^openib --mca pml ucx --mca orte_base_help_aggregate 0 --mca opal_common_ucx_opal_mem_hooks 1 -x UCX_LOG_LEVEL=ERROR /home/users/ntu/haiyen00/scratch/fyp/native/h5bench/h5bench/build/install/bin//h5bench_write payload/native/n1/437de61b-25682512.pbs101/h5bench.cfg payload/native/n1/h5bench_strong_native_n1.h5
2026-10-04 23:17:14,605 h5bench - INFO - SUCCESS (all output files are located at payload/native/n1/437de61b-25682512.pbs101)
2026-10-04 23:17:14,606 h5bench - INFO - Runtime: 23.1089373 seconds (elapsed time, includes allocation wait time)
2026-10-04 23:17:14,606 h5bench - INFO - h5bench [write] - Complete
2026-10-04 23:17:14,606 h5bench - INFO - JOBID: 25682512.pbs101
2026-10-04 23:17:14,606 h5bench - INFO - h5bench [read] - Starting
2026-10-04 23:17:14,606 h5bench - INFO - h5bench [read] - DIR: payload/native/n1/89cf7ae0-25682512.pbs101/
2026-10-04 23:17:14,609 h5bench - INFO - Parallel setup: mpirun -np 128 --map-by ppr:128:node --bind-to core --mca btl ^openib --mca pml ucx --mca orte_base_help_aggregate 0 --mca opal_common_ucx_opal_mem_hooks 1 -x UCX_LOG_LEVEL=ERROR
2026-10-04 23:17:14,611 h5bench - INFO - mpirun -np 128 --map-by ppr:128:node --bind-to core --mca btl ^openib --mca pml ucx --mca orte_base_help_aggregate 0 --mca opal_common_ucx_opal_mem_hooks 1 -x UCX_LOG_LEVEL=ERROR /home/users/ntu/haiyen00/scratch/fyp/native/h5bench/h5bench/build/install/bin//h5bench_read payload/native/n1/89cf7ae0-25682512.pbs101/h5bench.cfg payload/native/n1/h5bench_strong_native_n1.h5
2026-10-04 23:17:22,447 h5bench - INFO - SUCCESS (all output files are located at payload/native/n1/89cf7ae0-25682512.pbs101)
2026-10-04 23:17:22,447 h5bench - INFO - Runtime: 7.8377306 seconds (elapsed time, includes allocation wait time)
2026-10-04 23:17:22,447 h5bench - INFO - h5bench [read] - Complete
2026-10-04 23:17:22,448 h5bench - INFO - Finishing h5bench Suite
